16:02:21 **** Build of configuration Debug for project InfoII_TPO_Adquisidor_400 ****
make -r -j4 all 
Building file: ../Primitivas/PR_LCD.c
Building file: ../Primitivas/PR_ADC_MEDIANA.c
Building file: ../Primitivas/PR_Teclas.c
Building file: ../Primitivas/PR_UART_0.c
Invoking: MCU C Compiler
arm-none-eabi-gcc -DDEBUG -D__CODE_RED -DCORE_M3 -D__LPC17XX__ -D__REDLIB__ -I"/home/cha/UTN FRBA/info2_Proyecto_2018/MCU Mano-TPO Workspace/InfoII_TPO_Adquisidor_400/Aplicacion/inc" -I"/home/cha/UTN FRBA/info2_Proyecto_2018/MCU Mano-TPO Workspace/InfoII_TPO_Adquisidor_400/Drivers/inc" -I"/home/cha/UTN FRBA/info2_Proyecto_2018/MCU Mano-TPO Workspace/InfoII_TPO_Adquisidor_400/Drivers" -I"/home/cha/UTN FRBA/info2_Proyecto_2018/MCU Mano-TPO Workspace/InfoII_TPO_Adquisidor_400/Primitivas/inc" -O0 -fno-common -g3 -Wall -c -fmessage-length=0 -fno-builtin -ffunction-sections -fdata-sections -mcpu=cortex-m3 -mthumb -specs=redlib.specs -MMD -MP -MF"Primitivas/PR_ADC_MEDIANA.d" -MT"Primitivas/PR_ADC_MEDIANA.o" -MT"Primitivas/PR_ADC_MEDIANA.d" -o "Primitivas/PR_ADC_MEDIANA.o" "../Primitivas/PR_ADC_MEDIANA.c"
Invoking: MCU C Compiler
Invoking: MCU C Compiler
Invoking: MCU C Compiler
arm-none-eabi-gcc -DDEBUG -D__CODE_RED -DCORE_M3 -D__LPC17XX__ -D__REDLIB__ -I"/home/cha/UTN FRBA/info2_Proyecto_2018/MCU Mano-TPO Workspace/InfoII_TPO_Adquisidor_400/Aplicacion/inc" -I"/home/cha/UTN FRBA/info2_Proyecto_2018/MCU Mano-TPO Workspace/InfoII_TPO_Adquisidor_400/Drivers/inc" -I"/home/cha/UTN FRBA/info2_Proyecto_2018/MCU Mano-TPO Workspace/InfoII_TPO_Adquisidor_400/Drivers" -I"/home/cha/UTN FRBA/info2_Proyecto_2018/MCU Mano-TPO Workspace/InfoII_TPO_Adquisidor_400/Primitivas/inc" -O0 -fno-common -g3 -Wall -c -fmessage-length=0 -fno-builtin -ffunction-sections -fdata-sections -mcpu=cortex-m3 -mthumb -specs=redlib.specs -MMD -MP -MF"Primitivas/PR_Teclas.d" -MT"Primitivas/PR_Teclas.o" -MT"Primitivas/PR_Teclas.d" -o "Primitivas/PR_Teclas.o" "../Primitivas/PR_Teclas.c"
arm-none-eabi-gcc -DDEBUG -D__CODE_RED -DCORE_M3 -D__LPC17XX__ -D__REDLIB__ -I"/home/cha/UTN FRBA/info2_Proyecto_2018/MCU Mano-TPO Workspace/InfoII_TPO_Adquisidor_400/Aplicacion/inc" -I"/home/cha/UTN FRBA/info2_Proyecto_2018/MCU Mano-TPO Workspace/InfoII_TPO_Adquisidor_400/Drivers/inc" -I"/home/cha/UTN FRBA/info2_Proyecto_2018/MCU Mano-TPO Workspace/InfoII_TPO_Adquisidor_400/Drivers" -I"/home/cha/UTN FRBA/info2_Proyecto_2018/MCU Mano-TPO Workspace/InfoII_TPO_Adquisidor_400/Primitivas/inc" -O0 -fno-common -g3 -Wall -c -fmessage-length=0 -fno-builtin -ffunction-sections -fdata-sections -mcpu=cortex-m3 -mthumb -specs=redlib.specs -MMD -MP -MF"Primitivas/PR_LCD.d" -MT"Primitivas/PR_LCD.o" -MT"Primitivas/PR_LCD.d" -o "Primitivas/PR_LCD.o" "../Primitivas/PR_LCD.c"
arm-none-eabi-gcc -DDEBUG -D__CODE_RED -DCORE_M3 -D__LPC17XX__ -D__REDLIB__ -I"/home/cha/UTN FRBA/info2_Proyecto_2018/MCU Mano-TPO Workspace/InfoII_TPO_Adquisidor_400/Aplicacion/inc" -I"/home/cha/UTN FRBA/info2_Proyecto_2018/MCU Mano-TPO Workspace/InfoII_TPO_Adquisidor_400/Drivers/inc" -I"/home/cha/UTN FRBA/info2_Proyecto_2018/MCU Mano-TPO Workspace/InfoII_TPO_Adquisidor_400/Drivers" -I"/home/cha/UTN FRBA/info2_Proyecto_2018/MCU Mano-TPO Workspace/InfoII_TPO_Adquisidor_400/Primitivas/inc" -O0 -fno-common -g3 -Wall -c -fmessage-length=0 -fno-builtin -ffunction-sections -fdata-sections -mcpu=cortex-m3 -mthumb -specs=redlib.specs -MMD -MP -MF"Primitivas/PR_UART_0.d" -MT"Primitivas/PR_UART_0.o" -MT"Primitivas/PR_UART_0.d" -o "Primitivas/PR_UART_0.o" "../Primitivas/PR_UART_0.c"
Finished building: ../Primitivas/PR_Teclas.c
Finished building: ../Primitivas/PR_LCD.c
Finished building: ../Primitivas/PR_UART_0.c
Finished building: ../Primitivas/PR_ADC_MEDIANA.c
 
 
 
 
Building file: ../Drivers/DR_ADC_5canales_Timer.c
Building file: ../Drivers/DR_GPIO.c
Invoking: MCU C Compiler
arm-none-eabi-gcc -DDEBUG -D__CODE_RED -DCORE_M3 -D__LPC17XX__ -D__REDLIB__ -I"/home/cha/UTN FRBA/info2_Proyecto_2018/MCU Mano-TPO Workspace/InfoII_TPO_Adquisidor_400/Aplicacion/inc" -I"/home/cha/UTN FRBA/info2_Proyecto_2018/MCU Mano-TPO Workspace/InfoII_TPO_Adquisidor_400/Drivers/inc" -I"/home/cha/UTN FRBA/info2_Proyecto_2018/MCU Mano-TPO Workspace/InfoII_TPO_Adquisidor_400/Drivers" -I"/home/cha/UTN FRBA/info2_Proyecto_2018/MCU Mano-TPO Workspace/InfoII_TPO_Adquisidor_400/Primitivas/inc" -O0 -fno-common -g3 -Wall -c -fmessage-length=0 -fno-builtin -ffunction-sections -fdata-sections -mcpu=cortex-m3 -mthumb -specs=redlib.specs -MMD -MP -MF"Drivers/DR_ADC_5canales_Timer.d" -MT"Drivers/DR_ADC_5canales_Timer.o" -MT"Drivers/DR_ADC_5canales_Timer.d" -o "Drivers/DR_ADC_5canales_Timer.o" "../Drivers/DR_ADC_5canales_Timer.c"
Invoking: MCU C Compiler
arm-none-eabi-gcc -DDEBUG -D__CODE_RED -DCORE_M3 -D__LPC17XX__ -D__REDLIB__ -I"/home/cha/UTN FRBA/info2_Proyecto_2018/MCU Mano-TPO Workspace/InfoII_TPO_Adquisidor_400/Aplicacion/inc" -I"/home/cha/UTN FRBA/info2_Proyecto_2018/MCU Mano-TPO Workspace/InfoII_TPO_Adquisidor_400/Drivers/inc" -I"/home/cha/UTN FRBA/info2_Proyecto_2018/MCU Mano-TPO Workspace/InfoII_TPO_Adquisidor_400/Drivers" -I"/home/cha/UTN FRBA/info2_Proyecto_2018/MCU Mano-TPO Workspace/InfoII_TPO_Adquisidor_400/Primitivas/inc" -O0 -fno-common -g3 -Wall -c -fmessage-length=0 -fno-builtin -ffunction-sections -fdata-sections -mcpu=cortex-m3 -mthumb -specs=redlib.specs -MMD -MP -MF"Drivers/DR_GPIO.d" -MT"Drivers/DR_GPIO.o" -MT"Drivers/DR_GPIO.d" -o "Drivers/DR_GPIO.o" "../Drivers/DR_GPIO.c"
Building file: ../Drivers/DR_Init.c
Building file: ../Drivers/DR_LED_IO.c
Invoking: MCU C Compiler
arm-none-eabi-gcc -DDEBUG -D__CODE_RED -DCORE_M3 -D__LPC17XX__ -D__REDLIB__ -I"/home/cha/UTN FRBA/info2_Proyecto_2018/MCU Mano-TPO Workspace/InfoII_TPO_Adquisidor_400/Aplicacion/inc" -I"/home/cha/UTN FRBA/info2_Proyecto_2018/MCU Mano-TPO Workspace/InfoII_TPO_Adquisidor_400/Drivers/inc" -I"/home/cha/UTN FRBA/info2_Proyecto_2018/MCU Mano-TPO Workspace/InfoII_TPO_Adquisidor_400/Drivers" -I"/home/cha/UTN FRBA/info2_Proyecto_2018/MCU Mano-TPO Workspace/InfoII_TPO_Adquisidor_400/Primitivas/inc" -O0 -fno-common -g3 -Wall -c -fmessage-length=0 -fno-builtin -ffunction-sections -fdata-sections -mcpu=cortex-m3 -mthumb -specs=redlib.specs -MMD -MP -MF"Drivers/DR_Init.d" -MT"Drivers/DR_Init.o" -MT"Drivers/DR_Init.d" -o "Drivers/DR_Init.o" "../Drivers/DR_Init.c"
Invoking: MCU C Compiler
arm-none-eabi-gcc -DDEBUG -D__CODE_RED -DCORE_M3 -D__LPC17XX__ -D__REDLIB__ -I"/home/cha/UTN FRBA/info2_Proyecto_2018/MCU Mano-TPO Workspace/InfoII_TPO_Adquisidor_400/Aplicacion/inc" -I"/home/cha/UTN FRBA/info2_Proyecto_2018/MCU Mano-TPO Workspace/InfoII_TPO_Adquisidor_400/Drivers/inc" -I"/home/cha/UTN FRBA/info2_Proyecto_2018/MCU Mano-TPO Workspace/InfoII_TPO_Adquisidor_400/Drivers" -I"/home/cha/UTN FRBA/info2_Proyecto_2018/MCU Mano-TPO Workspace/InfoII_TPO_Adquisidor_400/Primitivas/inc" -O0 -fno-common -g3 -Wall -c -fmessage-length=0 -fno-builtin -ffunction-sections -fdata-sections -mcpu=cortex-m3 -mthumb -specs=redlib.specs -MMD -MP -MF"Drivers/DR_LED_IO.d" -MT"Drivers/DR_LED_IO.o" -MT"Drivers/DR_LED_IO.d" -o "Drivers/DR_LED_IO.o" "../Drivers/DR_LED_IO.c"
Finished building: ../Drivers/DR_ADC_5canales_Timer.c
 
Building file: ../Drivers/DR_PINSEL.c
Invoking: MCU C Compiler
arm-none-eabi-gcc -DDEBUG -D__CODE_RED -DCORE_M3 -D__LPC17XX__ -D__REDLIB__ -I"/home/cha/UTN FRBA/info2_Proyecto_2018/MCU Mano-TPO Workspace/InfoII_TPO_Adquisidor_400/Aplicacion/inc" -I"/home/cha/UTN FRBA/info2_Proyecto_2018/MCU Mano-TPO Workspace/InfoII_TPO_Adquisidor_400/Drivers/inc" -I"/home/cha/UTN FRBA/info2_Proyecto_2018/MCU Mano-TPO Workspace/InfoII_TPO_Adquisidor_400/Drivers" -I"/home/cha/UTN FRBA/info2_Proyecto_2018/MCU Mano-TPO Workspace/InfoII_TPO_Adquisidor_400/Primitivas/inc" -O0 -fno-common -g3 -Wall -c -fmessage-length=0 -fno-builtin -ffunction-sections -fdata-sections -mcpu=cortex-m3 -mthumb -specs=redlib.specs -MMD -MP -MF"Drivers/DR_PINSEL.d" -MT"Drivers/DR_PINSEL.o" -MT"Drivers/DR_PINSEL.d" -o "Drivers/DR_PINSEL.o" "../Drivers/DR_PINSEL.c"
Finished building: ../Drivers/DR_GPIO.c
 
Building file: ../Drivers/DR_SysTick.c
Invoking: MCU C Compiler
arm-none-eabi-gcc -DDEBUG -D__CODE_RED -DCORE_M3 -D__LPC17XX__ -D__REDLIB__ -I"/home/cha/UTN FRBA/info2_Proyecto_2018/MCU Mano-TPO Workspace/InfoII_TPO_Adquisidor_400/Aplicacion/inc" -I"/home/cha/UTN FRBA/info2_Proyecto_2018/MCU Mano-TPO Workspace/InfoII_TPO_Adquisidor_400/Drivers/inc" -I"/home/cha/UTN FRBA/info2_Proyecto_2018/MCU Mano-TPO Workspace/InfoII_TPO_Adquisidor_400/Drivers" -I"/home/cha/UTN FRBA/info2_Proyecto_2018/MCU Mano-TPO Workspace/InfoII_TPO_Adquisidor_400/Primitivas/inc" -O0 -fno-common -g3 -Wall -c -fmessage-length=0 -fno-builtin -ffunction-sections -fdata-sections -mcpu=cortex-m3 -mthumb -specs=redlib.specs -MMD -MP -MF"Drivers/DR_SysTick.d" -MT"Drivers/DR_SysTick.o" -MT"Drivers/DR_SysTick.d" -o "Drivers/DR_SysTick.o" "../Drivers/DR_SysTick.c"
Finished building: ../Drivers/DR_LED_IO.c
 
Building file: ../Drivers/DR_Teclas.c
Invoking: MCU C Compiler
arm-none-eabi-gcc -DDEBUG -D__CODE_RED -DCORE_M3 -D__LPC17XX__ -D__REDLIB__ -I"/home/cha/UTN FRBA/info2_Proyecto_2018/MCU Mano-TPO Workspace/InfoII_TPO_Adquisidor_400/Aplicacion/inc" -I"/home/cha/UTN FRBA/info2_Proyecto_2018/MCU Mano-TPO Workspace/InfoII_TPO_Adquisidor_400/Drivers/inc" -I"/home/cha/UTN FRBA/info2_Proyecto_2018/MCU Mano-TPO Workspace/InfoII_TPO_Adquisidor_400/Drivers" -I"/home/cha/UTN FRBA/info2_Proyecto_2018/MCU Mano-TPO Workspace/InfoII_TPO_Adquisidor_400/Primitivas/inc" -O0 -fno-common -g3 -Wall -c -fmessage-length=0 -fno-builtin -ffunction-sections -fdata-sections -mcpu=cortex-m3 -mthumb -specs=redlib.specs -MMD -MP -MF"Drivers/DR_Teclas.d" -MT"Drivers/DR_Teclas.o" -MT"Drivers/DR_Teclas.d" -o "Drivers/DR_Teclas.o" "../Drivers/DR_Teclas.c"
Finished building: ../Drivers/DR_PINSEL.c
 
Building file: ../Drivers/DR_UART_0.c
Finished building: ../Drivers/DR_Init.c
Invoking: MCU C Compiler
arm-none-eabi-gcc -DDEBUG -D__CODE_RED -DCORE_M3 -D__LPC17XX__ -D__REDLIB__ -I"/home/cha/UTN FRBA/info2_Proyecto_2018/MCU Mano-TPO Workspace/InfoII_TPO_Adquisidor_400/Aplicacion/inc" -I"/home/cha/UTN FRBA/info2_Proyecto_2018/MCU Mano-TPO Workspace/InfoII_TPO_Adquisidor_400/Drivers/inc" -I"/home/cha/UTN FRBA/info2_Proyecto_2018/MCU Mano-TPO Workspace/InfoII_TPO_Adquisidor_400/Drivers" -I"/home/cha/UTN FRBA/info2_Proyecto_2018/MCU Mano-TPO Workspace/InfoII_TPO_Adquisidor_400/Primitivas/inc" -O0 -fno-common -g3 -Wall -c -fmessage-length=0 -fno-builtin -ffunction-sections -fdata-sections -mcpu=cortex-m3 -mthumb -specs=redlib.specs -MMD -MP -MF"Drivers/DR_UART_0.d" -MT"Drivers/DR_UART_0.o" -MT"Drivers/DR_UART_0.d" -o "Drivers/DR_UART_0.o" "../Drivers/DR_UART_0.c"
 
Building file: ../Drivers/FW_LCD.c
Finished building: ../Drivers/DR_SysTick.c
 
Building file: ../Drivers/cr_startup_lpc175x_6x.c
Invoking: MCU C Compiler
arm-none-eabi-gcc -DDEBUG -D__CODE_RED -DCORE_M3 -D__LPC17XX__ -D__REDLIB__ -I"/home/cha/UTN FRBA/info2_Proyecto_2018/MCU Mano-TPO Workspace/InfoII_TPO_Adquisidor_400/Aplicacion/inc" -I"/home/cha/UTN FRBA/info2_Proyecto_2018/MCU Mano-TPO Workspace/InfoII_TPO_Adquisidor_400/Drivers/inc" -I"/home/cha/UTN FRBA/info2_Proyecto_2018/MCU Mano-TPO Workspace/InfoII_TPO_Adquisidor_400/Drivers" -I"/home/cha/UTN FRBA/info2_Proyecto_2018/MCU Mano-TPO Workspace/InfoII_TPO_Adquisidor_400/Primitivas/inc" -O0 -fno-common -g3 -Wall -c -fmessage-length=0 -fno-builtin -ffunction-sections -fdata-sections -mcpu=cortex-m3 -mthumb -specs=redlib.specs -MMD -MP -MF"Drivers/FW_LCD.d" -MT"Drivers/FW_LCD.o" -MT"Drivers/FW_LCD.d" -o "Drivers/FW_LCD.o" "../Drivers/FW_LCD.c"
Invoking: MCU C Compiler
arm-none-eabi-gcc -DDEBUG -D__CODE_RED -DCORE_M3 -D__LPC17XX__ -D__REDLIB__ -I"/home/cha/UTN FRBA/info2_Proyecto_2018/MCU Mano-TPO Workspace/InfoII_TPO_Adquisidor_400/Aplicacion/inc" -I"/home/cha/UTN FRBA/info2_Proyecto_2018/MCU Mano-TPO Workspace/InfoII_TPO_Adquisidor_400/Drivers/inc" -I"/home/cha/UTN FRBA/info2_Proyecto_2018/MCU Mano-TPO Workspace/InfoII_TPO_Adquisidor_400/Drivers" -I"/home/cha/UTN FRBA/info2_Proyecto_2018/MCU Mano-TPO Workspace/InfoII_TPO_Adquisidor_400/Primitivas/inc" -O0 -fno-common -g3 -Wall -c -fmessage-length=0 -fno-builtin -ffunction-sections -fdata-sections -mcpu=cortex-m3 -mthumb -specs=redlib.specs -MMD -MP -MF"Drivers/cr_startup_lpc175x_6x.d" -MT"Drivers/cr_startup_lpc175x_6x.o" -MT"Drivers/cr_startup_lpc175x_6x.d" -o "Drivers/cr_startup_lpc175x_6x.o" "../Drivers/cr_startup_lpc175x_6x.c"
Finished building: ../Drivers/DR_Teclas.c
 
Building file: ../Drivers/crp.c
Invoking: MCU C Compiler
arm-none-eabi-gcc -DDEBUG -D__CODE_RED -DCORE_M3 -D__LPC17XX__ -D__REDLIB__ -I"/home/cha/UTN FRBA/info2_Proyecto_2018/MCU Mano-TPO Workspace/InfoII_TPO_Adquisidor_400/Aplicacion/inc" -I"/home/cha/UTN FRBA/info2_Proyecto_2018/MCU Mano-TPO Workspace/InfoII_TPO_Adquisidor_400/Drivers/inc" -I"/home/cha/UTN FRBA/info2_Proyecto_2018/MCU Mano-TPO Workspace/InfoII_TPO_Adquisidor_400/Drivers" -I"/home/cha/UTN FRBA/info2_Proyecto_2018/MCU Mano-TPO Workspace/InfoII_TPO_Adquisidor_400/Primitivas/inc" -O0 -fno-common -g3 -Wall -c -fmessage-length=0 -fno-builtin -ffunction-sections -fdata-sections -mcpu=cortex-m3 -mthumb -specs=redlib.specs -MMD -MP -MF"Drivers/crp.d" -MT"Drivers/crp.o" -MT"Drivers/crp.d" -o "Drivers/crp.o" "../Drivers/crp.c"
Finished building: ../Drivers/cr_startup_lpc175x_6x.c
 
Finished building: ../Drivers/DR_UART_0.c
Building file: ../Aplicacion/AP_Mano_Muestreo.c
 
Invoking: MCU C Compiler
arm-none-eabi-gcc -DDEBUG -D__CODE_RED -DCORE_M3 -D__LPC17XX__ -D__REDLIB__ -I"/home/cha/UTN FRBA/info2_Proyecto_2018/MCU Mano-TPO Workspace/InfoII_TPO_Adquisidor_400/Aplicacion/inc" -I"/home/cha/UTN FRBA/info2_Proyecto_2018/MCU Mano-TPO Workspace/InfoII_TPO_Adquisidor_400/Drivers/inc" -I"/home/cha/UTN FRBA/info2_Proyecto_2018/MCU Mano-TPO Workspace/InfoII_TPO_Adquisidor_400/Drivers" -I"/home/cha/UTN FRBA/info2_Proyecto_2018/MCU Mano-TPO Workspace/InfoII_TPO_Adquisidor_400/Primitivas/inc" -O0 -fno-common -g3 -Wall -c -fmessage-length=0 -fno-builtin -ffunction-sections -fdata-sections -mcpu=cortex-m3 -mthumb -specs=redlib.specs -MMD -MP -MF"Aplicacion/AP_Mano_Muestreo.d" -MT"Aplicacion/AP_Mano_Muestreo.o" -MT"Aplicacion/AP_Mano_Muestreo.d" -o "Aplicacion/AP_Mano_Muestreo.o" "../Aplicacion/AP_Mano_Muestreo.c"
Building file: ../Aplicacion/AP_UART_0.c
Invoking: MCU C Compiler
arm-none-eabi-gcc -DDEBUG -D__CODE_RED -DCORE_M3 -D__LPC17XX__ -D__REDLIB__ -I"/home/cha/UTN FRBA/info2_Proyecto_2018/MCU Mano-TPO Workspace/InfoII_TPO_Adquisidor_400/Aplicacion/inc" -I"/home/cha/UTN FRBA/info2_Proyecto_2018/MCU Mano-TPO Workspace/InfoII_TPO_Adquisidor_400/Drivers/inc" -I"/home/cha/UTN FRBA/info2_Proyecto_2018/MCU Mano-TPO Workspace/InfoII_TPO_Adquisidor_400/Drivers" -I"/home/cha/UTN FRBA/info2_Proyecto_2018/MCU Mano-TPO Workspace/InfoII_TPO_Adquisidor_400/Primitivas/inc" -O0 -fno-common -g3 -Wall -c -fmessage-length=0 -fno-builtin -ffunction-sections -fdata-sections -mcpu=cortex-m3 -mthumb -specs=redlib.specs -MMD -MP -MF"Aplicacion/AP_UART_0.d" -MT"Aplicacion/AP_UART_0.o" -MT"Aplicacion/AP_UART_0.d" -o "Aplicacion/AP_UART_0.o" "../Aplicacion/AP_UART_0.c"
Finished building: ../Drivers/FW_LCD.c
Finished building: ../Drivers/crp.c
 
 
Building file: ../Aplicacion/MDE_Adquisidor.c
Building file: ../Aplicacion/main.c
Invoking: MCU C Compiler
arm-none-eabi-gcc -DDEBUG -D__CODE_RED -DCORE_M3 -D__LPC17XX__ -D__REDLIB__ -I"/home/cha/UTN FRBA/info2_Proyecto_2018/MCU Mano-TPO Workspace/InfoII_TPO_Adquisidor_400/Aplicacion/inc" -I"/home/cha/UTN FRBA/info2_Proyecto_2018/MCU Mano-TPO Workspace/InfoII_TPO_Adquisidor_400/Drivers/inc" -I"/home/cha/UTN FRBA/info2_Proyecto_2018/MCU Mano-TPO Workspace/InfoII_TPO_Adquisidor_400/Drivers" -I"/home/cha/UTN FRBA/info2_Proyecto_2018/MCU Mano-TPO Workspace/InfoII_TPO_Adquisidor_400/Primitivas/inc" -O0 -fno-common -g3 -Wall -c -fmessage-length=0 -fno-builtin -ffunction-sections -fdata-sections -mcpu=cortex-m3 -mthumb -specs=redlib.specs -MMD -MP -MF"Aplicacion/MDE_Adquisidor.d" -MT"Aplicacion/MDE_Adquisidor.o" -MT"Aplicacion/MDE_Adquisidor.d" -o "Aplicacion/MDE_Adquisidor.o" "../Aplicacion/MDE_Adquisidor.c"
Invoking: MCU C Compiler
arm-none-eabi-gcc -DDEBUG -D__CODE_RED -DCORE_M3 -D__LPC17XX__ -D__REDLIB__ -I"/home/cha/UTN FRBA/info2_Proyecto_2018/MCU Mano-TPO Workspace/InfoII_TPO_Adquisidor_400/Aplicacion/inc" -I"/home/cha/UTN FRBA/info2_Proyecto_2018/MCU Mano-TPO Workspace/InfoII_TPO_Adquisidor_400/Drivers/inc" -I"/home/cha/UTN FRBA/info2_Proyecto_2018/MCU Mano-TPO Workspace/InfoII_TPO_Adquisidor_400/Drivers" -I"/home/cha/UTN FRBA/info2_Proyecto_2018/MCU Mano-TPO Workspace/InfoII_TPO_Adquisidor_400/Primitivas/inc" -O0 -fno-common -g3 -Wall -c -fmessage-length=0 -fno-builtin -ffunction-sections -fdata-sections -mcpu=cortex-m3 -mthumb -specs=redlib.specs -MMD -MP -MF"Aplicacion/main.d" -MT"Aplicacion/main.o" -MT"Aplicacion/main.d" -o "Aplicacion/main.o" "../Aplicacion/main.c"
Finished building: ../Aplicacion/AP_UART_0.c
 
Finished building: ../Aplicacion/MDE_Adquisidor.c
 
Finished building: ../Aplicacion/AP_Mano_Muestreo.c
 
Finished building: ../Aplicacion/main.c
 
Building target: InfoII_TPO_Adquisidor_400.axf
Invoking: MCU Linker
arm-none-eabi-gcc -nostdlib -Xlinker -Map="InfoII_TPO_Adquisidor_400.map" -Xlinker --gc-sections -Xlinker -print-memory-usage -mcpu=cortex-m3 -mthumb -T "LPC1769_Mano_Adquisidor_Debug.ld" -o "InfoII_TPO_Adquisidor_400.axf"  ./Primitivas/PR_ADC_MEDIANA.o ./Primitivas/PR_LCD.o ./Primitivas/PR_Teclas.o ./Primitivas/PR_UART_0.o  ./Drivers/DR_ADC_5canales_Timer.o ./Drivers/DR_GPIO.o ./Drivers/DR_Init.o ./Drivers/DR_LED_IO.o ./Drivers/DR_PINSEL.o ./Drivers/DR_SysTick.o ./Drivers/DR_Teclas.o ./Drivers/DR_UART_0.o ./Drivers/FW_LCD.o ./Drivers/cr_startup_lpc175x_6x.o ./Drivers/crp.o  ./Aplicacion/AP_Mano_Muestreo.o ./Aplicacion/AP_UART_0.o ./Aplicacion/MDE_Adquisidor.o ./Aplicacion/main.o   
Memory region         Used Size  Region Size  %age Used
       MFlash512:       10768 B       512 KB      2.05%
        RamLoc32:        1052 B        32 KB      3.21%
        RamAHB32:          0 GB        32 KB      0.00%
Finished building target: InfoII_TPO_Adquisidor_400.axf
 
make --no-print-directory post-build
Performing post-build steps
arm-none-eabi-size "InfoII_TPO_Adquisidor_400.axf"; # arm-none-eabi-objcopy -v -O binary "InfoII_TPO_Adquisidor_400.axf" "InfoII_TPO_Adquisidor_400.bin" ; # checksum -p LPC1769 -d "InfoII_TPO_Adquisidor_400.bin";
   text	   data	    bss	    dec	    hex	filename
  10732	     36	   1016	  11784	   2e08	InfoII_TPO_Adquisidor_400.axf
 
16:03:08 **** Build of configuration Debug for project InfoII_TPO_Adquisidor_400 ****
make -r -j4 all 
make: Nothing to be done for `all'.
16:03:10 **** Incremental Build of configuration Debug for project InfoII_TPO_Adquisidor_400 ****
make -r -j4 all 
make: Nothing to be done for `all'.
16:09:32 **** Incremental Build of configuration Debug for project InfoII_TPO_Adquisidor_400 ****
make -r -j4 all 
Building file: ../Aplicacion/AP_Mano_Muestreo.c
Invoking: MCU C Compiler
arm-none-eabi-gcc -DDEBUG -D__CODE_RED -DCORE_M3 -D__LPC17XX__ -D__REDLIB__ -I"/home/cha/UTN FRBA/info2_Proyecto_2018/MCU Mano-TPO Workspace/InfoII_TPO_Adquisidor_400/Aplicacion/inc" -I"/home/cha/UTN FRBA/info2_Proyecto_2018/MCU Mano-TPO Workspace/InfoII_TPO_Adquisidor_400/Drivers/inc" -I"/home/cha/UTN FRBA/info2_Proyecto_2018/MCU Mano-TPO Workspace/InfoII_TPO_Adquisidor_400/Drivers" -I"/home/cha/UTN FRBA/info2_Proyecto_2018/MCU Mano-TPO Workspace/InfoII_TPO_Adquisidor_400/Primitivas/inc" -O0 -fno-common -g3 -Wall -c -fmessage-length=0 -fno-builtin -ffunction-sections -fdata-sections -mcpu=cortex-m3 -mthumb -specs=redlib.specs -MMD -MP -MF"Aplicacion/AP_Mano_Muestreo.d" -MT"Aplicacion/AP_Mano_Muestreo.o" -MT"Aplicacion/AP_Mano_Muestreo.d" -o "Aplicacion/AP_Mano_Muestreo.o" "../Aplicacion/AP_Mano_Muestreo.c"
Finished building: ../Aplicacion/AP_Mano_Muestreo.c
 
Building target: InfoII_TPO_Adquisidor_400.axf
Invoking: MCU Linker
arm-none-eabi-gcc -nostdlib -Xlinker -Map="InfoII_TPO_Adquisidor_400.map" -Xlinker --gc-sections -Xlinker -print-memory-usage -mcpu=cortex-m3 -mthumb -T "LPC1769_Mano_Adquisidor_Debug.ld" -o "InfoII_TPO_Adquisidor_400.axf"  ./Primitivas/PR_ADC_MEDIANA.o ./Primitivas/PR_LCD.o ./Primitivas/PR_Teclas.o ./Primitivas/PR_UART_0.o  ./Drivers/DR_ADC_5canales_Timer.o ./Drivers/DR_GPIO.o ./Drivers/DR_Init.o ./Drivers/DR_LED_IO.o ./Drivers/DR_PINSEL.o ./Drivers/DR_SysTick.o ./Drivers/DR_Teclas.o ./Drivers/DR_UART_0.o ./Drivers/FW_LCD.o ./Drivers/cr_startup_lpc175x_6x.o ./Drivers/crp.o  ./Aplicacion/AP_Mano_Muestreo.o ./Aplicacion/AP_UART_0.o ./Aplicacion/MDE_Adquisidor.o ./Aplicacion/main.o   
Memory region         Used Size  Region Size  %age Used
       MFlash512:       10768 B       512 KB      2.05%
        RamLoc32:        1052 B        32 KB      3.21%
        RamAHB32:          0 GB        32 KB      0.00%
Finished building target: InfoII_TPO_Adquisidor_400.axf
 
make --no-print-directory post-build
Performing post-build steps
arm-none-eabi-size "InfoII_TPO_Adquisidor_400.axf"; # arm-none-eabi-objcopy -v -O binary "InfoII_TPO_Adquisidor_400.axf" "InfoII_TPO_Adquisidor_400.bin" ; # checksum -p LPC1769 -d "InfoII_TPO_Adquisidor_400.bin";
   text	   data	    bss	    dec	    hex	filename
  10732	     36	   1016	  11784	   2e08	InfoII_TPO_Adquisidor_400.axf
 
16:26:30 **** Build of configuration Debug for project InfoII_TPO_Adquisidor_400 ****
make -r -j4 all 
Building file: ../Aplicacion/AP_Mano_Muestreo.c
Building file: ../Drivers/DR_ADC_5canales_Timer.c
Invoking: MCU C Compiler
arm-none-eabi-gcc -DDEBUG -D__CODE_RED -DCORE_M3 -D__LPC17XX__ -D__REDLIB__ -I"/home/cha/UTN FRBA/info2_Proyecto_2018/MCU Mano-TPO Workspace/InfoII_TPO_Adquisidor_400/Aplicacion/inc" -I"/home/cha/UTN FRBA/info2_Proyecto_2018/MCU Mano-TPO Workspace/InfoII_TPO_Adquisidor_400/Drivers/inc" -I"/home/cha/UTN FRBA/info2_Proyecto_2018/MCU Mano-TPO Workspace/InfoII_TPO_Adquisidor_400/Drivers" -I"/home/cha/UTN FRBA/info2_Proyecto_2018/MCU Mano-TPO Workspace/InfoII_TPO_Adquisidor_400/Primitivas/inc" -O0 -fno-common -g3 -Wall -c -fmessage-length=0 -fno-builtin -ffunction-sections -fdata-sections -mcpu=cortex-m3 -mthumb -specs=redlib.specs -MMD -MP -MF"Drivers/DR_ADC_5canales_Timer.d" -MT"Drivers/DR_ADC_5canales_Timer.o" -MT"Drivers/DR_ADC_5canales_Timer.d" -o "Drivers/DR_ADC_5canales_Timer.o" "../Drivers/DR_ADC_5canales_Timer.c"
Invoking: MCU C Compiler
arm-none-eabi-gcc -DDEBUG -D__CODE_RED -DCORE_M3 -D__LPC17XX__ -D__REDLIB__ -I"/home/cha/UTN FRBA/info2_Proyecto_2018/MCU Mano-TPO Workspace/InfoII_TPO_Adquisidor_400/Aplicacion/inc" -I"/home/cha/UTN FRBA/info2_Proyecto_2018/MCU Mano-TPO Workspace/InfoII_TPO_Adquisidor_400/Drivers/inc" -I"/home/cha/UTN FRBA/info2_Proyecto_2018/MCU Mano-TPO Workspace/InfoII_TPO_Adquisidor_400/Drivers" -I"/home/cha/UTN FRBA/info2_Proyecto_2018/MCU Mano-TPO Workspace/InfoII_TPO_Adquisidor_400/Primitivas/inc" -O0 -fno-common -g3 -Wall -c -fmessage-length=0 -fno-builtin -ffunction-sections -fdata-sections -mcpu=cortex-m3 -mthumb -specs=redlib.specs -MMD -MP -MF"Aplicacion/AP_Mano_Muestreo.d" -MT"Aplicacion/AP_Mano_Muestreo.o" -MT"Aplicacion/AP_Mano_Muestreo.d" -o "Aplicacion/AP_Mano_Muestreo.o" "../Aplicacion/AP_Mano_Muestreo.c"
Finished building: ../Drivers/DR_ADC_5canales_Timer.c
 
Finished building: ../Aplicacion/AP_Mano_Muestreo.c
 
Building target: InfoII_TPO_Adquisidor_400.axf
Invoking: MCU Linker
arm-none-eabi-gcc -nostdlib -Xlinker -Map="InfoII_TPO_Adquisidor_400.map" -Xlinker --gc-sections -Xlinker -print-memory-usage -mcpu=cortex-m3 -mthumb -T "LPC1769_Mano_Adquisidor_Debug.ld" -o "InfoII_TPO_Adquisidor_400.axf"  ./Primitivas/PR_ADC_MEDIANA.o ./Primitivas/PR_LCD.o ./Primitivas/PR_Teclas.o ./Primitivas/PR_UART_0.o  ./Drivers/DR_ADC_5canales_Timer.o ./Drivers/DR_GPIO.o ./Drivers/DR_Init.o ./Drivers/DR_LED_IO.o ./Drivers/DR_PINSEL.o ./Drivers/DR_SysTick.o ./Drivers/DR_Teclas.o ./Drivers/DR_UART_0.o ./Drivers/FW_LCD.o ./Drivers/cr_startup_lpc175x_6x.o ./Drivers/crp.o  ./Aplicacion/AP_Mano_Muestreo.o ./Aplicacion/AP_UART_0.o ./Aplicacion/MDE_Adquisidor.o ./Aplicacion/main.o   
Memory region         Used Size  Region Size  %age Used
       MFlash512:       10768 B       512 KB      2.05%
        RamLoc32:        1052 B        32 KB      3.21%
        RamAHB32:          0 GB        32 KB      0.00%
Finished building target: InfoII_TPO_Adquisidor_400.axf
 
make --no-print-directory post-build
Performing post-build steps
arm-none-eabi-size "InfoII_TPO_Adquisidor_400.axf"; # arm-none-eabi-objcopy -v -O binary "InfoII_TPO_Adquisidor_400.axf" "InfoII_TPO_Adquisidor_400.bin" ; # checksum -p LPC1769 -d "InfoII_TPO_Adquisidor_400.bin";
   text	   data	    bss	    dec	    hex	filename
  10732	     36	   1016	  11784	   2e08	InfoII_TPO_Adquisidor_400.axf
 
16:26:31 **** Incremental Build of configuration Debug for project InfoII_TPO_Adquisidor_400 ****
make -r -j4 all 
make: Nothing to be done for `all'.
16:28:24 **** Incremental Build of configuration Debug for project InfoII_TPO_Adquisidor_400 ****
make -r -j4 all 
Building file: ../Aplicacion/AP_Mano_Muestreo.c
Invoking: MCU C Compiler
arm-none-eabi-gcc -DDEBUG -D__CODE_RED -DCORE_M3 -D__LPC17XX__ -D__REDLIB__ -I"/home/cha/UTN FRBA/info2_Proyecto_2018/MCU Mano-TPO Workspace/InfoII_TPO_Adquisidor_400/Aplicacion/inc" -I"/home/cha/UTN FRBA/info2_Proyecto_2018/MCU Mano-TPO Workspace/InfoII_TPO_Adquisidor_400/Drivers/inc" -I"/home/cha/UTN FRBA/info2_Proyecto_2018/MCU Mano-TPO Workspace/InfoII_TPO_Adquisidor_400/Drivers" -I"/home/cha/UTN FRBA/info2_Proyecto_2018/MCU Mano-TPO Workspace/InfoII_TPO_Adquisidor_400/Primitivas/inc" -O0 -fno-common -g3 -Wall -c -fmessage-length=0 -fno-builtin -ffunction-sections -fdata-sections -mcpu=cortex-m3 -mthumb -specs=redlib.specs -MMD -MP -MF"Aplicacion/AP_Mano_Muestreo.d" -MT"Aplicacion/AP_Mano_Muestreo.o" -MT"Aplicacion/AP_Mano_Muestreo.d" -o "Aplicacion/AP_Mano_Muestreo.o" "../Aplicacion/AP_Mano_Muestreo.c"
Finished building: ../Aplicacion/AP_Mano_Muestreo.c
 
Building target: InfoII_TPO_Adquisidor_400.axf
Invoking: MCU Linker
arm-none-eabi-gcc -nostdlib -Xlinker -Map="InfoII_TPO_Adquisidor_400.map" -Xlinker --gc-sections -Xlinker -print-memory-usage -mcpu=cortex-m3 -mthumb -T "LPC1769_Mano_Adquisidor_Debug.ld" -o "InfoII_TPO_Adquisidor_400.axf"  ./Primitivas/PR_ADC_MEDIANA.o ./Primitivas/PR_LCD.o ./Primitivas/PR_Teclas.o ./Primitivas/PR_UART_0.o  ./Drivers/DR_ADC_5canales_Timer.o ./Drivers/DR_GPIO.o ./Drivers/DR_Init.o ./Drivers/DR_LED_IO.o ./Drivers/DR_PINSEL.o ./Drivers/DR_SysTick.o ./Drivers/DR_Teclas.o ./Drivers/DR_UART_0.o ./Drivers/FW_LCD.o ./Drivers/cr_startup_lpc175x_6x.o ./Drivers/crp.o  ./Aplicacion/AP_Mano_Muestreo.o ./Aplicacion/AP_UART_0.o ./Aplicacion/MDE_Adquisidor.o ./Aplicacion/main.o   
Memory region         Used Size  Region Size  %age Used
       MFlash512:       10768 B       512 KB      2.05%
        RamLoc32:        1052 B        32 KB      3.21%
        RamAHB32:          0 GB        32 KB      0.00%
Finished building target: InfoII_TPO_Adquisidor_400.axf
 
make --no-print-directory post-build
Performing post-build steps
arm-none-eabi-size "InfoII_TPO_Adquisidor_400.axf"; # arm-none-eabi-objcopy -v -O binary "InfoII_TPO_Adquisidor_400.axf" "InfoII_TPO_Adquisidor_400.bin" ; # checksum -p LPC1769 -d "InfoII_TPO_Adquisidor_400.bin";
   text	   data	    bss	    dec	    hex	filename
  10732	     36	   1016	  11784	   2e08	InfoII_TPO_Adquisidor_400.axf
 
16:29:24 **** Incremental Build of configuration Debug for project InfoII_TPO_Adquisidor_400 ****
make -r -j4 all 
Building file: ../Aplicacion/AP_Mano_Muestreo.c
Invoking: MCU C Compiler
arm-none-eabi-gcc -DDEBUG -D__CODE_RED -DCORE_M3 -D__LPC17XX__ -D__REDLIB__ -I"/home/cha/UTN FRBA/info2_Proyecto_2018/MCU Mano-TPO Workspace/InfoII_TPO_Adquisidor_400/Aplicacion/inc" -I"/home/cha/UTN FRBA/info2_Proyecto_2018/MCU Mano-TPO Workspace/InfoII_TPO_Adquisidor_400/Drivers/inc" -I"/home/cha/UTN FRBA/info2_Proyecto_2018/MCU Mano-TPO Workspace/InfoII_TPO_Adquisidor_400/Drivers" -I"/home/cha/UTN FRBA/info2_Proyecto_2018/MCU Mano-TPO Workspace/InfoII_TPO_Adquisidor_400/Primitivas/inc" -O0 -fno-common -g3 -Wall -c -fmessage-length=0 -fno-builtin -ffunction-sections -fdata-sections -mcpu=cortex-m3 -mthumb -specs=redlib.specs -MMD -MP -MF"Aplicacion/AP_Mano_Muestreo.d" -MT"Aplicacion/AP_Mano_Muestreo.o" -MT"Aplicacion/AP_Mano_Muestreo.d" -o "Aplicacion/AP_Mano_Muestreo.o" "../Aplicacion/AP_Mano_Muestreo.c"
Finished building: ../Aplicacion/AP_Mano_Muestreo.c
 
Building target: InfoII_TPO_Adquisidor_400.axf
Invoking: MCU Linker
arm-none-eabi-gcc -nostdlib -Xlinker -Map="InfoII_TPO_Adquisidor_400.map" -Xlinker --gc-sections -Xlinker -print-memory-usage -mcpu=cortex-m3 -mthumb -T "LPC1769_Mano_Adquisidor_Debug.ld" -o "InfoII_TPO_Adquisidor_400.axf"  ./Primitivas/PR_ADC_MEDIANA.o ./Primitivas/PR_LCD.o ./Primitivas/PR_Teclas.o ./Primitivas/PR_UART_0.o  ./Drivers/DR_ADC_5canales_Timer.o ./Drivers/DR_GPIO.o ./Drivers/DR_Init.o ./Drivers/DR_LED_IO.o ./Drivers/DR_PINSEL.o ./Drivers/DR_SysTick.o ./Drivers/DR_Teclas.o ./Drivers/DR_UART_0.o ./Drivers/FW_LCD.o ./Drivers/cr_startup_lpc175x_6x.o ./Drivers/crp.o  ./Aplicacion/AP_Mano_Muestreo.o ./Aplicacion/AP_UART_0.o ./Aplicacion/MDE_Adquisidor.o ./Aplicacion/main.o   
Memory region         Used Size  Region Size  %age Used
       MFlash512:       10768 B       512 KB      2.05%
        RamLoc32:        1052 B        32 KB      3.21%
        RamAHB32:          0 GB        32 KB      0.00%
Finished building target: InfoII_TPO_Adquisidor_400.axf
 
make --no-print-directory post-build
Performing post-build steps
arm-none-eabi-size "InfoII_TPO_Adquisidor_400.axf"; # arm-none-eabi-objcopy -v -O binary "InfoII_TPO_Adquisidor_400.axf" "InfoII_TPO_Adquisidor_400.bin" ; # checksum -p LPC1769 -d "InfoII_TPO_Adquisidor_400.bin";
   text	   data	    bss	    dec	    hex	filename
  10732	     36	   1016	  11784	   2e08	InfoII_TPO_Adquisidor_400.axf
 
16:29:36 **** Build of configuration Debug for project InfoII_TPO_Adquisidor_400 ****
make -r -j4 all 
make: Nothing to be done for `all'.
16:29:37 **** Incremental Build of configuration Debug for project InfoII_TPO_Adquisidor_400 ****
make -r -j4 all 
make: Nothing to be done for `all'.
16:30:20 **** Incremental Build of configuration Debug for project InfoII_TPO_Adquisidor_400 ****
make -r -j4 all 
Building file: ../Aplicacion/AP_Mano_Muestreo.c
Invoking: MCU C Compiler
arm-none-eabi-gcc -DDEBUG -D__CODE_RED -DCORE_M3 -D__LPC17XX__ -D__REDLIB__ -I"/home/cha/UTN FRBA/info2_Proyecto_2018/MCU Mano-TPO Workspace/InfoII_TPO_Adquisidor_400/Aplicacion/inc" -I"/home/cha/UTN FRBA/info2_Proyecto_2018/MCU Mano-TPO Workspace/InfoII_TPO_Adquisidor_400/Drivers/inc" -I"/home/cha/UTN FRBA/info2_Proyecto_2018/MCU Mano-TPO Workspace/InfoII_TPO_Adquisidor_400/Drivers" -I"/home/cha/UTN FRBA/info2_Proyecto_2018/MCU Mano-TPO Workspace/InfoII_TPO_Adquisidor_400/Primitivas/inc" -O0 -fno-common -g3 -Wall -c -fmessage-length=0 -fno-builtin -ffunction-sections -fdata-sections -mcpu=cortex-m3 -mthumb -specs=redlib.specs -MMD -MP -MF"Aplicacion/AP_Mano_Muestreo.d" -MT"Aplicacion/AP_Mano_Muestreo.o" -MT"Aplicacion/AP_Mano_Muestreo.d" -o "Aplicacion/AP_Mano_Muestreo.o" "../Aplicacion/AP_Mano_Muestreo.c"
Finished building: ../Aplicacion/AP_Mano_Muestreo.c
 
Building target: InfoII_TPO_Adquisidor_400.axf
Invoking: MCU Linker
arm-none-eabi-gcc -nostdlib -Xlinker -Map="InfoII_TPO_Adquisidor_400.map" -Xlinker --gc-sections -Xlinker -print-memory-usage -mcpu=cortex-m3 -mthumb -T "LPC1769_Mano_Adquisidor_Debug.ld" -o "InfoII_TPO_Adquisidor_400.axf"  ./Primitivas/PR_ADC_MEDIANA.o ./Primitivas/PR_LCD.o ./Primitivas/PR_Teclas.o ./Primitivas/PR_UART_0.o  ./Drivers/DR_ADC_5canales_Timer.o ./Drivers/DR_GPIO.o ./Drivers/DR_Init.o ./Drivers/DR_LED_IO.o ./Drivers/DR_PINSEL.o ./Drivers/DR_SysTick.o ./Drivers/DR_Teclas.o ./Drivers/DR_UART_0.o ./Drivers/FW_LCD.o ./Drivers/cr_startup_lpc175x_6x.o ./Drivers/crp.o  ./Aplicacion/AP_Mano_Muestreo.o ./Aplicacion/AP_UART_0.o ./Aplicacion/MDE_Adquisidor.o ./Aplicacion/main.o   
Memory region         Used Size  Region Size  %age Used
       MFlash512:       10768 B       512 KB      2.05%
        RamLoc32:        1052 B        32 KB      3.21%
        RamAHB32:          0 GB        32 KB      0.00%
Finished building target: InfoII_TPO_Adquisidor_400.axf
 
make --no-print-directory post-build
Performing post-build steps
arm-none-eabi-size "InfoII_TPO_Adquisidor_400.axf"; # arm-none-eabi-objcopy -v -O binary "InfoII_TPO_Adquisidor_400.axf" "InfoII_TPO_Adquisidor_400.bin" ; # checksum -p LPC1769 -d "InfoII_TPO_Adquisidor_400.bin";
   text	   data	    bss	    dec	    hex	filename
  10732	     36	   1016	  11784	   2e08	InfoII_TPO_Adquisidor_400.axf
 
16:30:27 **** Incremental Build of configuration Debug for project InfoII_TPO_Adquisidor_400 ****
make -r -j4 all 
make: Nothing to be done for `all'.
16:31:33 **** Incremental Build of configuration Debug for project InfoII_TPO_Adquisidor_400 ****
make -r -j4 all 
Building file: ../Aplicacion/AP_Mano_Muestreo.c
Invoking: MCU C Compiler
arm-none-eabi-gcc -DDEBUG -D__CODE_RED -DCORE_M3 -D__LPC17XX__ -D__REDLIB__ -I"/home/cha/UTN FRBA/info2_Proyecto_2018/MCU Mano-TPO Workspace/InfoII_TPO_Adquisidor_400/Aplicacion/inc" -I"/home/cha/UTN FRBA/info2_Proyecto_2018/MCU Mano-TPO Workspace/InfoII_TPO_Adquisidor_400/Drivers/inc" -I"/home/cha/UTN FRBA/info2_Proyecto_2018/MCU Mano-TPO Workspace/InfoII_TPO_Adquisidor_400/Drivers" -I"/home/cha/UTN FRBA/info2_Proyecto_2018/MCU Mano-TPO Workspace/InfoII_TPO_Adquisidor_400/Primitivas/inc" -O0 -fno-common -g3 -Wall -c -fmessage-length=0 -fno-builtin -ffunction-sections -fdata-sections -mcpu=cortex-m3 -mthumb -specs=redlib.specs -MMD -MP -MF"Aplicacion/AP_Mano_Muestreo.d" -MT"Aplicacion/AP_Mano_Muestreo.o" -MT"Aplicacion/AP_Mano_Muestreo.d" -o "Aplicacion/AP_Mano_Muestreo.o" "../Aplicacion/AP_Mano_Muestreo.c"
Finished building: ../Aplicacion/AP_Mano_Muestreo.c
 
Building target: InfoII_TPO_Adquisidor_400.axf
Invoking: MCU Linker
arm-none-eabi-gcc -nostdlib -Xlinker -Map="InfoII_TPO_Adquisidor_400.map" -Xlinker --gc-sections -Xlinker -print-memory-usage -mcpu=cortex-m3 -mthumb -T "LPC1769_Mano_Adquisidor_Debug.ld" -o "InfoII_TPO_Adquisidor_400.axf"  ./Primitivas/PR_ADC_MEDIANA.o ./Primitivas/PR_LCD.o ./Primitivas/PR_Teclas.o ./Primitivas/PR_UART_0.o  ./Drivers/DR_ADC_5canales_Timer.o ./Drivers/DR_GPIO.o ./Drivers/DR_Init.o ./Drivers/DR_LED_IO.o ./Drivers/DR_PINSEL.o ./Drivers/DR_SysTick.o ./Drivers/DR_Teclas.o ./Drivers/DR_UART_0.o ./Drivers/FW_LCD.o ./Drivers/cr_startup_lpc175x_6x.o ./Drivers/crp.o  ./Aplicacion/AP_Mano_Muestreo.o ./Aplicacion/AP_UART_0.o ./Aplicacion/MDE_Adquisidor.o ./Aplicacion/main.o   
Memory region         Used Size  Region Size  %age Used
       MFlash512:       10768 B       512 KB      2.05%
        RamLoc32:        1052 B        32 KB      3.21%
        RamAHB32:          0 GB        32 KB      0.00%
Finished building target: InfoII_TPO_Adquisidor_400.axf
 
make --no-print-directory post-build
Performing post-build steps
arm-none-eabi-size "InfoII_TPO_Adquisidor_400.axf"; # arm-none-eabi-objcopy -v -O binary "InfoII_TPO_Adquisidor_400.axf" "InfoII_TPO_Adquisidor_400.bin" ; # checksum -p LPC1769 -d "InfoII_TPO_Adquisidor_400.bin";
   text	   data	    bss	    dec	    hex	filename
  10732	     36	   1016	  11784	   2e08	InfoII_TPO_Adquisidor_400.axf
 
16:32:38 **** Incremental Build of configuration Debug for project InfoII_TPO_Adquisidor_400 ****
make -r -j4 all 
Building file: ../Aplicacion/AP_Mano_Muestreo.c
Invoking: MCU C Compiler
arm-none-eabi-gcc -DDEBUG -D__CODE_RED -DCORE_M3 -D__LPC17XX__ -D__REDLIB__ -I"/home/cha/UTN FRBA/info2_Proyecto_2018/MCU Mano-TPO Workspace/InfoII_TPO_Adquisidor_400/Aplicacion/inc" -I"/home/cha/UTN FRBA/info2_Proyecto_2018/MCU Mano-TPO Workspace/InfoII_TPO_Adquisidor_400/Drivers/inc" -I"/home/cha/UTN FRBA/info2_Proyecto_2018/MCU Mano-TPO Workspace/InfoII_TPO_Adquisidor_400/Drivers" -I"/home/cha/UTN FRBA/info2_Proyecto_2018/MCU Mano-TPO Workspace/InfoII_TPO_Adquisidor_400/Primitivas/inc" -O0 -fno-common -g3 -Wall -c -fmessage-length=0 -fno-builtin -ffunction-sections -fdata-sections -mcpu=cortex-m3 -mthumb -specs=redlib.specs -MMD -MP -MF"Aplicacion/AP_Mano_Muestreo.d" -MT"Aplicacion/AP_Mano_Muestreo.o" -MT"Aplicacion/AP_Mano_Muestreo.d" -o "Aplicacion/AP_Mano_Muestreo.o" "../Aplicacion/AP_Mano_Muestreo.c"
Finished building: ../Aplicacion/AP_Mano_Muestreo.c
 
Building target: InfoII_TPO_Adquisidor_400.axf
Invoking: MCU Linker
arm-none-eabi-gcc -nostdlib -Xlinker -Map="InfoII_TPO_Adquisidor_400.map" -Xlinker --gc-sections -Xlinker -print-memory-usage -mcpu=cortex-m3 -mthumb -T "LPC1769_Mano_Adquisidor_Debug.ld" -o "InfoII_TPO_Adquisidor_400.axf"  ./Primitivas/PR_ADC_MEDIANA.o ./Primitivas/PR_LCD.o ./Primitivas/PR_Teclas.o ./Primitivas/PR_UART_0.o  ./Drivers/DR_ADC_5canales_Timer.o ./Drivers/DR_GPIO.o ./Drivers/DR_Init.o ./Drivers/DR_LED_IO.o ./Drivers/DR_PINSEL.o ./Drivers/DR_SysTick.o ./Drivers/DR_Teclas.o ./Drivers/DR_UART_0.o ./Drivers/FW_LCD.o ./Drivers/cr_startup_lpc175x_6x.o ./Drivers/crp.o  ./Aplicacion/AP_Mano_Muestreo.o ./Aplicacion/AP_UART_0.o ./Aplicacion/MDE_Adquisidor.o ./Aplicacion/main.o   
Memory region         Used Size  Region Size  %age Used
       MFlash512:       10768 B       512 KB      2.05%
        RamLoc32:        1052 B        32 KB      3.21%
        RamAHB32:          0 GB        32 KB      0.00%
Finished building target: InfoII_TPO_Adquisidor_400.axf
 
make --no-print-directory post-build
Performing post-build steps
arm-none-eabi-size "InfoII_TPO_Adquisidor_400.axf"; # arm-none-eabi-objcopy -v -O binary "InfoII_TPO_Adquisidor_400.axf" "InfoII_TPO_Adquisidor_400.bin" ; # checksum -p LPC1769 -d "InfoII_TPO_Adquisidor_400.bin";
   text	   data	    bss	    dec	    hex	filename
  10732	     36	   1016	  11784	   2e08	InfoII_TPO_Adquisidor_400.axf
 
16:35:03 **** Incremental Build of configuration Debug for project InfoII_TPO_Adquisidor_400 ****
make -r -j4 all 
Building file: ../Aplicacion/AP_Mano_Muestreo.c
Invoking: MCU C Compiler
arm-none-eabi-gcc -DDEBUG -D__CODE_RED -DCORE_M3 -D__LPC17XX__ -D__REDLIB__ -I"/home/cha/UTN FRBA/info2_Proyecto_2018/MCU Mano-TPO Workspace/InfoII_TPO_Adquisidor_400/Aplicacion/inc" -I"/home/cha/UTN FRBA/info2_Proyecto_2018/MCU Mano-TPO Workspace/InfoII_TPO_Adquisidor_400/Drivers/inc" -I"/home/cha/UTN FRBA/info2_Proyecto_2018/MCU Mano-TPO Workspace/InfoII_TPO_Adquisidor_400/Drivers" -I"/home/cha/UTN FRBA/info2_Proyecto_2018/MCU Mano-TPO Workspace/InfoII_TPO_Adquisidor_400/Primitivas/inc" -O0 -fno-common -g3 -Wall -c -fmessage-length=0 -fno-builtin -ffunction-sections -fdata-sections -mcpu=cortex-m3 -mthumb -specs=redlib.specs -MMD -MP -MF"Aplicacion/AP_Mano_Muestreo.d" -MT"Aplicacion/AP_Mano_Muestreo.o" -MT"Aplicacion/AP_Mano_Muestreo.d" -o "Aplicacion/AP_Mano_Muestreo.o" "../Aplicacion/AP_Mano_Muestreo.c"
Finished building: ../Aplicacion/AP_Mano_Muestreo.c
 
Building target: InfoII_TPO_Adquisidor_400.axf
Invoking: MCU Linker
arm-none-eabi-gcc -nostdlib -Xlinker -Map="InfoII_TPO_Adquisidor_400.map" -Xlinker --gc-sections -Xlinker -print-memory-usage -mcpu=cortex-m3 -mthumb -T "LPC1769_Mano_Adquisidor_Debug.ld" -o "InfoII_TPO_Adquisidor_400.axf"  ./Primitivas/PR_ADC_MEDIANA.o ./Primitivas/PR_LCD.o ./Primitivas/PR_Teclas.o ./Primitivas/PR_UART_0.o  ./Drivers/DR_ADC_5canales_Timer.o ./Drivers/DR_GPIO.o ./Drivers/DR_Init.o ./Drivers/DR_LED_IO.o ./Drivers/DR_PINSEL.o ./Drivers/DR_SysTick.o ./Drivers/DR_Teclas.o ./Drivers/DR_UART_0.o ./Drivers/FW_LCD.o ./Drivers/cr_startup_lpc175x_6x.o ./Drivers/crp.o  ./Aplicacion/AP_Mano_Muestreo.o ./Aplicacion/AP_UART_0.o ./Aplicacion/MDE_Adquisidor.o ./Aplicacion/main.o   
Memory region         Used Size  Region Size  %age Used
       MFlash512:       10768 B       512 KB      2.05%
        RamLoc32:        1052 B        32 KB      3.21%
        RamAHB32:          0 GB        32 KB      0.00%
Finished building target: InfoII_TPO_Adquisidor_400.axf
 
make --no-print-directory post-build
Performing post-build steps
arm-none-eabi-size "InfoII_TPO_Adquisidor_400.axf"; # arm-none-eabi-objcopy -v -O binary "InfoII_TPO_Adquisidor_400.axf" "InfoII_TPO_Adquisidor_400.bin" ; # checksum -p LPC1769 -d "InfoII_TPO_Adquisidor_400.bin";
   text	   data	    bss	    dec	    hex	filename
  10732	     36	   1016	  11784	   2e08	InfoII_TPO_Adquisidor_400.axf
 
16:35:47 **** Incremental Build of configuration Debug for project InfoII_TPO_Adquisidor_400 ****
make -r -j4 all 
make: Nothing to be done for `all'.
16:37:09 **** Incremental Build of configuration Debug for project InfoII_TPO_Adquisidor_400 ****
make -r -j4 all 
Building file: ../Aplicacion/AP_Mano_Muestreo.c
Invoking: MCU C Compiler
arm-none-eabi-gcc -DDEBUG -D__CODE_RED -DCORE_M3 -D__LPC17XX__ -D__REDLIB__ -I"/home/cha/UTN FRBA/info2_Proyecto_2018/MCU Mano-TPO Workspace/InfoII_TPO_Adquisidor_400/Aplicacion/inc" -I"/home/cha/UTN FRBA/info2_Proyecto_2018/MCU Mano-TPO Workspace/InfoII_TPO_Adquisidor_400/Drivers/inc" -I"/home/cha/UTN FRBA/info2_Proyecto_2018/MCU Mano-TPO Workspace/InfoII_TPO_Adquisidor_400/Drivers" -I"/home/cha/UTN FRBA/info2_Proyecto_2018/MCU Mano-TPO Workspace/InfoII_TPO_Adquisidor_400/Primitivas/inc" -O0 -fno-common -g3 -Wall -c -fmessage-length=0 -fno-builtin -ffunction-sections -fdata-sections -mcpu=cortex-m3 -mthumb -specs=redlib.specs -MMD -MP -MF"Aplicacion/AP_Mano_Muestreo.d" -MT"Aplicacion/AP_Mano_Muestreo.o" -MT"Aplicacion/AP_Mano_Muestreo.d" -o "Aplicacion/AP_Mano_Muestreo.o" "../Aplicacion/AP_Mano_Muestreo.c"
Finished building: ../Aplicacion/AP_Mano_Muestreo.c
 
Building target: InfoII_TPO_Adquisidor_400.axf
Invoking: MCU Linker
arm-none-eabi-gcc -nostdlib -Xlinker -Map="InfoII_TPO_Adquisidor_400.map" -Xlinker --gc-sections -Xlinker -print-memory-usage -mcpu=cortex-m3 -mthumb -T "LPC1769_Mano_Adquisidor_Debug.ld" -o "InfoII_TPO_Adquisidor_400.axf"  ./Primitivas/PR_ADC_MEDIANA.o ./Primitivas/PR_LCD.o ./Primitivas/PR_Teclas.o ./Primitivas/PR_UART_0.o  ./Drivers/DR_ADC_5canales_Timer.o ./Drivers/DR_GPIO.o ./Drivers/DR_Init.o ./Drivers/DR_LED_IO.o ./Drivers/DR_PINSEL.o ./Drivers/DR_SysTick.o ./Drivers/DR_Teclas.o ./Drivers/DR_UART_0.o ./Drivers/FW_LCD.o ./Drivers/cr_startup_lpc175x_6x.o ./Drivers/crp.o  ./Aplicacion/AP_Mano_Muestreo.o ./Aplicacion/AP_UART_0.o ./Aplicacion/MDE_Adquisidor.o ./Aplicacion/main.o   
Memory region         Used Size  Region Size  %age Used
       MFlash512:       10768 B       512 KB      2.05%
        RamLoc32:        1052 B        32 KB      3.21%
        RamAHB32:          0 GB        32 KB      0.00%
Finished building target: InfoII_TPO_Adquisidor_400.axf
 
make --no-print-directory post-build
Performing post-build steps
arm-none-eabi-size "InfoII_TPO_Adquisidor_400.axf"; # arm-none-eabi-objcopy -v -O binary "InfoII_TPO_Adquisidor_400.axf" "InfoII_TPO_Adquisidor_400.bin" ; # checksum -p LPC1769 -d "InfoII_TPO_Adquisidor_400.bin";
   text	   data	    bss	    dec	    hex	filename
  10732	     36	   1016	  11784	   2e08	InfoII_TPO_Adquisidor_400.axf
 
16:44:37 **** Build of configuration Debug for project InfoII_TPO_Adquisidor_400 ****
make -r -j4 all 
Building file: ../Aplicacion/AP_Mano_Muestreo.c
Invoking: MCU C Compiler
arm-none-eabi-gcc -DDEBUG -D__CODE_RED -DCORE_M3 -D__LPC17XX__ -D__REDLIB__ -I"/home/cha/UTN FRBA/info2_Proyecto_2018/MCU Mano-TPO Workspace/InfoII_TPO_Adquisidor_400/Aplicacion/inc" -I"/home/cha/UTN FRBA/info2_Proyecto_2018/MCU Mano-TPO Workspace/InfoII_TPO_Adquisidor_400/Drivers/inc" -I"/home/cha/UTN FRBA/info2_Proyecto_2018/MCU Mano-TPO Workspace/InfoII_TPO_Adquisidor_400/Drivers" -I"/home/cha/UTN FRBA/info2_Proyecto_2018/MCU Mano-TPO Workspace/InfoII_TPO_Adquisidor_400/Primitivas/inc" -O0 -fno-common -g3 -Wall -c -fmessage-length=0 -fno-builtin -ffunction-sections -fdata-sections -mcpu=cortex-m3 -mthumb -specs=redlib.specs -MMD -MP -MF"Aplicacion/AP_Mano_Muestreo.d" -MT"Aplicacion/AP_Mano_Muestreo.o" -MT"Aplicacion/AP_Mano_Muestreo.d" -o "Aplicacion/AP_Mano_Muestreo.o" "../Aplicacion/AP_Mano_Muestreo.c"
Finished building: ../Aplicacion/AP_Mano_Muestreo.c
 
Building target: InfoII_TPO_Adquisidor_400.axf
Invoking: MCU Linker
arm-none-eabi-gcc -nostdlib -Xlinker -Map="InfoII_TPO_Adquisidor_400.map" -Xlinker --gc-sections -Xlinker -print-memory-usage -mcpu=cortex-m3 -mthumb -T "LPC1769_Mano_Adquisidor_Debug.ld" -o "InfoII_TPO_Adquisidor_400.axf"  ./Primitivas/PR_ADC_MEDIANA.o ./Primitivas/PR_LCD.o ./Primitivas/PR_Teclas.o ./Primitivas/PR_UART_0.o  ./Drivers/DR_ADC_5canales_Timer.o ./Drivers/DR_GPIO.o ./Drivers/DR_Init.o ./Drivers/DR_LED_IO.o ./Drivers/DR_PINSEL.o ./Drivers/DR_SysTick.o ./Drivers/DR_Teclas.o ./Drivers/DR_UART_0.o ./Drivers/FW_LCD.o ./Drivers/cr_startup_lpc175x_6x.o ./Drivers/crp.o  ./Aplicacion/AP_Mano_Muestreo.o ./Aplicacion/AP_UART_0.o ./Aplicacion/MDE_Adquisidor.o ./Aplicacion/main.o   
Memory region         Used Size  Region Size  %age Used
       MFlash512:       10768 B       512 KB      2.05%
        RamLoc32:        1052 B        32 KB      3.21%
        RamAHB32:          0 GB        32 KB      0.00%
Finished building target: InfoII_TPO_Adquisidor_400.axf
 
make --no-print-directory post-build
Performing post-build steps
arm-none-eabi-size "InfoII_TPO_Adquisidor_400.axf"; # arm-none-eabi-objcopy -v -O binary "InfoII_TPO_Adquisidor_400.axf" "InfoII_TPO_Adquisidor_400.bin" ; # checksum -p LPC1769 -d "InfoII_TPO_Adquisidor_400.bin";
   text	   data	    bss	    dec	    hex	filename
  10732	     36	   1016	  11784	   2e08	InfoII_TPO_Adquisidor_400.axf
 
16:44:37 **** Incremental Build of configuration Debug for project InfoII_TPO_Adquisidor_400 ****
make -r -j4 all 
make: Nothing to be done for `all'.
16:45:26 **** Build of configuration Debug for project InfoII_TPO_Adquisidor_400 ****
make -r -j4 all 
Building file: ../Aplicacion/AP_Mano_Muestreo.c
Invoking: MCU C Compiler
arm-none-eabi-gcc -DDEBUG -D__CODE_RED -DCORE_M3 -D__LPC17XX__ -D__REDLIB__ -I"/home/cha/UTN FRBA/info2_Proyecto_2018/MCU Mano-TPO Workspace/InfoII_TPO_Adquisidor_400/Aplicacion/inc" -I"/home/cha/UTN FRBA/info2_Proyecto_2018/MCU Mano-TPO Workspace/InfoII_TPO_Adquisidor_400/Drivers/inc" -I"/home/cha/UTN FRBA/info2_Proyecto_2018/MCU Mano-TPO Workspace/InfoII_TPO_Adquisidor_400/Drivers" -I"/home/cha/UTN FRBA/info2_Proyecto_2018/MCU Mano-TPO Workspace/InfoII_TPO_Adquisidor_400/Primitivas/inc" -O0 -fno-common -g3 -Wall -c -fmessage-length=0 -fno-builtin -ffunction-sections -fdata-sections -mcpu=cortex-m3 -mthumb -specs=redlib.specs -MMD -MP -MF"Aplicacion/AP_Mano_Muestreo.d" -MT"Aplicacion/AP_Mano_Muestreo.o" -MT"Aplicacion/AP_Mano_Muestreo.d" -o "Aplicacion/AP_Mano_Muestreo.o" "../Aplicacion/AP_Mano_Muestreo.c"
Finished building: ../Aplicacion/AP_Mano_Muestreo.c
 
Building target: InfoII_TPO_Adquisidor_400.axf
Invoking: MCU Linker
arm-none-eabi-gcc -nostdlib -Xlinker -Map="InfoII_TPO_Adquisidor_400.map" -Xlinker --gc-sections -Xlinker -print-memory-usage -mcpu=cortex-m3 -mthumb -T "LPC1769_Mano_Adquisidor_Debug.ld" -o "InfoII_TPO_Adquisidor_400.axf"  ./Primitivas/PR_ADC_MEDIANA.o ./Primitivas/PR_LCD.o ./Primitivas/PR_Teclas.o ./Primitivas/PR_UART_0.o  ./Drivers/DR_ADC_5canales_Timer.o ./Drivers/DR_GPIO.o ./Drivers/DR_Init.o ./Drivers/DR_LED_IO.o ./Drivers/DR_PINSEL.o ./Drivers/DR_SysTick.o ./Drivers/DR_Teclas.o ./Drivers/DR_UART_0.o ./Drivers/FW_LCD.o ./Drivers/cr_startup_lpc175x_6x.o ./Drivers/crp.o  ./Aplicacion/AP_Mano_Muestreo.o ./Aplicacion/AP_UART_0.o ./Aplicacion/MDE_Adquisidor.o ./Aplicacion/main.o   
Memory region         Used Size  Region Size  %age Used
       MFlash512:       10768 B       512 KB      2.05%
        RamLoc32:        1052 B        32 KB      3.21%
        RamAHB32:          0 GB        32 KB      0.00%
Finished building target: InfoII_TPO_Adquisidor_400.axf
 
make --no-print-directory post-build
Performing post-build steps
arm-none-eabi-size "InfoII_TPO_Adquisidor_400.axf"; # arm-none-eabi-objcopy -v -O binary "InfoII_TPO_Adquisidor_400.axf" "InfoII_TPO_Adquisidor_400.bin" ; # checksum -p LPC1769 -d "InfoII_TPO_Adquisidor_400.bin";
   text	   data	    bss	    dec	    hex	filename
  10732	     36	   1016	  11784	   2e08	InfoII_TPO_Adquisidor_400.axf
 
16:45:27 **** Incremental Build of configuration Debug for project InfoII_TPO_Adquisidor_400 ****
make -r -j4 all 
make: Nothing to be done for `all'.
16:49:50 **** Build of configuration Debug for project InfoII_TPO_Adquisidor_400 ****
make -r -j4 all 
Building file: ../Aplicacion/AP_Mano_Muestreo.c
Invoking: MCU C Compiler
arm-none-eabi-gcc -DDEBUG -D__CODE_RED -DCORE_M3 -D__LPC17XX__ -D__REDLIB__ -I"/home/cha/UTN FRBA/info2_Proyecto_2018/MCU Mano-TPO Workspace/InfoII_TPO_Adquisidor_400/Aplicacion/inc" -I"/home/cha/UTN FRBA/info2_Proyecto_2018/MCU Mano-TPO Workspace/InfoII_TPO_Adquisidor_400/Drivers/inc" -I"/home/cha/UTN FRBA/info2_Proyecto_2018/MCU Mano-TPO Workspace/InfoII_TPO_Adquisidor_400/Drivers" -I"/home/cha/UTN FRBA/info2_Proyecto_2018/MCU Mano-TPO Workspace/InfoII_TPO_Adquisidor_400/Primitivas/inc" -O0 -fno-common -g3 -Wall -c -fmessage-length=0 -fno-builtin -ffunction-sections -fdata-sections -mcpu=cortex-m3 -mthumb -specs=redlib.specs -MMD -MP -MF"Aplicacion/AP_Mano_Muestreo.d" -MT"Aplicacion/AP_Mano_Muestreo.o" -MT"Aplicacion/AP_Mano_Muestreo.d" -o "Aplicacion/AP_Mano_Muestreo.o" "../Aplicacion/AP_Mano_Muestreo.c"
Finished building: ../Aplicacion/AP_Mano_Muestreo.c
 
Building target: InfoII_TPO_Adquisidor_400.axf
Invoking: MCU Linker
arm-none-eabi-gcc -nostdlib -Xlinker -Map="InfoII_TPO_Adquisidor_400.map" -Xlinker --gc-sections -Xlinker -print-memory-usage -mcpu=cortex-m3 -mthumb -T "LPC1769_Mano_Adquisidor_Debug.ld" -o "InfoII_TPO_Adquisidor_400.axf"  ./Primitivas/PR_ADC_MEDIANA.o ./Primitivas/PR_LCD.o ./Primitivas/PR_Teclas.o ./Primitivas/PR_UART_0.o  ./Drivers/DR_ADC_5canales_Timer.o ./Drivers/DR_GPIO.o ./Drivers/DR_Init.o ./Drivers/DR_LED_IO.o ./Drivers/DR_PINSEL.o ./Drivers/DR_SysTick.o ./Drivers/DR_Teclas.o ./Drivers/DR_UART_0.o ./Drivers/FW_LCD.o ./Drivers/cr_startup_lpc175x_6x.o ./Drivers/crp.o  ./Aplicacion/AP_Mano_Muestreo.o ./Aplicacion/AP_UART_0.o ./Aplicacion/MDE_Adquisidor.o ./Aplicacion/main.o   
Memory region         Used Size  Region Size  %age Used
       MFlash512:       10768 B       512 KB      2.05%
        RamLoc32:        1052 B        32 KB      3.21%
        RamAHB32:          0 GB        32 KB      0.00%
Finished building target: InfoII_TPO_Adquisidor_400.axf
 
make --no-print-directory post-build
Performing post-build steps
arm-none-eabi-size "InfoII_TPO_Adquisidor_400.axf"; # arm-none-eabi-objcopy -v -O binary "InfoII_TPO_Adquisidor_400.axf" "InfoII_TPO_Adquisidor_400.bin" ; # checksum -p LPC1769 -d "InfoII_TPO_Adquisidor_400.bin";
   text	   data	    bss	    dec	    hex	filename
  10732	     36	   1016	  11784	   2e08	InfoII_TPO_Adquisidor_400.axf
 
16:49:50 **** Incremental Build of configuration Debug for project InfoII_TPO_Adquisidor_400 ****
make -r -j4 all 
make: Nothing to be done for `all'.
17:10:15 **** Incremental Build of configuration Debug for project InfoII_TPO_Adquisidor_400 ****
make -r -j4 all 
make: Nothing to be done for `all'.
17:13:35 **** Incremental Build of configuration Debug for project InfoII_TPO_Adquisidor_400 ****
make -r -j4 all 
Building file: ../Aplicacion/AP_Mano_Muestreo.c
Invoking: MCU C Compiler
arm-none-eabi-gcc -DDEBUG -D__CODE_RED -DCORE_M3 -D__LPC17XX__ -D__REDLIB__ -I"/home/cha/UTN FRBA/info2_Proyecto_2018/MCU Mano-TPO Workspace/InfoII_TPO_Adquisidor_400/Aplicacion/inc" -I"/home/cha/UTN FRBA/info2_Proyecto_2018/MCU Mano-TPO Workspace/InfoII_TPO_Adquisidor_400/Drivers/inc" -I"/home/cha/UTN FRBA/info2_Proyecto_2018/MCU Mano-TPO Workspace/InfoII_TPO_Adquisidor_400/Drivers" -I"/home/cha/UTN FRBA/info2_Proyecto_2018/MCU Mano-TPO Workspace/InfoII_TPO_Adquisidor_400/Primitivas/inc" -O0 -fno-common -g3 -Wall -c -fmessage-length=0 -fno-builtin -ffunction-sections -fdata-sections -mcpu=cortex-m3 -mthumb -specs=redlib.specs -MMD -MP -MF"Aplicacion/AP_Mano_Muestreo.d" -MT"Aplicacion/AP_Mano_Muestreo.o" -MT"Aplicacion/AP_Mano_Muestreo.d" -o "Aplicacion/AP_Mano_Muestreo.o" "../Aplicacion/AP_Mano_Muestreo.c"
Finished building: ../Aplicacion/AP_Mano_Muestreo.c
 
Building target: InfoII_TPO_Adquisidor_400.axf
Invoking: MCU Linker
arm-none-eabi-gcc -nostdlib -Xlinker -Map="InfoII_TPO_Adquisidor_400.map" -Xlinker --gc-sections -Xlinker -print-memory-usage -mcpu=cortex-m3 -mthumb -T "LPC1769_Mano_Adquisidor_Debug.ld" -o "InfoII_TPO_Adquisidor_400.axf"  ./Primitivas/PR_ADC_MEDIANA.o ./Primitivas/PR_LCD.o ./Primitivas/PR_Teclas.o ./Primitivas/PR_UART_0.o  ./Drivers/DR_ADC_5canales_Timer.o ./Drivers/DR_GPIO.o ./Drivers/DR_Init.o ./Drivers/DR_LED_IO.o ./Drivers/DR_PINSEL.o ./Drivers/DR_SysTick.o ./Drivers/DR_Teclas.o ./Drivers/DR_UART_0.o ./Drivers/FW_LCD.o ./Drivers/cr_startup_lpc175x_6x.o ./Drivers/crp.o  ./Aplicacion/AP_Mano_Muestreo.o ./Aplicacion/AP_UART_0.o ./Aplicacion/MDE_Adquisidor.o ./Aplicacion/main.o   
Memory region         Used Size  Region Size  %age Used
       MFlash512:       10768 B       512 KB      2.05%
        RamLoc32:        1052 B        32 KB      3.21%
        RamAHB32:          0 GB        32 KB      0.00%
Finished building target: InfoII_TPO_Adquisidor_400.axf
 
make --no-print-directory post-build
Performing post-build steps
arm-none-eabi-size "InfoII_TPO_Adquisidor_400.axf"; # arm-none-eabi-objcopy -v -O binary "InfoII_TPO_Adquisidor_400.axf" "InfoII_TPO_Adquisidor_400.bin" ; # checksum -p LPC1769 -d "InfoII_TPO_Adquisidor_400.bin";
   text	   data	    bss	    dec	    hex	filename
  10732	     36	   1016	  11784	   2e08	InfoII_TPO_Adquisidor_400.axf
 
14:37:46 **** Build of configuration Debug for project InfoII_TPO_Adquisidor_400 ****
make -r -j4 all 
Building file: ../Drivers/DR_Init.c
Building file: ../Drivers/DR_SysTick.c
Building file: ../Aplicacion/AP_Guante_Muestreo.c
Invoking: MCU C Compiler
Invoking: MCU C Compiler
arm-none-eabi-gcc -DDEBUG -D__CODE_RED -DCORE_M3 -D__LPC17XX__ -D__REDLIB__ -I"/home/cha/UTN FRBA/info2_Proyecto_2018/MCU Mano-TPO Workspace/InfoII_TPO_Adquisidor_400/Aplicacion/inc" -I"/home/cha/UTN FRBA/info2_Proyecto_2018/MCU Mano-TPO Workspace/InfoII_TPO_Adquisidor_400/Drivers/inc" -I"/home/cha/UTN FRBA/info2_Proyecto_2018/MCU Mano-TPO Workspace/InfoII_TPO_Adquisidor_400/Drivers" -I"/home/cha/UTN FRBA/info2_Proyecto_2018/MCU Mano-TPO Workspace/InfoII_TPO_Adquisidor_400/Primitivas/inc" -O0 -fno-common -g3 -Wall -c -fmessage-length=0 -fno-builtin -ffunction-sections -fdata-sections -mcpu=cortex-m3 -mthumb -specs=redlib.specs -MMD -MP -MF"Drivers/DR_Init.d" -MT"Drivers/DR_Init.o" -MT"Drivers/DR_Init.d" -o "Drivers/DR_Init.o" "../Drivers/DR_Init.c"
Invoking: MCU C Compiler
arm-none-eabi-gcc -DDEBUG -D__CODE_RED -DCORE_M3 -D__LPC17XX__ -D__REDLIB__ -I"/home/cha/UTN FRBA/info2_Proyecto_2018/MCU Mano-TPO Workspace/InfoII_TPO_Adquisidor_400/Aplicacion/inc" -I"/home/cha/UTN FRBA/info2_Proyecto_2018/MCU Mano-TPO Workspace/InfoII_TPO_Adquisidor_400/Drivers/inc" -I"/home/cha/UTN FRBA/info2_Proyecto_2018/MCU Mano-TPO Workspace/InfoII_TPO_Adquisidor_400/Drivers" -I"/home/cha/UTN FRBA/info2_Proyecto_2018/MCU Mano-TPO Workspace/InfoII_TPO_Adquisidor_400/Primitivas/inc" -O0 -fno-common -g3 -Wall -c -fmessage-length=0 -fno-builtin -ffunction-sections -fdata-sections -mcpu=cortex-m3 -mthumb -specs=redlib.specs -MMD -MP -MF"Drivers/DR_SysTick.d" -MT"Drivers/DR_SysTick.o" -MT"Drivers/DR_SysTick.d" -o "Drivers/DR_SysTick.o" "../Drivers/DR_SysTick.c"
arm-none-eabi-gcc -DDEBUG -D__CODE_RED -DCORE_M3 -D__LPC17XX__ -D__REDLIB__ -I"/home/cha/UTN FRBA/info2_Proyecto_2018/MCU Mano-TPO Workspace/InfoII_TPO_Adquisidor_400/Aplicacion/inc" -I"/home/cha/UTN FRBA/info2_Proyecto_2018/MCU Mano-TPO Workspace/InfoII_TPO_Adquisidor_400/Drivers/inc" -I"/home/cha/UTN FRBA/info2_Proyecto_2018/MCU Mano-TPO Workspace/InfoII_TPO_Adquisidor_400/Drivers" -I"/home/cha/UTN FRBA/info2_Proyecto_2018/MCU Mano-TPO Workspace/InfoII_TPO_Adquisidor_400/Primitivas/inc" -O0 -fno-common -g3 -Wall -c -fmessage-length=0 -fno-builtin -ffunction-sections -fdata-sections -mcpu=cortex-m3 -mthumb -specs=redlib.specs -MMD -MP -MF"Aplicacion/AP_Guante_Muestreo.d" -MT"Aplicacion/AP_Guante_Muestreo.o" -MT"Aplicacion/AP_Guante_Muestreo.d" -o "Aplicacion/AP_Guante_Muestreo.o" "../Aplicacion/AP_Guante_Muestreo.c"
Building file: ../Aplicacion/MDE_Adquisidor.c
Invoking: MCU C Compiler
arm-none-eabi-gcc -DDEBUG -D__CODE_RED -DCORE_M3 -D__LPC17XX__ -D__REDLIB__ -I"/home/cha/UTN FRBA/info2_Proyecto_2018/MCU Mano-TPO Workspace/InfoII_TPO_Adquisidor_400/Aplicacion/inc" -I"/home/cha/UTN FRBA/info2_Proyecto_2018/MCU Mano-TPO Workspace/InfoII_TPO_Adquisidor_400/Drivers/inc" -I"/home/cha/UTN FRBA/info2_Proyecto_2018/MCU Mano-TPO Workspace/InfoII_TPO_Adquisidor_400/Drivers" -I"/home/cha/UTN FRBA/info2_Proyecto_2018/MCU Mano-TPO Workspace/InfoII_TPO_Adquisidor_400/Primitivas/inc" -O0 -fno-common -g3 -Wall -c -fmessage-length=0 -fno-builtin -ffunction-sections -fdata-sections -mcpu=cortex-m3 -mthumb -specs=redlib.specs -MMD -MP -MF"Aplicacion/MDE_Adquisidor.d" -MT"Aplicacion/MDE_Adquisidor.o" -MT"Aplicacion/MDE_Adquisidor.d" -o "Aplicacion/MDE_Adquisidor.o" "../Aplicacion/MDE_Adquisidor.c"
Finished building: ../Aplicacion/AP_Guante_Muestreo.c
Finished building: ../Drivers/DR_SysTick.c
Finished building: ../Drivers/DR_Init.c
Finished building: ../Aplicacion/MDE_Adquisidor.c
 
 
 
 
Building file: ../Aplicacion/main.c
Invoking: MCU C Compiler
arm-none-eabi-gcc -DDEBUG -D__CODE_RED -DCORE_M3 -D__LPC17XX__ -D__REDLIB__ -I"/home/cha/UTN FRBA/info2_Proyecto_2018/MCU Mano-TPO Workspace/InfoII_TPO_Adquisidor_400/Aplicacion/inc" -I"/home/cha/UTN FRBA/info2_Proyecto_2018/MCU Mano-TPO Workspace/InfoII_TPO_Adquisidor_400/Drivers/inc" -I"/home/cha/UTN FRBA/info2_Proyecto_2018/MCU Mano-TPO Workspace/InfoII_TPO_Adquisidor_400/Drivers" -I"/home/cha/UTN FRBA/info2_Proyecto_2018/MCU Mano-TPO Workspace/InfoII_TPO_Adquisidor_400/Primitivas/inc" -O0 -fno-common -g3 -Wall -c -fmessage-length=0 -fno-builtin -ffunction-sections -fdata-sections -mcpu=cortex-m3 -mthumb -specs=redlib.specs -MMD -MP -MF"Aplicacion/main.d" -MT"Aplicacion/main.o" -MT"Aplicacion/main.d" -o "Aplicacion/main.o" "../Aplicacion/main.c"
Finished building: ../Aplicacion/main.c
 
Building target: InfoII_TPO_Adquisidor_400.axf
Invoking: MCU Linker
arm-none-eabi-gcc -nostdlib -Xlinker -Map="InfoII_TPO_Adquisidor_400.map" -Xlinker --gc-sections -Xlinker -print-memory-usage -mcpu=cortex-m3 -mthumb -T "LPC1769_Mano_Adquisidor_Debug.ld" -o "InfoII_TPO_Adquisidor_400.axf"  ./Primitivas/PR_ADC_MEDIANA.o ./Primitivas/PR_LCD.o ./Primitivas/PR_Teclas.o ./Primitivas/PR_UART_0.o  ./Drivers/DR_ADC_5canales_Timer.o ./Drivers/DR_GPIO.o ./Drivers/DR_Init.o ./Drivers/DR_LED_IO.o ./Drivers/DR_PINSEL.o ./Drivers/DR_SysTick.o ./Drivers/DR_Teclas.o ./Drivers/DR_UART_0.o ./Drivers/FW_LCD.o ./Drivers/cr_startup_lpc175x_6x.o ./Drivers/crp.o  ./Aplicacion/AP_Guante_Muestreo.o ./Aplicacion/AP_UART_0.o ./Aplicacion/MDE_Adquisidor.o ./Aplicacion/main.o   
Memory region         Used Size  Region Size  %age Used
       MFlash512:       10768 B       512 KB      2.05%
        RamLoc32:        1052 B        32 KB      3.21%
        RamAHB32:          0 GB        32 KB      0.00%
Finished building target: InfoII_TPO_Adquisidor_400.axf
 
make --no-print-directory post-build
Performing post-build steps
arm-none-eabi-size "InfoII_TPO_Adquisidor_400.axf"; # arm-none-eabi-objcopy -v -O binary "InfoII_TPO_Adquisidor_400.axf" "InfoII_TPO_Adquisidor_400.bin" ; # checksum -p LPC1769 -d "InfoII_TPO_Adquisidor_400.bin";
   text	   data	    bss	    dec	    hex	filename
  10732	     36	   1016	  11784	   2e08	InfoII_TPO_Adquisidor_400.axf
 
14:38:59 **** Incremental Build of configuration Debug for project InfoII_TPO_Adquisidor_400 ****
make -r -j4 all 
Building file: ../Aplicacion/AP_Guante_Muestreo.c
Invoking: MCU C Compiler
arm-none-eabi-gcc -DDEBUG -D__CODE_RED -DCORE_M3 -D__LPC17XX__ -D__REDLIB__ -I"/home/cha/UTN FRBA/info2_Proyecto_2018/MCU Mano-TPO Workspace/InfoII_TPO_Adquisidor_400/Aplicacion/inc" -I"/home/cha/UTN FRBA/info2_Proyecto_2018/MCU Mano-TPO Workspace/InfoII_TPO_Adquisidor_400/Drivers/inc" -I"/home/cha/UTN FRBA/info2_Proyecto_2018/MCU Mano-TPO Workspace/InfoII_TPO_Adquisidor_400/Drivers" -I"/home/cha/UTN FRBA/info2_Proyecto_2018/MCU Mano-TPO Workspace/InfoII_TPO_Adquisidor_400/Primitivas/inc" -O0 -fno-common -g3 -Wall -c -fmessage-length=0 -fno-builtin -ffunction-sections -fdata-sections -mcpu=cortex-m3 -mthumb -specs=redlib.specs -MMD -MP -MF"Aplicacion/AP_Guante_Muestreo.d" -MT"Aplicacion/AP_Guante_Muestreo.o" -MT"Aplicacion/AP_Guante_Muestreo.d" -o "Aplicacion/AP_Guante_Muestreo.o" "../Aplicacion/AP_Guante_Muestreo.c"
Finished building: ../Aplicacion/AP_Guante_Muestreo.c
 
Building target: InfoII_TPO_Adquisidor_400.axf
Invoking: MCU Linker
arm-none-eabi-gcc -nostdlib -Xlinker -Map="InfoII_TPO_Adquisidor_400.map" -Xlinker --gc-sections -Xlinker -print-memory-usage -mcpu=cortex-m3 -mthumb -T "LPC1769_Mano_Adquisidor_Debug.ld" -o "InfoII_TPO_Adquisidor_400.axf"  ./Primitivas/PR_ADC_MEDIANA.o ./Primitivas/PR_LCD.o ./Primitivas/PR_Teclas.o ./Primitivas/PR_UART_0.o  ./Drivers/DR_ADC_5canales_Timer.o ./Drivers/DR_GPIO.o ./Drivers/DR_Init.o ./Drivers/DR_LED_IO.o ./Drivers/DR_PINSEL.o ./Drivers/DR_SysTick.o ./Drivers/DR_Teclas.o ./Drivers/DR_UART_0.o ./Drivers/FW_LCD.o ./Drivers/cr_startup_lpc175x_6x.o ./Drivers/crp.o  ./Aplicacion/AP_Guante_Muestreo.o ./Aplicacion/AP_UART_0.o ./Aplicacion/MDE_Adquisidor.o ./Aplicacion/main.o   
Memory region         Used Size  Region Size  %age Used
       MFlash512:       10768 B       512 KB      2.05%
        RamLoc32:        1052 B        32 KB      3.21%
        RamAHB32:          0 GB        32 KB      0.00%
Finished building target: InfoII_TPO_Adquisidor_400.axf
 
make --no-print-directory post-build
Performing post-build steps
arm-none-eabi-size "InfoII_TPO_Adquisidor_400.axf"; # arm-none-eabi-objcopy -v -O binary "InfoII_TPO_Adquisidor_400.axf" "InfoII_TPO_Adquisidor_400.bin" ; # checksum -p LPC1769 -d "InfoII_TPO_Adquisidor_400.bin";
   text	   data	    bss	    dec	    hex	filename
  10732	     36	   1016	  11784	   2e08	InfoII_TPO_Adquisidor_400.axf
 
14:40:10 **** Incremental Build of configuration Debug for project InfoII_TPO_Adquisidor_400 ****
make -r -j4 all 
Building file: ../Aplicacion/AP_Guante_Muestreo.c
Invoking: MCU C Compiler
arm-none-eabi-gcc -DDEBUG -D__CODE_RED -DCORE_M3 -D__LPC17XX__ -D__REDLIB__ -I"/home/cha/UTN FRBA/info2_Proyecto_2018/MCU Mano-TPO Workspace/InfoII_TPO_Adquisidor_400/Aplicacion/inc" -I"/home/cha/UTN FRBA/info2_Proyecto_2018/MCU Mano-TPO Workspace/InfoII_TPO_Adquisidor_400/Drivers/inc" -I"/home/cha/UTN FRBA/info2_Proyecto_2018/MCU Mano-TPO Workspace/InfoII_TPO_Adquisidor_400/Drivers" -I"/home/cha/UTN FRBA/info2_Proyecto_2018/MCU Mano-TPO Workspace/InfoII_TPO_Adquisidor_400/Primitivas/inc" -O0 -fno-common -g3 -Wall -c -fmessage-length=0 -fno-builtin -ffunction-sections -fdata-sections -mcpu=cortex-m3 -mthumb -specs=redlib.specs -MMD -MP -MF"Aplicacion/AP_Guante_Muestreo.d" -MT"Aplicacion/AP_Guante_Muestreo.o" -MT"Aplicacion/AP_Guante_Muestreo.d" -o "Aplicacion/AP_Guante_Muestreo.o" "../Aplicacion/AP_Guante_Muestreo.c"
Finished building: ../Aplicacion/AP_Guante_Muestreo.c
 
Building target: InfoII_TPO_Adquisidor_400.axf
Invoking: MCU Linker
arm-none-eabi-gcc -nostdlib -Xlinker -Map="InfoII_TPO_Adquisidor_400.map" -Xlinker --gc-sections -Xlinker -print-memory-usage -mcpu=cortex-m3 -mthumb -T "LPC1769_Mano_Adquisidor_Debug.ld" -o "InfoII_TPO_Adquisidor_400.axf"  ./Primitivas/PR_ADC_MEDIANA.o ./Primitivas/PR_LCD.o ./Primitivas/PR_Teclas.o ./Primitivas/PR_UART_0.o  ./Drivers/DR_ADC_5canales_Timer.o ./Drivers/DR_GPIO.o ./Drivers/DR_Init.o ./Drivers/DR_LED_IO.o ./Drivers/DR_PINSEL.o ./Drivers/DR_SysTick.o ./Drivers/DR_Teclas.o ./Drivers/DR_UART_0.o ./Drivers/FW_LCD.o ./Drivers/cr_startup_lpc175x_6x.o ./Drivers/crp.o  ./Aplicacion/AP_Guante_Muestreo.o ./Aplicacion/AP_UART_0.o ./Aplicacion/MDE_Adquisidor.o ./Aplicacion/main.o   
Memory region         Used Size  Region Size  %age Used
       MFlash512:       10768 B       512 KB      2.05%
        RamLoc32:        1052 B        32 KB      3.21%
        RamAHB32:          0 GB        32 KB      0.00%
Finished building target: InfoII_TPO_Adquisidor_400.axf
 
make --no-print-directory post-build
Performing post-build steps
arm-none-eabi-size "InfoII_TPO_Adquisidor_400.axf"; # arm-none-eabi-objcopy -v -O binary "InfoII_TPO_Adquisidor_400.axf" "InfoII_TPO_Adquisidor_400.bin" ; # checksum -p LPC1769 -d "InfoII_TPO_Adquisidor_400.bin";
   text	   data	    bss	    dec	    hex	filename
  10732	     36	   1016	  11784	   2e08	InfoII_TPO_Adquisidor_400.axf
 
14:41:25 **** Incremental Build of configuration Debug for project InfoII_TPO_Adquisidor_400 ****
make -r -j4 all 
Building file: ../Aplicacion/AP_Guante_Muestreo.c
Invoking: MCU C Compiler
arm-none-eabi-gcc -DDEBUG -D__CODE_RED -DCORE_M3 -D__LPC17XX__ -D__REDLIB__ -I"/home/cha/UTN FRBA/info2_Proyecto_2018/MCU Mano-TPO Workspace/InfoII_TPO_Adquisidor_400/Aplicacion/inc" -I"/home/cha/UTN FRBA/info2_Proyecto_2018/MCU Mano-TPO Workspace/InfoII_TPO_Adquisidor_400/Drivers/inc" -I"/home/cha/UTN FRBA/info2_Proyecto_2018/MCU Mano-TPO Workspace/InfoII_TPO_Adquisidor_400/Drivers" -I"/home/cha/UTN FRBA/info2_Proyecto_2018/MCU Mano-TPO Workspace/InfoII_TPO_Adquisidor_400/Primitivas/inc" -O0 -fno-common -g3 -Wall -c -fmessage-length=0 -fno-builtin -ffunction-sections -fdata-sections -mcpu=cortex-m3 -mthumb -specs=redlib.specs -MMD -MP -MF"Aplicacion/AP_Guante_Muestreo.d" -MT"Aplicacion/AP_Guante_Muestreo.o" -MT"Aplicacion/AP_Guante_Muestreo.d" -o "Aplicacion/AP_Guante_Muestreo.o" "../Aplicacion/AP_Guante_Muestreo.c"
Finished building: ../Aplicacion/AP_Guante_Muestreo.c
 
Building target: InfoII_TPO_Adquisidor_400.axf
Invoking: MCU Linker
arm-none-eabi-gcc -nostdlib -Xlinker -Map="InfoII_TPO_Adquisidor_400.map" -Xlinker --gc-sections -Xlinker -print-memory-usage -mcpu=cortex-m3 -mthumb -T "LPC1769_Mano_Adquisidor_Debug.ld" -o "InfoII_TPO_Adquisidor_400.axf"  ./Primitivas/PR_ADC_MEDIANA.o ./Primitivas/PR_LCD.o ./Primitivas/PR_Teclas.o ./Primitivas/PR_UART_0.o  ./Drivers/DR_ADC_5canales_Timer.o ./Drivers/DR_GPIO.o ./Drivers/DR_Init.o ./Drivers/DR_LED_IO.o ./Drivers/DR_PINSEL.o ./Drivers/DR_SysTick.o ./Drivers/DR_Teclas.o ./Drivers/DR_UART_0.o ./Drivers/FW_LCD.o ./Drivers/cr_startup_lpc175x_6x.o ./Drivers/crp.o  ./Aplicacion/AP_Guante_Muestreo.o ./Aplicacion/AP_UART_0.o ./Aplicacion/MDE_Adquisidor.o ./Aplicacion/main.o   
Memory region         Used Size  Region Size  %age Used
       MFlash512:       10768 B       512 KB      2.05%
        RamLoc32:        1052 B        32 KB      3.21%
        RamAHB32:          0 GB        32 KB      0.00%
Finished building target: InfoII_TPO_Adquisidor_400.axf
 
make --no-print-directory post-build
Performing post-build steps
arm-none-eabi-size "InfoII_TPO_Adquisidor_400.axf"; # arm-none-eabi-objcopy -v -O binary "InfoII_TPO_Adquisidor_400.axf" "InfoII_TPO_Adquisidor_400.bin" ; # checksum -p LPC1769 -d "InfoII_TPO_Adquisidor_400.bin";
   text	   data	    bss	    dec	    hex	filename
  10732	     36	   1016	  11784	   2e08	InfoII_TPO_Adquisidor_400.axf
 
14:42:17 **** Incremental Build of configuration Debug for project InfoII_TPO_Adquisidor_400 ****
make -r -j4 all 
Building file: ../Aplicacion/AP_Guante_Muestreo.c
Invoking: MCU C Compiler
arm-none-eabi-gcc -DDEBUG -D__CODE_RED -DCORE_M3 -D__LPC17XX__ -D__REDLIB__ -I"/home/cha/UTN FRBA/info2_Proyecto_2018/MCU Mano-TPO Workspace/InfoII_TPO_Adquisidor_400/Aplicacion/inc" -I"/home/cha/UTN FRBA/info2_Proyecto_2018/MCU Mano-TPO Workspace/InfoII_TPO_Adquisidor_400/Drivers/inc" -I"/home/cha/UTN FRBA/info2_Proyecto_2018/MCU Mano-TPO Workspace/InfoII_TPO_Adquisidor_400/Drivers" -I"/home/cha/UTN FRBA/info2_Proyecto_2018/MCU Mano-TPO Workspace/InfoII_TPO_Adquisidor_400/Primitivas/inc" -O0 -fno-common -g3 -Wall -c -fmessage-length=0 -fno-builtin -ffunction-sections -fdata-sections -mcpu=cortex-m3 -mthumb -specs=redlib.specs -MMD -MP -MF"Aplicacion/AP_Guante_Muestreo.d" -MT"Aplicacion/AP_Guante_Muestreo.o" -MT"Aplicacion/AP_Guante_Muestreo.d" -o "Aplicacion/AP_Guante_Muestreo.o" "../Aplicacion/AP_Guante_Muestreo.c"
Finished building: ../Aplicacion/AP_Guante_Muestreo.c
 
Building target: InfoII_TPO_Adquisidor_400.axf
Invoking: MCU Linker
arm-none-eabi-gcc -nostdlib -Xlinker -Map="InfoII_TPO_Adquisidor_400.map" -Xlinker --gc-sections -Xlinker -print-memory-usage -mcpu=cortex-m3 -mthumb -T "LPC1769_Mano_Adquisidor_Debug.ld" -o "InfoII_TPO_Adquisidor_400.axf"  ./Primitivas/PR_ADC_MEDIANA.o ./Primitivas/PR_LCD.o ./Primitivas/PR_Teclas.o ./Primitivas/PR_UART_0.o  ./Drivers/DR_ADC_5canales_Timer.o ./Drivers/DR_GPIO.o ./Drivers/DR_Init.o ./Drivers/DR_LED_IO.o ./Drivers/DR_PINSEL.o ./Drivers/DR_SysTick.o ./Drivers/DR_Teclas.o ./Drivers/DR_UART_0.o ./Drivers/FW_LCD.o ./Drivers/cr_startup_lpc175x_6x.o ./Drivers/crp.o  ./Aplicacion/AP_Guante_Muestreo.o ./Aplicacion/AP_UART_0.o ./Aplicacion/MDE_Adquisidor.o ./Aplicacion/main.o   
Memory region         Used Size  Region Size  %age Used
       MFlash512:       10768 B       512 KB      2.05%
        RamLoc32:        1052 B        32 KB      3.21%
        RamAHB32:          0 GB        32 KB      0.00%
Finished building target: InfoII_TPO_Adquisidor_400.axf
 
make --no-print-directory post-build
Performing post-build steps
arm-none-eabi-size "InfoII_TPO_Adquisidor_400.axf"; # arm-none-eabi-objcopy -v -O binary "InfoII_TPO_Adquisidor_400.axf" "InfoII_TPO_Adquisidor_400.bin" ; # checksum -p LPC1769 -d "InfoII_TPO_Adquisidor_400.bin";
   text	   data	    bss	    dec	    hex	filename
  10732	     36	   1016	  11784	   2e08	InfoII_TPO_Adquisidor_400.axf
 
14:56:56 **** Cleaning Selected Files of configuration Debug for project InfoII_TPO_Adquisidor_400 ****
Info: Internal Builder is used for build
Nothing to clean.
15:12:07 **** Incremental Build of configuration Debug for project InfoII_TPO_Adquisidor_400 ****
make -r -j4 all 
Building file: ../Aplicacion/AP_Guante_Muestreo.c
Invoking: MCU C Compiler
arm-none-eabi-gcc -DDEBUG -D__CODE_RED -DCORE_M3 -D__LPC17XX__ -D__REDLIB__ -I"/home/cha/UTN FRBA/info2_Proyecto_2018/MCU Mano-TPO Workspace/InfoII_TPO_Adquisidor_400/Aplicacion/inc" -I"/home/cha/UTN FRBA/info2_Proyecto_2018/MCU Mano-TPO Workspace/InfoII_TPO_Adquisidor_400/Drivers/inc" -I"/home/cha/UTN FRBA/info2_Proyecto_2018/MCU Mano-TPO Workspace/InfoII_TPO_Adquisidor_400/Drivers" -I"/home/cha/UTN FRBA/info2_Proyecto_2018/MCU Mano-TPO Workspace/InfoII_TPO_Adquisidor_400/Primitivas/inc" -O0 -fno-common -g3 -Wall -c -fmessage-length=0 -fno-builtin -ffunction-sections -fdata-sections -mcpu=cortex-m3 -mthumb -specs=redlib.specs -MMD -MP -MF"Aplicacion/AP_Guante_Muestreo.d" -MT"Aplicacion/AP_Guante_Muestreo.o" -MT"Aplicacion/AP_Guante_Muestreo.d" -o "Aplicacion/AP_Guante_Muestreo.o" "../Aplicacion/AP_Guante_Muestreo.c"
../Aplicacion/AP_Guante_Muestreo.c:96:10: error: conflicting types for 'modulo'
 uint16_t modulo(uint16_t a, uint16_t b, uint16_t *Min){
          ^~~~~~
../Aplicacion/AP_Guante_Muestreo.c:88:10: note: previous declaration of 'modulo' was here
 uint16_t modulo(uint16_t a, uint16_t b);
          ^~~~~~
../Aplicacion/AP_Guante_Muestreo.c:121:6: error: conflicting types for 'ObtenerManoPWM'
 void ObtenerManoPWM( Mano_t *ManoNormalizada ){
      ^~~~~~~~~~~~~~
../Aplicacion/AP_Guante_Muestreo.c:90:8: note: previous declaration of 'ObtenerManoPWM' was here
 Mano_t ObtenerManoPWM( Mano_t ManoNormalizada );
        ^~~~~~~~~~~~~~
../Aplicacion/AP_Guante_Muestreo.c: In function 'ObtenerManoPWM':
../Aplicacion/AP_Guante_Muestreo.c:130:9: warning: 'return' with a value, in function returning void
  return ManoPWM;
         ^~~~~~~
../Aplicacion/AP_Guante_Muestreo.c:121:6: note: declared here
 void ObtenerManoPWM( Mano_t *ManoNormalizada ){
      ^~~~~~~~~~~~~~
../Aplicacion/AP_Guante_Muestreo.c: In function 'Preparar_y_Enviar':
../Aplicacion/AP_Guante_Muestreo.c:146:3: warning: implicit declaration of function 'NormarlizarMano'; did you mean 'NormalizarMano'? [-Wimplicit-function-declaration]
   NormarlizarMano(&Mano);
   ^~~~~~~~~~~~~~~
   NormalizarMano
../Aplicacion/AP_Guante_Muestreo.c:140:15: warning: unused variable 'ManoNormalizada' [-Wunused-variable]
  Mano_t Mano, ManoNormalizada;
               ^~~~~~~~~~~~~~~
../Aplicacion/AP_Guante_Muestreo.c: In function 'Calibrar':
../Aplicacion/AP_Guante_Muestreo.c:255:2: error: 'Abierta_Filtrada' undeclared (first use in this function)
  Abierta_Filtrada.Menique = Mediana_Buffer(CAL_Mano_Abierta.Menique, CAL_SIZE);
  ^~~~~~~~~~~~~~~~
../Aplicacion/AP_Guante_Muestreo.c:255:2: note: each undeclared identifier is reported only once for each function it appears in
../Aplicacion/AP_Guante_Muestreo.c:262:2: error: 'Cerrada_Filtrada' undeclared (first use in this function); did you mean 'Abierta_Filtrada'?
  Cerrada_Filtrada.Menique = Mediana_Buffer(CAL_Mano_Cerrada.Menique, CAL_SIZE);
  ^~~~~~~~~~~~~~~~
  Abierta_Filtrada
../Aplicacion/AP_Guante_Muestreo.c:274:81: warning: passing argument 3 of 'modulo' discards 'volatile' qualifier from pointer target type [-Wdiscarded-qualifiers]
  CAL_rango.Menique = modulo(Abierta_Filtrada.Menique, Cerrada_Filtrada.Menique, &(CAL_Minimos.Menique));
                                                                                 ^
../Aplicacion/AP_Guante_Muestreo.c:96:10: note: expected 'uint16_t * {aka short unsigned int *}' but argument is of type 'volatile uint16_t * {aka volatile short unsigned int *}'
 uint16_t modulo(uint16_t a, uint16_t b, uint16_t *Min){
          ^~~~~~
../Aplicacion/AP_Guante_Muestreo.c:275:78: warning: passing argument 3 of 'modulo' discards 'volatile' qualifier from pointer target type [-Wdiscarded-qualifiers]
  CAL_rango.Anular = modulo(Abierta_Filtrada.Anular, Cerrada_Filtrada.Anular, &(CAL_Minimos.Anular));
                                                                              ^
../Aplicacion/AP_Guante_Muestreo.c:96:10: note: expected 'uint16_t * {aka short unsigned int *}' but argument is of type 'volatile uint16_t * {aka volatile short unsigned int *}'
 uint16_t modulo(uint16_t a, uint16_t b, uint16_t *Min){
          ^~~~~~
../Aplicacion/AP_Guante_Muestreo.c:276:75: warning: passing argument 3 of 'modulo' discards 'volatile' qualifier from pointer target type [-Wdiscarded-qualifiers]
  CAL_rango.Medio = modulo(Abierta_Filtrada.Medio, Cerrada_Filtrada.Medio, &(CAL_Minimos.Medio));
                                                                           ^
../Aplicacion/AP_Guante_Muestreo.c:96:10: note: expected 'uint16_t * {aka short unsigned int *}' but argument is of type 'volatile uint16_t * {aka volatile short unsigned int *}'
 uint16_t modulo(uint16_t a, uint16_t b, uint16_t *Min){
          ^~~~~~
../Aplicacion/AP_Guante_Muestreo.c:277:78: warning: passing argument 3 of 'modulo' discards 'volatile' qualifier from pointer target type [-Wdiscarded-qualifiers]
  CAL_rango.Indice = modulo(Abierta_Filtrada.Indice, Cerrada_Filtrada.Indice, &(CAL_Minimos.Indice));
                                                                              ^
../Aplicacion/AP_Guante_Muestreo.c:96:10: note: expected 'uint16_t * {aka short unsigned int *}' but argument is of type 'volatile uint16_t * {aka volatile short unsigned int *}'
 uint16_t modulo(uint16_t a, uint16_t b, uint16_t *Min){
          ^~~~~~
../Aplicacion/AP_Guante_Muestreo.c:278:78: warning: passing argument 3 of 'modulo' discards 'volatile' qualifier from pointer target type [-Wdiscarded-qualifiers]
  CAL_rango.Pulgar = modulo(Abierta_Filtrada.Pulgar, Cerrada_Filtrada.Pulgar, &(CAL_Minimos.Pulgar));
                                                                              ^
../Aplicacion/AP_Guante_Muestreo.c:96:10: note: expected 'uint16_t * {aka short unsigned int *}' but argument is of type 'volatile uint16_t * {aka volatile short unsigned int *}'
 uint16_t modulo(uint16_t a, uint16_t b, uint16_t *Min){
          ^~~~~~
../Aplicacion/AP_Guante_Muestreo.c:250:22: warning: unused variable 'Min_Cerrada' [-Wunused-variable]
  Mano_t Max_Abierta, Min_Cerrada;
                      ^~~~~~~~~~~
../Aplicacion/AP_Guante_Muestreo.c:250:9: warning: unused variable 'Max_Abierta' [-Wunused-variable]
  Mano_t Max_Abierta, Min_Cerrada;
         ^~~~~~~~~~~
make: *** [Aplicacion/AP_Guante_Muestreo.o] Error 1
15:12:30 **** Incremental Build of configuration Debug for project InfoII_TPO_Adquisidor_400 ****
make -r -j4 all 
Building file: ../Aplicacion/AP_Guante_Muestreo.c
Invoking: MCU C Compiler
arm-none-eabi-gcc -DDEBUG -D__CODE_RED -DCORE_M3 -D__LPC17XX__ -D__REDLIB__ -I"/home/cha/UTN FRBA/info2_Proyecto_2018/MCU Mano-TPO Workspace/InfoII_TPO_Adquisidor_400/Aplicacion/inc" -I"/home/cha/UTN FRBA/info2_Proyecto_2018/MCU Mano-TPO Workspace/InfoII_TPO_Adquisidor_400/Drivers/inc" -I"/home/cha/UTN FRBA/info2_Proyecto_2018/MCU Mano-TPO Workspace/InfoII_TPO_Adquisidor_400/Drivers" -I"/home/cha/UTN FRBA/info2_Proyecto_2018/MCU Mano-TPO Workspace/InfoII_TPO_Adquisidor_400/Primitivas/inc" -O0 -fno-common -g3 -Wall -c -fmessage-length=0 -fno-builtin -ffunction-sections -fdata-sections -mcpu=cortex-m3 -mthumb -specs=redlib.specs -MMD -MP -MF"Aplicacion/AP_Guante_Muestreo.d" -MT"Aplicacion/AP_Guante_Muestreo.o" -MT"Aplicacion/AP_Guante_Muestreo.d" -o "Aplicacion/AP_Guante_Muestreo.o" "../Aplicacion/AP_Guante_Muestreo.c"
../Aplicacion/AP_Guante_Muestreo.c:96:10: error: conflicting types for 'modulo'
 uint16_t modulo(uint16_t a, uint16_t b, uint16_t *Min){
          ^~~~~~
../Aplicacion/AP_Guante_Muestreo.c:88:10: note: previous declaration of 'modulo' was here
 uint16_t modulo(uint16_t a, uint16_t b);
          ^~~~~~
../Aplicacion/AP_Guante_Muestreo.c:121:6: error: conflicting types for 'ObtenerManoPWM'
 void ObtenerManoPWM( Mano_t *ManoNormalizada ){
      ^~~~~~~~~~~~~~
../Aplicacion/AP_Guante_Muestreo.c:90:8: note: previous declaration of 'ObtenerManoPWM' was here
 Mano_t ObtenerManoPWM( Mano_t ManoNormalizada );
        ^~~~~~~~~~~~~~
../Aplicacion/AP_Guante_Muestreo.c: In function 'ObtenerManoPWM':
../Aplicacion/AP_Guante_Muestreo.c:130:9: warning: 'return' with a value, in function returning void
  return ManoPWM;
         ^~~~~~~
../Aplicacion/AP_Guante_Muestreo.c:121:6: note: declared here
 void ObtenerManoPWM( Mano_t *ManoNormalizada ){
      ^~~~~~~~~~~~~~
../Aplicacion/AP_Guante_Muestreo.c: In function 'Preparar_y_Enviar':
../Aplicacion/AP_Guante_Muestreo.c:146:3: warning: implicit declaration of function 'NormarlizarMano'; did you mean 'NormalizarMano'? [-Wimplicit-function-declaration]
   NormarlizarMano(&Mano);
   ^~~~~~~~~~~~~~~
   NormalizarMano
../Aplicacion/AP_Guante_Muestreo.c:140:15: warning: unused variable 'ManoNormalizada' [-Wunused-variable]
  Mano_t Mano, ManoNormalizada;
               ^~~~~~~~~~~~~~~
../Aplicacion/AP_Guante_Muestreo.c: In function 'Calibrar':
../Aplicacion/AP_Guante_Muestreo.c:274:81: warning: passing argument 3 of 'modulo' discards 'volatile' qualifier from pointer target type [-Wdiscarded-qualifiers]
  CAL_rango.Menique = modulo(Abierta_Filtrada.Menique, Cerrada_Filtrada.Menique, &(CAL_Minimos.Menique));
                                                                                 ^
../Aplicacion/AP_Guante_Muestreo.c:96:10: note: expected 'uint16_t * {aka short unsigned int *}' but argument is of type 'volatile uint16_t * {aka volatile short unsigned int *}'
 uint16_t modulo(uint16_t a, uint16_t b, uint16_t *Min){
          ^~~~~~
../Aplicacion/AP_Guante_Muestreo.c:275:78: warning: passing argument 3 of 'modulo' discards 'volatile' qualifier from pointer target type [-Wdiscarded-qualifiers]
  CAL_rango.Anular = modulo(Abierta_Filtrada.Anular, Cerrada_Filtrada.Anular, &(CAL_Minimos.Anular));
                                                                              ^
../Aplicacion/AP_Guante_Muestreo.c:96:10: note: expected 'uint16_t * {aka short unsigned int *}' but argument is of type 'volatile uint16_t * {aka volatile short unsigned int *}'
[...]
Invoking: MCU C Compiler
arm-none-eabi-gcc -DDEBUG -D__CODE_RED -DCORE_M3 -D__LPC17XX__ -D__REDLIB__ -I"/home/cha/UTN FRBA/info2_Proyecto_2018/MCU Mano-TPO Workspace/InfoII_TPO_Adquisidor_400/Aplicacion/inc" -I"/home/cha/UTN FRBA/info2_Proyecto_2018/MCU Mano-TPO Workspace/InfoII_TPO_Adquisidor_400/Drivers/inc" -I"/home/cha/UTN FRBA/info2_Proyecto_2018/MCU Mano-TPO Workspace/InfoII_TPO_Adquisidor_400/Drivers" -I"/home/cha/UTN FRBA/info2_Proyecto_2018/MCU Mano-TPO Workspace/InfoII_TPO_Adquisidor_400/Primitivas/inc" -O0 -fno-common -g3 -Wall -c -fmessage-length=0 -fno-builtin -ffunction-sections -fdata-sections -mcpu=cortex-m3 -mthumb -specs=redlib.specs -MMD -MP -MF"Primitivas/PR_LCD.d" -MT"Primitivas/PR_LCD.o" -MT"Primitivas/PR_LCD.d" -o "Primitivas/PR_LCD.o" "../Primitivas/PR_LCD.c"
Building file: ../Primitivas/PR_Teclas.c
Building file: ../Primitivas/PR_UART_0.c
Invoking: MCU C Compiler
arm-none-eabi-gcc -DDEBUG -D__CODE_RED -DCORE_M3 -D__LPC17XX__ -D__REDLIB__ -I"/home/cha/UTN FRBA/info2_Proyecto_2018/MCU Mano-TPO Workspace/InfoII_TPO_Adquisidor_400/Aplicacion/inc" -I"/home/cha/UTN FRBA/info2_Proyecto_2018/MCU Mano-TPO Workspace/InfoII_TPO_Adquisidor_400/Drivers/inc" -I"/home/cha/UTN FRBA/info2_Proyecto_2018/MCU Mano-TPO Workspace/InfoII_TPO_Adquisidor_400/Drivers" -I"/home/cha/UTN FRBA/info2_Proyecto_2018/MCU Mano-TPO Workspace/InfoII_TPO_Adquisidor_400/Primitivas/inc" -O0 -fno-common -g3 -Wall -c -fmessage-length=0 -fno-builtin -ffunction-sections -fdata-sections -mcpu=cortex-m3 -mthumb -specs=redlib.specs -MMD -MP -MF"Primitivas/PR_Teclas.d" -MT"Primitivas/PR_Teclas.o" -MT"Primitivas/PR_Teclas.d" -o "Primitivas/PR_Teclas.o" "../Primitivas/PR_Teclas.c"
Invoking: MCU C Compiler
arm-none-eabi-gcc -DDEBUG -D__CODE_RED -DCORE_M3 -D__LPC17XX__ -D__REDLIB__ -I"/home/cha/UTN FRBA/info2_Proyecto_2018/MCU Mano-TPO Workspace/InfoII_TPO_Adquisidor_400/Aplicacion/inc" -I"/home/cha/UTN FRBA/info2_Proyecto_2018/MCU Mano-TPO Workspace/InfoII_TPO_Adquisidor_400/Drivers/inc" -I"/home/cha/UTN FRBA/info2_Proyecto_2018/MCU Mano-TPO Workspace/InfoII_TPO_Adquisidor_400/Drivers" -I"/home/cha/UTN FRBA/info2_Proyecto_2018/MCU Mano-TPO Workspace/InfoII_TPO_Adquisidor_400/Primitivas/inc" -O0 -fno-common -g3 -Wall -c -fmessage-length=0 -fno-builtin -ffunction-sections -fdata-sections -mcpu=cortex-m3 -mthumb -specs=redlib.specs -MMD -MP -MF"Primitivas/PR_UART_0.d" -MT"Primitivas/PR_UART_0.o" -MT"Primitivas/PR_UART_0.d" -o "Primitivas/PR_UART_0.o" "../Primitivas/PR_UART_0.c"
Finished building: ../Primitivas/PR_Teclas.c
Finished building: ../Primitivas/PR_LCD.c
Finished building: ../Primitivas/PR_UART_0.c
 
 
 
Building file: ../Drivers/DR_ADC_5canales_Timer.c
Finished building: ../Primitivas/PR_ADC_MEDIANA.c
Invoking: MCU C Compiler
Building file: ../Drivers/DR_GPIO.c
arm-none-eabi-gcc -DDEBUG -D__CODE_RED -DCORE_M3 -D__LPC17XX__ -D__REDLIB__ -I"/home/cha/UTN FRBA/info2_Proyecto_2018/MCU Mano-TPO Workspace/InfoII_TPO_Adquisidor_400/Aplicacion/inc" -I"/home/cha/UTN FRBA/info2_Proyecto_2018/MCU Mano-TPO Workspace/InfoII_TPO_Adquisidor_400/Drivers/inc" -I"/home/cha/UTN FRBA/info2_Proyecto_2018/MCU Mano-TPO Workspace/InfoII_TPO_Adquisidor_400/Drivers" -I"/home/cha/UTN FRBA/info2_Proyecto_2018/MCU Mano-TPO Workspace/InfoII_TPO_Adquisidor_400/Primitivas/inc" -O0 -fno-common -g3 -Wall -c -fmessage-length=0 -fno-builtin -ffunction-sections -fdata-sections -mcpu=cortex-m3 -mthumb -specs=redlib.specs -MMD -MP -MF"Drivers/DR_ADC_5canales_Timer.d" -MT"Drivers/DR_ADC_5canales_Timer.o" -MT"Drivers/DR_ADC_5canales_Timer.d" -o "Drivers/DR_ADC_5canales_Timer.o" "../Drivers/DR_ADC_5canales_Timer.c"
 
Invoking: MCU C Compiler
arm-none-eabi-gcc -DDEBUG -D__CODE_RED -DCORE_M3 -D__LPC17XX__ -D__REDLIB__ -I"/home/cha/UTN FRBA/info2_Proyecto_2018/MCU Mano-TPO Workspace/InfoII_TPO_Adquisidor_400/Aplicacion/inc" -I"/home/cha/UTN FRBA/info2_Proyecto_2018/MCU Mano-TPO Workspace/InfoII_TPO_Adquisidor_400/Drivers/inc" -I"/home/cha/UTN FRBA/info2_Proyecto_2018/MCU Mano-TPO Workspace/InfoII_TPO_Adquisidor_400/Drivers" -I"/home/cha/UTN FRBA/info2_Proyecto_2018/MCU Mano-TPO Workspace/InfoII_TPO_Adquisidor_400/Primitivas/inc" -O0 -fno-common -g3 -Wall -c -fmessage-length=0 -fno-builtin -ffunction-sections -fdata-sections -mcpu=cortex-m3 -mthumb -specs=redlib.specs -MMD -MP -MF"Drivers/DR_GPIO.d" -MT"Drivers/DR_GPIO.o" -MT"Drivers/DR_GPIO.d" -o "Drivers/DR_GPIO.o" "../Drivers/DR_GPIO.c"
Building file: ../Drivers/DR_Init.c
Invoking: MCU C Compiler
arm-none-eabi-gcc -DDEBUG -D__CODE_RED -DCORE_M3 -D__LPC17XX__ -D__REDLIB__ -I"/home/cha/UTN FRBA/info2_Proyecto_2018/MCU Mano-TPO Workspace/InfoII_TPO_Adquisidor_400/Aplicacion/inc" -I"/home/cha/UTN FRBA/info2_Proyecto_2018/MCU Mano-TPO Workspace/InfoII_TPO_Adquisidor_400/Drivers/inc" -I"/home/cha/UTN FRBA/info2_Proyecto_2018/MCU Mano-TPO Workspace/InfoII_TPO_Adquisidor_400/Drivers" -I"/home/cha/UTN FRBA/info2_Proyecto_2018/MCU Mano-TPO Workspace/InfoII_TPO_Adquisidor_400/Primitivas/inc" -O0 -fno-common -g3 -Wall -c -fmessage-length=0 -fno-builtin -ffunction-sections -fdata-sections -mcpu=cortex-m3 -mthumb -specs=redlib.specs -MMD -MP -MF"Drivers/DR_Init.d" -MT"Drivers/DR_Init.o" -MT"Drivers/DR_Init.d" -o "Drivers/DR_Init.o" "../Drivers/DR_Init.c"
Building file: ../Drivers/DR_LED_IO.c
Invoking: MCU C Compiler
arm-none-eabi-gcc -DDEBUG -D__CODE_RED -DCORE_M3 -D__LPC17XX__ -D__REDLIB__ -I"/home/cha/UTN FRBA/info2_Proyecto_2018/MCU Mano-TPO Workspace/InfoII_TPO_Adquisidor_400/Aplicacion/inc" -I"/home/cha/UTN FRBA/info2_Proyecto_2018/MCU Mano-TPO Workspace/InfoII_TPO_Adquisidor_400/Drivers/inc" -I"/home/cha/UTN FRBA/info2_Proyecto_2018/MCU Mano-TPO Workspace/InfoII_TPO_Adquisidor_400/Drivers" -I"/home/cha/UTN FRBA/info2_Proyecto_2018/MCU Mano-TPO Workspace/InfoII_TPO_Adquisidor_400/Primitivas/inc" -O0 -fno-common -g3 -Wall -c -fmessage-length=0 -fno-builtin -ffunction-sections -fdata-sections -mcpu=cortex-m3 -mthumb -specs=redlib.specs -MMD -MP -MF"Drivers/DR_LED_IO.d" -MT"Drivers/DR_LED_IO.o" -MT"Drivers/DR_LED_IO.d" -o "Drivers/DR_LED_IO.o" "../Drivers/DR_LED_IO.c"
Finished building: ../Drivers/DR_GPIO.c
 
Building file: ../Drivers/DR_PINSEL.c
Invoking: MCU C Compiler
arm-none-eabi-gcc -DDEBUG -D__CODE_RED -DCORE_M3 -D__LPC17XX__ -D__REDLIB__ -I"/home/cha/UTN FRBA/info2_Proyecto_2018/MCU Mano-TPO Workspace/InfoII_TPO_Adquisidor_400/Aplicacion/inc" -I"/home/cha/UTN FRBA/info2_Proyecto_2018/MCU Mano-TPO Workspace/InfoII_TPO_Adquisidor_400/Drivers/inc" -I"/home/cha/UTN FRBA/info2_Proyecto_2018/MCU Mano-TPO Workspace/InfoII_TPO_Adquisidor_400/Drivers" -I"/home/cha/UTN FRBA/info2_Proyecto_2018/MCU Mano-TPO Workspace/InfoII_TPO_Adquisidor_400/Primitivas/inc" -O0 -fno-common -g3 -Wall -c -fmessage-length=0 -fno-builtin -ffunction-sections -fdata-sections -mcpu=cortex-m3 -mthumb -specs=redlib.specs -MMD -MP -MF"Drivers/DR_PINSEL.d" -MT"Drivers/DR_PINSEL.o" -MT"Drivers/DR_PINSEL.d" -o "Drivers/DR_PINSEL.o" "../Drivers/DR_PINSEL.c"
Finished building: ../Drivers/DR_ADC_5canales_Timer.c
Finished building: ../Drivers/DR_LED_IO.c
 
 
Building file: ../Drivers/DR_SysTick.c
Building file: ../Drivers/DR_Teclas.c
Invoking: MCU C Compiler
arm-none-eabi-gcc -DDEBUG -D__CODE_RED -DCORE_M3 -D__LPC17XX__ -D__REDLIB__ -I"/home/cha/UTN FRBA/info2_Proyecto_2018/MCU Mano-TPO Workspace/InfoII_TPO_Adquisidor_400/Aplicacion/inc" -I"/home/cha/UTN FRBA/info2_Proyecto_2018/MCU Mano-TPO Workspace/InfoII_TPO_Adquisidor_400/Drivers/inc" -I"/home/cha/UTN FRBA/info2_Proyecto_2018/MCU Mano-TPO Workspace/InfoII_TPO_Adquisidor_400/Drivers" -I"/home/cha/UTN FRBA/info2_Proyecto_2018/MCU Mano-TPO Workspace/InfoII_TPO_Adquisidor_400/Primitivas/inc" -O0 -fno-common -g3 -Wall -c -fmessage-length=0 -fno-builtin -ffunction-sections -fdata-sections -mcpu=cortex-m3 -mthumb -specs=redlib.specs -MMD -MP -MF"Drivers/DR_SysTick.d" -MT"Drivers/DR_SysTick.o" -MT"Drivers/DR_SysTick.d" -o "Drivers/DR_SysTick.o" "../Drivers/DR_SysTick.c"
Invoking: MCU C Compiler
arm-none-eabi-gcc -DDEBUG -D__CODE_RED -DCORE_M3 -D__LPC17XX__ -D__REDLIB__ -I"/home/cha/UTN FRBA/info2_Proyecto_2018/MCU Mano-TPO Workspace/InfoII_TPO_Adquisidor_400/Aplicacion/inc" -I"/home/cha/UTN FRBA/info2_Proyecto_2018/MCU Mano-TPO Workspace/InfoII_TPO_Adquisidor_400/Drivers/inc" -I"/home/cha/UTN FRBA/info2_Proyecto_2018/MCU Mano-TPO Workspace/InfoII_TPO_Adquisidor_400/Drivers" -I"/home/cha/UTN FRBA/info2_Proyecto_2018/MCU Mano-TPO Workspace/InfoII_TPO_Adquisidor_400/Primitivas/inc" -O0 -fno-common -g3 -Wall -c -fmessage-length=0 -fno-builtin -ffunction-sections -fdata-sections -mcpu=cortex-m3 -mthumb -specs=redlib.specs -MMD -MP -MF"Drivers/DR_Teclas.d" -MT"Drivers/DR_Teclas.o" -MT"Drivers/DR_Teclas.d" -o "Drivers/DR_Teclas.o" "../Drivers/DR_Teclas.c"
Finished building: ../Drivers/DR_PINSEL.c
 
Building file: ../Drivers/DR_UART_0.c
Invoking: MCU C Compiler
arm-none-eabi-gcc -DDEBUG -D__CODE_RED -DCORE_M3 -D__LPC17XX__ -D__REDLIB__ -I"/home/cha/UTN FRBA/info2_Proyecto_2018/MCU Mano-TPO Workspace/InfoII_TPO_Adquisidor_400/Aplicacion/inc" -I"/home/cha/UTN FRBA/info2_Proyecto_2018/MCU Mano-TPO Workspace/InfoII_TPO_Adquisidor_400/Drivers/inc" -I"/home/cha/UTN FRBA/info2_Proyecto_2018/MCU Mano-TPO Workspace/InfoII_TPO_Adquisidor_400/Drivers" -I"/home/cha/UTN FRBA/info2_Proyecto_2018/MCU Mano-TPO Workspace/InfoII_TPO_Adquisidor_400/Primitivas/inc" -O0 -fno-common -g3 -Wall -c -fmessage-length=0 -fno-builtin -ffunction-sections -fdata-sections -mcpu=cortex-m3 -mthumb -specs=redlib.specs -MMD -MP -MF"Drivers/DR_UART_0.d" -MT"Drivers/DR_UART_0.o" -MT"Drivers/DR_UART_0.d" -o "Drivers/DR_UART_0.o" "../Drivers/DR_UART_0.c"
Finished building: ../Drivers/DR_Init.c
 
Building file: ../Drivers/FW_LCD.c
Invoking: MCU C Compiler
arm-none-eabi-gcc -DDEBUG -D__CODE_RED -DCORE_M3 -D__LPC17XX__ -D__REDLIB__ -I"/home/cha/UTN FRBA/info2_Proyecto_2018/MCU Mano-TPO Workspace/InfoII_TPO_Adquisidor_400/Aplicacion/inc" -I"/home/cha/UTN FRBA/info2_Proyecto_2018/MCU Mano-TPO Workspace/InfoII_TPO_Adquisidor_400/Drivers/inc" -I"/home/cha/UTN FRBA/info2_Proyecto_2018/MCU Mano-TPO Workspace/InfoII_TPO_Adquisidor_400/Drivers" -I"/home/cha/UTN FRBA/info2_Proyecto_2018/MCU Mano-TPO Workspace/InfoII_TPO_Adquisidor_400/Primitivas/inc" -O0 -fno-common -g3 -Wall -c -fmessage-length=0 -fno-builtin -ffunction-sections -fdata-sections -mcpu=cortex-m3 -mthumb -specs=redlib.specs -MMD -MP -MF"Drivers/FW_LCD.d" -MT"Drivers/FW_LCD.o" -MT"Drivers/FW_LCD.d" -o "Drivers/FW_LCD.o" "../Drivers/FW_LCD.c"
Finished building: ../Drivers/DR_Teclas.c
 
Finished building: ../Drivers/DR_SysTick.c
Building file: ../Drivers/cr_startup_lpc175x_6x.c
 
Invoking: MCU C Compiler
arm-none-eabi-gcc -DDEBUG -D__CODE_RED -DCORE_M3 -D__LPC17XX__ -D__REDLIB__ -I"/home/cha/UTN FRBA/info2_Proyecto_2018/MCU Mano-TPO Workspace/InfoII_TPO_Adquisidor_400/Aplicacion/inc" -I"/home/cha/UTN FRBA/info2_Proyecto_2018/MCU Mano-TPO Workspace/InfoII_TPO_Adquisidor_400/Drivers/inc" -I"/home/cha/UTN FRBA/info2_Proyecto_2018/MCU Mano-TPO Workspace/InfoII_TPO_Adquisidor_400/Drivers" -I"/home/cha/UTN FRBA/info2_Proyecto_2018/MCU Mano-TPO Workspace/InfoII_TPO_Adquisidor_400/Primitivas/inc" -O0 -fno-common -g3 -Wall -c -fmessage-length=0 -fno-builtin -ffunction-sections -fdata-sections -mcpu=cortex-m3 -mthumb -specs=redlib.specs -MMD -MP -MF"Drivers/cr_startup_lpc175x_6x.d" -MT"Drivers/cr_startup_lpc175x_6x.o" -MT"Drivers/cr_startup_lpc175x_6x.d" -o "Drivers/cr_startup_lpc175x_6x.o" "../Drivers/cr_startup_lpc175x_6x.c"
Building file: ../Drivers/crp.c
Invoking: MCU C Compiler
arm-none-eabi-gcc -DDEBUG -D__CODE_RED -DCORE_M3 -D__LPC17XX__ -D__REDLIB__ -I"/home/cha/UTN FRBA/info2_Proyecto_2018/MCU Mano-TPO Workspace/InfoII_TPO_Adquisidor_400/Aplicacion/inc" -I"/home/cha/UTN FRBA/info2_Proyecto_2018/MCU Mano-TPO Workspace/InfoII_TPO_Adquisidor_400/Drivers/inc" -I"/home/cha/UTN FRBA/info2_Proyecto_2018/MCU Mano-TPO Workspace/InfoII_TPO_Adquisidor_400/Drivers" -I"/home/cha/UTN FRBA/info2_Proyecto_2018/MCU Mano-TPO Workspace/InfoII_TPO_Adquisidor_400/Primitivas/inc" -O0 -fno-common -g3 -Wall -c -fmessage-length=0 -fno-builtin -ffunction-sections -fdata-sections -mcpu=cortex-m3 -mthumb -specs=redlib.specs -MMD -MP -MF"Drivers/crp.d" -MT"Drivers/crp.o" -MT"Drivers/crp.d" -o "Drivers/crp.o" "../Drivers/crp.c"
Finished building: ../Drivers/DR_UART_0.c
 
Building file: ../Aplicacion/AP_Guante_Muestreo.c
Invoking: MCU C Compiler
arm-none-eabi-gcc -DDEBUG -D__CODE_RED -DCORE_M3 -D__LPC17XX__ -D__REDLIB__ -I"/home/cha/UTN FRBA/info2_Proyecto_2018/MCU Mano-TPO Workspace/InfoII_TPO_Adquisidor_400/Aplicacion/inc" -I"/home/cha/UTN FRBA/info2_Proyecto_2018/MCU Mano-TPO Workspace/InfoII_TPO_Adquisidor_400/Drivers/inc" -I"/home/cha/UTN FRBA/info2_Proyecto_2018/MCU Mano-TPO Workspace/InfoII_TPO_Adquisidor_400/Drivers" -I"/home/cha/UTN FRBA/info2_Proyecto_2018/MCU Mano-TPO Workspace/InfoII_TPO_Adquisidor_400/Primitivas/inc" -O0 -fno-common -g3 -Wall -c -fmessage-length=0 -fno-builtin -ffunction-sections -fdata-sections -mcpu=cortex-m3 -mthumb -specs=redlib.specs -MMD -MP -MF"Aplicacion/AP_Guante_Muestreo.d" -MT"Aplicacion/AP_Guante_Muestreo.o" -MT"Aplicacion/AP_Guante_Muestreo.d" -o "Aplicacion/AP_Guante_Muestreo.o" "../Aplicacion/AP_Guante_Muestreo.c"
Finished building: ../Drivers/FW_LCD.c
 
Finished building: ../Drivers/cr_startup_lpc175x_6x.c
Building file: ../Aplicacion/AP_UART_0.c
 
Invoking: MCU C Compiler
arm-none-eabi-gcc -DDEBUG -D__CODE_RED -DCORE_M3 -D__LPC17XX__ -D__REDLIB__ -I"/home/cha/UTN FRBA/info2_Proyecto_2018/MCU Mano-TPO Workspace/InfoII_TPO_Adquisidor_400/Aplicacion/inc" -I"/home/cha/UTN FRBA/info2_Proyecto_2018/MCU Mano-TPO Workspace/InfoII_TPO_Adquisidor_400/Drivers/inc" -I"/home/cha/UTN FRBA/info2_Proyecto_2018/MCU Mano-TPO Workspace/InfoII_TPO_Adquisidor_400/Drivers" -I"/home/cha/UTN FRBA/info2_Proyecto_2018/MCU Mano-TPO Workspace/InfoII_TPO_Adquisidor_400/Primitivas/inc" -O0 -fno-common -g3 -Wall -c -fmessage-length=0 -fno-builtin -ffunction-sections -fdata-sections -mcpu=cortex-m3 -mthumb -specs=redlib.specs -MMD -MP -MF"Aplicacion/AP_UART_0.d" -MT"Aplicacion/AP_UART_0.o" -MT"Aplicacion/AP_UART_0.d" -o "Aplicacion/AP_UART_0.o" "../Aplicacion/AP_UART_0.c"
Building file: ../Aplicacion/MDE_Adquisidor.c
Invoking: MCU C Compiler
arm-none-eabi-gcc -DDEBUG -D__CODE_RED -DCORE_M3 -D__LPC17XX__ -D__REDLIB__ -I"/home/cha/UTN FRBA/info2_Proyecto_2018/MCU Mano-TPO Workspace/InfoII_TPO_Adquisidor_400/Aplicacion/inc" -I"/home/cha/UTN FRBA/info2_Proyecto_2018/MCU Mano-TPO Workspace/InfoII_TPO_Adquisidor_400/Drivers/inc" -I"/home/cha/UTN FRBA/info2_Proyecto_2018/MCU Mano-TPO Workspace/InfoII_TPO_Adquisidor_400/Drivers" -I"/home/cha/UTN FRBA/info2_Proyecto_2018/MCU Mano-TPO Workspace/InfoII_TPO_Adquisidor_400/Primitivas/inc" -O0 -fno-common -g3 -Wall -c -fmessage-length=0 -fno-builtin -ffunction-sections -fdata-sections -mcpu=cortex-m3 -mthumb -specs=redlib.specs -MMD -MP -MF"Aplicacion/MDE_Adquisidor.d" -MT"Aplicacion/MDE_Adquisidor.o" -MT"Aplicacion/MDE_Adquisidor.d" -o "Aplicacion/MDE_Adquisidor.o" "../Aplicacion/MDE_Adquisidor.c"
Finished building: ../Drivers/crp.c
 
Building file: ../Aplicacion/main.c
Invoking: MCU C Compiler
arm-none-eabi-gcc -DDEBUG -D__CODE_RED -DCORE_M3 -D__LPC17XX__ -D__REDLIB__ -I"/home/cha/UTN FRBA/info2_Proyecto_2018/MCU Mano-TPO Workspace/InfoII_TPO_Adquisidor_400/Aplicacion/inc" -I"/home/cha/UTN FRBA/info2_Proyecto_2018/MCU Mano-TPO Workspace/InfoII_TPO_Adquisidor_400/Drivers/inc" -I"/home/cha/UTN FRBA/info2_Proyecto_2018/MCU Mano-TPO Workspace/InfoII_TPO_Adquisidor_400/Drivers" -I"/home/cha/UTN FRBA/info2_Proyecto_2018/MCU Mano-TPO Workspace/InfoII_TPO_Adquisidor_400/Primitivas/inc" -O0 -fno-common -g3 -Wall -c -fmessage-length=0 -fno-builtin -ffunction-sections -fdata-sections -mcpu=cortex-m3 -mthumb -specs=redlib.specs -MMD -MP -MF"Aplicacion/main.d" -MT"Aplicacion/main.o" -MT"Aplicacion/main.d" -o "Aplicacion/main.o" "../Aplicacion/main.c"
Finished building: ../Aplicacion/AP_UART_0.c
Finished building: ../Aplicacion/AP_Guante_Muestreo.c
Finished building: ../Aplicacion/MDE_Adquisidor.c
 
 
 
Finished building: ../Aplicacion/main.c
 
Building target: InfoII_TPO_Adquisidor_400.axf
Invoking: MCU Linker
arm-none-eabi-gcc -nostdlib -Xlinker -Map="InfoII_TPO_Adquisidor_400.map" -Xlinker --gc-sections -Xlinker -print-memory-usage -mcpu=cortex-m3 -mthumb -T "LPC1769_Mano_Adquisidor_Debug.ld" -o "InfoII_TPO_Adquisidor_400.axf"  ./Primitivas/PR_ADC_MEDIANA.o ./Primitivas/PR_LCD.o ./Primitivas/PR_Teclas.o ./Primitivas/PR_UART_0.o  ./Drivers/DR_ADC_5canales_Timer.o ./Drivers/DR_GPIO.o ./Drivers/DR_Init.o ./Drivers/DR_LED_IO.o ./Drivers/DR_PINSEL.o ./Drivers/DR_SysTick.o ./Drivers/DR_Teclas.o ./Drivers/DR_UART_0.o ./Drivers/FW_LCD.o ./Drivers/cr_startup_lpc175x_6x.o ./Drivers/crp.o  ./Aplicacion/AP_Guante_Muestreo.o ./Aplicacion/AP_UART_0.o ./Aplicacion/MDE_Adquisidor.o ./Aplicacion/main.o   
Memory region         Used Size  Region Size  %age Used
       MFlash512:       11280 B       512 KB      2.15%
        RamLoc32:        1064 B        32 KB      3.25%
        RamAHB32:          0 GB        32 KB      0.00%
Finished building target: InfoII_TPO_Adquisidor_400.axf
 
make --no-print-directory post-build
Performing post-build steps
arm-none-eabi-size "InfoII_TPO_Adquisidor_400.axf"; # arm-none-eabi-objcopy -v -O binary "InfoII_TPO_Adquisidor_400.axf" "InfoII_TPO_Adquisidor_400.bin" ; # checksum -p LPC1769 -d "InfoII_TPO_Adquisidor_400.bin";
   text	   data	    bss	    dec	    hex	filename
  11244	     36	   1028	  12308	   3014	InfoII_TPO_Adquisidor_400.axf
 
13:14:04 **** Incremental Build of configuration Debug for project InfoII_TPO_Adquisidor_400 ****
make -r -j4 all 
make: Nothing to be done for `all'.
17:46:42 **** Incremental Build of configuration Debug for project InfoII_TPO_Adquisidor_400 ****
make -r -j4 all 
Building target: InfoII_TPO_Adquisidor_400.axf
Invoking: MCU Linker
arm-none-eabi-gcc -nostdlib -Xlinker -Map="InfoII_TPO_Adquisidor_400.map" -Xlinker --gc-sections -Xlinker -print-memory-usage -mcpu=cortex-m3 -mthumb -T "LPC1769_Mano_Adquisidor_Debug.ld" -o "InfoII_TPO_Adquisidor_400.axf"  ./Primitivas/PR_ADC_MEDIANA.o ./Primitivas/PR_LCD.o ./Primitivas/PR_Teclas.o ./Primitivas/PR_UART_0.o  ./Drivers/DR_ADC_5canales_Timer.o ./Drivers/DR_GPIO.o ./Drivers/DR_Init.o ./Drivers/DR_LED_IO.o ./Drivers/DR_PINSEL.o ./Drivers/DR_SysTick.o ./Drivers/DR_Teclas.o ./Drivers/DR_UART_0.o ./Drivers/FW_LCD.o ./Drivers/cr_startup_lpc175x_6x.o ./Drivers/crp.o  ./Aplicacion/AP_Guante_Muestreo.o ./Aplicacion/AP_UART_0.o ./Aplicacion/MDE_Adquisidor.o ./Aplicacion/main.o   
Memory region         Used Size  Region Size  %age Used
       MFlash512:       11280 B       512 KB      2.15%
        RamLoc32:        1064 B        32 KB      3.25%
        RamAHB32:          0 GB        32 KB      0.00%
Finished building target: InfoII_TPO_Adquisidor_400.axf
 
make --no-print-directory post-build
Performing post-build steps
arm-none-eabi-size "InfoII_TPO_Adquisidor_400.axf"; # arm-none-eabi-objcopy -v -O binary "InfoII_TPO_Adquisidor_400.axf" "InfoII_TPO_Adquisidor_400.bin" ; # checksum -p LPC1769 -d "InfoII_TPO_Adquisidor_400.bin";
   text	   data	    bss	    dec	    hex	filename
  11244	     36	   1028	  12308	   3014	InfoII_TPO_Adquisidor_400.axf
 
