17:46:42 **** Incremental Build of configuration Debug for project InfoII_TPO_Adquisidor_400 ****
make -r -j4 all 
Building target: InfoII_TPO_Adquisidor_400.axf
Invoking: MCU Linker
arm-none-eabi-gcc -nostdlib -Xlinker -Map="InfoII_TPO_Adquisidor_400.map" -Xlinker --gc-sections -Xlinker -print-memory-usage -mcpu=cortex-m3 -mthumb -T "LPC1769_Mano_Adquisidor_Debug.ld" -o "InfoII_TPO_Adquisidor_400.axf"  ./Primitivas/PR_ADC_MEDIANA.o ./Primitivas/PR_LCD.o ./Primitivas/PR_Teclas.o ./Primitivas/PR_UART_0.o  ./Drivers/DR_ADC_5canales_Timer.o ./Drivers/DR_GPIO.o ./Drivers/DR_Init.o ./Drivers/DR_LED_IO.o ./Drivers/DR_PINSEL.o ./Drivers/DR_SysTick.o ./Drivers/DR_Teclas.o ./Drivers/DR_UART_0.o ./Drivers/FW_LCD.o ./Drivers/cr_startup_lpc175x_6x.o ./Drivers/crp.o  ./Aplicacion/AP_Guante_Muestreo.o ./Aplicacion/AP_UART_0.o ./Aplicacion/MDE_Adquisidor.o ./Aplicacion/main.o   
Memory region         Used Size  Region Size  %age Used
       MFlash512:       11280 B       512 KB      2.15%
        RamLoc32:        1064 B        32 KB      3.25%
        RamAHB32:          0 GB        32 KB      0.00%
Finished building target: InfoII_TPO_Adquisidor_400.axf
 
make --no-print-directory post-build
Performing post-build steps
arm-none-eabi-size "InfoII_TPO_Adquisidor_400.axf"; # arm-none-eabi-objcopy -v -O binary "InfoII_TPO_Adquisidor_400.axf" "InfoII_TPO_Adquisidor_400.bin" ; # checksum -p LPC1769 -d "InfoII_TPO_Adquisidor_400.bin";
   text	   data	    bss	    dec	    hex	filename
  11244	     36	   1028	  12308	   3014	InfoII_TPO_Adquisidor_400.axf
 

17:46:42 Build Finished (took 234ms)

