13:38:20 **** Build of configuration Debug for project LPC1769_Mano_Adquisidor ****
make -r -j4 all 
Building file: ../Primitivas/PR_LCD.c
Building file: ../Primitivas/PR_Mediana_5canales.c
Building file: ../Primitivas/PR_UART_0.c
Invoking: MCU C Compiler
arm-none-eabi-gcc -DDEBUG -D__CODE_RED -DCORE_M3 -D__LPC17XX__ -D__REDLIB__ -I"/home/cha/UTN FRBA/info2_Proyecto_2018/MCU Mano-TPO Workspace/LPC1769_Mano_Adquisidor/Aplicacion/inc" -I"/home/cha/UTN FRBA/info2_Proyecto_2018/MCU Mano-TPO Workspace/LPC1769_Mano_Adquisidor/Drivers/inc" -I"/home/cha/UTN FRBA/info2_Proyecto_2018/MCU Mano-TPO Workspace/LPC1769_Mano_Adquisidor/Drivers" -I"/home/cha/UTN FRBA/info2_Proyecto_2018/MCU Mano-TPO Workspace/LPC1769_Mano_Adquisidor/Primitivas/inc" -O0 -fno-common -g3 -Wall -c -fmessage-length=0 -fno-builtin -ffunction-sections -fdata-sections -mcpu=cortex-m3 -mthumb -specs=redlib.specs -MMD -MP -MF"Primitivas/PR_Mediana_5canales.d" -MT"Primitivas/PR_Mediana_5canales.o" -MT"Primitivas/PR_Mediana_5canales.d" -o "Primitivas/PR_Mediana_5canales.o" "../Primitivas/PR_Mediana_5canales.c"
Invoking: MCU C Compiler
arm-none-eabi-gcc -DDEBUG -D__CODE_RED -DCORE_M3 -D__LPC17XX__ -D__REDLIB__ -I"/home/cha/UTN FRBA/info2_Proyecto_2018/MCU Mano-TPO Workspace/LPC1769_Mano_Adquisidor/Aplicacion/inc" -I"/home/cha/UTN FRBA/info2_Proyecto_2018/MCU Mano-TPO Workspace/LPC1769_Mano_Adquisidor/Drivers/inc" -I"/home/cha/UTN FRBA/info2_Proyecto_2018/MCU Mano-TPO Workspace/LPC1769_Mano_Adquisidor/Drivers" -I"/home/cha/UTN FRBA/info2_Proyecto_2018/MCU Mano-TPO Workspace/LPC1769_Mano_Adquisidor/Primitivas/inc" -O0 -fno-common -g3 -Wall -c -fmessage-length=0 -fno-builtin -ffunction-sections -fdata-sections -mcpu=cortex-m3 -mthumb -specs=redlib.specs -MMD -MP -MF"Primitivas/PR_LCD.d" -MT"Primitivas/PR_LCD.o" -MT"Primitivas/PR_LCD.d" -o "Primitivas/PR_LCD.o" "../Primitivas/PR_LCD.c"
Invoking: MCU C Compiler
arm-none-eabi-gcc -DDEBUG -D__CODE_RED -DCORE_M3 -D__LPC17XX__ -D__REDLIB__ -I"/home/cha/UTN FRBA/info2_Proyecto_2018/MCU Mano-TPO Workspace/LPC1769_Mano_Adquisidor/Aplicacion/inc" -I"/home/cha/UTN FRBA/info2_Proyecto_2018/MCU Mano-TPO Workspace/LPC1769_Mano_Adquisidor/Drivers/inc" -I"/home/cha/UTN FRBA/info2_Proyecto_2018/MCU Mano-TPO Workspace/LPC1769_Mano_Adquisidor/Drivers" -I"/home/cha/UTN FRBA/info2_Proyecto_2018/MCU Mano-TPO Workspace/LPC1769_Mano_Adquisidor/Primitivas/inc" -O0 -fno-common -g3 -Wall -c -fmessage-length=0 -fno-builtin -ffunction-sections -fdata-sections -mcpu=cortex-m3 -mthumb -specs=redlib.specs -MMD -MP -MF"Primitivas/PR_UART_0.d" -MT"Primitivas/PR_UART_0.o" -MT"Primitivas/PR_UART_0.d" -o "Primitivas/PR_UART_0.o" "../Primitivas/PR_UART_0.c"
Building file: ../Drivers/DR_ADC_5canales_Timer.c
Invoking: MCU C Compiler
arm-none-eabi-gcc -DDEBUG -D__CODE_RED -DCORE_M3 -D__LPC17XX__ -D__REDLIB__ -I"/home/cha/UTN FRBA/info2_Proyecto_2018/MCU Mano-TPO Workspace/LPC1769_Mano_Adquisidor/Aplicacion/inc" -I"/home/cha/UTN FRBA/info2_Proyecto_2018/MCU Mano-TPO Workspace/LPC1769_Mano_Adquisidor/Drivers/inc" -I"/home/cha/UTN FRBA/info2_Proyecto_2018/MCU Mano-TPO Workspace/LPC1769_Mano_Adquisidor/Drivers" -I"/home/cha/UTN FRBA/info2_Proyecto_2018/MCU Mano-TPO Workspace/LPC1769_Mano_Adquisidor/Primitivas/inc" -O0 -fno-common -g3 -Wall -c -fmessage-length=0 -fno-builtin -ffunction-sections -fdata-sections -mcpu=cortex-m3 -mthumb -specs=redlib.specs -MMD -MP -MF"Drivers/DR_ADC_5canales_Timer.d" -MT"Drivers/DR_ADC_5canales_Timer.o" -MT"Drivers/DR_ADC_5canales_Timer.d" -o "Drivers/DR_ADC_5canales_Timer.o" "../Drivers/DR_ADC_5canales_Timer.c"
Finished building: ../Primitivas/PR_Mediana_5canales.c
 
Building file: ../Drivers/DR_GPIO.c
Invoking: MCU C Compiler
arm-none-eabi-gcc -DDEBUG -D__CODE_RED -DCORE_M3 -D__LPC17XX__ -D__REDLIB__ -I"/home/cha/UTN FRBA/info2_Proyecto_2018/MCU Mano-TPO Workspace/LPC1769_Mano_Adquisidor/Aplicacion/inc" -I"/home/cha/UTN FRBA/info2_Proyecto_2018/MCU Mano-TPO Workspace/LPC1769_Mano_Adquisidor/Drivers/inc" -I"/home/cha/UTN FRBA/info2_Proyecto_2018/MCU Mano-TPO Workspace/LPC1769_Mano_Adquisidor/Drivers" -I"/home/cha/UTN FRBA/info2_Proyecto_2018/MCU Mano-TPO Workspace/LPC1769_Mano_Adquisidor/Primitivas/inc" -O0 -fno-common -g3 -Wall -c -fmessage-length=0 -fno-builtin -ffunction-sections -fdata-sections -mcpu=cortex-m3 -mthumb -specs=redlib.specs -MMD -MP -MF"Drivers/DR_GPIO.d" -MT"Drivers/DR_GPIO.o" -MT"Drivers/DR_GPIO.d" -o "Drivers/DR_GPIO.o" "../Drivers/DR_GPIO.c"
Finished building: ../Primitivas/PR_UART_0.c
Finished building: ../Primitivas/PR_LCD.c
 
 
Finished building: ../Drivers/DR_ADC_5canales_Timer.c
Building file: ../Drivers/DR_IO.c
 
Invoking: MCU C Compiler
arm-none-eabi-gcc -DDEBUG -D__CODE_RED -DCORE_M3 -D__LPC17XX__ -D__REDLIB__ -I"/home/cha/UTN FRBA/info2_Proyecto_2018/MCU Mano-TPO Workspace/LPC1769_Mano_Adquisidor/Aplicacion/inc" -I"/home/cha/UTN FRBA/info2_Proyecto_2018/MCU Mano-TPO Workspace/LPC1769_Mano_Adquisidor/Drivers/inc" -I"/home/cha/UTN FRBA/info2_Proyecto_2018/MCU Mano-TPO Workspace/LPC1769_Mano_Adquisidor/Drivers" -I"/home/cha/UTN FRBA/info2_Proyecto_2018/MCU Mano-TPO Workspace/LPC1769_Mano_Adquisidor/Primitivas/inc" -O0 -fno-common -g3 -Wall -c -fmessage-length=0 -fno-builtin -ffunction-sections -fdata-sections -mcpu=cortex-m3 -mthumb -specs=redlib.specs -MMD -MP -MF"Drivers/DR_IO.d" -MT"Drivers/DR_IO.o" -MT"Drivers/DR_IO.d" -o "Drivers/DR_IO.o" "../Drivers/DR_IO.c"
Building file: ../Drivers/DR_Init.c
Invoking: MCU C Compiler
arm-none-eabi-gcc -DDEBUG -D__CODE_RED -DCORE_M3 -D__LPC17XX__ -D__REDLIB__ -I"/home/cha/UTN FRBA/info2_Proyecto_2018/MCU Mano-TPO Workspace/LPC1769_Mano_Adquisidor/Aplicacion/inc" -I"/home/cha/UTN FRBA/info2_Proyecto_2018/MCU Mano-TPO Workspace/LPC1769_Mano_Adquisidor/Drivers/inc" -I"/home/cha/UTN FRBA/info2_Proyecto_2018/MCU Mano-TPO Workspace/LPC1769_Mano_Adquisidor/Drivers" -I"/home/cha/UTN FRBA/info2_Proyecto_2018/MCU Mano-TPO Workspace/LPC1769_Mano_Adquisidor/Primitivas/inc" -O0 -fno-common -g3 -Wall -c -fmessage-length=0 -fno-builtin -ffunction-sections -fdata-sections -mcpu=cortex-m3 -mthumb -specs=redlib.specs -MMD -MP -MF"Drivers/DR_Init.d" -MT"Drivers/DR_Init.o" -MT"Drivers/DR_Init.d" -o "Drivers/DR_Init.o" "../Drivers/DR_Init.c"
Building file: ../Drivers/DR_PINSEL.c
Invoking: MCU C Compiler
arm-none-eabi-gcc -DDEBUG -D__CODE_RED -DCORE_M3 -D__LPC17XX__ -D__REDLIB__ -I"/home/cha/UTN FRBA/info2_Proyecto_2018/MCU Mano-TPO Workspace/LPC1769_Mano_Adquisidor/Aplicacion/inc" -I"/home/cha/UTN FRBA/info2_Proyecto_2018/MCU Mano-TPO Workspace/LPC1769_Mano_Adquisidor/Drivers/inc" -I"/home/cha/UTN FRBA/info2_Proyecto_2018/MCU Mano-TPO Workspace/LPC1769_Mano_Adquisidor/Drivers" -I"/home/cha/UTN FRBA/info2_Proyecto_2018/MCU Mano-TPO Workspace/LPC1769_Mano_Adquisidor/Primitivas/inc" -O0 -fno-common -g3 -Wall -c -fmessage-length=0 -fno-builtin -ffunction-sections -fdata-sections -mcpu=cortex-m3 -mthumb -specs=redlib.specs -MMD -MP -MF"Drivers/DR_PINSEL.d" -MT"Drivers/DR_PINSEL.o" -MT"Drivers/DR_PINSEL.d" -o "Drivers/DR_PINSEL.o" "../Drivers/DR_PINSEL.c"
Finished building: ../Drivers/DR_GPIO.c
 
Building file: ../Drivers/DR_SysTick.c
Finished building: ../Drivers/DR_IO.c
Invoking: MCU C Compiler
arm-none-eabi-gcc -DDEBUG -D__CODE_RED -DCORE_M3 -D__LPC17XX__ -D__REDLIB__ -I"/home/cha/UTN FRBA/info2_Proyecto_2018/MCU Mano-TPO Workspace/LPC1769_Mano_Adquisidor/Aplicacion/inc" -I"/home/cha/UTN FRBA/info2_Proyecto_2018/MCU Mano-TPO Workspace/LPC1769_Mano_Adquisidor/Drivers/inc" -I"/home/cha/UTN FRBA/info2_Proyecto_2018/MCU Mano-TPO Workspace/LPC1769_Mano_Adquisidor/Drivers" -I"/home/cha/UTN FRBA/info2_Proyecto_2018/MCU Mano-TPO Workspace/LPC1769_Mano_Adquisidor/Primitivas/inc" -O0 -fno-common -g3 -Wall -c -fmessage-length=0 -fno-builtin -ffunction-sections -fdata-sections -mcpu=cortex-m3 -mthumb -specs=redlib.specs -MMD -MP -MF"Drivers/DR_SysTick.d" -MT"Drivers/DR_SysTick.o" -MT"Drivers/DR_SysTick.d" -o "Drivers/DR_SysTick.o" "../Drivers/DR_SysTick.c"
 
Building file: ../Drivers/DR_UART_0.c
Finished building: ../Drivers/DR_Init.c
Invoking: MCU C Compiler
Finished building: ../Drivers/DR_PINSEL.c
arm-none-eabi-gcc -DDEBUG -D__CODE_RED -DCORE_M3 -D__LPC17XX__ -D__REDLIB__ -I"/home/cha/UTN FRBA/info2_Proyecto_2018/MCU Mano-TPO Workspace/LPC1769_Mano_Adquisidor/Aplicacion/inc" -I"/home/cha/UTN FRBA/info2_Proyecto_2018/MCU Mano-TPO Workspace/LPC1769_Mano_Adquisidor/Drivers/inc" -I"/home/cha/UTN FRBA/info2_Proyecto_2018/MCU Mano-TPO Workspace/LPC1769_Mano_Adquisidor/Drivers" -I"/home/cha/UTN FRBA/info2_Proyecto_2018/MCU Mano-TPO Workspace/LPC1769_Mano_Adquisidor/Primitivas/inc" -O0 -fno-common -g3 -Wall -c -fmessage-length=0 -fno-builtin -ffunction-sections -fdata-sections -mcpu=cortex-m3 -mthumb -specs=redlib.specs -MMD -MP -MF"Drivers/DR_UART_0.d" -MT"Drivers/DR_UART_0.o" -MT"Drivers/DR_UART_0.d" -o "Drivers/DR_UART_0.o" "../Drivers/DR_UART_0.c"
 
 
Building file: ../Drivers/FW_LCD.c
Building file: ../Drivers/cr_startup_lpc175x_6x.c
Invoking: MCU C Compiler
arm-none-eabi-gcc -DDEBUG -D__CODE_RED -DCORE_M3 -D__LPC17XX__ -D__REDLIB__ -I"/home/cha/UTN FRBA/info2_Proyecto_2018/MCU Mano-TPO Workspace/LPC1769_Mano_Adquisidor/Aplicacion/inc" -I"/home/cha/UTN FRBA/info2_Proyecto_2018/MCU Mano-TPO Workspace/LPC1769_Mano_Adquisidor/Drivers/inc" -I"/home/cha/UTN FRBA/info2_Proyecto_2018/MCU Mano-TPO Workspace/LPC1769_Mano_Adquisidor/Drivers" -I"/home/cha/UTN FRBA/info2_Proyecto_2018/MCU Mano-TPO Workspace/LPC1769_Mano_Adquisidor/Primitivas/inc" -O0 -fno-common -g3 -Wall -c -fmessage-length=0 -fno-builtin -ffunction-sections -fdata-sections -mcpu=cortex-m3 -mthumb -specs=redlib.specs -MMD -MP -MF"Drivers/FW_LCD.d" -MT"Drivers/FW_LCD.o" -MT"Drivers/FW_LCD.d" -o "Drivers/FW_LCD.o" "../Drivers/FW_LCD.c"
Invoking: MCU C Compiler
arm-none-eabi-gcc -DDEBUG -D__CODE_RED -DCORE_M3 -D__LPC17XX__ -D__REDLIB__ -I"/home/cha/UTN FRBA/info2_Proyecto_2018/MCU Mano-TPO Workspace/LPC1769_Mano_Adquisidor/Aplicacion/inc" -I"/home/cha/UTN FRBA/info2_Proyecto_2018/MCU Mano-TPO Workspace/LPC1769_Mano_Adquisidor/Drivers/inc" -I"/home/cha/UTN FRBA/info2_Proyecto_2018/MCU Mano-TPO Workspace/LPC1769_Mano_Adquisidor/Drivers" -I"/home/cha/UTN FRBA/info2_Proyecto_2018/MCU Mano-TPO Workspace/LPC1769_Mano_Adquisidor/Primitivas/inc" -O0 -fno-common -g3 -Wall -c -fmessage-length=0 -fno-builtin -ffunction-sections -fdata-sections -mcpu=cortex-m3 -mthumb -specs=redlib.specs -MMD -MP -MF"Drivers/cr_startup_lpc175x_6x.d" -MT"Drivers/cr_startup_lpc175x_6x.o" -MT"Drivers/cr_startup_lpc175x_6x.d" -o "Drivers/cr_startup_lpc175x_6x.o" "../Drivers/cr_startup_lpc175x_6x.c"
Finished building: ../Drivers/DR_SysTick.c
 
Building file: ../Drivers/crp.c
Finished building: ../Drivers/DR_UART_0.c
Invoking: MCU C Compiler
arm-none-eabi-gcc -DDEBUG -D__CODE_RED -DCORE_M3 -D__LPC17XX__ -D__REDLIB__ -I"/home/cha/UTN FRBA/info2_Proyecto_2018/MCU Mano-TPO Workspace/LPC1769_Mano_Adquisidor/Aplicacion/inc" -I"/home/cha/UTN FRBA/info2_Proyecto_2018/MCU Mano-TPO Workspace/LPC1769_Mano_Adquisidor/Drivers/inc" -I"/home/cha/UTN FRBA/info2_Proyecto_2018/MCU Mano-TPO Workspace/LPC1769_Mano_Adquisidor/Drivers" -I"/home/cha/UTN FRBA/info2_Proyecto_2018/MCU Mano-TPO Workspace/LPC1769_Mano_Adquisidor/Primitivas/inc" -O0 -fno-common -g3 -Wall -c -fmessage-length=0 -fno-builtin -ffunction-sections -fdata-sections -mcpu=cortex-m3 -mthumb -specs=redlib.specs -MMD -MP -MF"Drivers/crp.d" -MT"Drivers/crp.o" -MT"Drivers/crp.d" -o "Drivers/crp.o" "../Drivers/crp.c"
 
Building file: ../Aplicacion/AP_UART_0.c
Finished building: ../Drivers/FW_LCD.c
Invoking: MCU C Compiler
arm-none-eabi-gcc -DDEBUG -D__CODE_RED -DCORE_M3 -D__LPC17XX__ -D__REDLIB__ -I"/home/cha/UTN FRBA/info2_Proyecto_2018/MCU Mano-TPO Workspace/LPC1769_Mano_Adquisidor/Aplicacion/inc" -I"/home/cha/UTN FRBA/info2_Proyecto_2018/MCU Mano-TPO Workspace/LPC1769_Mano_Adquisidor/Drivers/inc" -I"/home/cha/UTN FRBA/info2_Proyecto_2018/MCU Mano-TPO Workspace/LPC1769_Mano_Adquisidor/Drivers" -I"/home/cha/UTN FRBA/info2_Proyecto_2018/MCU Mano-TPO Workspace/LPC1769_Mano_Adquisidor/Primitivas/inc" -O0 -fno-common -g3 -Wall -c -fmessage-length=0 -fno-builtin -ffunction-sections -fdata-sections -mcpu=cortex-m3 -mthumb -specs=redlib.specs -MMD -MP -MF"Aplicacion/AP_UART_0.d" -MT"Aplicacion/AP_UART_0.o" -MT"Aplicacion/AP_UART_0.d" -o "Aplicacion/AP_UART_0.o" "../Aplicacion/AP_UART_0.c"
 
Finished building: ../Drivers/cr_startup_lpc175x_6x.c
 
Building file: ../Aplicacion/AP_muestreo_mano.c
Building file: ../Aplicacion/MDE_Adquisidor.c
Invoking: MCU C Compiler
Invoking: MCU C Compiler
arm-none-eabi-gcc -DDEBUG -D__CODE_RED -DCORE_M3 -D__LPC17XX__ -D__REDLIB__ -I"/home/cha/UTN FRBA/info2_Proyecto_2018/MCU Mano-TPO Workspace/LPC1769_Mano_Adquisidor/Aplicacion/inc" -I"/home/cha/UTN FRBA/info2_Proyecto_2018/MCU Mano-TPO Workspace/LPC1769_Mano_Adquisidor/Drivers/inc" -I"/home/cha/UTN FRBA/info2_Proyecto_2018/MCU Mano-TPO Workspace/LPC1769_Mano_Adquisidor/Drivers" -I"/home/cha/UTN FRBA/info2_Proyecto_2018/MCU Mano-TPO Workspace/LPC1769_Mano_Adquisidor/Primitivas/inc" -O0 -fno-common -g3 -Wall -c -fmessage-length=0 -fno-builtin -ffunction-sections -fdata-sections -mcpu=cortex-m3 -mthumb -specs=redlib.specs -MMD -MP -MF"Aplicacion/AP_muestreo_mano.d" -MT"Aplicacion/AP_muestreo_mano.o" -MT"Aplicacion/AP_muestreo_mano.d" -o "Aplicacion/AP_muestreo_mano.o" "../Aplicacion/AP_muestreo_mano.c"
Finished building: ../Drivers/crp.c
arm-none-eabi-gcc -DDEBUG -D__CODE_RED -DCORE_M3 -D__LPC17XX__ -D__REDLIB__ -I"/home/cha/UTN FRBA/info2_Proyecto_2018/MCU Mano-TPO Workspace/LPC1769_Mano_Adquisidor/Aplicacion/inc" -I"/home/cha/UTN FRBA/info2_Proyecto_2018/MCU Mano-TPO Workspace/LPC1769_Mano_Adquisidor/Drivers/inc" -I"/home/cha/UTN FRBA/info2_Proyecto_2018/MCU Mano-TPO Workspace/LPC1769_Mano_Adquisidor/Drivers" -I"/home/cha/UTN FRBA/info2_Proyecto_2018/MCU Mano-TPO Workspace/LPC1769_Mano_Adquisidor/Primitivas/inc" -O0 -fno-common -g3 -Wall -c -fmessage-length=0 -fno-builtin -ffunction-sections -fdata-sections -mcpu=cortex-m3 -mthumb -specs=redlib.specs -MMD -MP -MF"Aplicacion/MDE_Adquisidor.d" -MT"Aplicacion/MDE_Adquisidor.o" -MT"Aplicacion/MDE_Adquisidor.d" -o "Aplicacion/MDE_Adquisidor.o" "../Aplicacion/MDE_Adquisidor.c"
 
Finished building: ../Aplicacion/AP_UART_0.c
Building file: ../Aplicacion/main.c
 
Invoking: MCU C Compiler
arm-none-eabi-gcc -DDEBUG -D__CODE_RED -DCORE_M3 -D__LPC17XX__ -D__REDLIB__ -I"/home/cha/UTN FRBA/info2_Proyecto_2018/MCU Mano-TPO Workspace/LPC1769_Mano_Adquisidor/Aplicacion/inc" -I"/home/cha/UTN FRBA/info2_Proyecto_2018/MCU Mano-TPO Workspace/LPC1769_Mano_Adquisidor/Drivers/inc" -I"/home/cha/UTN FRBA/info2_Proyecto_2018/MCU Mano-TPO Workspace/LPC1769_Mano_Adquisidor/Drivers" -I"/home/cha/UTN FRBA/info2_Proyecto_2018/MCU Mano-TPO Workspace/LPC1769_Mano_Adquisidor/Primitivas/inc" -O0 -fno-common -g3 -Wall -c -fmessage-length=0 -fno-builtin -ffunction-sections -fdata-sections -mcpu=cortex-m3 -mthumb -specs=redlib.specs -MMD -MP -MF"Aplicacion/main.d" -MT"Aplicacion/main.o" -MT"Aplicacion/main.d" -o "Aplicacion/main.o" "../Aplicacion/main.c"
Finished building: ../Aplicacion/AP_muestreo_mano.c
 
Finished building: ../Aplicacion/MDE_Adquisidor.c
 
Finished building: ../Aplicacion/main.c
 
Building target: LPC1769_Mano_Adquisidor.axf
Invoking: MCU Linker
arm-none-eabi-gcc -nostdlib -Xlinker -Map="LPC1769_Mano_Adquisidor.map" -Xlinker --gc-sections -Xlinker -print-memory-usage -mcpu=cortex-m3 -mthumb -T "LPC1769_Mano_Adquisidor_Debug.ld" -o "LPC1769_Mano_Adquisidor.axf"  ./Primitivas/PR_LCD.o ./Primitivas/PR_Mediana_5canales.o ./Primitivas/PR_UART_0.o  ./Drivers/DR_ADC_5canales_Timer.o ./Drivers/DR_GPIO.o ./Drivers/DR_IO.o ./Drivers/DR_Init.o ./Drivers/DR_PINSEL.o ./Drivers/DR_SysTick.o ./Drivers/DR_UART_0.o ./Drivers/FW_LCD.o ./Drivers/cr_startup_lpc175x_6x.o ./Drivers/crp.o  ./Aplicacion/AP_UART_0.o ./Aplicacion/AP_muestreo_mano.o ./Aplicacion/MDE_Adquisidor.o ./Aplicacion/main.o   
Memory region         Used Size  Region Size  %age Used
       MFlash512:        7960 B       512 KB      1.52%
        RamLoc32:         376 B        32 KB      1.15%
        RamAHB32:          0 GB        32 KB      0.00%
Finished building target: LPC1769_Mano_Adquisidor.axf
 
make --no-print-directory post-build
Performing post-build steps
arm-none-eabi-size "LPC1769_Mano_Adquisidor.axf"; # arm-none-eabi-objcopy -v -O binary "LPC1769_Mano_Adquisidor.axf" "LPC1769_Mano_Adquisidor.bin" ; # checksum -p LPC1769 -d "LPC1769_Mano_Adquisidor.bin";
   text	   data	    bss	    dec	    hex	filename
   7960	      0	    376	   8336	   2090	LPC1769_Mano_Adquisidor.axf
 

13:38:21 Build Finished (took 934ms)

