Archive member included to satisfy reference by file (symbol)

/home/lsldv/Descargas/Bibliotecas_de_Giura/libbibliotecaInfoII.a(DR_Inicializacion.o)
                              ./src/main.o (Inicializacion)
/home/lsldv/Descargas/Bibliotecas_de_Giura/libbibliotecaInfoII.a(DR_PLL.o)
                              /home/lsldv/Descargas/Bibliotecas_de_Giura/libbibliotecaInfoII.a(DR_Inicializacion.o) (InicializarPLL)
/home/lsldv/Descargas/Bibliotecas_de_Giura/libbibliotecaInfoII.a(DR_RGB.o)
                              /home/lsldv/Descargas/Bibliotecas_de_Giura/libbibliotecaInfoII.a(DR_Inicializacion.o) (InicializarRGB)
/home/lsldv/Descargas/Bibliotecas_de_Giura/libbibliotecaInfoII.a(DR_Salidas.o)
                              /home/lsldv/Descargas/Bibliotecas_de_Giura/libbibliotecaInfoII.a(DR_Inicializacion.o) (InicializarSalidas)
/home/lsldv/Descargas/Bibliotecas_de_Giura/libbibliotecaInfoII.a(DR_SysTick.o)
                              /home/lsldv/Descargas/Bibliotecas_de_Giura/libbibliotecaInfoII.a(DR_Inicializacion.o) (InicializarSysTick)
/home/lsldv/Descargas/Bibliotecas_de_Giura/libbibliotecaInfoII.a(DR_Teclado.o)
                              /home/lsldv/Descargas/Bibliotecas_de_Giura/libbibliotecaInfoII.a(DR_Inicializacion.o) (InicializarTeclado)
/home/lsldv/Descargas/Bibliotecas_de_Giura/libbibliotecaInfoII.a(DR_Timers.o)
                              /home/lsldv/Descargas/Bibliotecas_de_Giura/libbibliotecaInfoII.a(DR_SysTick.o) (AnalizarTimers)
/home/lsldv/Descargas/Bibliotecas_de_Giura/libbibliotecaInfoII.a(DR_UART0.o)
                              /home/lsldv/Descargas/Bibliotecas_de_Giura/libbibliotecaInfoII.a(DR_Inicializacion.o) (UART0_Inicializacion)
/home/lsldv/Descargas/Bibliotecas_de_Giura/libbibliotecaInfoII.a(DR_UART1.o)
                              /home/lsldv/Descargas/Bibliotecas_de_Giura/libbibliotecaInfoII.a(DR_Inicializacion.o) (UART1_Inicializacion)
/home/lsldv/Descargas/Bibliotecas_de_Giura/libbibliotecaInfoII.a(DR_adc.o)
                              /home/lsldv/Descargas/Bibliotecas_de_Giura/libbibliotecaInfoII.a(DR_Inicializacion.o) (InicializarADC)
/home/lsldv/Descargas/Bibliotecas_de_Giura/libbibliotecaInfoII.a(DR_gpio.o)
                              /home/lsldv/Descargas/Bibliotecas_de_Giura/libbibliotecaInfoII.a(DR_RGB.o) (SetDIR)
/home/lsldv/Descargas/Bibliotecas_de_Giura/libbibliotecaInfoII.a(DR_lcd.o)
                              /home/lsldv/Descargas/Bibliotecas_de_Giura/libbibliotecaInfoII.a(DR_Inicializacion.o) (InicializarLCD)
/home/lsldv/Descargas/Bibliotecas_de_Giura/libbibliotecaInfoII.a(DR_pinsel.o)
                              /home/lsldv/Descargas/Bibliotecas_de_Giura/libbibliotecaInfoII.a(DR_RGB.o) (SetPINSEL)
/home/lsldv/Descargas/Bibliotecas_de_Giura/libbibliotecaInfoII.a(PR_Relays.o)
                              ./src/main.o (Relays)
/home/lsldv/Descargas/Bibliotecas_de_Giura/libbibliotecaInfoII.a(PR_Strings.o)
                              ./src/AP_PruebaUART.o (Mensaje0)
/home/lsldv/Descargas/Bibliotecas_de_Giura/libbibliotecaInfoII.a(PR_Teclado.o)
                              ./src/AP_Prueba1.o (GetKey)
/home/lsldv/Descargas/Bibliotecas_de_Giura/libbibliotecaInfoII.a(PR_Timers.o)
                              ./src/main.o (TimerStart)
/home/lsldv/Descargas/Bibliotecas_de_Giura/libbibliotecaInfoII.a(PR_UART.o)
                              ./src/AP_PruebaUART.o (Transmitir)
/home/lsldv/Descargas/Bibliotecas_de_Giura/libbibliotecaInfoII.a(PR_adc.o)
                              ./src/AP_PruebaUART.o (Temperatura)
/home/lsldv/Descargas/Bibliotecas_de_Giura/libbibliotecaInfoII.a(PR_lcd.o)
                              ./src/AP_Prueba1.o (LCD_Display)
/home/lsldv/Descargas/Bibliotecas_de_Giura/libbibliotecaInfoII.a(DR_7seg.o)
                              /home/lsldv/Descargas/Bibliotecas_de_Giura/libbibliotecaInfoII.a(DR_SysTick.o) (BarridoDisplay)
/home/lsldv/Descargas/Bibliotecas_de_Giura/libbibliotecaInfoII.a(DR_Buzzer.o)
                              /home/lsldv/Descargas/Bibliotecas_de_Giura/libbibliotecaInfoII.a(DR_SysTick.o) (RefrescoBuzzer)
/home/lsldv/Descargas/Bibliotecas_de_Giura/libbibliotecaInfoII.a(DR_Entradas.o)
                              /home/lsldv/Descargas/Bibliotecas_de_Giura/libbibliotecaInfoII.a(DR_SysTick.o) (DebounceEntradas)
/usr/local/mcuxpressoide-10.2.0_759/ide/tools/bin/../lib/gcc/arm-none-eabi/7.2.1/../../../../arm-none-eabi/lib/thumb/v7-m/libcr_c.a(__weak__main.o)
                              ./src/cr_startup_lpc175x_6x.o (__main)
/usr/local/mcuxpressoide-10.2.0_759/ide/tools/bin/../lib/gcc/arm-none-eabi/7.2.1/../../../../arm-none-eabi/lib/thumb/v7-m/libcr_c.a(strchr.o)
                              ./src/AP_PruebaUART.o (strchr)
/usr/local/mcuxpressoide-10.2.0_759/ide/tools/bin/../lib/gcc/arm-none-eabi/7.2.1/../../../../arm-none-eabi/lib/thumb/v7-m/libcr_c.a(strlen.o)
                              ./src/AP_PruebaUART.o (strlen)

Discarded input sections

[...]
Memory Configuration

Name             Origin             Length             Attributes
MFlash512        0x0000000000000000 0x0000000000080000 xr
RamLoc32         0x0000000010000000 0x0000000000008000 xrw
RamAHB32         0x000000002007c000 0x0000000000008000 xrw
*default*        0x0000000000000000 0xffffffffffffffff

Linker script and memory map

LOAD ./src/AP_Prueba1.o
LOAD ./src/AP_PruebaUART.o
LOAD ./src/cr_startup_lpc175x_6x.o
LOAD ./src/crp.o
LOAD ./src/main.o
LOAD /home/lsldv/Descargas/Bibliotecas_de_Giura/libbibliotecaInfoII.a
START GROUP
LOAD /usr/local/mcuxpressoide-10.2.0_759/ide/tools/bin/../lib/gcc/arm-none-eabi/7.2.1/../../../../arm-none-eabi/lib/thumb/v7-m/libcr_c.a
LOAD /usr/local/mcuxpressoide-10.2.0_759/ide/tools/bin/../lib/gcc/arm-none-eabi/7.2.1/thumb/v7-m/libcr_eabihelpers.a
END GROUP
                0x0000000000000000                __base_MFlash512 = 0x0
                0x0000000000000000                __base_Flash = 0x0
                0x0000000000080000                __top_MFlash512 = 0x80000
                0x0000000000080000                __top_Flash = 0x80000
                0x0000000010000000                __base_RamLoc32 = 0x10000000
                0x0000000010000000                __base_RAM = 0x10000000
                0x0000000010008000                __top_RamLoc32 = 0x10008000
                0x0000000010008000                __top_RAM = 0x10008000
                0x000000002007c000                __base_RamAHB32 = 0x2007c000
                0x000000002007c000                __base_RAM2 = 0x2007c000
                0x0000000020084000                __top_RamAHB32 = 0x20084000
                0x0000000020084000                __top_RAM2 = 0x20084000

.text           0x0000000000000000     0x2490
 FILL mask 0xff
                0x0000000000000000                __vectors_start__ = ABSOLUTE (.)
 *(.isr_vector)
 .isr_vector    0x0000000000000000       0xcc ./src/cr_startup_lpc175x_6x.o
                0x0000000000000000                g_pfnVectors
                0x00000000000000cc                . = ALIGN (0x4)
                0x00000000000000cc                __section_table_start = .
                0x00000000000000cc                __data_section_table = .
                0x00000000000000cc        0x4 LONG 0x2490 LOADADDR (.data)
                0x00000000000000d0        0x4 LONG 0x10000000 ADDR (.data)
                0x00000000000000d4        0x4 LONG 0x8 SIZEOF (.data)
                0x00000000000000d8        0x4 LONG 0x2490 LOADADDR (.data_RAM2)
                0x00000000000000dc        0x4 LONG 0x2007c000 ADDR (.data_RAM2)
                0x00000000000000e0        0x4 LONG 0x0 SIZEOF (.data_RAM2)
                0x00000000000000e4                __data_section_table_end = .
                0x00000000000000e4                __bss_section_table = .
                0x00000000000000e4        0x4 LONG 0x10000008 ADDR (.bss)
                0x00000000000000e8        0x4 LONG 0x1138 SIZEOF (.bss)
                0x00000000000000ec        0x4 LONG 0x2007c000 ADDR (.bss_RAM2)
                0x00000000000000f0        0x4 LONG 0x0 SIZEOF (.bss_RAM2)
                0x00000000000000f4                __bss_section_table_end = .
                0x00000000000000f4                __section_table_end = .
 *(.after_vectors*)
 .after_vectors
                0x00000000000000f4      0x128 ./src/cr_startup_lpc175x_6x.o
                0x00000000000000f4                data_init
                0x0000000000000136                bss_init
                0x000000000000016c                ResetISR
                0x00000000000001e0                NMI_Handler
                0x00000000000001e6                HardFault_Handler
                0x00000000000001ec                MemManage_Handler
                0x00000000000001f2                BusFault_Handler
                0x00000000000001f8                UsageFault_Handler
                0x00000000000001fe                SVC_Handler
                0x0000000000000204                DebugMon_Handler
                0x000000000000020a                PendSV_Handler
                0x0000000000000216                TIMER2_IRQHandler
                0x0000000000000216                RIT_IRQHandler
                0x0000000000000216                I2C0_IRQHandler
                0x0000000000000216                USBActivity_IRQHandler
                0x0000000000000216                PWM1_IRQHandler
                0x0000000000000216                I2C1_IRQHandler
                0x0000000000000216                EINT2_IRQHandler
                0x0000000000000216                EINT3_IRQHandler
                0x0000000000000216                CANActivity_IRQHandler
                0x0000000000000216                TIMER3_IRQHandler
                0x0000000000000216                IntDefaultHandler
                0x0000000000000216                PLL0_IRQHandler
                0x0000000000000216                CAN_IRQHandler
                0x0000000000000216                PLL1_IRQHandler
                0x0000000000000216                SSP0_IRQHandler
                0x0000000000000216                I2S_IRQHandler
                0x0000000000000216                I2C2_IRQHandler
                0x0000000000000216                RTC_IRQHandler
                0x0000000000000216                TIMER0_IRQHandler
                0x0000000000000216                SPI_IRQHandler
                0x0000000000000216                EINT1_IRQHandler
                0x0000000000000216                TIMER1_IRQHandler
                0x0000000000000216                UART2_IRQHandler
                0x0000000000000216                SSP1_IRQHandler
                0x0000000000000216                USB_IRQHandler
                0x0000000000000216                BOD_IRQHandler
                0x0000000000000216                WDT_IRQHandler
                0x0000000000000216                QEI_IRQHandler
                0x0000000000000216                EINT0_IRQHandler
                0x0000000000000216                DMA_IRQHandler
                0x0000000000000216                UART3_IRQHandler
                0x0000000000000216                MCPWM_IRQHandler
                0x0000000000000216                ENET_IRQHandler
                0x00000000000002fc                . = 0x2fc
 *fill*         0x000000000000021c       0xe0 ff
                0x00000000000002fc                PROVIDE (__CRP_WORD_START__, .)
 *(.crp)
 .crp           0x00000000000002fc        0x4 ./src/crp.o
                0x00000000000002fc                CRP_WORD
                0x0000000000000300                PROVIDE (__CRP_WORD_END__, .)
                0x0000000000000001                ASSERT (! ((__CRP_WORD_START__ == __CRP_WORD_END__)), Linker CRP Enabled, but no CRP_WORD provided within application)
 *(.text*)
 .text.MaquinaEstadosPrueba
                0x0000000000000300      0x18c ./src/AP_Prueba1.o
                0x0000000000000300                MaquinaEstadosPrueba
 .text.MDE_UART
                0x000000000000048c      0x24c ./src/AP_PruebaUART.o
                0x000000000000048c                MDE_UART
 .text.timer1Handler
                0x00000000000006d8       0x74 ./src/main.o
                0x00000000000006d8                timer1Handler
 .text.main     0x000000000000074c       0x44 ./src/main.o
                0x000000000000074c                main
 .text.Inicializacion
                0x0000000000000790       0x40 /home/lsldv/Descargas/Bibliotecas_de_Giura/libbibliotecaInfoII.a(DR_Inicializacion.o)
                0x0000000000000790                Inicializacion
 .text.InicializarPLL
                0x00000000000007d0      0x140 /home/lsldv/Descargas/Bibliotecas_de_Giura/libbibliotecaInfoII.a(DR_PLL.o)
                0x00000000000007d0                InicializarPLL
 .text.InicializarRGB
                0x0000000000000910       0x44 /home/lsldv/Descargas/Bibliotecas_de_Giura/libbibliotecaInfoII.a(DR_RGB.o)
                0x0000000000000910                InicializarRGB
 .text.RefrescoSalidas
                0x0000000000000954       0x6c /home/lsldv/Descargas/Bibliotecas_de_Giura/libbibliotecaInfoII.a(DR_Salidas.o)
                0x0000000000000954                RefrescoSalidas
 .text.InicializarSalidas
                0x00000000000009c0       0x58 /home/lsldv/Descargas/Bibliotecas_de_Giura/libbibliotecaInfoII.a(DR_Salidas.o)
                0x00000000000009c0                InicializarSalidas
 .text.InicializarSysTick
                0x0000000000000a18       0x40 /home/lsldv/Descargas/Bibliotecas_de_Giura/libbibliotecaInfoII.a(DR_SysTick.o)
                0x0000000000000a18                InicializarSysTick
 .text.SysTick_Handler
                0x0000000000000a58       0x24 /home/lsldv/Descargas/Bibliotecas_de_Giura/libbibliotecaInfoII.a(DR_SysTick.o)
                0x0000000000000a58                SysTick_Handler
 .text.InicializarTeclado
                0x0000000000000a7c       0x80 /home/lsldv/Descargas/Bibliotecas_de_Giura/libbibliotecaInfoII.a(DR_Teclado.o)
                0x0000000000000a7c                InicializarTeclado
 .text.DriverTecladoSW
                0x0000000000000afc       0x98 /home/lsldv/Descargas/Bibliotecas_de_Giura/libbibliotecaInfoII.a(DR_Teclado.o)
                0x0000000000000afc                DriverTecladoSW
 .text.DriverTecladoHW
                0x0000000000000b94       0x64 /home/lsldv/Descargas/Bibliotecas_de_Giura/libbibliotecaInfoII.a(DR_Teclado.o)
                0x0000000000000b94                DriverTecladoHW
 .text.AnalizarTimers
                0x0000000000000bf8       0x70 /home/lsldv/Descargas/Bibliotecas_de_Giura/libbibliotecaInfoII.a(DR_Timers.o)
                0x0000000000000bf8                AnalizarTimers
 .text.TimerEvent
                0x0000000000000c68       0x48 /home/lsldv/Descargas/Bibliotecas_de_Giura/libbibliotecaInfoII.a(DR_Timers.o)
                0x0000000000000c68                TimerEvent
 .text.UART0_IRQHandler
                0x0000000000000cb0       0x70 /home/lsldv/Descargas/Bibliotecas_de_Giura/libbibliotecaInfoII.a(DR_UART0.o)
                0x0000000000000cb0                UART0_IRQHandler
 .text.UART0_Inicializacion
                0x0000000000000d20       0x94 /home/lsldv/Descargas/Bibliotecas_de_Giura/libbibliotecaInfoII.a(DR_UART0.o)
                0x0000000000000d20                UART0_Inicializacion
 .text.UART0_PushRX
                0x0000000000000db4       0x44 /home/lsldv/Descargas/Bibliotecas_de_Giura/libbibliotecaInfoII.a(DR_UART0.o)
                0x0000000000000db4                UART0_PushRX
 .text.UART0_PopRX
                0x0000000000000df8       0x60 /home/lsldv/Descargas/Bibliotecas_de_Giura/libbibliotecaInfoII.a(DR_UART0.o)
                0x0000000000000df8                UART0_PopRX
 .text.UART0_PushTX
                0x0000000000000e58       0x60 /home/lsldv/Descargas/Bibliotecas_de_Giura/libbibliotecaInfoII.a(DR_UART0.o)
                0x0000000000000e58                UART0_PushTX
 .text.UART0_PopTX
                0x0000000000000eb8       0x60 /home/lsldv/Descargas/Bibliotecas_de_Giura/libbibliotecaInfoII.a(DR_UART0.o)
                0x0000000000000eb8                UART0_PopTX
 .text.UART1_IRQHandler
                0x0000000000000f18       0x70 /home/lsldv/Descargas/Bibliotecas_de_Giura/libbibliotecaInfoII.a(DR_UART1.o)
                0x0000000000000f18                UART1_IRQHandler
 .text.UART1_Inicializacion
                0x0000000000000f88       0x94 /home/lsldv/Descargas/Bibliotecas_de_Giura/libbibliotecaInfoII.a(DR_UART1.o)
                0x0000000000000f88                UART1_Inicializacion
 .text.UART1_PushRX
                0x000000000000101c       0x44 /home/lsldv/Descargas/Bibliotecas_de_Giura/libbibliotecaInfoII.a(DR_UART1.o)
                0x000000000000101c                UART1_PushRX
 .text.UART1_PushTX
                0x0000000000001060       0x60 /home/lsldv/Descargas/Bibliotecas_de_Giura/libbibliotecaInfoII.a(DR_UART1.o)
                0x0000000000001060                UART1_PushTX
 .text.UART1_PopTX
                0x00000000000010c0       0x60 /home/lsldv/Descargas/Bibliotecas_de_Giura/libbibliotecaInfoII.a(DR_UART1.o)
                0x00000000000010c0                UART1_PopTX
 .text.ADC_IRQHandler
                0x0000000000001120      0x168 /home/lsldv/Descargas/Bibliotecas_de_Giura/libbibliotecaInfoII.a(DR_adc.o)
                0x0000000000001120                ADC_IRQHandler
 .text.InicializarADC
                0x0000000000001288      0x10c /home/lsldv/Descargas/Bibliotecas_de_Giura/libbibliotecaInfoII.a(DR_adc.o)
                0x0000000000001288                InicializarADC
 .text.SetDIR   0x0000000000001394       0x78 /home/lsldv/Descargas/Bibliotecas_de_Giura/libbibliotecaInfoII.a(DR_gpio.o)
                0x0000000000001394                SetDIR
 .text.SetPIN   0x000000000000140c       0x7c /home/lsldv/Descargas/Bibliotecas_de_Giura/libbibliotecaInfoII.a(DR_gpio.o)
                0x000000000000140c                SetPIN
 .text.SetMODE  0x0000000000001488       0xa0 /home/lsldv/Descargas/Bibliotecas_de_Giura/libbibliotecaInfoII.a(DR_gpio.o)
                0x0000000000001488                SetMODE
 .text.GetPIN   0x0000000000001528       0x54 /home/lsldv/Descargas/Bibliotecas_de_Giura/libbibliotecaInfoII.a(DR_gpio.o)
                0x0000000000001528                GetPIN
 .text.InicializarLCD
                0x000000000000157c      0x150 /home/lsldv/Descargas/Bibliotecas_de_Giura/libbibliotecaInfoII.a(DR_lcd.o)
                0x000000000000157c                InicializarLCD
 .text.LCD_Push
                0x00000000000016cc       0xb8 /home/lsldv/Descargas/Bibliotecas_de_Giura/libbibliotecaInfoII.a(DR_lcd.o)
                0x00000000000016cc                LCD_Push
 .text.LCD_Pop  0x0000000000001784       0x74 /home/lsldv/Descargas/Bibliotecas_de_Giura/libbibliotecaInfoII.a(DR_lcd.o)
                0x0000000000001784                LCD_Pop
 .text.EscrituraLCD
                0x00000000000017f8      0x104 /home/lsldv/Descargas/Bibliotecas_de_Giura/libbibliotecaInfoII.a(DR_lcd.o)
                0x00000000000017f8                EscrituraLCD
 .text.SetPINSEL
                0x00000000000018fc       0x8a /home/lsldv/Descargas/Bibliotecas_de_Giura/libbibliotecaInfoII.a(DR_pinsel.o)
                0x00000000000018fc                SetPINSEL
 *fill*         0x0000000000001986        0x2 ff
 .text.Relays   0x0000000000001988       0x50 /home/lsldv/Descargas/Bibliotecas_de_Giura/libbibliotecaInfoII.a(PR_Relays.o)
                0x0000000000001988                Relays
 .text.Itoa     0x00000000000019d8       0xdc /home/lsldv/Descargas/Bibliotecas_de_Giura/libbibliotecaInfoII.a(PR_Strings.o)
                0x00000000000019d8                Itoa
 .text.Strcat   0x0000000000001ab4       0x6a /home/lsldv/Descargas/Bibliotecas_de_Giura/libbibliotecaInfoII.a(PR_Strings.o)
                0x0000000000001ab4                Strcat
 .text.Strcpy   0x0000000000001b1e       0x4c /home/lsldv/Descargas/Bibliotecas_de_Giura/libbibliotecaInfoII.a(PR_Strings.o)
                0x0000000000001b1e                Strcpy
 .text.Strformat
                0x0000000000001b6a       0x86 /home/lsldv/Descargas/Bibliotecas_de_Giura/libbibliotecaInfoII.a(PR_Strings.o)
                0x0000000000001b6a                Strformat
 .text.GetKey   0x0000000000001bf0       0x24 /home/lsldv/Descargas/Bibliotecas_de_Giura/libbibliotecaInfoII.a(PR_Teclado.o)
                0x0000000000001bf0                GetKey
 .text.TimerStart
                0x0000000000001c14       0xa4 /home/lsldv/Descargas/Bibliotecas_de_Giura/libbibliotecaInfoII.a(PR_Timers.o)
                0x0000000000001c14                TimerStart
 .text.Transmitir
                0x0000000000001cb8       0x5a /home/lsldv/Descargas/Bibliotecas_de_Giura/libbibliotecaInfoII.a(PR_UART.o)
                0x0000000000001cb8                Transmitir
 .text.Temperatura
                0x0000000000001d12       0x24 /home/lsldv/Descargas/Bibliotecas_de_Giura/libbibliotecaInfoII.a(PR_adc.o)
                0x0000000000001d12                Temperatura
 .text.Potenciometro
                0x0000000000001d36       0x30 /home/lsldv/Descargas/Bibliotecas_de_Giura/libbibliotecaInfoII.a(PR_adc.o)
                0x0000000000001d36                Potenciometro
 .text.ADC_Externa
                0x0000000000001d66       0x1c /home/lsldv/Descargas/Bibliotecas_de_Giura/libbibliotecaInfoII.a(PR_adc.o)
                0x0000000000001d66                ADC_Externa
 *fill*         0x0000000000001d82        0x2 ff
 .text.ADC_Promedio
                0x0000000000001d84       0xc8 /home/lsldv/Descargas/Bibliotecas_de_Giura/libbibliotecaInfoII.a(PR_adc.o)
                0x0000000000001d84                ADC_Promedio
 .text.TablaNTC
                0x0000000000001e4c       0x9c /home/lsldv/Descargas/Bibliotecas_de_Giura/libbibliotecaInfoII.a(PR_adc.o)
                0x0000000000001e4c                TablaNTC
 .text.LCD_Display
                0x0000000000001ee8       0x6c /home/lsldv/Descargas/Bibliotecas_de_Giura/libbibliotecaInfoII.a(PR_lcd.o)
                0x0000000000001ee8                LCD_Display
 .text.BarridoDisplay
                0x0000000000001f54      0x1a0 /home/lsldv/Descargas/Bibliotecas_de_Giura/libbibliotecaInfoII.a(DR_7seg.o)
                0x0000000000001f54                BarridoDisplay
 .text.InicializarDisplayExp2
                0x00000000000020f4       0x94 /home/lsldv/Descargas/Bibliotecas_de_Giura/libbibliotecaInfoII.a(DR_7seg.o)
                0x00000000000020f4                InicializarDisplayExp2
 .text.RefrescoBuzzer
                0x0000000000002188       0x24 /home/lsldv/Descargas/Bibliotecas_de_Giura/libbibliotecaInfoII.a(DR_Buzzer.o)
                0x0000000000002188                RefrescoBuzzer
 .text.InicializarBuzzer
                0x00000000000021ac       0x26 /home/lsldv/Descargas/Bibliotecas_de_Giura/libbibliotecaInfoII.a(DR_Buzzer.o)
                0x00000000000021ac                InicializarBuzzer
 *fill*         0x00000000000021d2        0x2 ff
 .text.DebounceEntradas
                0x00000000000021d4       0xec /home/lsldv/Descargas/Bibliotecas_de_Giura/libbibliotecaInfoII.a(DR_Entradas.o)
                0x00000000000021d4                DebounceEntradas
 .text.InicializarEntradas
                0x00000000000022c0       0x44 /home/lsldv/Descargas/Bibliotecas_de_Giura/libbibliotecaInfoII.a(DR_Entradas.o)
                0x00000000000022c0                InicializarEntradas
 .text.__weak_main
                0x0000000000002304        0x4 /usr/local/mcuxpressoide-10.2.0_759/ide/tools/bin/../lib/gcc/arm-none-eabi/7.2.1/../../../../arm-none-eabi/lib/thumb/v7-m/libcr_c.a(__weak__main.o)
                0x0000000000002304                __main
                0x0000000000002304                __weak_main
 .text.strchr   0x0000000000002308       0x18 /usr/local/mcuxpressoide-10.2.0_759/ide/tools/bin/../lib/gcc/arm-none-eabi/7.2.1/../../../../arm-none-eabi/lib/thumb/v7-m/libcr_c.a(strchr.o)
                0x0000000000002308                strchr
 .text.strlen   0x0000000000002320       0x4a /usr/local/mcuxpressoide-10.2.0_759/ide/tools/bin/../lib/gcc/arm-none-eabi/7.2.1/../../../../arm-none-eabi/lib/thumb/v7-m/libcr_c.a(strlen.o)
                0x0000000000002320                strlen
 *(.rodata .rodata.* .constdata .constdata.*)
 *fill*         0x000000000000236a        0x2 ff
 .rodata        0x000000000000236c       0x5d ./src/AP_Prueba1.o
 *fill*         0x00000000000023c9        0x3 ff
 .rodata        0x00000000000023cc       0x1d ./src/AP_PruebaUART.o
 *fill*         0x00000000000023e9        0x3 ff
 .rodata        0x00000000000023ec       0x20 ./src/main.o
 .rodata.Tabla_NTC
                0x000000000000240c       0x84 /home/lsldv/Descargas/Bibliotecas_de_Giura/libbibliotecaInfoII.a(PR_adc.o)
                0x000000000000240c                Tabla_NTC
                0x0000000000002490                . = ALIGN (0x4)

.glue_7         0x0000000000002490        0x0
 .glue_7        0x0000000000002490        0x0 linker stubs

.glue_7t        0x0000000000002490        0x0
 .glue_7t       0x0000000000002490        0x0 linker stubs

.vfp11_veneer   0x0000000000002490        0x0
 .vfp11_veneer  0x0000000000002490        0x0 linker stubs

.v4_bx          0x0000000000002490        0x0
 .v4_bx         0x0000000000002490        0x0 linker stubs

.iplt           0x0000000000002490        0x0
 .iplt          0x0000000000002490        0x0 ./src/AP_Prueba1.o

.rel.dyn        0x0000000000002490        0x0
 .rel.iplt      0x0000000000002490        0x0 ./src/AP_Prueba1.o

.ARM.extab
 *(.ARM.extab* .gnu.linkonce.armextab.*)
                0x0000000000002490                __exidx_start = .

.ARM.exidx
 *(.ARM.exidx* .gnu.linkonce.armexidx.*)
                0x0000000000002490                __exidx_end = .
                0x0000000000002490                _etext = .

.data_RAM2      0x000000002007c000        0x0 load address 0x0000000000002490
 FILL mask 0xff
                [!provide]                        PROVIDE (__start_data_RAM2, .)
 *(.ramfunc.$RAM2)
 *(.ramfunc.$RamAHB32)
 *(.data.$RAM2*)
 *(.data.$RamAHB32*)
                0x000000002007c000                . = ALIGN (0x4)
                [!provide]                        PROVIDE (__end_data_RAM2, .)

.uninit_RESERVED
                0x0000000010000000        0x0
 *(.bss.$RESERVED*)
                0x0000000010000000                . = ALIGN (0x4)
                0x0000000010000000                _end_uninit_RESERVED = .

.data           0x0000000010000000        0x8 load address 0x0000000000002490
 FILL mask 0xff
                0x0000000010000000                _data = .
 *(vtable)
 *(.ramfunc*)
 *(.data*)
 .data.aux.4070
                0x0000000010000000        0x5 ./src/AP_PruebaUART.o
 .data.Tecla    0x0000000010000005        0x1 /home/lsldv/Descargas/Bibliotecas_de_Giura/libbibliotecaInfoII.a(DR_Teclado.o)
                0x0000000010000005                Tecla
 .data.CodigoAnterior.3725
                0x0000000010000006        0x1 /home/lsldv/Descargas/Bibliotecas_de_Giura/libbibliotecaInfoII.a(DR_Teclado.o)
 .data.indice_ad.3665
                0x0000000010000007        0x1 /home/lsldv/Descargas/Bibliotecas_de_Giura/libbibliotecaInfoII.a(DR_adc.o)
                0x0000000010000008                . = ALIGN (0x4)
                0x0000000010000008                _edata = .

.igot.plt       0x0000000010000008        0x0 load address 0x0000000000002498
 .igot.plt      0x0000000010000008        0x0 ./src/AP_Prueba1.o

.bss_RAM2       0x000000002007c000        0x0
                [!provide]                        PROVIDE (__start_bss_RAM2, .)
 *(.bss.$RAM2*)
 *(.bss.$RamAHB32*)
                0x000000002007c000                . = ALIGN ((. != 0x0)?0x4:0x1)
                [!provide]                        PROVIDE (__end_bss_RAM2, .)

.bss            0x0000000010000008     0x1138
                0x0000000010000008                _bss = .
 *(.bss*)
 .bss.estado.3833
                0x0000000010000008        0x1 ./src/AP_Prueba1.o
 .bss.Switch.3832
                0x0000000010000009        0x1 ./src/AP_Prueba1.o
 *fill*         0x000000001000000a        0x2 
 .bss.Numero.3834
                0x000000001000000c       0x10 ./src/AP_Prueba1.o
 .bss.Aux.3835  0x000000001000001c       0x10 ./src/AP_Prueba1.o
 .bss.Fin.3836  0x000000001000002c        0x1 ./src/AP_Prueba1.o
 .bss.Estado    0x000000001000002d        0x1 ./src/AP_PruebaUART.o
                0x000000001000002d                Estado
 .bss.comando.4068
                0x000000001000002e        0x1 ./src/AP_PruebaUART.o
 *fill*         0x000000001000002f        0x1 
 .bss.buff.4069
                0x0000000010000030        0x7 ./src/AP_PruebaUART.o
 .bss.EstadoRelay.3834
                0x0000000010000037        0x1 ./src/main.o
 .bss.BufferSalidas
                0x0000000010000038        0x4 /home/lsldv/Descargas/Bibliotecas_de_Giura/libbibliotecaInfoII.a(DR_Salidas.o)
                0x0000000010000038                BufferSalidas
 .bss.EstadosEstables.3726
                0x000000001000003c        0x1 /home/lsldv/Descargas/Bibliotecas_de_Giura/libbibliotecaInfoII.a(DR_Teclado.o)
 *fill*         0x000000001000003d        0x3 
 .bss.Tmr_Run   0x0000000010000040       0x78 /home/lsldv/Descargas/Bibliotecas_de_Giura/libbibliotecaInfoII.a(DR_Timers.o)
                0x0000000010000040                Tmr_Run
 .bss.TMR_Events
                0x00000000100000b8       0x1e /home/lsldv/Descargas/Bibliotecas_de_Giura/libbibliotecaInfoII.a(DR_Timers.o)
                0x00000000100000b8                TMR_Events
 *fill*         0x00000000100000d6        0x2 
 .bss.TMR_handlers
                0x00000000100000d8       0x78 /home/lsldv/Descargas/Bibliotecas_de_Giura/libbibliotecaInfoII.a(DR_Timers.o)
                0x00000000100000d8                TMR_handlers
 .bss.TMR_StandBy
                0x0000000010000150       0x1e /home/lsldv/Descargas/Bibliotecas_de_Giura/libbibliotecaInfoII.a(DR_Timers.o)
                0x0000000010000150                TMR_StandBy
 *fill*         0x000000001000016e        0x2 
 .bss.Tmr_Base  0x0000000010000170       0x1e /home/lsldv/Descargas/Bibliotecas_de_Giura/libbibliotecaInfoII.a(DR_Timers.o)
                0x0000000010000170                Tmr_Base
 *fill*         0x000000001000018e        0x2 
 .bss.UART0_BufferRx
                0x0000000010000190      0x200 /home/lsldv/Descargas/Bibliotecas_de_Giura/libbibliotecaInfoII.a(DR_UART0.o)
 .bss.UART0_BufferTx
                0x0000000010000390      0x200 /home/lsldv/Descargas/Bibliotecas_de_Giura/libbibliotecaInfoII.a(DR_UART0.o)
 .bss.UART0_inRX
                0x0000000010000590        0x1 /home/lsldv/Descargas/Bibliotecas_de_Giura/libbibliotecaInfoII.a(DR_UART0.o)
 .bss.UART0_outRX
                0x0000000010000591        0x1 /home/lsldv/Descargas/Bibliotecas_de_Giura/libbibliotecaInfoII.a(DR_UART0.o)
 .bss.UART0_inTX
                0x0000000010000592        0x1 /home/lsldv/Descargas/Bibliotecas_de_Giura/libbibliotecaInfoII.a(DR_UART0.o)
 .bss.UART0_outTX
                0x0000000010000593        0x1 /home/lsldv/Descargas/Bibliotecas_de_Giura/libbibliotecaInfoII.a(DR_UART0.o)
 .bss.UART0_flagTx
                0x0000000010000594        0x2 /home/lsldv/Descargas/Bibliotecas_de_Giura/libbibliotecaInfoII.a(DR_UART0.o)
 *fill*         0x0000000010000596        0x2 
 .bss.UART1_BufferRx
                0x0000000010000598      0x200 /home/lsldv/Descargas/Bibliotecas_de_Giura/libbibliotecaInfoII.a(DR_UART1.o)
 .bss.UART1_BufferTx
                0x0000000010000798      0x200 /home/lsldv/Descargas/Bibliotecas_de_Giura/libbibliotecaInfoII.a(DR_UART1.o)
 .bss.UART1_inRX
                0x0000000010000998        0x1 /home/lsldv/Descargas/Bibliotecas_de_Giura/libbibliotecaInfoII.a(DR_UART1.o)
 .bss.UART1_inTX
                0x0000000010000999        0x1 /home/lsldv/Descargas/Bibliotecas_de_Giura/libbibliotecaInfoII.a(DR_UART1.o)
 .bss.UART1_outTX
                0x000000001000099a        0x1 /home/lsldv/Descargas/Bibliotecas_de_Giura/libbibliotecaInfoII.a(DR_UART1.o)
 *fill*         0x000000001000099b        0x1 
 .bss.UART1_flagTx
                0x000000001000099c        0x2 /home/lsldv/Descargas/Bibliotecas_de_Giura/libbibliotecaInfoII.a(DR_UART1.o)
 *fill*         0x000000001000099e        0x2 
 .bss.valorADC1
                0x00000000100009a0      0x200 /home/lsldv/Descargas/Bibliotecas_de_Giura/libbibliotecaInfoII.a(DR_adc.o)
                0x00000000100009a0                valorADC1
 .bss.valorADC2
                0x0000000010000ba0      0x200 /home/lsldv/Descargas/Bibliotecas_de_Giura/libbibliotecaInfoII.a(DR_adc.o)
                0x0000000010000ba0                valorADC2
 .bss.valorADC5
                0x0000000010000da0      0x200 /home/lsldv/Descargas/Bibliotecas_de_Giura/libbibliotecaInfoII.a(DR_adc.o)
                0x0000000010000da0                valorADC5
 .bss.muestra.3666
                0x0000000010000fa0        0x4 /home/lsldv/Descargas/Bibliotecas_de_Giura/libbibliotecaInfoII.a(DR_adc.o)
 .bss.lcdDelay  0x0000000010000fa4        0x4 /home/lsldv/Descargas/Bibliotecas_de_Giura/libbibliotecaInfoII.a(DR_lcd.o)
                0x0000000010000fa4                lcdDelay
 .bss.lcdBuffer
                0x0000000010000fa8      0x154 /home/lsldv/Descargas/Bibliotecas_de_Giura/libbibliotecaInfoII.a(DR_lcd.o)
                0x0000000010000fa8                lcdBuffer
 .bss.lcdInxIn  0x00000000100010fc        0x4 /home/lsldv/Descargas/Bibliotecas_de_Giura/libbibliotecaInfoII.a(DR_lcd.o)
                0x00000000100010fc                lcdInxIn
 .bss.lcdInxOut
                0x0000000010001100        0x4 /home/lsldv/Descargas/Bibliotecas_de_Giura/libbibliotecaInfoII.a(DR_lcd.o)
                0x0000000010001100                lcdInxOut
 .bss.lcdDataCount
                0x0000000010001104        0x4 /home/lsldv/Descargas/Bibliotecas_de_Giura/libbibliotecaInfoII.a(DR_lcd.o)
                0x0000000010001104                lcdDataCount
 .bss.Mensaje0  0x0000000010001108       0x14 /home/lsldv/Descargas/Bibliotecas_de_Giura/libbibliotecaInfoII.a(PR_Strings.o)
                0x0000000010001108                Mensaje0
 .bss.Mensaje1  0x000000001000111c       0x14 /home/lsldv/Descargas/Bibliotecas_de_Giura/libbibliotecaInfoII.a(PR_Strings.o)
                0x000000001000111c                Mensaje1
 .bss.Digito_Display
                0x0000000010001130        0x6 /home/lsldv/Descargas/Bibliotecas_de_Giura/libbibliotecaInfoII.a(DR_7seg.o)
                0x0000000010001130                Digito_Display
 .bss.Indice_Display.3716
                0x0000000010001136        0x1 /home/lsldv/Descargas/Bibliotecas_de_Giura/libbibliotecaInfoII.a(DR_7seg.o)
 .bss.BufferBuzzer
                0x0000000010001137        0x1 /home/lsldv/Descargas/Bibliotecas_de_Giura/libbibliotecaInfoII.a(DR_Buzzer.o)
                0x0000000010001137                BufferBuzzer
 .bss.BufferEntradas
                0x0000000010001138        0x1 /home/lsldv/Descargas/Bibliotecas_de_Giura/libbibliotecaInfoII.a(DR_Entradas.o)
                0x0000000010001138                BufferEntradas
 *fill*         0x0000000010001139        0x3 
 .bss.ContadorEntradas.3715
                0x000000001000113c        0x3 /home/lsldv/Descargas/Bibliotecas_de_Giura/libbibliotecaInfoII.a(DR_Entradas.o)
 *(COMMON)
                0x0000000010001140                . = ALIGN (0x4)
 *fill*         0x000000001000113f        0x1 
                0x0000000010001140                _ebss = .
                [!provide]                        PROVIDE (end, .)

.noinit_RAM2    0x000000002007c000        0x0
 *(.noinit.$RAM2*)
 *(.noinit.$RamAHB32*)
                0x000000002007c000                . = ALIGN (0x4)

.noinit         0x0000000010001140        0x0
                0x0000000010001140                _noinit = .
 *(.noinit*)
                0x0000000010001140                . = ALIGN (0x4)
                0x0000000010001140                _end_noinit = .
                [!provide]                        PROVIDE (_pvHeapStart, DEFINED (__user_heap_base)?__user_heap_base:.)
                0x0000000010008000                PROVIDE (_vStackTop, DEFINED (__user_stack_top)?__user_stack_top:(__top_RamLoc32 - 0x0))
                0xffffffffefff74f2                PROVIDE (__valid_user_code_checksum, (0x0 - ((((((_vStackTop + (ResetISR + 0x1)) + (NMI_Handler + 0x1)) + (HardFault_Handler + 0x1)) + (DEFINED (MemManage_Handler)?MemManage_Handler:0x0 + 0x1)) + (DEFINED (BusFault_Handler)?BusFault_Handler:0x0 + 0x1)) + (DEFINED (UsageFault_Handler)?UsageFault_Handler:0x0 + 0x1))))
                0x0000000000000000                _image_start = LOADADDR (.text)
                0x0000000000002498                _image_end = (LOADADDR (.data) + SIZEOF (.data))
                0x0000000000002498                _image_size = (_image_end - _image_start)
OUTPUT(Para_Proyecto_Version_02_1.axf elf32-littlearm)

.debug_info     0x0000000000000000     0x2b7a
 .debug_info    0x0000000000000000      0x20c ./src/AP_Prueba1.o
 .debug_info    0x000000000000020c      0x2b1 ./src/AP_PruebaUART.o
 .debug_info    0x00000000000004bd      0x255 ./src/cr_startup_lpc175x_6x.o
 .debug_info    0x0000000000000712       0x3f ./src/crp.o
 .debug_info    0x0000000000000751      0x1d2 ./src/main.o
 .debug_info    0x0000000000000923      0x185 /home/lsldv/Descargas/Bibliotecas_de_Giura/libbibliotecaInfoII.a(DR_Inicializacion.o)
 .debug_info    0x0000000000000aa8       0x70 /home/lsldv/Descargas/Bibliotecas_de_Giura/libbibliotecaInfoII.a(DR_PLL.o)
 .debug_info    0x0000000000000b18      0x123 /home/lsldv/Descargas/Bibliotecas_de_Giura/libbibliotecaInfoII.a(DR_RGB.o)
 .debug_info    0x0000000000000c3b      0x14c /home/lsldv/Descargas/Bibliotecas_de_Giura/libbibliotecaInfoII.a(DR_Salidas.o)
 .debug_info    0x0000000000000d87      0x225 /home/lsldv/Descargas/Bibliotecas_de_Giura/libbibliotecaInfoII.a(DR_SysTick.o)
 .debug_info    0x0000000000000fac      0x1a9 /home/lsldv/Descargas/Bibliotecas_de_Giura/libbibliotecaInfoII.a(DR_Teclado.o)
 .debug_info    0x0000000000001155      0x16d /home/lsldv/Descargas/Bibliotecas_de_Giura/libbibliotecaInfoII.a(DR_Timers.o)
 .debug_info    0x00000000000012c2      0x204 /home/lsldv/Descargas/Bibliotecas_de_Giura/libbibliotecaInfoII.a(DR_UART0.o)
 .debug_info    0x00000000000014c6      0x204 /home/lsldv/Descargas/Bibliotecas_de_Giura/libbibliotecaInfoII.a(DR_UART1.o)
 .debug_info    0x00000000000016ca      0x11f /home/lsldv/Descargas/Bibliotecas_de_Giura/libbibliotecaInfoII.a(DR_adc.o)
 .debug_info    0x00000000000017e9      0x1c1 /home/lsldv/Descargas/Bibliotecas_de_Giura/libbibliotecaInfoII.a(DR_gpio.o)
 .debug_info    0x00000000000019aa      0x23a /home/lsldv/Descargas/Bibliotecas_de_Giura/libbibliotecaInfoII.a(DR_lcd.o)
 .debug_info    0x0000000000001be4       0xa6 /home/lsldv/Descargas/Bibliotecas_de_Giura/libbibliotecaInfoII.a(DR_pinsel.o)
 .debug_info    0x0000000000001c8a      0x14b /home/lsldv/Descargas/Bibliotecas_de_Giura/libbibliotecaInfoII.a(PR_Relays.o)
 .debug_info    0x0000000000001dd5      0x209 /home/lsldv/Descargas/Bibliotecas_de_Giura/libbibliotecaInfoII.a(PR_Strings.o)
 .debug_info    0x0000000000001fde      0x141 /home/lsldv/Descargas/Bibliotecas_de_Giura/libbibliotecaInfoII.a(PR_Teclado.o)
 .debug_info    0x000000000000211f      0x221 /home/lsldv/Descargas/Bibliotecas_de_Giura/libbibliotecaInfoII.a(PR_Timers.o)
 .debug_info    0x0000000000002340       0xc1 /home/lsldv/Descargas/Bibliotecas_de_Giura/libbibliotecaInfoII.a(PR_UART.o)
 .debug_info    0x0000000000002401      0x1d0 /home/lsldv/Descargas/Bibliotecas_de_Giura/libbibliotecaInfoII.a(PR_adc.o)
 .debug_info    0x00000000000025d1      0x174 /home/lsldv/Descargas/Bibliotecas_de_Giura/libbibliotecaInfoII.a(PR_lcd.o)
 .debug_info    0x0000000000002745      0x161 /home/lsldv/Descargas/Bibliotecas_de_Giura/libbibliotecaInfoII.a(DR_7seg.o)
 .debug_info    0x00000000000028a6      0x14c /home/lsldv/Descargas/Bibliotecas_de_Giura/libbibliotecaInfoII.a(DR_Buzzer.o)
 .debug_info    0x00000000000029f2      0x188 /home/lsldv/Descargas/Bibliotecas_de_Giura/libbibliotecaInfoII.a(DR_Entradas.o)

.debug_abbrev   0x0000000000000000     0x14ff
 .debug_abbrev  0x0000000000000000       0xb8 ./src/AP_Prueba1.o
 .debug_abbrev  0x00000000000000b8       0xda ./src/AP_PruebaUART.o
 .debug_abbrev  0x0000000000000192      0x114 ./src/cr_startup_lpc175x_6x.o
 .debug_abbrev  0x00000000000002a6       0x36 ./src/crp.o
 .debug_abbrev  0x00000000000002dc       0xba ./src/main.o
 .debug_abbrev  0x0000000000000396       0x91 /home/lsldv/Descargas/Bibliotecas_de_Giura/libbibliotecaInfoII.a(DR_Inicializacion.o)
 .debug_abbrev  0x0000000000000427       0x52 /home/lsldv/Descargas/Bibliotecas_de_Giura/libbibliotecaInfoII.a(DR_PLL.o)
 .debug_abbrev  0x0000000000000479       0x91 /home/lsldv/Descargas/Bibliotecas_de_Giura/libbibliotecaInfoII.a(DR_RGB.o)
 .debug_abbrev  0x000000000000050a       0x9e /home/lsldv/Descargas/Bibliotecas_de_Giura/libbibliotecaInfoII.a(DR_Salidas.o)
 .debug_abbrev  0x00000000000005a8      0x104 /home/lsldv/Descargas/Bibliotecas_de_Giura/libbibliotecaInfoII.a(DR_SysTick.o)
 .debug_abbrev  0x00000000000006ac       0xe3 /home/lsldv/Descargas/Bibliotecas_de_Giura/libbibliotecaInfoII.a(DR_Teclado.o)
 .debug_abbrev  0x000000000000078f       0xc2 /home/lsldv/Descargas/Bibliotecas_de_Giura/libbibliotecaInfoII.a(DR_Timers.o)
 .debug_abbrev  0x0000000000000851       0xe8 /home/lsldv/Descargas/Bibliotecas_de_Giura/libbibliotecaInfoII.a(DR_UART0.o)
 .debug_abbrev  0x0000000000000939       0xe8 /home/lsldv/Descargas/Bibliotecas_de_Giura/libbibliotecaInfoII.a(DR_UART1.o)
 .debug_abbrev  0x0000000000000a21       0xb0 /home/lsldv/Descargas/Bibliotecas_de_Giura/libbibliotecaInfoII.a(DR_adc.o)
 .debug_abbrev  0x0000000000000ad1       0xd4 /home/lsldv/Descargas/Bibliotecas_de_Giura/libbibliotecaInfoII.a(DR_gpio.o)
 .debug_abbrev  0x0000000000000ba5      0x11b /home/lsldv/Descargas/Bibliotecas_de_Giura/libbibliotecaInfoII.a(DR_lcd.o)
 .debug_abbrev  0x0000000000000cc0       0x70 /home/lsldv/Descargas/Bibliotecas_de_Giura/libbibliotecaInfoII.a(DR_pinsel.o)
 .debug_abbrev  0x0000000000000d30       0xa0 /home/lsldv/Descargas/Bibliotecas_de_Giura/libbibliotecaInfoII.a(PR_Relays.o)
 .debug_abbrev  0x0000000000000dd0       0xf1 /home/lsldv/Descargas/Bibliotecas_de_Giura/libbibliotecaInfoII.a(PR_Strings.o)
 .debug_abbrev  0x0000000000000ec1       0xa2 /home/lsldv/Descargas/Bibliotecas_de_Giura/libbibliotecaInfoII.a(PR_Teclado.o)
 .debug_abbrev  0x0000000000000f63      0x109 /home/lsldv/Descargas/Bibliotecas_de_Giura/libbibliotecaInfoII.a(PR_Timers.o)
 .debug_abbrev  0x000000000000106c       0x91 /home/lsldv/Descargas/Bibliotecas_de_Giura/libbibliotecaInfoII.a(PR_UART.o)
 .debug_abbrev  0x00000000000010fd       0xfb /home/lsldv/Descargas/Bibliotecas_de_Giura/libbibliotecaInfoII.a(PR_adc.o)
 .debug_abbrev  0x00000000000011f8       0xc7 /home/lsldv/Descargas/Bibliotecas_de_Giura/libbibliotecaInfoII.a(PR_lcd.o)
 .debug_abbrev  0x00000000000012bf       0xc5 /home/lsldv/Descargas/Bibliotecas_de_Giura/libbibliotecaInfoII.a(DR_7seg.o)
 .debug_abbrev  0x0000000000001384       0x9e /home/lsldv/Descargas/Bibliotecas_de_Giura/libbibliotecaInfoII.a(DR_Buzzer.o)
 .debug_abbrev  0x0000000000001422       0xdd /home/lsldv/Descargas/Bibliotecas_de_Giura/libbibliotecaInfoII.a(DR_Entradas.o)

.debug_aranges  0x0000000000000000      0x508
 .debug_aranges
                0x0000000000000000       0x20 ./src/AP_Prueba1.o
 .debug_aranges
                0x0000000000000020       0x20 ./src/AP_PruebaUART.o
 .debug_aranges
                0x0000000000000040       0x80 ./src/cr_startup_lpc175x_6x.o
 .debug_aranges
                0x00000000000000c0       0x18 ./src/crp.o
 .debug_aranges
                0x00000000000000d8       0x28 ./src/main.o
 .debug_aranges
                0x0000000000000100       0x20 /home/lsldv/Descargas/Bibliotecas_de_Giura/libbibliotecaInfoII.a(DR_Inicializacion.o)
 .debug_aranges
                0x0000000000000120       0x20 /home/lsldv/Descargas/Bibliotecas_de_Giura/libbibliotecaInfoII.a(DR_PLL.o)
 .debug_aranges
                0x0000000000000140       0x20 /home/lsldv/Descargas/Bibliotecas_de_Giura/libbibliotecaInfoII.a(DR_RGB.o)
 .debug_aranges
                0x0000000000000160       0x28 /home/lsldv/Descargas/Bibliotecas_de_Giura/libbibliotecaInfoII.a(DR_Salidas.o)
 .debug_aranges
                0x0000000000000188       0x28 /home/lsldv/Descargas/Bibliotecas_de_Giura/libbibliotecaInfoII.a(DR_SysTick.o)
 .debug_aranges
                0x00000000000001b0       0x30 /home/lsldv/Descargas/Bibliotecas_de_Giura/libbibliotecaInfoII.a(DR_Teclado.o)
 .debug_aranges
                0x00000000000001e0       0x28 /home/lsldv/Descargas/Bibliotecas_de_Giura/libbibliotecaInfoII.a(DR_Timers.o)
 .debug_aranges
                0x0000000000000208       0x48 /home/lsldv/Descargas/Bibliotecas_de_Giura/libbibliotecaInfoII.a(DR_UART0.o)
 .debug_aranges
                0x0000000000000250       0x48 /home/lsldv/Descargas/Bibliotecas_de_Giura/libbibliotecaInfoII.a(DR_UART1.o)
 .debug_aranges
                0x0000000000000298       0x28 /home/lsldv/Descargas/Bibliotecas_de_Giura/libbibliotecaInfoII.a(DR_adc.o)
 .debug_aranges
                0x00000000000002c0       0x38 /home/lsldv/Descargas/Bibliotecas_de_Giura/libbibliotecaInfoII.a(DR_gpio.o)
 .debug_aranges
                0x00000000000002f8       0x38 /home/lsldv/Descargas/Bibliotecas_de_Giura/libbibliotecaInfoII.a(DR_lcd.o)
 .debug_aranges
                0x0000000000000330       0x20 /home/lsldv/Descargas/Bibliotecas_de_Giura/libbibliotecaInfoII.a(DR_pinsel.o)
 .debug_aranges
                0x0000000000000350       0x20 /home/lsldv/Descargas/Bibliotecas_de_Giura/libbibliotecaInfoII.a(PR_Relays.o)
 .debug_aranges
                0x0000000000000370       0x38 /home/lsldv/Descargas/Bibliotecas_de_Giura/libbibliotecaInfoII.a(PR_Strings.o)
 .debug_aranges
                0x00000000000003a8       0x20 /home/lsldv/Descargas/Bibliotecas_de_Giura/libbibliotecaInfoII.a(PR_Teclado.o)
 .debug_aranges
                0x00000000000003c8       0x48 /home/lsldv/Descargas/Bibliotecas_de_Giura/libbibliotecaInfoII.a(PR_Timers.o)
 .debug_aranges
                0x0000000000000410       0x20 /home/lsldv/Descargas/Bibliotecas_de_Giura/libbibliotecaInfoII.a(PR_UART.o)
 .debug_aranges
                0x0000000000000430       0x40 /home/lsldv/Descargas/Bibliotecas_de_Giura/libbibliotecaInfoII.a(PR_adc.o)
 .debug_aranges
                0x0000000000000470       0x20 /home/lsldv/Descargas/Bibliotecas_de_Giura/libbibliotecaInfoII.a(PR_lcd.o)
 .debug_aranges
                0x0000000000000490       0x28 /home/lsldv/Descargas/Bibliotecas_de_Giura/libbibliotecaInfoII.a(DR_7seg.o)
 .debug_aranges
                0x00000000000004b8       0x28 /home/lsldv/Descargas/Bibliotecas_de_Giura/libbibliotecaInfoII.a(DR_Buzzer.o)
 .debug_aranges
                0x00000000000004e0       0x28 /home/lsldv/Descargas/Bibliotecas_de_Giura/libbibliotecaInfoII.a(DR_Entradas.o)

.debug_ranges   0x0000000000000000      0x340
 .debug_ranges  0x0000000000000000       0x10 ./src/AP_Prueba1.o
 .debug_ranges  0x0000000000000010       0x10 ./src/AP_PruebaUART.o
 .debug_ranges  0x0000000000000020       0x70 ./src/cr_startup_lpc175x_6x.o
 .debug_ranges  0x0000000000000090       0x18 ./src/main.o
 .debug_ranges  0x00000000000000a8       0x10 /home/lsldv/Descargas/Bibliotecas_de_Giura/libbibliotecaInfoII.a(DR_Inicializacion.o)
 .debug_ranges  0x00000000000000b8       0x10 /home/lsldv/Descargas/Bibliotecas_de_Giura/libbibliotecaInfoII.a(DR_PLL.o)
 .debug_ranges  0x00000000000000c8       0x10 /home/lsldv/Descargas/Bibliotecas_de_Giura/libbibliotecaInfoII.a(DR_RGB.o)
 .debug_ranges  0x00000000000000d8       0x18 /home/lsldv/Descargas/Bibliotecas_de_Giura/libbibliotecaInfoII.a(DR_Salidas.o)
 .debug_ranges  0x00000000000000f0       0x18 /home/lsldv/Descargas/Bibliotecas_de_Giura/libbibliotecaInfoII.a(DR_SysTick.o)
 .debug_ranges  0x0000000000000108       0x20 /home/lsldv/Descargas/Bibliotecas_de_Giura/libbibliotecaInfoII.a(DR_Teclado.o)
 .debug_ranges  0x0000000000000128       0x18 /home/lsldv/Descargas/Bibliotecas_de_Giura/libbibliotecaInfoII.a(DR_Timers.o)
 .debug_ranges  0x0000000000000140       0x38 /home/lsldv/Descargas/Bibliotecas_de_Giura/libbibliotecaInfoII.a(DR_UART0.o)
 .debug_ranges  0x0000000000000178       0x38 /home/lsldv/Descargas/Bibliotecas_de_Giura/libbibliotecaInfoII.a(DR_UART1.o)
 .debug_ranges  0x00000000000001b0       0x18 /home/lsldv/Descargas/Bibliotecas_de_Giura/libbibliotecaInfoII.a(DR_adc.o)
 .debug_ranges  0x00000000000001c8       0x28 /home/lsldv/Descargas/Bibliotecas_de_Giura/libbibliotecaInfoII.a(DR_gpio.o)
 .debug_ranges  0x00000000000001f0       0x28 /home/lsldv/Descargas/Bibliotecas_de_Giura/libbibliotecaInfoII.a(DR_lcd.o)
 .debug_ranges  0x0000000000000218       0x10 /home/lsldv/Descargas/Bibliotecas_de_Giura/libbibliotecaInfoII.a(DR_pinsel.o)
 .debug_ranges  0x0000000000000228       0x10 /home/lsldv/Descargas/Bibliotecas_de_Giura/libbibliotecaInfoII.a(PR_Relays.o)
 .debug_ranges  0x0000000000000238       0x28 /home/lsldv/Descargas/Bibliotecas_de_Giura/libbibliotecaInfoII.a(PR_Strings.o)
 .debug_ranges  0x0000000000000260       0x10 /home/lsldv/Descargas/Bibliotecas_de_Giura/libbibliotecaInfoII.a(PR_Teclado.o)
 .debug_ranges  0x0000000000000270       0x38 /home/lsldv/Descargas/Bibliotecas_de_Giura/libbibliotecaInfoII.a(PR_Timers.o)
 .debug_ranges  0x00000000000002a8       0x10 /home/lsldv/Descargas/Bibliotecas_de_Giura/libbibliotecaInfoII.a(PR_UART.o)
 .debug_ranges  0x00000000000002b8       0x30 /home/lsldv/Descargas/Bibliotecas_de_Giura/libbibliotecaInfoII.a(PR_adc.o)
 .debug_ranges  0x00000000000002e8       0x10 /home/lsldv/Descargas/Bibliotecas_de_Giura/libbibliotecaInfoII.a(PR_lcd.o)
 .debug_ranges  0x00000000000002f8       0x18 /home/lsldv/Descargas/Bibliotecas_de_Giura/libbibliotecaInfoII.a(DR_7seg.o)
 .debug_ranges  0x0000000000000310       0x18 /home/lsldv/Descargas/Bibliotecas_de_Giura/libbibliotecaInfoII.a(DR_Buzzer.o)
 .debug_ranges  0x0000000000000328       0x18 /home/lsldv/Descargas/Bibliotecas_de_Giura/libbibliotecaInfoII.a(DR_Entradas.o)

.debug_macro    0x0000000000000000     0x3647
 .debug_macro   0x0000000000000000      0x176 ./src/AP_Prueba1.o
 .debug_macro   0x0000000000000176      0xa66 ./src/AP_Prueba1.o
 .debug_macro   0x0000000000000bdc       0x2e ./src/AP_Prueba1.o
 .debug_macro   0x0000000000000c0a      0x130 ./src/AP_Prueba1.o
 .debug_macro   0x0000000000000d3a       0x64 ./src/AP_Prueba1.o
 .debug_macro   0x0000000000000d9e      0x172 ./src/AP_Prueba1.o
 .debug_macro   0x0000000000000f10      0x196 ./src/AP_Prueba1.o
 .debug_macro   0x00000000000010a6       0x76 ./src/AP_Prueba1.o
 .debug_macro   0x000000000000111c      0x118 ./src/AP_Prueba1.o
 .debug_macro   0x0000000000001234       0x40 ./src/AP_Prueba1.o
 .debug_macro   0x0000000000001274       0x16 ./src/AP_Prueba1.o
 .debug_macro   0x000000000000128a       0x16 ./src/AP_Prueba1.o
 .debug_macro   0x00000000000012a0       0x10 ./src/AP_Prueba1.o
 .debug_macro   0x00000000000012b0       0x10 ./src/AP_Prueba1.o
 .debug_macro   0x00000000000012c0       0x10 ./src/AP_Prueba1.o
 .debug_macro   0x00000000000012d0       0x28 ./src/AP_Prueba1.o
 .debug_macro   0x00000000000012f8      0x100 ./src/AP_Prueba1.o
 .debug_macro   0x00000000000013f8       0x40 ./src/AP_Prueba1.o
 .debug_macro   0x0000000000001438       0x28 ./src/AP_Prueba1.o
 .debug_macro   0x0000000000001460       0x10 ./src/AP_Prueba1.o
 .debug_macro   0x0000000000001470       0x1c ./src/AP_Prueba1.o
 .debug_macro   0x000000000000148c       0x16 ./src/AP_Prueba1.o
 .debug_macro   0x00000000000014a2       0x2e ./src/AP_Prueba1.o
 .debug_macro   0x00000000000014d0      0x1af ./src/AP_PruebaUART.o
 .debug_macro   0x000000000000167f       0x10 ./src/AP_PruebaUART.o
 .debug_macro   0x000000000000168f      0x12d ./src/AP_PruebaUART.o
 .debug_macro   0x00000000000017bc       0x1d ./src/cr_startup_lpc175x_6x.o
 .debug_macro   0x00000000000017d9       0x1a ./src/crp.o
 .debug_macro   0x00000000000017f3       0x34 ./src/crp.o
 .debug_macro   0x0000000000001827      0x189 ./src/main.o
 .debug_macro   0x00000000000019b0       0x82 ./src/main.o
 .debug_macro   0x0000000000001a32       0xed /home/lsldv/Descargas/Bibliotecas_de_Giura/libbibliotecaInfoII.a(DR_Inicializacion.o)
 .debug_macro   0x0000000000001b1f      0xa66 /home/lsldv/Descargas/Bibliotecas_de_Giura/libbibliotecaInfoII.a(DR_Inicializacion.o)
 .debug_macro   0x0000000000002585       0x10 /home/lsldv/Descargas/Bibliotecas_de_Giura/libbibliotecaInfoII.a(DR_Inicializacion.o)
 .debug_macro   0x0000000000002595      0x100 /home/lsldv/Descargas/Bibliotecas_de_Giura/libbibliotecaInfoII.a(DR_Inicializacion.o)
 .debug_macro   0x0000000000002695       0x3a /home/lsldv/Descargas/Bibliotecas_de_Giura/libbibliotecaInfoII.a(DR_Inicializacion.o)
 .debug_macro   0x00000000000026cf       0x28 /home/lsldv/Descargas/Bibliotecas_de_Giura/libbibliotecaInfoII.a(DR_Inicializacion.o)
 .debug_macro   0x00000000000026f7      0x136 /home/lsldv/Descargas/Bibliotecas_de_Giura/libbibliotecaInfoII.a(DR_Inicializacion.o)
 .debug_macro   0x000000000000282d       0x29 /home/lsldv/Descargas/Bibliotecas_de_Giura/libbibliotecaInfoII.a(DR_PLL.o)
 .debug_macro   0x0000000000002856      0x112 /home/lsldv/Descargas/Bibliotecas_de_Giura/libbibliotecaInfoII.a(DR_PLL.o)
 .debug_macro   0x0000000000002968       0xa2 /home/lsldv/Descargas/Bibliotecas_de_Giura/libbibliotecaInfoII.a(DR_RGB.o)
 .debug_macro   0x0000000000002a0a       0x9e /home/lsldv/Descargas/Bibliotecas_de_Giura/libbibliotecaInfoII.a(DR_Salidas.o)
 .debug_macro   0x0000000000002aa8       0xc4 /home/lsldv/Descargas/Bibliotecas_de_Giura/libbibliotecaInfoII.a(DR_SysTick.o)
 .debug_macro   0x0000000000002b6c       0xad /home/lsldv/Descargas/Bibliotecas_de_Giura/libbibliotecaInfoII.a(DR_Teclado.o)
 .debug_macro   0x0000000000002c19       0x22 /home/lsldv/Descargas/Bibliotecas_de_Giura/libbibliotecaInfoII.a(DR_Teclado.o)
 .debug_macro   0x0000000000002c3b       0x2e /home/lsldv/Descargas/Bibliotecas_de_Giura/libbibliotecaInfoII.a(DR_Timers.o)
 .debug_macro   0x0000000000002c69       0xf7 /home/lsldv/Descargas/Bibliotecas_de_Giura/libbibliotecaInfoII.a(DR_UART0.o)
 .debug_macro   0x0000000000002d60       0x10 /home/lsldv/Descargas/Bibliotecas_de_Giura/libbibliotecaInfoII.a(DR_UART0.o)
 .debug_macro   0x0000000000002d70       0xa9 /home/lsldv/Descargas/Bibliotecas_de_Giura/libbibliotecaInfoII.a(DR_UART1.o)
 .debug_macro   0x0000000000002e19       0x10 /home/lsldv/Descargas/Bibliotecas_de_Giura/libbibliotecaInfoII.a(DR_UART1.o)
 .debug_macro   0x0000000000002e29       0x5b /home/lsldv/Descargas/Bibliotecas_de_Giura/libbibliotecaInfoII.a(DR_adc.o)
 .debug_macro   0x0000000000002e84       0x29 /home/lsldv/Descargas/Bibliotecas_de_Giura/libbibliotecaInfoII.a(DR_gpio.o)
 .debug_macro   0x0000000000002ead      0x16c /home/lsldv/Descargas/Bibliotecas_de_Giura/libbibliotecaInfoII.a(DR_gpio.o)
 .debug_macro   0x0000000000003019       0xa7 /home/lsldv/Descargas/Bibliotecas_de_Giura/libbibliotecaInfoII.a(DR_lcd.o)
 .debug_macro   0x00000000000030c0       0x29 /home/lsldv/Descargas/Bibliotecas_de_Giura/libbibliotecaInfoII.a(DR_pinsel.o)
 .debug_macro   0x00000000000030e9       0x5e /home/lsldv/Descargas/Bibliotecas_de_Giura/libbibliotecaInfoII.a(DR_pinsel.o)
 .debug_macro   0x0000000000003147       0xa8 /home/lsldv/Descargas/Bibliotecas_de_Giura/libbibliotecaInfoII.a(PR_Relays.o)
 .debug_macro   0x00000000000031ef       0x24 /home/lsldv/Descargas/Bibliotecas_de_Giura/libbibliotecaInfoII.a(PR_Strings.o)
 .debug_macro   0x0000000000003213       0xad /home/lsldv/Descargas/Bibliotecas_de_Giura/libbibliotecaInfoII.a(PR_Teclado.o)
 .debug_macro   0x00000000000032c0       0x48 /home/lsldv/Descargas/Bibliotecas_de_Giura/libbibliotecaInfoII.a(PR_Timers.o)
 .debug_macro   0x0000000000003308       0x22 /home/lsldv/Descargas/Bibliotecas_de_Giura/libbibliotecaInfoII.a(PR_Timers.o)
 .debug_macro   0x000000000000332a       0x47 /home/lsldv/Descargas/Bibliotecas_de_Giura/libbibliotecaInfoII.a(PR_UART.o)
 .debug_macro   0x0000000000003371       0x10 /home/lsldv/Descargas/Bibliotecas_de_Giura/libbibliotecaInfoII.a(PR_UART.o)
 .debug_macro   0x0000000000003381       0x33 /home/lsldv/Descargas/Bibliotecas_de_Giura/libbibliotecaInfoII.a(PR_adc.o)
 .debug_macro   0x00000000000033b4       0xb3 /home/lsldv/Descargas/Bibliotecas_de_Giura/libbibliotecaInfoII.a(PR_lcd.o)
 .debug_macro   0x0000000000003467       0xa3 /home/lsldv/Descargas/Bibliotecas_de_Giura/libbibliotecaInfoII.a(DR_7seg.o)
 .debug_macro   0x000000000000350a       0x9e /home/lsldv/Descargas/Bibliotecas_de_Giura/libbibliotecaInfoII.a(DR_Buzzer.o)
 .debug_macro   0x00000000000035a8       0x9f /home/lsldv/Descargas/Bibliotecas_de_Giura/libbibliotecaInfoII.a(DR_Entradas.o)

.debug_line     0x0000000000000000     0x2b02
 .debug_line    0x0000000000000000      0x2e8 ./src/AP_Prueba1.o
 .debug_line    0x00000000000002e8      0x3d0 ./src/AP_PruebaUART.o
 .debug_line    0x00000000000006b8       0xd2 ./src/cr_startup_lpc175x_6x.o
 .debug_line    0x000000000000078a       0x79 ./src/crp.o
 .debug_line    0x0000000000000803      0x34e ./src/main.o
 .debug_line    0x0000000000000b51      0x1d7 /home/lsldv/Descargas/Bibliotecas_de_Giura/libbibliotecaInfoII.a(DR_Inicializacion.o)
 .debug_line    0x0000000000000d28       0xf3 /home/lsldv/Descargas/Bibliotecas_de_Giura/libbibliotecaInfoII.a(DR_PLL.o)
 .debug_line    0x0000000000000e1b      0x162 /home/lsldv/Descargas/Bibliotecas_de_Giura/libbibliotecaInfoII.a(DR_RGB.o)
 .debug_line    0x0000000000000f7d      0x181 /home/lsldv/Descargas/Bibliotecas_de_Giura/libbibliotecaInfoII.a(DR_Salidas.o)
 .debug_line    0x00000000000010fe      0x1ac /home/lsldv/Descargas/Bibliotecas_de_Giura/libbibliotecaInfoII.a(DR_SysTick.o)
 .debug_line    0x00000000000012aa      0x1b2 /home/lsldv/Descargas/Bibliotecas_de_Giura/libbibliotecaInfoII.a(DR_Teclado.o)
 .debug_line    0x000000000000145c       0xee /home/lsldv/Descargas/Bibliotecas_de_Giura/libbibliotecaInfoII.a(DR_Timers.o)
 .debug_line    0x000000000000154a      0x16b /home/lsldv/Descargas/Bibliotecas_de_Giura/libbibliotecaInfoII.a(DR_UART0.o)
 .debug_line    0x00000000000016b5      0x16b /home/lsldv/Descargas/Bibliotecas_de_Giura/libbibliotecaInfoII.a(DR_UART1.o)
 .debug_line    0x0000000000001820      0x131 /home/lsldv/Descargas/Bibliotecas_de_Giura/libbibliotecaInfoII.a(DR_adc.o)
 .debug_line    0x0000000000001951       0xff /home/lsldv/Descargas/Bibliotecas_de_Giura/libbibliotecaInfoII.a(DR_gpio.o)
 .debug_line    0x0000000000001a50      0x1ff /home/lsldv/Descargas/Bibliotecas_de_Giura/libbibliotecaInfoII.a(DR_lcd.o)
 .debug_line    0x0000000000001c4f       0xbd /home/lsldv/Descargas/Bibliotecas_de_Giura/libbibliotecaInfoII.a(DR_pinsel.o)
 .debug_line    0x0000000000001d0c      0x177 /home/lsldv/Descargas/Bibliotecas_de_Giura/libbibliotecaInfoII.a(PR_Relays.o)
 .debug_line    0x0000000000001e83      0x14c /home/lsldv/Descargas/Bibliotecas_de_Giura/libbibliotecaInfoII.a(PR_Strings.o)
 .debug_line    0x0000000000001fcf      0x177 /home/lsldv/Descargas/Bibliotecas_de_Giura/libbibliotecaInfoII.a(PR_Teclado.o)
 .debug_line    0x0000000000002146      0x153 /home/lsldv/Descargas/Bibliotecas_de_Giura/libbibliotecaInfoII.a(PR_Timers.o)
 .debug_line    0x0000000000002299       0xe6 /home/lsldv/Descargas/Bibliotecas_de_Giura/libbibliotecaInfoII.a(PR_UART.o)
 .debug_line    0x000000000000237f      0x161 /home/lsldv/Descargas/Bibliotecas_de_Giura/libbibliotecaInfoII.a(PR_adc.o)
 .debug_line    0x00000000000024e0      0x180 /home/lsldv/Descargas/Bibliotecas_de_Giura/libbibliotecaInfoII.a(PR_lcd.o)
 .debug_line    0x0000000000002660      0x189 /home/lsldv/Descargas/Bibliotecas_de_Giura/libbibliotecaInfoII.a(DR_7seg.o)
 .debug_line    0x00000000000027e9      0x177 /home/lsldv/Descargas/Bibliotecas_de_Giura/libbibliotecaInfoII.a(DR_Buzzer.o)
 .debug_line    0x0000000000002960      0x1a2 /home/lsldv/Descargas/Bibliotecas_de_Giura/libbibliotecaInfoII.a(DR_Entradas.o)

.debug_str      0x0000000000000000     0x63f9
 .debug_str     0x0000000000000000     0x4cb2 ./src/AP_Prueba1.o
                                       0x4cef (size before relaxing)
 .debug_str     0x0000000000004cb2      0x60b ./src/AP_PruebaUART.o
                                       0x527f (size before relaxing)
 .debug_str     0x00000000000052bd      0x21a ./src/cr_startup_lpc175x_6x.o
                                       0x2ec0 (size before relaxing)
 .debug_str     0x00000000000054d7       0xe9 ./src/crp.o
                                       0x2dcd (size before relaxing)
 .debug_str     0x00000000000055c0      0x476 ./src/main.o
                                       0x5139 (size before relaxing)
 .debug_str     0x0000000000005a36       0xa7 /home/lsldv/Descargas/Bibliotecas_de_Giura/libbibliotecaInfoII.a(DR_Inicializacion.o)
                                       0x4374 (size before relaxing)
 .debug_str     0x0000000000005add       0x1f /home/lsldv/Descargas/Bibliotecas_de_Giura/libbibliotecaInfoII.a(DR_PLL.o)
                                       0x32e2 (size before relaxing)
 .debug_str     0x0000000000005afc       0x1f /home/lsldv/Descargas/Bibliotecas_de_Giura/libbibliotecaInfoII.a(DR_RGB.o)
                                       0x3d28 (size before relaxing)
 .debug_str     0x0000000000005b1b       0x37 /home/lsldv/Descargas/Bibliotecas_de_Giura/libbibliotecaInfoII.a(DR_Salidas.o)
                                       0x3d52 (size before relaxing)
 .debug_str     0x0000000000005b52       0x4c /home/lsldv/Descargas/Bibliotecas_de_Giura/libbibliotecaInfoII.a(DR_SysTick.o)
                                       0x3ed3 (size before relaxing)
 .debug_str     0x0000000000005b9e       0x84 /home/lsldv/Descargas/Bibliotecas_de_Giura/libbibliotecaInfoII.a(DR_Teclado.o)
                                       0x3db1 (size before relaxing)
 .debug_str     0x0000000000005c22       0x2d /home/lsldv/Descargas/Bibliotecas_de_Giura/libbibliotecaInfoII.a(DR_Timers.o)
                                       0x2e20 (size before relaxing)
 .debug_str     0x0000000000005c4f      0x314 /home/lsldv/Descargas/Bibliotecas_de_Giura/libbibliotecaInfoII.a(DR_UART0.o)
                                       0x4117 (size before relaxing)
 .debug_str     0x0000000000005f63       0xc3 /home/lsldv/Descargas/Bibliotecas_de_Giura/libbibliotecaInfoII.a(DR_UART1.o)
                                       0x3fe7 (size before relaxing)
 .debug_str     0x0000000000006026       0x40 /home/lsldv/Descargas/Bibliotecas_de_Giura/libbibliotecaInfoII.a(DR_adc.o)
                                       0x428f (size before relaxing)
 .debug_str     0x0000000000006066       0x4a /home/lsldv/Descargas/Bibliotecas_de_Giura/libbibliotecaInfoII.a(DR_gpio.o)
                                       0x3237 (size before relaxing)
 .debug_str     0x00000000000060b0       0x74 /home/lsldv/Descargas/Bibliotecas_de_Giura/libbibliotecaInfoII.a(DR_lcd.o)
                                       0x3e09 (size before relaxing)
 .debug_str     0x0000000000006124       0x29 /home/lsldv/Descargas/Bibliotecas_de_Giura/libbibliotecaInfoII.a(DR_pinsel.o)
                                       0x2ee3 (size before relaxing)
 .debug_str     0x000000000000614d       0x21 /home/lsldv/Descargas/Bibliotecas_de_Giura/libbibliotecaInfoII.a(PR_Relays.o)
                                       0x3d60 (size before relaxing)
 .debug_str     0x000000000000616e       0x37 /home/lsldv/Descargas/Bibliotecas_de_Giura/libbibliotecaInfoII.a(PR_Strings.o)
                                       0x2df9 (size before relaxing)
 .debug_str     0x00000000000061a5       0x1b /home/lsldv/Descargas/Bibliotecas_de_Giura/libbibliotecaInfoII.a(PR_Teclado.o)
                                       0x3d57 (size before relaxing)
 .debug_str     0x00000000000061c0       0xa1 /home/lsldv/Descargas/Bibliotecas_de_Giura/libbibliotecaInfoII.a(PR_Timers.o)
                                       0x2ecd (size before relaxing)
 .debug_str     0x0000000000006261       0x35 /home/lsldv/Descargas/Bibliotecas_de_Giura/libbibliotecaInfoII.a(PR_UART.o)
                                       0x2e5e (size before relaxing)
 .debug_str     0x0000000000006296       0x6d /home/lsldv/Descargas/Bibliotecas_de_Giura/libbibliotecaInfoII.a(PR_adc.o)
                                       0x32ba (size before relaxing)
 .debug_str     0x0000000000006303       0x28 /home/lsldv/Descargas/Bibliotecas_de_Giura/libbibliotecaInfoII.a(PR_lcd.o)
                                       0x3df4 (size before relaxing)
 .debug_str     0x000000000000632b       0x4f /home/lsldv/Descargas/Bibliotecas_de_Giura/libbibliotecaInfoII.a(DR_7seg.o)
                                       0x3d36 (size before relaxing)
 .debug_str     0x000000000000637a       0x34 /home/lsldv/Descargas/Bibliotecas_de_Giura/libbibliotecaInfoII.a(DR_Buzzer.o)
                                       0x3d4d (size before relaxing)
 .debug_str     0x00000000000063ae       0x4b /home/lsldv/Descargas/Bibliotecas_de_Giura/libbibliotecaInfoII.a(DR_Entradas.o)
                                       0x3d32 (size before relaxing)

.comment        0x0000000000000000       0x7e
 .comment       0x0000000000000000       0x7e ./src/AP_Prueba1.o
                                         0x7f (size before relaxing)
 .comment       0x000000000000007e       0x7f ./src/AP_PruebaUART.o
 .comment       0x000000000000007e       0x7f ./src/cr_startup_lpc175x_6x.o
 .comment       0x000000000000007e       0x7f ./src/crp.o
 .comment       0x000000000000007e       0x7f ./src/main.o
 .comment       0x000000000000007e       0x7f /home/lsldv/Descargas/Bibliotecas_de_Giura/libbibliotecaInfoII.a(DR_Inicializacion.o)
 .comment       0x000000000000007e       0x7f /home/lsldv/Descargas/Bibliotecas_de_Giura/libbibliotecaInfoII.a(DR_PLL.o)
 .comment       0x000000000000007e       0x7f /home/lsldv/Descargas/Bibliotecas_de_Giura/libbibliotecaInfoII.a(DR_RGB.o)
 .comment       0x000000000000007e       0x7f /home/lsldv/Descargas/Bibliotecas_de_Giura/libbibliotecaInfoII.a(DR_Salidas.o)
 .comment       0x000000000000007e       0x7f /home/lsldv/Descargas/Bibliotecas_de_Giura/libbibliotecaInfoII.a(DR_SysTick.o)
 .comment       0x000000000000007e       0x7f /home/lsldv/Descargas/Bibliotecas_de_Giura/libbibliotecaInfoII.a(DR_Teclado.o)
 .comment       0x000000000000007e       0x7f /home/lsldv/Descargas/Bibliotecas_de_Giura/libbibliotecaInfoII.a(DR_Timers.o)
 .comment       0x000000000000007e       0x7f /home/lsldv/Descargas/Bibliotecas_de_Giura/libbibliotecaInfoII.a(DR_UART0.o)
 .comment       0x000000000000007e       0x7f /home/lsldv/Descargas/Bibliotecas_de_Giura/libbibliotecaInfoII.a(DR_UART1.o)
 .comment       0x000000000000007e       0x7f /home/lsldv/Descargas/Bibliotecas_de_Giura/libbibliotecaInfoII.a(DR_adc.o)
 .comment       0x000000000000007e       0x7f /home/lsldv/Descargas/Bibliotecas_de_Giura/libbibliotecaInfoII.a(DR_gpio.o)
 .comment       0x000000000000007e       0x7f /home/lsldv/Descargas/Bibliotecas_de_Giura/libbibliotecaInfoII.a(DR_lcd.o)
 .comment       0x000000000000007e       0x7f /home/lsldv/Descargas/Bibliotecas_de_Giura/libbibliotecaInfoII.a(DR_pinsel.o)
 .comment       0x000000000000007e       0x7f /home/lsldv/Descargas/Bibliotecas_de_Giura/libbibliotecaInfoII.a(PR_Relays.o)
 .comment       0x000000000000007e       0x7f /home/lsldv/Descargas/Bibliotecas_de_Giura/libbibliotecaInfoII.a(PR_Strings.o)
 .comment       0x000000000000007e       0x7f /home/lsldv/Descargas/Bibliotecas_de_Giura/libbibliotecaInfoII.a(PR_Teclado.o)
 .comment       0x000000000000007e       0x7f /home/lsldv/Descargas/Bibliotecas_de_Giura/libbibliotecaInfoII.a(PR_Timers.o)
 .comment       0x000000000000007e       0x7f /home/lsldv/Descargas/Bibliotecas_de_Giura/libbibliotecaInfoII.a(PR_UART.o)
 .comment       0x000000000000007e       0x7f /home/lsldv/Descargas/Bibliotecas_de_Giura/libbibliotecaInfoII.a(PR_adc.o)
 .comment       0x000000000000007e       0x7f /home/lsldv/Descargas/Bibliotecas_de_Giura/libbibliotecaInfoII.a(PR_lcd.o)
 .comment       0x000000000000007e       0x7f /home/lsldv/Descargas/Bibliotecas_de_Giura/libbibliotecaInfoII.a(DR_7seg.o)
 .comment       0x000000000000007e       0x7f /home/lsldv/Descargas/Bibliotecas_de_Giura/libbibliotecaInfoII.a(DR_Buzzer.o)
 .comment       0x000000000000007e       0x7f /home/lsldv/Descargas/Bibliotecas_de_Giura/libbibliotecaInfoII.a(DR_Entradas.o)
 .comment       0x000000000000007e       0x7f /usr/local/mcuxpressoide-10.2.0_759/ide/tools/bin/../lib/gcc/arm-none-eabi/7.2.1/../../../../arm-none-eabi/lib/thumb/v7-m/libcr_c.a(__weak__main.o)
 .comment       0x000000000000007e       0x7f /usr/local/mcuxpressoide-10.2.0_759/ide/tools/bin/../lib/gcc/arm-none-eabi/7.2.1/../../../../arm-none-eabi/lib/thumb/v7-m/libcr_c.a(strchr.o)
 .comment       0x000000000000007e       0x7f /usr/local/mcuxpressoide-10.2.0_759/ide/tools/bin/../lib/gcc/arm-none-eabi/7.2.1/../../../../arm-none-eabi/lib/thumb/v7-m/libcr_c.a(strlen.o)

.ARM.attributes
                0x0000000000000000       0x33
 .ARM.attributes
                0x0000000000000000       0x33 ./src/AP_Prueba1.o
 .ARM.attributes
                0x0000000000000033       0x33 ./src/AP_PruebaUART.o
 .ARM.attributes
                0x0000000000000066       0x33 ./src/cr_startup_lpc175x_6x.o
 .ARM.attributes
                0x0000000000000099       0x33 ./src/crp.o
 .ARM.attributes
                0x00000000000000cc       0x33 ./src/main.o
 .ARM.attributes
                0x00000000000000ff       0x33 /home/lsldv/Descargas/Bibliotecas_de_Giura/libbibliotecaInfoII.a(DR_Inicializacion.o)
 .ARM.attributes
                0x0000000000000132       0x33 /home/lsldv/Descargas/Bibliotecas_de_Giura/libbibliotecaInfoII.a(DR_PLL.o)
 .ARM.attributes
                0x0000000000000165       0x33 /home/lsldv/Descargas/Bibliotecas_de_Giura/libbibliotecaInfoII.a(DR_RGB.o)
 .ARM.attributes
                0x0000000000000198       0x33 /home/lsldv/Descargas/Bibliotecas_de_Giura/libbibliotecaInfoII.a(DR_Salidas.o)
 .ARM.attributes
                0x00000000000001cb       0x33 /home/lsldv/Descargas/Bibliotecas_de_Giura/libbibliotecaInfoII.a(DR_SysTick.o)
 .ARM.attributes
                0x00000000000001fe       0x33 /home/lsldv/Descargas/Bibliotecas_de_Giura/libbibliotecaInfoII.a(DR_Teclado.o)
 .ARM.attributes
                0x0000000000000231       0x33 /home/lsldv/Descargas/Bibliotecas_de_Giura/libbibliotecaInfoII.a(DR_Timers.o)
 .ARM.attributes
                0x0000000000000264       0x33 /home/lsldv/Descargas/Bibliotecas_de_Giura/libbibliotecaInfoII.a(DR_UART0.o)
 .ARM.attributes
                0x0000000000000297       0x33 /home/lsldv/Descargas/Bibliotecas_de_Giura/libbibliotecaInfoII.a(DR_UART1.o)
 .ARM.attributes
                0x00000000000002ca       0x33 /home/lsldv/Descargas/Bibliotecas_de_Giura/libbibliotecaInfoII.a(DR_adc.o)
 .ARM.attributes
                0x00000000000002fd       0x33 /home/lsldv/Descargas/Bibliotecas_de_Giura/libbibliotecaInfoII.a(DR_gpio.o)
 .ARM.attributes
                0x0000000000000330       0x33 /home/lsldv/Descargas/Bibliotecas_de_Giura/libbibliotecaInfoII.a(DR_lcd.o)
 .ARM.attributes
                0x0000000000000363       0x33 /home/lsldv/Descargas/Bibliotecas_de_Giura/libbibliotecaInfoII.a(DR_pinsel.o)
 .ARM.attributes
                0x0000000000000396       0x33 /home/lsldv/Descargas/Bibliotecas_de_Giura/libbibliotecaInfoII.a(PR_Relays.o)
 .ARM.attributes
                0x00000000000003c9       0x33 /home/lsldv/Descargas/Bibliotecas_de_Giura/libbibliotecaInfoII.a(PR_Strings.o)
 .ARM.attributes
                0x00000000000003fc       0x33 /home/lsldv/Descargas/Bibliotecas_de_Giura/libbibliotecaInfoII.a(PR_Teclado.o)
 .ARM.attributes
                0x000000000000042f       0x33 /home/lsldv/Descargas/Bibliotecas_de_Giura/libbibliotecaInfoII.a(PR_Timers.o)
 .ARM.attributes
                0x0000000000000462       0x33 /home/lsldv/Descargas/Bibliotecas_de_Giura/libbibliotecaInfoII.a(PR_UART.o)
 .ARM.attributes
                0x0000000000000495       0x33 /home/lsldv/Descargas/Bibliotecas_de_Giura/libbibliotecaInfoII.a(PR_adc.o)
 .ARM.attributes
                0x00000000000004c8       0x33 /home/lsldv/Descargas/Bibliotecas_de_Giura/libbibliotecaInfoII.a(PR_lcd.o)
 .ARM.attributes
                0x00000000000004fb       0x33 /home/lsldv/Descargas/Bibliotecas_de_Giura/libbibliotecaInfoII.a(DR_7seg.o)
 .ARM.attributes
                0x000000000000052e       0x33 /home/lsldv/Descargas/Bibliotecas_de_Giura/libbibliotecaInfoII.a(DR_Buzzer.o)
 .ARM.attributes
                0x0000000000000561       0x33 /home/lsldv/Descargas/Bibliotecas_de_Giura/libbibliotecaInfoII.a(DR_Entradas.o)
 .ARM.attributes
                0x0000000000000594       0x33 /usr/local/mcuxpressoide-10.2.0_759/ide/tools/bin/../lib/gcc/arm-none-eabi/7.2.1/../../../../arm-none-eabi/lib/thumb/v7-m/libcr_c.a(__weak__main.o)
 .ARM.attributes
                0x00000000000005c7       0x33 /usr/local/mcuxpressoide-10.2.0_759/ide/tools/bin/../lib/gcc/arm-none-eabi/7.2.1/../../../../arm-none-eabi/lib/thumb/v7-m/libcr_c.a(strchr.o)
 .ARM.attributes
                0x00000000000005fa       0x33 /usr/local/mcuxpressoide-10.2.0_759/ide/tools/bin/../lib/gcc/arm-none-eabi/7.2.1/../../../../arm-none-eabi/lib/thumb/v7-m/libcr_c.a(strlen.o)

.debug_frame    0x0000000000000000      0xc10
 .debug_frame   0x0000000000000000       0x2c ./src/AP_Prueba1.o
 .debug_frame   0x000000000000002c       0x38 ./src/AP_PruebaUART.o
 .debug_frame   0x0000000000000064      0x170 ./src/cr_startup_lpc175x_6x.o
 .debug_frame   0x00000000000001d4       0x48 ./src/main.o
 .debug_frame   0x000000000000021c       0x2c /home/lsldv/Descargas/Bibliotecas_de_Giura/libbibliotecaInfoII.a(DR_Inicializacion.o)
 .debug_frame   0x0000000000000248       0x30 /home/lsldv/Descargas/Bibliotecas_de_Giura/libbibliotecaInfoII.a(DR_PLL.o)
 .debug_frame   0x0000000000000278       0x2c /home/lsldv/Descargas/Bibliotecas_de_Giura/libbibliotecaInfoII.a(DR_RGB.o)
 .debug_frame   0x00000000000002a4       0x48 /home/lsldv/Descargas/Bibliotecas_de_Giura/libbibliotecaInfoII.a(DR_Salidas.o)
 .debug_frame   0x00000000000002ec       0x4c /home/lsldv/Descargas/Bibliotecas_de_Giura/libbibliotecaInfoII.a(DR_SysTick.o)
 .debug_frame   0x0000000000000338       0x74 /home/lsldv/Descargas/Bibliotecas_de_Giura/libbibliotecaInfoII.a(DR_Teclado.o)
 .debug_frame   0x00000000000003ac       0x5c /home/lsldv/Descargas/Bibliotecas_de_Giura/libbibliotecaInfoII.a(DR_Timers.o)
 .debug_frame   0x0000000000000408       0xf8 /home/lsldv/Descargas/Bibliotecas_de_Giura/libbibliotecaInfoII.a(DR_UART0.o)
 .debug_frame   0x0000000000000500       0xf8 /home/lsldv/Descargas/Bibliotecas_de_Giura/libbibliotecaInfoII.a(DR_UART1.o)
 .debug_frame   0x00000000000005f8       0x54 /home/lsldv/Descargas/Bibliotecas_de_Giura/libbibliotecaInfoII.a(DR_adc.o)
 .debug_frame   0x000000000000064c       0xb0 /home/lsldv/Descargas/Bibliotecas_de_Giura/libbibliotecaInfoII.a(DR_gpio.o)
 .debug_frame   0x00000000000006fc       0xa8 /home/lsldv/Descargas/Bibliotecas_de_Giura/libbibliotecaInfoII.a(DR_lcd.o)
 .debug_frame   0x00000000000007a4       0x38 /home/lsldv/Descargas/Bibliotecas_de_Giura/libbibliotecaInfoII.a(DR_pinsel.o)
 .debug_frame   0x00000000000007dc       0x38 /home/lsldv/Descargas/Bibliotecas_de_Giura/libbibliotecaInfoII.a(PR_Relays.o)
 .debug_frame   0x0000000000000814       0xac /home/lsldv/Descargas/Bibliotecas_de_Giura/libbibliotecaInfoII.a(PR_Strings.o)
 .debug_frame   0x00000000000008c0       0x38 /home/lsldv/Descargas/Bibliotecas_de_Giura/libbibliotecaInfoII.a(PR_Teclado.o)
 .debug_frame   0x00000000000008f8       0xfc /home/lsldv/Descargas/Bibliotecas_de_Giura/libbibliotecaInfoII.a(PR_Timers.o)
 .debug_frame   0x00000000000009f4       0x34 /home/lsldv/Descargas/Bibliotecas_de_Giura/libbibliotecaInfoII.a(PR_UART.o)
 .debug_frame   0x0000000000000a28       0xcc /home/lsldv/Descargas/Bibliotecas_de_Giura/libbibliotecaInfoII.a(PR_adc.o)
 .debug_frame   0x0000000000000af4       0x34 /home/lsldv/Descargas/Bibliotecas_de_Giura/libbibliotecaInfoII.a(PR_lcd.o)
 .debug_frame   0x0000000000000b28       0x50 /home/lsldv/Descargas/Bibliotecas_de_Giura/libbibliotecaInfoII.a(DR_7seg.o)
 .debug_frame   0x0000000000000b78       0x48 /home/lsldv/Descargas/Bibliotecas_de_Giura/libbibliotecaInfoII.a(DR_Buzzer.o)
 .debug_frame   0x0000000000000bc0       0x50 /home/lsldv/Descargas/Bibliotecas_de_Giura/libbibliotecaInfoII.a(DR_Entradas.o)
