Archive member included to satisfy reference by file (symbol)

/home/lsldv/Descargas/Biblioteca_Giura/libbibliotecaInfoII.a(DR_Inicializacion.o)
                              ./src/pruebaBiblioteca.o (Inicializacion)
/home/lsldv/Descargas/Biblioteca_Giura/libbibliotecaInfoII.a(DR_PLL.o)
                              /home/lsldv/Descargas/Biblioteca_Giura/libbibliotecaInfoII.a(DR_Inicializacion.o) (InicializarPLL)
/home/lsldv/Descargas/Biblioteca_Giura/libbibliotecaInfoII.a(DR_RGB.o)
                              /home/lsldv/Descargas/Biblioteca_Giura/libbibliotecaInfoII.a(DR_Inicializacion.o) (InicializarRGB)
/home/lsldv/Descargas/Biblioteca_Giura/libbibliotecaInfoII.a(DR_Salidas.o)
                              ./src/pruebaBiblioteca.o (RefrescoSalidas)
/home/lsldv/Descargas/Biblioteca_Giura/libbibliotecaInfoII.a(DR_SysTick.o)
                              /home/lsldv/Descargas/Biblioteca_Giura/libbibliotecaInfoII.a(DR_Inicializacion.o) (InicializarSysTick)
/home/lsldv/Descargas/Biblioteca_Giura/libbibliotecaInfoII.a(DR_Teclado.o)
                              /home/lsldv/Descargas/Biblioteca_Giura/libbibliotecaInfoII.a(DR_Inicializacion.o) (InicializarTeclado)
/home/lsldv/Descargas/Biblioteca_Giura/libbibliotecaInfoII.a(DR_Timers.o)
                              /home/lsldv/Descargas/Biblioteca_Giura/libbibliotecaInfoII.a(DR_SysTick.o) (AnalizarTimers)
/home/lsldv/Descargas/Biblioteca_Giura/libbibliotecaInfoII.a(DR_UART0.o)
                              /home/lsldv/Descargas/Biblioteca_Giura/libbibliotecaInfoII.a(DR_Inicializacion.o) (UART0_Inicializacion)
/home/lsldv/Descargas/Biblioteca_Giura/libbibliotecaInfoII.a(DR_UART1.o)
                              /home/lsldv/Descargas/Biblioteca_Giura/libbibliotecaInfoII.a(DR_Inicializacion.o) (UART1_Inicializacion)
/home/lsldv/Descargas/Biblioteca_Giura/libbibliotecaInfoII.a(DR_adc.o)
                              /home/lsldv/Descargas/Biblioteca_Giura/libbibliotecaInfoII.a(DR_Inicializacion.o) (InicializarADC)
/home/lsldv/Descargas/Biblioteca_Giura/libbibliotecaInfoII.a(DR_gpio.o)
                              /home/lsldv/Descargas/Biblioteca_Giura/libbibliotecaInfoII.a(DR_RGB.o) (SetDIR)
/home/lsldv/Descargas/Biblioteca_Giura/libbibliotecaInfoII.a(DR_lcd.o)
                              /home/lsldv/Descargas/Biblioteca_Giura/libbibliotecaInfoII.a(DR_Inicializacion.o) (InicializarLCD)
/home/lsldv/Descargas/Biblioteca_Giura/libbibliotecaInfoII.a(DR_pinsel.o)
                              /home/lsldv/Descargas/Biblioteca_Giura/libbibliotecaInfoII.a(DR_RGB.o) (SetPINSEL)
/home/lsldv/Descargas/Biblioteca_Giura/libbibliotecaInfoII.a(PR_7seg.o)
                              ./src/pruebaBiblioteca.o (Display)
/home/lsldv/Descargas/Biblioteca_Giura/libbibliotecaInfoII.a(PR_Buzzer.o)
                              ./src/pruebaBiblioteca.o (Buzzer)
/home/lsldv/Descargas/Biblioteca_Giura/libbibliotecaInfoII.a(PR_Entradas.o)
                              ./src/pruebaBiblioteca.o (Entradas)
/home/lsldv/Descargas/Biblioteca_Giura/libbibliotecaInfoII.a(PR_RGB.o)
                              ./src/pruebaBiblioteca.o (LedsRGB)
/home/lsldv/Descargas/Biblioteca_Giura/libbibliotecaInfoII.a(PR_Relays.o)
                              ./src/pruebaBiblioteca.o (Relays)
/home/lsldv/Descargas/Biblioteca_Giura/libbibliotecaInfoII.a(PR_Strings.o)
                              ./src/mensaje.o (Mensaje0)
/home/lsldv/Descargas/Biblioteca_Giura/libbibliotecaInfoII.a(PR_Teclado.o)
                              ./src/pruebaBiblioteca.o (GetKey)
/home/lsldv/Descargas/Biblioteca_Giura/libbibliotecaInfoII.a(PR_Timers.o)
                              ./src/pruebaBiblioteca.o (TimerStart)
/home/lsldv/Descargas/Biblioteca_Giura/libbibliotecaInfoII.a(PR_UART.o)
                              ./src/mensaje.o (Transmitir)
/home/lsldv/Descargas/Biblioteca_Giura/libbibliotecaInfoII.a(PR_adc.o)
                              ./src/mensaje.o (Temperatura)
/home/lsldv/Descargas/Biblioteca_Giura/libbibliotecaInfoII.a(PR_lcd.o)
                              ./src/pruebaBiblioteca.o (LCD_Display)
/home/lsldv/Descargas/Biblioteca_Giura/libbibliotecaInfoII.a(DR_7seg.o)
                              /home/lsldv/Descargas/Biblioteca_Giura/libbibliotecaInfoII.a(PR_7seg.o) (Digito_Display)
/home/lsldv/Descargas/Biblioteca_Giura/libbibliotecaInfoII.a(DR_Buzzer.o)
                              /home/lsldv/Descargas/Biblioteca_Giura/libbibliotecaInfoII.a(PR_Buzzer.o) (BufferBuzzer)
/home/lsldv/Descargas/Biblioteca_Giura/libbibliotecaInfoII.a(DR_Entradas.o)
                              /home/lsldv/Descargas/Biblioteca_Giura/libbibliotecaInfoII.a(PR_Entradas.o) (BufferEntradas)
/usr/local/mcuxpressoide-10.2.0_759/ide/tools/bin/../lib/gcc/arm-none-eabi/7.2.1/../../../../arm-none-eabi/lib/thumb/v7-m/libcr_c.a(__weak__main.o)
                              ./src/cr_startup_lpc175x_6x.o (__main)
[...]
Memory Configuration

Name             Origin             Length             Attributes
MFlash512        0x0000000000000000 0x0000000000080000 xr
RamLoc32         0x0000000010000000 0x0000000000008000 xrw
RamAHB32         0x000000002007c000 0x0000000000008000 xrw
*default*        0x0000000000000000 0xffffffffffffffff

Linker script and memory map

LOAD ./src/cr_startup_lpc175x_6x.o
LOAD ./src/crp.o
LOAD ./src/mensaje.o
LOAD ./src/pruebaBiblioteca.o
LOAD /home/lsldv/Descargas/Biblioteca_Giura/libbibliotecaInfoII.a
START GROUP
LOAD /usr/local/mcuxpressoide-10.2.0_759/ide/tools/bin/../lib/gcc/arm-none-eabi/7.2.1/../../../../arm-none-eabi/lib/thumb/v7-m/libcr_c.a
LOAD /usr/local/mcuxpressoide-10.2.0_759/ide/tools/bin/../lib/gcc/arm-none-eabi/7.2.1/thumb/v7-m/libcr_eabihelpers.a
END GROUP
                0x0000000000000000                __base_MFlash512 = 0x0
                0x0000000000000000                __base_Flash = 0x0
                0x0000000000080000                __top_MFlash512 = 0x80000
                0x0000000000080000                __top_Flash = 0x80000
                0x0000000010000000                __base_RamLoc32 = 0x10000000
                0x0000000010000000                __base_RAM = 0x10000000
                0x0000000010008000                __top_RamLoc32 = 0x10008000
                0x0000000010008000                __top_RAM = 0x10008000
                0x000000002007c000                __base_RamAHB32 = 0x2007c000
                0x000000002007c000                __base_RAM2 = 0x2007c000
                0x0000000020084000                __top_RamAHB32 = 0x20084000
                0x0000000020084000                __top_RAM2 = 0x20084000

.text           0x0000000000000000     0x23f8
 FILL mask 0xff
                0x0000000000000000                __vectors_start__ = ABSOLUTE (.)
 *(.isr_vector)
 .isr_vector    0x0000000000000000       0xcc ./src/cr_startup_lpc175x_6x.o
                0x0000000000000000                g_pfnVectors
                0x00000000000000cc                . = ALIGN (0x4)
                0x00000000000000cc                __section_table_start = .
                0x00000000000000cc                __data_section_table = .
                0x00000000000000cc        0x4 LONG 0x23f8 LOADADDR (.data)
                0x00000000000000d0        0x4 LONG 0x10000000 ADDR (.data)
                0x00000000000000d4        0x4 LONG 0x4 SIZEOF (.data)
                0x00000000000000d8        0x4 LONG 0x23f8 LOADADDR (.data_RAM2)
                0x00000000000000dc        0x4 LONG 0x2007c000 ADDR (.data_RAM2)
                0x00000000000000e0        0x4 LONG 0x0 SIZEOF (.data_RAM2)
                0x00000000000000e4                __data_section_table_end = .
                0x00000000000000e4                __bss_section_table = .
                0x00000000000000e4        0x4 LONG 0x10000004 ADDR (.bss)
                0x00000000000000e8        0x4 LONG 0x1114 SIZEOF (.bss)
                0x00000000000000ec        0x4 LONG 0x2007c000 ADDR (.bss_RAM2)
                0x00000000000000f0        0x4 LONG 0x0 SIZEOF (.bss_RAM2)
                0x00000000000000f4                __bss_section_table_end = .
                0x00000000000000f4                __section_table_end = .
 *(.after_vectors*)
 .after_vectors
                0x00000000000000f4      0x128 ./src/cr_startup_lpc175x_6x.o
                0x00000000000000f4                data_init
                0x0000000000000136                bss_init
                0x000000000000016c                ResetISR
                0x00000000000001e0                NMI_Handler
                0x00000000000001e6                HardFault_Handler
                0x00000000000001ec                MemManage_Handler
                0x00000000000001f2                BusFault_Handler
                0x00000000000001f8                UsageFault_Handler
                0x00000000000001fe                SVC_Handler
                0x0000000000000204                DebugMon_Handler
                0x000000000000020a                PendSV_Handler
                0x0000000000000216                TIMER2_IRQHandler
                0x0000000000000216                RIT_IRQHandler
                0x0000000000000216                I2C0_IRQHandler
                0x0000000000000216                USBActivity_IRQHandler
                0x0000000000000216                PWM1_IRQHandler
                0x0000000000000216                I2C1_IRQHandler
                0x0000000000000216                EINT2_IRQHandler
                0x0000000000000216                EINT3_IRQHandler
                0x0000000000000216                CANActivity_IRQHandler
                0x0000000000000216                TIMER3_IRQHandler
                0x0000000000000216                IntDefaultHandler
                0x0000000000000216                PLL0_IRQHandler
                0x0000000000000216                CAN_IRQHandler
                0x0000000000000216                PLL1_IRQHandler
                0x0000000000000216                SSP0_IRQHandler
                0x0000000000000216                I2S_IRQHandler
                0x0000000000000216                I2C2_IRQHandler
                0x0000000000000216                RTC_IRQHandler
                0x0000000000000216                TIMER0_IRQHandler
                0x0000000000000216                SPI_IRQHandler
                0x0000000000000216                EINT1_IRQHandler
                0x0000000000000216                TIMER1_IRQHandler
                0x0000000000000216                UART2_IRQHandler
                0x0000000000000216                SSP1_IRQHandler
                0x0000000000000216                USB_IRQHandler
                0x0000000000000216                BOD_IRQHandler
                0x0000000000000216                WDT_IRQHandler
                0x0000000000000216                QEI_IRQHandler
                0x0000000000000216                EINT0_IRQHandler
                0x0000000000000216                DMA_IRQHandler
                0x0000000000000216                UART3_IRQHandler
                0x0000000000000216                MCPWM_IRQHandler
                0x0000000000000216                ENET_IRQHandler
                0x00000000000002fc                . = 0x2fc
 *fill*         0x000000000000021c       0xe0 ff
                0x00000000000002fc                PROVIDE (__CRP_WORD_START__, .)
 *(.crp)
 .crp           0x00000000000002fc        0x4 ./src/crp.o
                0x00000000000002fc                CRP_WORD
                0x0000000000000300                PROVIDE (__CRP_WORD_END__, .)
                0x0000000000000001                ASSERT (! ((__CRP_WORD_START__ == __CRP_WORD_END__)), Linker CRP Enabled, but no CRP_WORD provided within application)
 *(.text*)
 .text.Mensaje  0x0000000000000300      0x198 ./src/mensaje.o
                0x0000000000000300                Mensaje
 .text.timer1Handler
                0x0000000000000498       0x44 ./src/pruebaBiblioteca.o
                0x0000000000000498                timer1Handler
 .text.main     0x00000000000004dc      0x138 ./src/pruebaBiblioteca.o
                0x00000000000004dc                main
 .text.Inicializacion
                0x0000000000000614       0x40 /home/lsldv/Descargas/Biblioteca_Giura/libbibliotecaInfoII.a(DR_Inicializacion.o)
                0x0000000000000614                Inicializacion
 .text.InicializarPLL
                0x0000000000000654      0x140 /home/lsldv/Descargas/Biblioteca_Giura/libbibliotecaInfoII.a(DR_PLL.o)
                0x0000000000000654                InicializarPLL
 .text.InicializarRGB
                0x0000000000000794       0x44 /home/lsldv/Descargas/Biblioteca_Giura/libbibliotecaInfoII.a(DR_RGB.o)
                0x0000000000000794                InicializarRGB
 .text.RefrescoSalidas
                0x00000000000007d8       0x6c /home/lsldv/Descargas/Biblioteca_Giura/libbibliotecaInfoII.a(DR_Salidas.o)
                0x00000000000007d8                RefrescoSalidas
 .text.InicializarSalidas
                0x0000000000000844       0x58 /home/lsldv/Descargas/Biblioteca_Giura/libbibliotecaInfoII.a(DR_Salidas.o)
                0x0000000000000844                InicializarSalidas
 .text.InicializarSysTick
                0x000000000000089c       0x40 /home/lsldv/Descargas/Biblioteca_Giura/libbibliotecaInfoII.a(DR_SysTick.o)
                0x000000000000089c                InicializarSysTick
 .text.SysTick_Handler
                0x00000000000008dc       0x24 /home/lsldv/Descargas/Biblioteca_Giura/libbibliotecaInfoII.a(DR_SysTick.o)
                0x00000000000008dc                SysTick_Handler
 .text.InicializarTeclado
                0x0000000000000900       0x80 /home/lsldv/Descargas/Biblioteca_Giura/libbibliotecaInfoII.a(DR_Teclado.o)
                0x0000000000000900                InicializarTeclado
 .text.DriverTecladoSW
                0x0000000000000980       0x98 /home/lsldv/Descargas/Biblioteca_Giura/libbibliotecaInfoII.a(DR_Teclado.o)
                0x0000000000000980                DriverTecladoSW
 .text.DriverTecladoHW
                0x0000000000000a18       0x64 /home/lsldv/Descargas/Biblioteca_Giura/libbibliotecaInfoII.a(DR_Teclado.o)
                0x0000000000000a18                DriverTecladoHW
 .text.AnalizarTimers
                0x0000000000000a7c       0x70 /home/lsldv/Descargas/Biblioteca_Giura/libbibliotecaInfoII.a(DR_Timers.o)
                0x0000000000000a7c                AnalizarTimers
 .text.TimerEvent
                0x0000000000000aec       0x48 /home/lsldv/Descargas/Biblioteca_Giura/libbibliotecaInfoII.a(DR_Timers.o)
                0x0000000000000aec                TimerEvent
 .text.UART0_IRQHandler
                0x0000000000000b34       0x70 /home/lsldv/Descargas/Biblioteca_Giura/libbibliotecaInfoII.a(DR_UART0.o)
                0x0000000000000b34                UART0_IRQHandler
 .text.UART0_Inicializacion
                0x0000000000000ba4       0x94 /home/lsldv/Descargas/Biblioteca_Giura/libbibliotecaInfoII.a(DR_UART0.o)
                0x0000000000000ba4                UART0_Inicializacion
 .text.UART0_PushRX
                0x0000000000000c38       0x44 /home/lsldv/Descargas/Biblioteca_Giura/libbibliotecaInfoII.a(DR_UART0.o)
                0x0000000000000c38                UART0_PushRX
 .text.UART0_PopRX
                0x0000000000000c7c       0x60 /home/lsldv/Descargas/Biblioteca_Giura/libbibliotecaInfoII.a(DR_UART0.o)
                0x0000000000000c7c                UART0_PopRX
 .text.UART0_PushTX
                0x0000000000000cdc       0x60 /home/lsldv/Descargas/Biblioteca_Giura/libbibliotecaInfoII.a(DR_UART0.o)
                0x0000000000000cdc                UART0_PushTX
 .text.UART0_PopTX
                0x0000000000000d3c       0x60 /home/lsldv/Descargas/Biblioteca_Giura/libbibliotecaInfoII.a(DR_UART0.o)
                0x0000000000000d3c                UART0_PopTX
 .text.UART1_IRQHandler
                0x0000000000000d9c       0x70 /home/lsldv/Descargas/Biblioteca_Giura/libbibliotecaInfoII.a(DR_UART1.o)
                0x0000000000000d9c                UART1_IRQHandler
 .text.UART1_Inicializacion
                0x0000000000000e0c       0x94 /home/lsldv/Descargas/Biblioteca_Giura/libbibliotecaInfoII.a(DR_UART1.o)
                0x0000000000000e0c                UART1_Inicializacion
 .text.UART1_PushRX
                0x0000000000000ea0       0x44 /home/lsldv/Descargas/Biblioteca_Giura/libbibliotecaInfoII.a(DR_UART1.o)
                0x0000000000000ea0                UART1_PushRX
 .text.UART1_PushTX
                0x0000000000000ee4       0x60 /home/lsldv/Descargas/Biblioteca_Giura/libbibliotecaInfoII.a(DR_UART1.o)
                0x0000000000000ee4                UART1_PushTX
 .text.UART1_PopTX
                0x0000000000000f44       0x60 /home/lsldv/Descargas/Biblioteca_Giura/libbibliotecaInfoII.a(DR_UART1.o)
                0x0000000000000f44                UART1_PopTX
 .text.ADC_IRQHandler
                0x0000000000000fa4      0x168 /home/lsldv/Descargas/Biblioteca_Giura/libbibliotecaInfoII.a(DR_adc.o)
                0x0000000000000fa4                ADC_IRQHandler
 .text.InicializarADC
                0x000000000000110c      0x10c /home/lsldv/Descargas/Biblioteca_Giura/libbibliotecaInfoII.a(DR_adc.o)
                0x000000000000110c                InicializarADC
 .text.SetDIR   0x0000000000001218       0x78 /home/lsldv/Descargas/Biblioteca_Giura/libbibliotecaInfoII.a(DR_gpio.o)
                0x0000000000001218                SetDIR
 .text.SetPIN   0x0000000000001290       0x7c /home/lsldv/Descargas/Biblioteca_Giura/libbibliotecaInfoII.a(DR_gpio.o)
                0x0000000000001290                SetPIN
 .text.SetMODE  0x000000000000130c       0xa0 /home/lsldv/Descargas/Biblioteca_Giura/libbibliotecaInfoII.a(DR_gpio.o)
                0x000000000000130c                SetMODE
 .text.GetPIN   0x00000000000013ac       0x54 /home/lsldv/Descargas/Biblioteca_Giura/libbibliotecaInfoII.a(DR_gpio.o)
                0x00000000000013ac                GetPIN
 .text.InicializarLCD
                0x0000000000001400      0x150 /home/lsldv/Descargas/Biblioteca_Giura/libbibliotecaInfoII.a(DR_lcd.o)
                0x0000000000001400                InicializarLCD
 .text.LCD_Push
                0x0000000000001550       0xb8 /home/lsldv/Descargas/Biblioteca_Giura/libbibliotecaInfoII.a(DR_lcd.o)
                0x0000000000001550                LCD_Push
 .text.LCD_Pop  0x0000000000001608       0x74 /home/lsldv/Descargas/Biblioteca_Giura/libbibliotecaInfoII.a(DR_lcd.o)
                0x0000000000001608                LCD_Pop
 .text.EscrituraLCD
                0x000000000000167c      0x104 /home/lsldv/Descargas/Biblioteca_Giura/libbibliotecaInfoII.a(DR_lcd.o)
                0x000000000000167c                EscrituraLCD
 .text.SetPINSEL
                0x0000000000001780       0x8a /home/lsldv/Descargas/Biblioteca_Giura/libbibliotecaInfoII.a(DR_pinsel.o)
                0x0000000000001780                SetPINSEL
 *fill*         0x000000000000180a        0x2 ff
 .text.Display  0x000000000000180c       0xb4 /home/lsldv/Descargas/Biblioteca_Giura/libbibliotecaInfoII.a(PR_7seg.o)
                0x000000000000180c                Display
 .text.Buzzer   0x00000000000018c0       0x20 /home/lsldv/Descargas/Biblioteca_Giura/libbibliotecaInfoII.a(PR_Buzzer.o)
                0x00000000000018c0                Buzzer
 .text.Entradas
                0x00000000000018e0       0x30 /home/lsldv/Descargas/Biblioteca_Giura/libbibliotecaInfoII.a(PR_Entradas.o)
                0x00000000000018e0                Entradas
 .text.LedsRGB  0x0000000000001910       0x52 /home/lsldv/Descargas/Biblioteca_Giura/libbibliotecaInfoII.a(PR_RGB.o)
                0x0000000000001910                LedsRGB
 *fill*         0x0000000000001962        0x2 ff
 .text.Relays   0x0000000000001964       0x50 /home/lsldv/Descargas/Biblioteca_Giura/libbibliotecaInfoII.a(PR_Relays.o)
                0x0000000000001964                Relays
 .text.Itoa     0x00000000000019b4       0xdc /home/lsldv/Descargas/Biblioteca_Giura/libbibliotecaInfoII.a(PR_Strings.o)
                0x00000000000019b4                Itoa
 .text.Strcat   0x0000000000001a90       0x6a /home/lsldv/Descargas/Biblioteca_Giura/libbibliotecaInfoII.a(PR_Strings.o)
                0x0000000000001a90                Strcat
 .text.Strcpy   0x0000000000001afa       0x4c /home/lsldv/Descargas/Biblioteca_Giura/libbibliotecaInfoII.a(PR_Strings.o)
                0x0000000000001afa                Strcpy
 .text.Strformat
                0x0000000000001b46       0x86 /home/lsldv/Descargas/Biblioteca_Giura/libbibliotecaInfoII.a(PR_Strings.o)
                0x0000000000001b46                Strformat
 .text.GetKey   0x0000000000001bcc       0x24 /home/lsldv/Descargas/Biblioteca_Giura/libbibliotecaInfoII.a(PR_Teclado.o)
                0x0000000000001bcc                GetKey
 .text.TimerStart
                0x0000000000001bf0       0xa4 /home/lsldv/Descargas/Biblioteca_Giura/libbibliotecaInfoII.a(PR_Timers.o)
                0x0000000000001bf0                TimerStart
 .text.Transmitir
                0x0000000000001c94       0x5a /home/lsldv/Descargas/Biblioteca_Giura/libbibliotecaInfoII.a(PR_UART.o)
                0x0000000000001c94                Transmitir
 .text.Temperatura
                0x0000000000001cee       0x24 /home/lsldv/Descargas/Biblioteca_Giura/libbibliotecaInfoII.a(PR_adc.o)
                0x0000000000001cee                Temperatura
 .text.Potenciometro
                0x0000000000001d12       0x30 /home/lsldv/Descargas/Biblioteca_Giura/libbibliotecaInfoII.a(PR_adc.o)
                0x0000000000001d12                Potenciometro
 .text.ADC_Externa
                0x0000000000001d42       0x1c /home/lsldv/Descargas/Biblioteca_Giura/libbibliotecaInfoII.a(PR_adc.o)
                0x0000000000001d42                ADC_Externa
 *fill*         0x0000000000001d5e        0x2 ff
 .text.ADC_Promedio
                0x0000000000001d60       0xc8 /home/lsldv/Descargas/Biblioteca_Giura/libbibliotecaInfoII.a(PR_adc.o)
                0x0000000000001d60                ADC_Promedio
 .text.TablaNTC
                0x0000000000001e28       0x9c /home/lsldv/Descargas/Biblioteca_Giura/libbibliotecaInfoII.a(PR_adc.o)
                0x0000000000001e28                TablaNTC
 .text.LCD_Display
                0x0000000000001ec4       0x6c /home/lsldv/Descargas/Biblioteca_Giura/libbibliotecaInfoII.a(PR_lcd.o)
                0x0000000000001ec4                LCD_Display
 .text.BarridoDisplay
                0x0000000000001f30      0x1a0 /home/lsldv/Descargas/Biblioteca_Giura/libbibliotecaInfoII.a(DR_7seg.o)
                0x0000000000001f30                BarridoDisplay
 .text.InicializarDisplayExp2
                0x00000000000020d0       0x94 /home/lsldv/Descargas/Biblioteca_Giura/libbibliotecaInfoII.a(DR_7seg.o)
                0x00000000000020d0                InicializarDisplayExp2
 .text.RefrescoBuzzer
                0x0000000000002164       0x24 /home/lsldv/Descargas/Biblioteca_Giura/libbibliotecaInfoII.a(DR_Buzzer.o)
                0x0000000000002164                RefrescoBuzzer
 .text.InicializarBuzzer
                0x0000000000002188       0x26 /home/lsldv/Descargas/Biblioteca_Giura/libbibliotecaInfoII.a(DR_Buzzer.o)
                0x0000000000002188                InicializarBuzzer
 *fill*         0x00000000000021ae        0x2 ff
 .text.DebounceEntradas
                0x00000000000021b0       0xec /home/lsldv/Descargas/Biblioteca_Giura/libbibliotecaInfoII.a(DR_Entradas.o)
                0x00000000000021b0                DebounceEntradas
 .text.InicializarEntradas
                0x000000000000229c       0x44 /home/lsldv/Descargas/Biblioteca_Giura/libbibliotecaInfoII.a(DR_Entradas.o)
                0x000000000000229c                InicializarEntradas
 .text.__weak_main
                0x00000000000022e0        0x4 /usr/local/mcuxpressoide-10.2.0_759/ide/tools/bin/../lib/gcc/arm-none-eabi/7.2.1/../../../../arm-none-eabi/lib/thumb/v7-m/libcr_c.a(__weak__main.o)
                0x00000000000022e0                __main
                0x00000000000022e0                __weak_main
 .text.strlen   0x00000000000022e4       0x4a /usr/local/mcuxpressoide-10.2.0_759/ide/tools/bin/../lib/gcc/arm-none-eabi/7.2.1/../../../../arm-none-eabi/lib/thumb/v7-m/libcr_c.a(strlen.o)
                0x00000000000022e4                strlen
 *(.rodata .rodata.* .constdata .constdata.*)
 *fill*         0x000000000000232e        0x2 ff
 .rodata        0x0000000000002330        0xb ./src/mensaje.o
 *fill*         0x000000000000233b        0x1 ff
 .rodata        0x000000000000233c       0x2c ./src/pruebaBiblioteca.o
 .rodata.Tabla_Digitos_BCD_7seg
                0x0000000000002368        0xa /home/lsldv/Descargas/Biblioteca_Giura/libbibliotecaInfoII.a(PR_7seg.o)
                0x0000000000002368                Tabla_Digitos_BCD_7seg
 *fill*         0x0000000000002372        0x2 ff
 .rodata.Tabla_NTC
                0x0000000000002374       0x84 /home/lsldv/Descargas/Biblioteca_Giura/libbibliotecaInfoII.a(PR_adc.o)
                0x0000000000002374                Tabla_NTC
                0x00000000000023f8                . = ALIGN (0x4)

.glue_7         0x00000000000023f8        0x0
 .glue_7        0x00000000000023f8        0x0 linker stubs

.glue_7t        0x00000000000023f8        0x0
 .glue_7t       0x00000000000023f8        0x0 linker stubs

.vfp11_veneer   0x00000000000023f8        0x0
 .vfp11_veneer  0x00000000000023f8        0x0 linker stubs

.v4_bx          0x00000000000023f8        0x0
 .v4_bx         0x00000000000023f8        0x0 linker stubs

.iplt           0x00000000000023f8        0x0
 .iplt          0x00000000000023f8        0x0 ./src/cr_startup_lpc175x_6x.o

.rel.dyn        0x00000000000023f8        0x0
 .rel.iplt      0x00000000000023f8        0x0 ./src/cr_startup_lpc175x_6x.o

.ARM.extab
 *(.ARM.extab* .gnu.linkonce.armextab.*)
                0x00000000000023f8                __exidx_start = .

.ARM.exidx
 *(.ARM.exidx* .gnu.linkonce.armexidx.*)
                0x00000000000023f8                __exidx_end = .
                0x00000000000023f8                _etext = .

.data_RAM2      0x000000002007c000        0x0 load address 0x00000000000023f8
 FILL mask 0xff
                [!provide]                        PROVIDE (__start_data_RAM2, .)
 *(.ramfunc.$RAM2)
 *(.ramfunc.$RamAHB32)
 *(.data.$RAM2*)
 *(.data.$RamAHB32*)
                0x000000002007c000                . = ALIGN (0x4)
                [!provide]                        PROVIDE (__end_data_RAM2, .)

.uninit_RESERVED
                0x0000000010000000        0x0
 *(.bss.$RESERVED*)
                0x0000000010000000                . = ALIGN (0x4)
                0x0000000010000000                _end_uninit_RESERVED = .

.data           0x0000000010000000        0x4 load address 0x00000000000023f8
 FILL mask 0xff
                0x0000000010000000                _data = .
 *(vtable)
 *(.ramfunc*)
 *(.data*)
 .data.cont2.3838
                0x0000000010000000        0x1 ./src/pruebaBiblioteca.o
 .data.Tecla    0x0000000010000001        0x1 /home/lsldv/Descargas/Biblioteca_Giura/libbibliotecaInfoII.a(DR_Teclado.o)
                0x0000000010000001                Tecla
 .data.CodigoAnterior.3725
                0x0000000010000002        0x1 /home/lsldv/Descargas/Biblioteca_Giura/libbibliotecaInfoII.a(DR_Teclado.o)
 .data.indice_ad.3665
                0x0000000010000003        0x1 /home/lsldv/Descargas/Biblioteca_Giura/libbibliotecaInfoII.a(DR_adc.o)
                0x0000000010000004                . = ALIGN (0x4)
                0x0000000010000004                _edata = .

.igot.plt       0x0000000010000004        0x0 load address 0x00000000000023fc
 .igot.plt      0x0000000010000004        0x0 ./src/cr_startup_lpc175x_6x.o

.bss_RAM2       0x000000002007c000        0x0
                [!provide]                        PROVIDE (__start_bss_RAM2, .)
 *(.bss.$RAM2*)
 *(.bss.$RamAHB32*)
                0x000000002007c000                . = ALIGN ((. != 0x0)?0x4:0x1)
                [!provide]                        PROVIDE (__end_bss_RAM2, .)

.bss            0x0000000010000004     0x1114
                0x0000000010000004                _bss = .
 *(.bss*)
 .bss.Estado    0x0000000010000004        0x1 ./src/mensaje.o
                0x0000000010000004                Estado
 .bss.comando.4066
                0x0000000010000005        0x1 ./src/mensaje.o
 .bss.estadoLed.3832
                0x0000000010000006        0x1 ./src/pruebaBiblioteca.o
 *fill*         0x0000000010000007        0x1 
 .bss.i.3836    0x0000000010000008        0x4 ./src/pruebaBiblioteca.o
 .bss.cont1.3837
                0x000000001000000c        0x1 ./src/pruebaBiblioteca.o
 *fill*         0x000000001000000d        0x3 
 .bss.BufferSalidas
                0x0000000010000010        0x4 /home/lsldv/Descargas/Biblioteca_Giura/libbibliotecaInfoII.a(DR_Salidas.o)
                0x0000000010000010                BufferSalidas
 .bss.EstadosEstables.3726
                0x0000000010000014        0x1 /home/lsldv/Descargas/Biblioteca_Giura/libbibliotecaInfoII.a(DR_Teclado.o)
 *fill*         0x0000000010000015        0x3 
 .bss.Tmr_Run   0x0000000010000018       0x78 /home/lsldv/Descargas/Biblioteca_Giura/libbibliotecaInfoII.a(DR_Timers.o)
                0x0000000010000018                Tmr_Run
 .bss.TMR_Events
                0x0000000010000090       0x1e /home/lsldv/Descargas/Biblioteca_Giura/libbibliotecaInfoII.a(DR_Timers.o)
                0x0000000010000090                TMR_Events
 *fill*         0x00000000100000ae        0x2 
 .bss.TMR_handlers
                0x00000000100000b0       0x78 /home/lsldv/Descargas/Biblioteca_Giura/libbibliotecaInfoII.a(DR_Timers.o)
                0x00000000100000b0                TMR_handlers
 .bss.TMR_StandBy
                0x0000000010000128       0x1e /home/lsldv/Descargas/Biblioteca_Giura/libbibliotecaInfoII.a(DR_Timers.o)
                0x0000000010000128                TMR_StandBy
 *fill*         0x0000000010000146        0x2 
 .bss.Tmr_Base  0x0000000010000148       0x1e /home/lsldv/Descargas/Biblioteca_Giura/libbibliotecaInfoII.a(DR_Timers.o)
                0x0000000010000148                Tmr_Base
 *fill*         0x0000000010000166        0x2 
 .bss.UART0_BufferRx
                0x0000000010000168      0x200 /home/lsldv/Descargas/Biblioteca_Giura/libbibliotecaInfoII.a(DR_UART0.o)
 .bss.UART0_BufferTx
                0x0000000010000368      0x200 /home/lsldv/Descargas/Biblioteca_Giura/libbibliotecaInfoII.a(DR_UART0.o)
 .bss.UART0_inRX
                0x0000000010000568        0x1 /home/lsldv/Descargas/Biblioteca_Giura/libbibliotecaInfoII.a(DR_UART0.o)
 .bss.UART0_outRX
                0x0000000010000569        0x1 /home/lsldv/Descargas/Biblioteca_Giura/libbibliotecaInfoII.a(DR_UART0.o)
 .bss.UART0_inTX
                0x000000001000056a        0x1 /home/lsldv/Descargas/Biblioteca_Giura/libbibliotecaInfoII.a(DR_UART0.o)
 .bss.UART0_outTX
                0x000000001000056b        0x1 /home/lsldv/Descargas/Biblioteca_Giura/libbibliotecaInfoII.a(DR_UART0.o)
 .bss.UART0_flagTx
                0x000000001000056c        0x2 /home/lsldv/Descargas/Biblioteca_Giura/libbibliotecaInfoII.a(DR_UART0.o)
 *fill*         0x000000001000056e        0x2 
 .bss.UART1_BufferRx
                0x0000000010000570      0x200 /home/lsldv/Descargas/Biblioteca_Giura/libbibliotecaInfoII.a(DR_UART1.o)
 .bss.UART1_BufferTx
                0x0000000010000770      0x200 /home/lsldv/Descargas/Biblioteca_Giura/libbibliotecaInfoII.a(DR_UART1.o)
 .bss.UART1_inRX
                0x0000000010000970        0x1 /home/lsldv/Descargas/Biblioteca_Giura/libbibliotecaInfoII.a(DR_UART1.o)
 .bss.UART1_inTX
                0x0000000010000971        0x1 /home/lsldv/Descargas/Biblioteca_Giura/libbibliotecaInfoII.a(DR_UART1.o)
 .bss.UART1_outTX
                0x0000000010000972        0x1 /home/lsldv/Descargas/Biblioteca_Giura/libbibliotecaInfoII.a(DR_UART1.o)
 *fill*         0x0000000010000973        0x1 
 .bss.UART1_flagTx
                0x0000000010000974        0x2 /home/lsldv/Descargas/Biblioteca_Giura/libbibliotecaInfoII.a(DR_UART1.o)
 *fill*         0x0000000010000976        0x2 
 .bss.valorADC1
                0x0000000010000978      0x200 /home/lsldv/Descargas/Biblioteca_Giura/libbibliotecaInfoII.a(DR_adc.o)
                0x0000000010000978                valorADC1
 .bss.valorADC2
                0x0000000010000b78      0x200 /home/lsldv/Descargas/Biblioteca_Giura/libbibliotecaInfoII.a(DR_adc.o)
                0x0000000010000b78                valorADC2
 .bss.valorADC5
                0x0000000010000d78      0x200 /home/lsldv/Descargas/Biblioteca_Giura/libbibliotecaInfoII.a(DR_adc.o)
                0x0000000010000d78                valorADC5
 .bss.muestra.3666
                0x0000000010000f78        0x4 /home/lsldv/Descargas/Biblioteca_Giura/libbibliotecaInfoII.a(DR_adc.o)
 .bss.lcdDelay  0x0000000010000f7c        0x4 /home/lsldv/Descargas/Biblioteca_Giura/libbibliotecaInfoII.a(DR_lcd.o)
                0x0000000010000f7c                lcdDelay
 .bss.lcdBuffer
                0x0000000010000f80      0x154 /home/lsldv/Descargas/Biblioteca_Giura/libbibliotecaInfoII.a(DR_lcd.o)
                0x0000000010000f80                lcdBuffer
 .bss.lcdInxIn  0x00000000100010d4        0x4 /home/lsldv/Descargas/Biblioteca_Giura/libbibliotecaInfoII.a(DR_lcd.o)
                0x00000000100010d4                lcdInxIn
 .bss.lcdInxOut
                0x00000000100010d8        0x4 /home/lsldv/Descargas/Biblioteca_Giura/libbibliotecaInfoII.a(DR_lcd.o)
                0x00000000100010d8                lcdInxOut
 .bss.lcdDataCount
                0x00000000100010dc        0x4 /home/lsldv/Descargas/Biblioteca_Giura/libbibliotecaInfoII.a(DR_lcd.o)
                0x00000000100010dc                lcdDataCount
 .bss.Mensaje0  0x00000000100010e0       0x14 /home/lsldv/Descargas/Biblioteca_Giura/libbibliotecaInfoII.a(PR_Strings.o)
                0x00000000100010e0                Mensaje0
 .bss.Mensaje1  0x00000000100010f4       0x14 /home/lsldv/Descargas/Biblioteca_Giura/libbibliotecaInfoII.a(PR_Strings.o)
                0x00000000100010f4                Mensaje1
 .bss.Digito_Display
                0x0000000010001108        0x6 /home/lsldv/Descargas/Biblioteca_Giura/libbibliotecaInfoII.a(DR_7seg.o)
                0x0000000010001108                Digito_Display
 .bss.Indice_Display.3716
                0x000000001000110e        0x1 /home/lsldv/Descargas/Biblioteca_Giura/libbibliotecaInfoII.a(DR_7seg.o)
 .bss.BufferBuzzer
                0x000000001000110f        0x1 /home/lsldv/Descargas/Biblioteca_Giura/libbibliotecaInfoII.a(DR_Buzzer.o)
                0x000000001000110f                BufferBuzzer
 .bss.BufferEntradas
                0x0000000010001110        0x1 /home/lsldv/Descargas/Biblioteca_Giura/libbibliotecaInfoII.a(DR_Entradas.o)
                0x0000000010001110                BufferEntradas
 *fill*         0x0000000010001111        0x3 
 .bss.ContadorEntradas.3715
                0x0000000010001114        0x3 /home/lsldv/Descargas/Biblioteca_Giura/libbibliotecaInfoII.a(DR_Entradas.o)
 *(COMMON)
                0x0000000010001118                . = ALIGN (0x4)
 *fill*         0x0000000010001117        0x1 
                0x0000000010001118                _ebss = .
                [!provide]                        PROVIDE (end, .)

.noinit_RAM2    0x000000002007c000        0x0
 *(.noinit.$RAM2*)
 *(.noinit.$RamAHB32*)
                0x000000002007c000                . = ALIGN (0x4)

.noinit         0x0000000010001118        0x0
                0x0000000010001118                _noinit = .
 *(.noinit*)
                0x0000000010001118                . = ALIGN (0x4)
                0x0000000010001118                _end_noinit = .
                [!provide]                        PROVIDE (_pvHeapStart, DEFINED (__user_heap_base)?__user_heap_base:.)
                0x0000000010008000                PROVIDE (_vStackTop, DEFINED (__user_stack_top)?__user_stack_top:(__top_RamLoc32 - 0x0))
                0xffffffffefff74f2                PROVIDE (__valid_user_code_checksum, (0x0 - ((((((_vStackTop + (ResetISR + 0x1)) + (NMI_Handler + 0x1)) + (HardFault_Handler + 0x1)) + (DEFINED (MemManage_Handler)?MemManage_Handler:0x0 + 0x1)) + (DEFINED (BusFault_Handler)?BusFault_Handler:0x0 + 0x1)) + (DEFINED (UsageFault_Handler)?UsageFault_Handler:0x0 + 0x1))))
                0x0000000000000000                _image_start = LOADADDR (.text)
                0x00000000000023fc                _image_end = (LOADADDR (.data) + SIZEOF (.data))
                0x00000000000023fc                _image_size = (_image_end - _image_start)
OUTPUT(pruebaBiblioteca.axf elf32-littlearm)

.debug_info     0x0000000000000000     0x2e9d
 .debug_info    0x0000000000000000      0x255 ./src/cr_startup_lpc175x_6x.o
 .debug_info    0x0000000000000255       0x3f ./src/crp.o
 .debug_info    0x0000000000000294      0x25d ./src/mensaje.o
 .debug_info    0x00000000000004f1      0x20d ./src/pruebaBiblioteca.o
 .debug_info    0x00000000000006fe      0x185 /home/lsldv/Descargas/Biblioteca_Giura/libbibliotecaInfoII.a(DR_Inicializacion.o)
 .debug_info    0x0000000000000883       0x70 /home/lsldv/Descargas/Biblioteca_Giura/libbibliotecaInfoII.a(DR_PLL.o)
 .debug_info    0x00000000000008f3      0x123 /home/lsldv/Descargas/Biblioteca_Giura/libbibliotecaInfoII.a(DR_RGB.o)
 .debug_info    0x0000000000000a16      0x14c /home/lsldv/Descargas/Biblioteca_Giura/libbibliotecaInfoII.a(DR_Salidas.o)
 .debug_info    0x0000000000000b62      0x225 /home/lsldv/Descargas/Biblioteca_Giura/libbibliotecaInfoII.a(DR_SysTick.o)
 .debug_info    0x0000000000000d87      0x1a9 /home/lsldv/Descargas/Biblioteca_Giura/libbibliotecaInfoII.a(DR_Teclado.o)
 .debug_info    0x0000000000000f30      0x16d /home/lsldv/Descargas/Biblioteca_Giura/libbibliotecaInfoII.a(DR_Timers.o)
 .debug_info    0x000000000000109d      0x204 /home/lsldv/Descargas/Biblioteca_Giura/libbibliotecaInfoII.a(DR_UART0.o)
 .debug_info    0x00000000000012a1      0x204 /home/lsldv/Descargas/Biblioteca_Giura/libbibliotecaInfoII.a(DR_UART1.o)
 .debug_info    0x00000000000014a5      0x11f /home/lsldv/Descargas/Biblioteca_Giura/libbibliotecaInfoII.a(DR_adc.o)
 .debug_info    0x00000000000015c4      0x1c1 /home/lsldv/Descargas/Biblioteca_Giura/libbibliotecaInfoII.a(DR_gpio.o)
 .debug_info    0x0000000000001785      0x23a /home/lsldv/Descargas/Biblioteca_Giura/libbibliotecaInfoII.a(DR_lcd.o)
 .debug_info    0x00000000000019bf       0xa6 /home/lsldv/Descargas/Biblioteca_Giura/libbibliotecaInfoII.a(DR_pinsel.o)
 .debug_info    0x0000000000001a65      0x195 /home/lsldv/Descargas/Biblioteca_Giura/libbibliotecaInfoII.a(PR_7seg.o)
 .debug_info    0x0000000000001bfa      0x13d /home/lsldv/Descargas/Biblioteca_Giura/libbibliotecaInfoII.a(PR_Buzzer.o)
 .debug_info    0x0000000000001d37      0x136 /home/lsldv/Descargas/Biblioteca_Giura/libbibliotecaInfoII.a(PR_Entradas.o)
 .debug_info    0x0000000000001e6d      0x140 /home/lsldv/Descargas/Biblioteca_Giura/libbibliotecaInfoII.a(PR_RGB.o)
 .debug_info    0x0000000000001fad      0x14b /home/lsldv/Descargas/Biblioteca_Giura/libbibliotecaInfoII.a(PR_Relays.o)
 .debug_info    0x00000000000020f8      0x209 /home/lsldv/Descargas/Biblioteca_Giura/libbibliotecaInfoII.a(PR_Strings.o)
 .debug_info    0x0000000000002301      0x141 /home/lsldv/Descargas/Biblioteca_Giura/libbibliotecaInfoII.a(PR_Teclado.o)
 .debug_info    0x0000000000002442      0x221 /home/lsldv/Descargas/Biblioteca_Giura/libbibliotecaInfoII.a(PR_Timers.o)
 .debug_info    0x0000000000002663       0xc1 /home/lsldv/Descargas/Biblioteca_Giura/libbibliotecaInfoII.a(PR_UART.o)
 .debug_info    0x0000000000002724      0x1d0 /home/lsldv/Descargas/Biblioteca_Giura/libbibliotecaInfoII.a(PR_adc.o)
 .debug_info    0x00000000000028f4      0x174 /home/lsldv/Descargas/Biblioteca_Giura/libbibliotecaInfoII.a(PR_lcd.o)
 .debug_info    0x0000000000002a68      0x161 /home/lsldv/Descargas/Biblioteca_Giura/libbibliotecaInfoII.a(DR_7seg.o)
 .debug_info    0x0000000000002bc9      0x14c /home/lsldv/Descargas/Biblioteca_Giura/libbibliotecaInfoII.a(DR_Buzzer.o)
 .debug_info    0x0000000000002d15      0x188 /home/lsldv/Descargas/Biblioteca_Giura/libbibliotecaInfoII.a(DR_Entradas.o)

.debug_abbrev   0x0000000000000000     0x170a
 .debug_abbrev  0x0000000000000000      0x114 ./src/cr_startup_lpc175x_6x.o
 .debug_abbrev  0x0000000000000114       0x36 ./src/crp.o
 .debug_abbrev  0x000000000000014a       0xcb ./src/mensaje.o
 .debug_abbrev  0x0000000000000215       0xcb ./src/pruebaBiblioteca.o
 .debug_abbrev  0x00000000000002e0       0x91 /home/lsldv/Descargas/Biblioteca_Giura/libbibliotecaInfoII.a(DR_Inicializacion.o)
 .debug_abbrev  0x0000000000000371       0x52 /home/lsldv/Descargas/Biblioteca_Giura/libbibliotecaInfoII.a(DR_PLL.o)
 .debug_abbrev  0x00000000000003c3       0x91 /home/lsldv/Descargas/Biblioteca_Giura/libbibliotecaInfoII.a(DR_RGB.o)
 .debug_abbrev  0x0000000000000454       0x9e /home/lsldv/Descargas/Biblioteca_Giura/libbibliotecaInfoII.a(DR_Salidas.o)
 .debug_abbrev  0x00000000000004f2      0x104 /home/lsldv/Descargas/Biblioteca_Giura/libbibliotecaInfoII.a(DR_SysTick.o)
 .debug_abbrev  0x00000000000005f6       0xe3 /home/lsldv/Descargas/Biblioteca_Giura/libbibliotecaInfoII.a(DR_Teclado.o)
 .debug_abbrev  0x00000000000006d9       0xc2 /home/lsldv/Descargas/Biblioteca_Giura/libbibliotecaInfoII.a(DR_Timers.o)
 .debug_abbrev  0x000000000000079b       0xe8 /home/lsldv/Descargas/Biblioteca_Giura/libbibliotecaInfoII.a(DR_UART0.o)
 .debug_abbrev  0x0000000000000883       0xe8 /home/lsldv/Descargas/Biblioteca_Giura/libbibliotecaInfoII.a(DR_UART1.o)
 .debug_abbrev  0x000000000000096b       0xb0 /home/lsldv/Descargas/Biblioteca_Giura/libbibliotecaInfoII.a(DR_adc.o)
 .debug_abbrev  0x0000000000000a1b       0xd4 /home/lsldv/Descargas/Biblioteca_Giura/libbibliotecaInfoII.a(DR_gpio.o)
 .debug_abbrev  0x0000000000000aef      0x11b /home/lsldv/Descargas/Biblioteca_Giura/libbibliotecaInfoII.a(DR_lcd.o)
 .debug_abbrev  0x0000000000000c0a       0x70 /home/lsldv/Descargas/Biblioteca_Giura/libbibliotecaInfoII.a(DR_pinsel.o)
 .debug_abbrev  0x0000000000000c7a       0xd0 /home/lsldv/Descargas/Biblioteca_Giura/libbibliotecaInfoII.a(PR_7seg.o)
 .debug_abbrev  0x0000000000000d4a       0xa0 /home/lsldv/Descargas/Biblioteca_Giura/libbibliotecaInfoII.a(PR_Buzzer.o)
 .debug_abbrev  0x0000000000000dea       0xa2 /home/lsldv/Descargas/Biblioteca_Giura/libbibliotecaInfoII.a(PR_Entradas.o)
 .debug_abbrev  0x0000000000000e8c       0xaf /home/lsldv/Descargas/Biblioteca_Giura/libbibliotecaInfoII.a(PR_RGB.o)
 .debug_abbrev  0x0000000000000f3b       0xa0 /home/lsldv/Descargas/Biblioteca_Giura/libbibliotecaInfoII.a(PR_Relays.o)
 .debug_abbrev  0x0000000000000fdb       0xf1 /home/lsldv/Descargas/Biblioteca_Giura/libbibliotecaInfoII.a(PR_Strings.o)
 .debug_abbrev  0x00000000000010cc       0xa2 /home/lsldv/Descargas/Biblioteca_Giura/libbibliotecaInfoII.a(PR_Teclado.o)
 .debug_abbrev  0x000000000000116e      0x109 /home/lsldv/Descargas/Biblioteca_Giura/libbibliotecaInfoII.a(PR_Timers.o)
 .debug_abbrev  0x0000000000001277       0x91 /home/lsldv/Descargas/Biblioteca_Giura/libbibliotecaInfoII.a(PR_UART.o)
 .debug_abbrev  0x0000000000001308       0xfb /home/lsldv/Descargas/Biblioteca_Giura/libbibliotecaInfoII.a(PR_adc.o)
 .debug_abbrev  0x0000000000001403       0xc7 /home/lsldv/Descargas/Biblioteca_Giura/libbibliotecaInfoII.a(PR_lcd.o)
 .debug_abbrev  0x00000000000014ca       0xc5 /home/lsldv/Descargas/Biblioteca_Giura/libbibliotecaInfoII.a(DR_7seg.o)
 .debug_abbrev  0x000000000000158f       0x9e /home/lsldv/Descargas/Biblioteca_Giura/libbibliotecaInfoII.a(DR_Buzzer.o)
 .debug_abbrev  0x000000000000162d       0xdd /home/lsldv/Descargas/Biblioteca_Giura/libbibliotecaInfoII.a(DR_Entradas.o)

.debug_aranges  0x0000000000000000      0x568
 .debug_aranges
                0x0000000000000000       0x80 ./src/cr_startup_lpc175x_6x.o
 .debug_aranges
                0x0000000000000080       0x18 ./src/crp.o
 .debug_aranges
                0x0000000000000098       0x20 ./src/mensaje.o
 .debug_aranges
                0x00000000000000b8       0x28 ./src/pruebaBiblioteca.o
 .debug_aranges
                0x00000000000000e0       0x20 /home/lsldv/Descargas/Biblioteca_Giura/libbibliotecaInfoII.a(DR_Inicializacion.o)
 .debug_aranges
                0x0000000000000100       0x20 /home/lsldv/Descargas/Biblioteca_Giura/libbibliotecaInfoII.a(DR_PLL.o)
 .debug_aranges
                0x0000000000000120       0x20 /home/lsldv/Descargas/Biblioteca_Giura/libbibliotecaInfoII.a(DR_RGB.o)
 .debug_aranges
                0x0000000000000140       0x28 /home/lsldv/Descargas/Biblioteca_Giura/libbibliotecaInfoII.a(DR_Salidas.o)
 .debug_aranges
                0x0000000000000168       0x28 /home/lsldv/Descargas/Biblioteca_Giura/libbibliotecaInfoII.a(DR_SysTick.o)
 .debug_aranges
                0x0000000000000190       0x30 /home/lsldv/Descargas/Biblioteca_Giura/libbibliotecaInfoII.a(DR_Teclado.o)
 .debug_aranges
                0x00000000000001c0       0x28 /home/lsldv/Descargas/Biblioteca_Giura/libbibliotecaInfoII.a(DR_Timers.o)
 .debug_aranges
                0x00000000000001e8       0x48 /home/lsldv/Descargas/Biblioteca_Giura/libbibliotecaInfoII.a(DR_UART0.o)
 .debug_aranges
                0x0000000000000230       0x48 /home/lsldv/Descargas/Biblioteca_Giura/libbibliotecaInfoII.a(DR_UART1.o)
 .debug_aranges
                0x0000000000000278       0x28 /home/lsldv/Descargas/Biblioteca_Giura/libbibliotecaInfoII.a(DR_adc.o)
 .debug_aranges
                0x00000000000002a0       0x38 /home/lsldv/Descargas/Biblioteca_Giura/libbibliotecaInfoII.a(DR_gpio.o)
 .debug_aranges
                0x00000000000002d8       0x38 /home/lsldv/Descargas/Biblioteca_Giura/libbibliotecaInfoII.a(DR_lcd.o)
 .debug_aranges
                0x0000000000000310       0x20 /home/lsldv/Descargas/Biblioteca_Giura/libbibliotecaInfoII.a(DR_pinsel.o)
 .debug_aranges
                0x0000000000000330       0x20 /home/lsldv/Descargas/Biblioteca_Giura/libbibliotecaInfoII.a(PR_7seg.o)
 .debug_aranges
                0x0000000000000350       0x20 /home/lsldv/Descargas/Biblioteca_Giura/libbibliotecaInfoII.a(PR_Buzzer.o)
 .debug_aranges
                0x0000000000000370       0x20 /home/lsldv/Descargas/Biblioteca_Giura/libbibliotecaInfoII.a(PR_Entradas.o)
 .debug_aranges
                0x0000000000000390       0x20 /home/lsldv/Descargas/Biblioteca_Giura/libbibliotecaInfoII.a(PR_RGB.o)
 .debug_aranges
                0x00000000000003b0       0x20 /home/lsldv/Descargas/Biblioteca_Giura/libbibliotecaInfoII.a(PR_Relays.o)
 .debug_aranges
                0x00000000000003d0       0x38 /home/lsldv/Descargas/Biblioteca_Giura/libbibliotecaInfoII.a(PR_Strings.o)
 .debug_aranges
                0x0000000000000408       0x20 /home/lsldv/Descargas/Biblioteca_Giura/libbibliotecaInfoII.a(PR_Teclado.o)
 .debug_aranges
                0x0000000000000428       0x48 /home/lsldv/Descargas/Biblioteca_Giura/libbibliotecaInfoII.a(PR_Timers.o)
 .debug_aranges
                0x0000000000000470       0x20 /home/lsldv/Descargas/Biblioteca_Giura/libbibliotecaInfoII.a(PR_UART.o)
 .debug_aranges
                0x0000000000000490       0x40 /home/lsldv/Descargas/Biblioteca_Giura/libbibliotecaInfoII.a(PR_adc.o)
 .debug_aranges
                0x00000000000004d0       0x20 /home/lsldv/Descargas/Biblioteca_Giura/libbibliotecaInfoII.a(PR_lcd.o)
 .debug_aranges
                0x00000000000004f0       0x28 /home/lsldv/Descargas/Biblioteca_Giura/libbibliotecaInfoII.a(DR_7seg.o)
 .debug_aranges
                0x0000000000000518       0x28 /home/lsldv/Descargas/Biblioteca_Giura/libbibliotecaInfoII.a(DR_Buzzer.o)
 .debug_aranges
                0x0000000000000540       0x28 /home/lsldv/Descargas/Biblioteca_Giura/libbibliotecaInfoII.a(DR_Entradas.o)

.debug_ranges   0x0000000000000000      0x370
 .debug_ranges  0x0000000000000000       0x70 ./src/cr_startup_lpc175x_6x.o
 .debug_ranges  0x0000000000000070       0x10 ./src/mensaje.o
 .debug_ranges  0x0000000000000080       0x18 ./src/pruebaBiblioteca.o
 .debug_ranges  0x0000000000000098       0x10 /home/lsldv/Descargas/Biblioteca_Giura/libbibliotecaInfoII.a(DR_Inicializacion.o)
 .debug_ranges  0x00000000000000a8       0x10 /home/lsldv/Descargas/Biblioteca_Giura/libbibliotecaInfoII.a(DR_PLL.o)
 .debug_ranges  0x00000000000000b8       0x10 /home/lsldv/Descargas/Biblioteca_Giura/libbibliotecaInfoII.a(DR_RGB.o)
 .debug_ranges  0x00000000000000c8       0x18 /home/lsldv/Descargas/Biblioteca_Giura/libbibliotecaInfoII.a(DR_Salidas.o)
 .debug_ranges  0x00000000000000e0       0x18 /home/lsldv/Descargas/Biblioteca_Giura/libbibliotecaInfoII.a(DR_SysTick.o)
 .debug_ranges  0x00000000000000f8       0x20 /home/lsldv/Descargas/Biblioteca_Giura/libbibliotecaInfoII.a(DR_Teclado.o)
 .debug_ranges  0x0000000000000118       0x18 /home/lsldv/Descargas/Biblioteca_Giura/libbibliotecaInfoII.a(DR_Timers.o)
 .debug_ranges  0x0000000000000130       0x38 /home/lsldv/Descargas/Biblioteca_Giura/libbibliotecaInfoII.a(DR_UART0.o)
 .debug_ranges  0x0000000000000168       0x38 /home/lsldv/Descargas/Biblioteca_Giura/libbibliotecaInfoII.a(DR_UART1.o)
 .debug_ranges  0x00000000000001a0       0x18 /home/lsldv/Descargas/Biblioteca_Giura/libbibliotecaInfoII.a(DR_adc.o)
 .debug_ranges  0x00000000000001b8       0x28 /home/lsldv/Descargas/Biblioteca_Giura/libbibliotecaInfoII.a(DR_gpio.o)
 .debug_ranges  0x00000000000001e0       0x28 /home/lsldv/Descargas/Biblioteca_Giura/libbibliotecaInfoII.a(DR_lcd.o)
 .debug_ranges  0x0000000000000208       0x10 /home/lsldv/Descargas/Biblioteca_Giura/libbibliotecaInfoII.a(DR_pinsel.o)
 .debug_ranges  0x0000000000000218       0x10 /home/lsldv/Descargas/Biblioteca_Giura/libbibliotecaInfoII.a(PR_7seg.o)
 .debug_ranges  0x0000000000000228       0x10 /home/lsldv/Descargas/Biblioteca_Giura/libbibliotecaInfoII.a(PR_Buzzer.o)
 .debug_ranges  0x0000000000000238       0x10 /home/lsldv/Descargas/Biblioteca_Giura/libbibliotecaInfoII.a(PR_Entradas.o)
 .debug_ranges  0x0000000000000248       0x10 /home/lsldv/Descargas/Biblioteca_Giura/libbibliotecaInfoII.a(PR_RGB.o)
 .debug_ranges  0x0000000000000258       0x10 /home/lsldv/Descargas/Biblioteca_Giura/libbibliotecaInfoII.a(PR_Relays.o)
 .debug_ranges  0x0000000000000268       0x28 /home/lsldv/Descargas/Biblioteca_Giura/libbibliotecaInfoII.a(PR_Strings.o)
 .debug_ranges  0x0000000000000290       0x10 /home/lsldv/Descargas/Biblioteca_Giura/libbibliotecaInfoII.a(PR_Teclado.o)
 .debug_ranges  0x00000000000002a0       0x38 /home/lsldv/Descargas/Biblioteca_Giura/libbibliotecaInfoII.a(PR_Timers.o)
 .debug_ranges  0x00000000000002d8       0x10 /home/lsldv/Descargas/Biblioteca_Giura/libbibliotecaInfoII.a(PR_UART.o)
 .debug_ranges  0x00000000000002e8       0x30 /home/lsldv/Descargas/Biblioteca_Giura/libbibliotecaInfoII.a(PR_adc.o)
 .debug_ranges  0x0000000000000318       0x10 /home/lsldv/Descargas/Biblioteca_Giura/libbibliotecaInfoII.a(PR_lcd.o)
 .debug_ranges  0x0000000000000328       0x18 /home/lsldv/Descargas/Biblioteca_Giura/libbibliotecaInfoII.a(DR_7seg.o)
 .debug_ranges  0x0000000000000340       0x18 /home/lsldv/Descargas/Biblioteca_Giura/libbibliotecaInfoII.a(DR_Buzzer.o)
 .debug_ranges  0x0000000000000358       0x18 /home/lsldv/Descargas/Biblioteca_Giura/libbibliotecaInfoII.a(DR_Entradas.o)

.debug_macro    0x0000000000000000     0x3715
 .debug_macro   0x0000000000000000       0x1d ./src/cr_startup_lpc175x_6x.o
 .debug_macro   0x000000000000001d      0xa66 ./src/cr_startup_lpc175x_6x.o
 .debug_macro   0x0000000000000a83       0x1a ./src/crp.o
 .debug_macro   0x0000000000000a9d       0x34 ./src/crp.o
 .debug_macro   0x0000000000000ad1      0x1a5 ./src/mensaje.o
 .debug_macro   0x0000000000000c76       0x2e ./src/mensaje.o
 .debug_macro   0x0000000000000ca4      0x130 ./src/mensaje.o
 .debug_macro   0x0000000000000dd4       0x64 ./src/mensaje.o
 .debug_macro   0x0000000000000e38      0x172 ./src/mensaje.o
 .debug_macro   0x0000000000000faa      0x196 ./src/mensaje.o
 .debug_macro   0x0000000000001140       0x76 ./src/mensaje.o
 .debug_macro   0x00000000000011b6      0x118 ./src/mensaje.o
 .debug_macro   0x00000000000012ce       0x40 ./src/mensaje.o
 .debug_macro   0x000000000000130e       0x16 ./src/mensaje.o
 .debug_macro   0x0000000000001324       0x16 ./src/mensaje.o
 .debug_macro   0x000000000000133a       0x10 ./src/mensaje.o
 .debug_macro   0x000000000000134a       0x10 ./src/mensaje.o
 .debug_macro   0x000000000000135a       0x10 ./src/mensaje.o
 .debug_macro   0x000000000000136a       0x28 ./src/mensaje.o
 .debug_macro   0x0000000000001392      0x100 ./src/mensaje.o
 .debug_macro   0x0000000000001492       0x40 ./src/mensaje.o
 .debug_macro   0x00000000000014d2       0x28 ./src/mensaje.o
 .debug_macro   0x00000000000014fa       0x10 ./src/mensaje.o
 .debug_macro   0x000000000000150a       0x1c ./src/mensaje.o
 .debug_macro   0x0000000000001526       0x16 ./src/mensaje.o
 .debug_macro   0x000000000000153c       0x10 ./src/mensaje.o
 .debug_macro   0x000000000000154c      0x12d ./src/mensaje.o
 .debug_macro   0x0000000000001679      0x180 ./src/pruebaBiblioteca.o
 .debug_macro   0x00000000000017f9       0x82 ./src/pruebaBiblioteca.o
 .debug_macro   0x000000000000187b       0xed /home/lsldv/Descargas/Biblioteca_Giura/libbibliotecaInfoII.a(DR_Inicializacion.o)
 .debug_macro   0x0000000000001968      0xa66 /home/lsldv/Descargas/Biblioteca_Giura/libbibliotecaInfoII.a(DR_Inicializacion.o)
 .debug_macro   0x00000000000023ce       0x10 /home/lsldv/Descargas/Biblioteca_Giura/libbibliotecaInfoII.a(DR_Inicializacion.o)
 .debug_macro   0x00000000000023de      0x100 /home/lsldv/Descargas/Biblioteca_Giura/libbibliotecaInfoII.a(DR_Inicializacion.o)
 .debug_macro   0x00000000000024de       0x3a /home/lsldv/Descargas/Biblioteca_Giura/libbibliotecaInfoII.a(DR_Inicializacion.o)
 .debug_macro   0x0000000000002518      0x136 /home/lsldv/Descargas/Biblioteca_Giura/libbibliotecaInfoII.a(DR_Inicializacion.o)
 .debug_macro   0x000000000000264e       0x29 /home/lsldv/Descargas/Biblioteca_Giura/libbibliotecaInfoII.a(DR_PLL.o)
 .debug_macro   0x0000000000002677      0x112 /home/lsldv/Descargas/Biblioteca_Giura/libbibliotecaInfoII.a(DR_PLL.o)
 .debug_macro   0x0000000000002789       0xa2 /home/lsldv/Descargas/Biblioteca_Giura/libbibliotecaInfoII.a(DR_RGB.o)
 .debug_macro   0x000000000000282b       0x9e /home/lsldv/Descargas/Biblioteca_Giura/libbibliotecaInfoII.a(DR_Salidas.o)
 .debug_macro   0x00000000000028c9       0xc4 /home/lsldv/Descargas/Biblioteca_Giura/libbibliotecaInfoII.a(DR_SysTick.o)
 .debug_macro   0x000000000000298d       0xad /home/lsldv/Descargas/Biblioteca_Giura/libbibliotecaInfoII.a(DR_Teclado.o)
 .debug_macro   0x0000000000002a3a       0x22 /home/lsldv/Descargas/Biblioteca_Giura/libbibliotecaInfoII.a(DR_Teclado.o)
 .debug_macro   0x0000000000002a5c       0x2e /home/lsldv/Descargas/Biblioteca_Giura/libbibliotecaInfoII.a(DR_Timers.o)
 .debug_macro   0x0000000000002a8a       0xf7 /home/lsldv/Descargas/Biblioteca_Giura/libbibliotecaInfoII.a(DR_UART0.o)
 .debug_macro   0x0000000000002b81       0x10 /home/lsldv/Descargas/Biblioteca_Giura/libbibliotecaInfoII.a(DR_UART0.o)
 .debug_macro   0x0000000000002b91       0xa9 /home/lsldv/Descargas/Biblioteca_Giura/libbibliotecaInfoII.a(DR_UART1.o)
 .debug_macro   0x0000000000002c3a       0x10 /home/lsldv/Descargas/Biblioteca_Giura/libbibliotecaInfoII.a(DR_UART1.o)
 .debug_macro   0x0000000000002c4a       0x5b /home/lsldv/Descargas/Biblioteca_Giura/libbibliotecaInfoII.a(DR_adc.o)
 .debug_macro   0x0000000000002ca5       0x29 /home/lsldv/Descargas/Biblioteca_Giura/libbibliotecaInfoII.a(DR_gpio.o)
 .debug_macro   0x0000000000002cce      0x16c /home/lsldv/Descargas/Biblioteca_Giura/libbibliotecaInfoII.a(DR_gpio.o)
 .debug_macro   0x0000000000002e3a       0xa7 /home/lsldv/Descargas/Biblioteca_Giura/libbibliotecaInfoII.a(DR_lcd.o)
 .debug_macro   0x0000000000002ee1       0x29 /home/lsldv/Descargas/Biblioteca_Giura/libbibliotecaInfoII.a(DR_pinsel.o)
 .debug_macro   0x0000000000002f0a       0x5e /home/lsldv/Descargas/Biblioteca_Giura/libbibliotecaInfoII.a(DR_pinsel.o)
 .debug_macro   0x0000000000002f68       0xa3 /home/lsldv/Descargas/Biblioteca_Giura/libbibliotecaInfoII.a(PR_7seg.o)
 .debug_macro   0x000000000000300b       0xa8 /home/lsldv/Descargas/Biblioteca_Giura/libbibliotecaInfoII.a(PR_Buzzer.o)
 .debug_macro   0x00000000000030b3       0xa9 /home/lsldv/Descargas/Biblioteca_Giura/libbibliotecaInfoII.a(PR_Entradas.o)
 .debug_macro   0x000000000000315c       0xa3 /home/lsldv/Descargas/Biblioteca_Giura/libbibliotecaInfoII.a(PR_RGB.o)
 .debug_macro   0x00000000000031ff       0x16 /home/lsldv/Descargas/Biblioteca_Giura/libbibliotecaInfoII.a(PR_RGB.o)
 .debug_macro   0x0000000000003215       0xa8 /home/lsldv/Descargas/Biblioteca_Giura/libbibliotecaInfoII.a(PR_Relays.o)
 .debug_macro   0x00000000000032bd       0x24 /home/lsldv/Descargas/Biblioteca_Giura/libbibliotecaInfoII.a(PR_Strings.o)
 .debug_macro   0x00000000000032e1       0xad /home/lsldv/Descargas/Biblioteca_Giura/libbibliotecaInfoII.a(PR_Teclado.o)
 .debug_macro   0x000000000000338e       0x48 /home/lsldv/Descargas/Biblioteca_Giura/libbibliotecaInfoII.a(PR_Timers.o)
 .debug_macro   0x00000000000033d6       0x22 /home/lsldv/Descargas/Biblioteca_Giura/libbibliotecaInfoII.a(PR_Timers.o)
 .debug_macro   0x00000000000033f8       0x47 /home/lsldv/Descargas/Biblioteca_Giura/libbibliotecaInfoII.a(PR_UART.o)
 .debug_macro   0x000000000000343f       0x10 /home/lsldv/Descargas/Biblioteca_Giura/libbibliotecaInfoII.a(PR_UART.o)
 .debug_macro   0x000000000000344f       0x33 /home/lsldv/Descargas/Biblioteca_Giura/libbibliotecaInfoII.a(PR_adc.o)
 .debug_macro   0x0000000000003482       0xb3 /home/lsldv/Descargas/Biblioteca_Giura/libbibliotecaInfoII.a(PR_lcd.o)
 .debug_macro   0x0000000000003535       0xa3 /home/lsldv/Descargas/Biblioteca_Giura/libbibliotecaInfoII.a(DR_7seg.o)
 .debug_macro   0x00000000000035d8       0x9e /home/lsldv/Descargas/Biblioteca_Giura/libbibliotecaInfoII.a(DR_Buzzer.o)
 .debug_macro   0x0000000000003676       0x9f /home/lsldv/Descargas/Biblioteca_Giura/libbibliotecaInfoII.a(DR_Entradas.o)

.debug_line     0x0000000000000000     0x2d0e
 .debug_line    0x0000000000000000       0xd2 ./src/cr_startup_lpc175x_6x.o
 .debug_line    0x00000000000000d2       0x79 ./src/crp.o
 .debug_line    0x000000000000014b      0x340 ./src/mensaje.o
 .debug_line    0x000000000000048b      0x315 ./src/pruebaBiblioteca.o
 .debug_line    0x00000000000007a0      0x1d7 /home/lsldv/Descargas/Biblioteca_Giura/libbibliotecaInfoII.a(DR_Inicializacion.o)
 .debug_line    0x0000000000000977       0xf3 /home/lsldv/Descargas/Biblioteca_Giura/libbibliotecaInfoII.a(DR_PLL.o)
 .debug_line    0x0000000000000a6a      0x162 /home/lsldv/Descargas/Biblioteca_Giura/libbibliotecaInfoII.a(DR_RGB.o)
 .debug_line    0x0000000000000bcc      0x181 /home/lsldv/Descargas/Biblioteca_Giura/libbibliotecaInfoII.a(DR_Salidas.o)
 .debug_line    0x0000000000000d4d      0x1ac /home/lsldv/Descargas/Biblioteca_Giura/libbibliotecaInfoII.a(DR_SysTick.o)
 .debug_line    0x0000000000000ef9      0x1b2 /home/lsldv/Descargas/Biblioteca_Giura/libbibliotecaInfoII.a(DR_Teclado.o)
 .debug_line    0x00000000000010ab       0xee /home/lsldv/Descargas/Biblioteca_Giura/libbibliotecaInfoII.a(DR_Timers.o)
 .debug_line    0x0000000000001199      0x16b /home/lsldv/Descargas/Biblioteca_Giura/libbibliotecaInfoII.a(DR_UART0.o)
 .debug_line    0x0000000000001304      0x16b /home/lsldv/Descargas/Biblioteca_Giura/libbibliotecaInfoII.a(DR_UART1.o)
 .debug_line    0x000000000000146f      0x131 /home/lsldv/Descargas/Biblioteca_Giura/libbibliotecaInfoII.a(DR_adc.o)
 .debug_line    0x00000000000015a0       0xff /home/lsldv/Descargas/Biblioteca_Giura/libbibliotecaInfoII.a(DR_gpio.o)
 .debug_line    0x000000000000169f      0x1ff /home/lsldv/Descargas/Biblioteca_Giura/libbibliotecaInfoII.a(DR_lcd.o)
 .debug_line    0x000000000000189e       0xbd /home/lsldv/Descargas/Biblioteca_Giura/libbibliotecaInfoII.a(DR_pinsel.o)
 .debug_line    0x000000000000195b      0x179 /home/lsldv/Descargas/Biblioteca_Giura/libbibliotecaInfoII.a(PR_7seg.o)
 .debug_line    0x0000000000001ad4      0x173 /home/lsldv/Descargas/Biblioteca_Giura/libbibliotecaInfoII.a(PR_Buzzer.o)
 .debug_line    0x0000000000001c47      0x168 /home/lsldv/Descargas/Biblioteca_Giura/libbibliotecaInfoII.a(PR_Entradas.o)
 .debug_line    0x0000000000001daf      0x169 /home/lsldv/Descargas/Biblioteca_Giura/libbibliotecaInfoII.a(PR_RGB.o)
 .debug_line    0x0000000000001f18      0x177 /home/lsldv/Descargas/Biblioteca_Giura/libbibliotecaInfoII.a(PR_Relays.o)
 .debug_line    0x000000000000208f      0x14c /home/lsldv/Descargas/Biblioteca_Giura/libbibliotecaInfoII.a(PR_Strings.o)
 .debug_line    0x00000000000021db      0x177 /home/lsldv/Descargas/Biblioteca_Giura/libbibliotecaInfoII.a(PR_Teclado.o)
 .debug_line    0x0000000000002352      0x153 /home/lsldv/Descargas/Biblioteca_Giura/libbibliotecaInfoII.a(PR_Timers.o)
 .debug_line    0x00000000000024a5       0xe6 /home/lsldv/Descargas/Biblioteca_Giura/libbibliotecaInfoII.a(PR_UART.o)
 .debug_line    0x000000000000258b      0x161 /home/lsldv/Descargas/Biblioteca_Giura/libbibliotecaInfoII.a(PR_adc.o)
 .debug_line    0x00000000000026ec      0x180 /home/lsldv/Descargas/Biblioteca_Giura/libbibliotecaInfoII.a(PR_lcd.o)
 .debug_line    0x000000000000286c      0x189 /home/lsldv/Descargas/Biblioteca_Giura/libbibliotecaInfoII.a(DR_7seg.o)
 .debug_line    0x00000000000029f5      0x177 /home/lsldv/Descargas/Biblioteca_Giura/libbibliotecaInfoII.a(DR_Buzzer.o)
 .debug_line    0x0000000000002b6c      0x1a2 /home/lsldv/Descargas/Biblioteca_Giura/libbibliotecaInfoII.a(DR_Entradas.o)

.debug_str      0x0000000000000000     0x634e
 .debug_str     0x0000000000000000     0x2e96 ./src/cr_startup_lpc175x_6x.o
                                       0x2ea9 (size before relaxing)
 .debug_str     0x0000000000002e96       0xe9 ./src/crp.o
                                       0x2db6 (size before relaxing)
 .debug_str     0x0000000000002f7f     0x2521 ./src/mensaje.o
                                       0x522e (size before relaxing)
 .debug_str     0x00000000000054a0      0x498 ./src/pruebaBiblioteca.o
                                       0x50c9 (size before relaxing)
 .debug_str     0x0000000000005938       0x82 /home/lsldv/Descargas/Biblioteca_Giura/libbibliotecaInfoII.a(DR_Inicializacion.o)
                                       0x4374 (size before relaxing)
 .debug_str     0x00000000000059ba       0x1f /home/lsldv/Descargas/Biblioteca_Giura/libbibliotecaInfoII.a(DR_PLL.o)
                                       0x32e2 (size before relaxing)
 .debug_str     0x00000000000059d9       0x1f /home/lsldv/Descargas/Biblioteca_Giura/libbibliotecaInfoII.a(DR_RGB.o)
                                       0x3d28 (size before relaxing)
 .debug_str     0x00000000000059f8       0x37 /home/lsldv/Descargas/Biblioteca_Giura/libbibliotecaInfoII.a(DR_Salidas.o)
                                       0x3d52 (size before relaxing)
 .debug_str     0x0000000000005a2f       0x4c /home/lsldv/Descargas/Biblioteca_Giura/libbibliotecaInfoII.a(DR_SysTick.o)
                                       0x3ed3 (size before relaxing)
 .debug_str     0x0000000000005a7b       0x84 /home/lsldv/Descargas/Biblioteca_Giura/libbibliotecaInfoII.a(DR_Teclado.o)
                                       0x3db1 (size before relaxing)
 .debug_str     0x0000000000005aff       0x2d /home/lsldv/Descargas/Biblioteca_Giura/libbibliotecaInfoII.a(DR_Timers.o)
                                       0x2e20 (size before relaxing)
 .debug_str     0x0000000000005b2c      0x314 /home/lsldv/Descargas/Biblioteca_Giura/libbibliotecaInfoII.a(DR_UART0.o)
                                       0x4117 (size before relaxing)
 .debug_str     0x0000000000005e40       0xc3 /home/lsldv/Descargas/Biblioteca_Giura/libbibliotecaInfoII.a(DR_UART1.o)
                                       0x3fe7 (size before relaxing)
 .debug_str     0x0000000000005f03       0x40 /home/lsldv/Descargas/Biblioteca_Giura/libbibliotecaInfoII.a(DR_adc.o)
                                       0x428f (size before relaxing)
 .debug_str     0x0000000000005f43       0x51 /home/lsldv/Descargas/Biblioteca_Giura/libbibliotecaInfoII.a(DR_gpio.o)
                                       0x3237 (size before relaxing)
 .debug_str     0x0000000000005f94       0x74 /home/lsldv/Descargas/Biblioteca_Giura/libbibliotecaInfoII.a(DR_lcd.o)
                                       0x3e09 (size before relaxing)
 .debug_str     0x0000000000006008       0x29 /home/lsldv/Descargas/Biblioteca_Giura/libbibliotecaInfoII.a(DR_pinsel.o)
                                       0x2ee3 (size before relaxing)
 .debug_str     0x0000000000006031       0x28 /home/lsldv/Descargas/Biblioteca_Giura/libbibliotecaInfoII.a(PR_7seg.o)
                                       0x3d17 (size before relaxing)
 .debug_str     0x0000000000006059       0x13 /home/lsldv/Descargas/Biblioteca_Giura/libbibliotecaInfoII.a(PR_Buzzer.o)
                                       0x3d57 (size before relaxing)
 .debug_str     0x000000000000606c       0x1e /home/lsldv/Descargas/Biblioteca_Giura/libbibliotecaInfoII.a(PR_Entradas.o)
                                       0x3d2d (size before relaxing)
 .debug_str     0x000000000000608a       0x18 /home/lsldv/Descargas/Biblioteca_Giura/libbibliotecaInfoII.a(PR_RGB.o)
                                       0x3d36 (size before relaxing)
 .debug_str     0x00000000000060a2       0x21 /home/lsldv/Descargas/Biblioteca_Giura/libbibliotecaInfoII.a(PR_Relays.o)
                                       0x3d60 (size before relaxing)
 .debug_str     0x00000000000060c3       0x37 /home/lsldv/Descargas/Biblioteca_Giura/libbibliotecaInfoII.a(PR_Strings.o)
                                       0x2df9 (size before relaxing)
 .debug_str     0x00000000000060fa       0x1b /home/lsldv/Descargas/Biblioteca_Giura/libbibliotecaInfoII.a(PR_Teclado.o)
                                       0x3d57 (size before relaxing)
 .debug_str     0x0000000000006115       0xa1 /home/lsldv/Descargas/Biblioteca_Giura/libbibliotecaInfoII.a(PR_Timers.o)
                                       0x2ecd (size before relaxing)
 .debug_str     0x00000000000061b6       0x35 /home/lsldv/Descargas/Biblioteca_Giura/libbibliotecaInfoII.a(PR_UART.o)
                                       0x2e5e (size before relaxing)
 .debug_str     0x00000000000061eb       0x6d /home/lsldv/Descargas/Biblioteca_Giura/libbibliotecaInfoII.a(PR_adc.o)
                                       0x32ba (size before relaxing)
 .debug_str     0x0000000000006258       0x28 /home/lsldv/Descargas/Biblioteca_Giura/libbibliotecaInfoII.a(PR_lcd.o)
                                       0x3df4 (size before relaxing)
 .debug_str     0x0000000000006280       0x4f /home/lsldv/Descargas/Biblioteca_Giura/libbibliotecaInfoII.a(DR_7seg.o)
                                       0x3d36 (size before relaxing)
 .debug_str     0x00000000000062cf       0x34 /home/lsldv/Descargas/Biblioteca_Giura/libbibliotecaInfoII.a(DR_Buzzer.o)
                                       0x3d4d (size before relaxing)
 .debug_str     0x0000000000006303       0x4b /home/lsldv/Descargas/Biblioteca_Giura/libbibliotecaInfoII.a(DR_Entradas.o)
                                       0x3d32 (size before relaxing)

.comment        0x0000000000000000       0x7e
 .comment       0x0000000000000000       0x7e ./src/cr_startup_lpc175x_6x.o
                                         0x7f (size before relaxing)
 .comment       0x000000000000007e       0x7f ./src/crp.o
 .comment       0x000000000000007e       0x7f ./src/mensaje.o
 .comment       0x000000000000007e       0x7f ./src/pruebaBiblioteca.o
 .comment       0x000000000000007e       0x7f /home/lsldv/Descargas/Biblioteca_Giura/libbibliotecaInfoII.a(DR_Inicializacion.o)
 .comment       0x000000000000007e       0x7f /home/lsldv/Descargas/Biblioteca_Giura/libbibliotecaInfoII.a(DR_PLL.o)
 .comment       0x000000000000007e       0x7f /home/lsldv/Descargas/Biblioteca_Giura/libbibliotecaInfoII.a(DR_RGB.o)
 .comment       0x000000000000007e       0x7f /home/lsldv/Descargas/Biblioteca_Giura/libbibliotecaInfoII.a(DR_Salidas.o)
 .comment       0x000000000000007e       0x7f /home/lsldv/Descargas/Biblioteca_Giura/libbibliotecaInfoII.a(DR_SysTick.o)
 .comment       0x000000000000007e       0x7f /home/lsldv/Descargas/Biblioteca_Giura/libbibliotecaInfoII.a(DR_Teclado.o)
 .comment       0x000000000000007e       0x7f /home/lsldv/Descargas/Biblioteca_Giura/libbibliotecaInfoII.a(DR_Timers.o)
 .comment       0x000000000000007e       0x7f /home/lsldv/Descargas/Biblioteca_Giura/libbibliotecaInfoII.a(DR_UART0.o)
 .comment       0x000000000000007e       0x7f /home/lsldv/Descargas/Biblioteca_Giura/libbibliotecaInfoII.a(DR_UART1.o)
 .comment       0x000000000000007e       0x7f /home/lsldv/Descargas/Biblioteca_Giura/libbibliotecaInfoII.a(DR_adc.o)
 .comment       0x000000000000007e       0x7f /home/lsldv/Descargas/Biblioteca_Giura/libbibliotecaInfoII.a(DR_gpio.o)
 .comment       0x000000000000007e       0x7f /home/lsldv/Descargas/Biblioteca_Giura/libbibliotecaInfoII.a(DR_lcd.o)
 .comment       0x000000000000007e       0x7f /home/lsldv/Descargas/Biblioteca_Giura/libbibliotecaInfoII.a(DR_pinsel.o)
 .comment       0x000000000000007e       0x7f /home/lsldv/Descargas/Biblioteca_Giura/libbibliotecaInfoII.a(PR_7seg.o)
 .comment       0x000000000000007e       0x7f /home/lsldv/Descargas/Biblioteca_Giura/libbibliotecaInfoII.a(PR_Buzzer.o)
 .comment       0x000000000000007e       0x7f /home/lsldv/Descargas/Biblioteca_Giura/libbibliotecaInfoII.a(PR_Entradas.o)
 .comment       0x000000000000007e       0x7f /home/lsldv/Descargas/Biblioteca_Giura/libbibliotecaInfoII.a(PR_RGB.o)
 .comment       0x000000000000007e       0x7f /home/lsldv/Descargas/Biblioteca_Giura/libbibliotecaInfoII.a(PR_Relays.o)
 .comment       0x000000000000007e       0x7f /home/lsldv/Descargas/Biblioteca_Giura/libbibliotecaInfoII.a(PR_Strings.o)
 .comment       0x000000000000007e       0x7f /home/lsldv/Descargas/Biblioteca_Giura/libbibliotecaInfoII.a(PR_Teclado.o)
 .comment       0x000000000000007e       0x7f /home/lsldv/Descargas/Biblioteca_Giura/libbibliotecaInfoII.a(PR_Timers.o)
 .comment       0x000000000000007e       0x7f /home/lsldv/Descargas/Biblioteca_Giura/libbibliotecaInfoII.a(PR_UART.o)
 .comment       0x000000000000007e       0x7f /home/lsldv/Descargas/Biblioteca_Giura/libbibliotecaInfoII.a(PR_adc.o)
 .comment       0x000000000000007e       0x7f /home/lsldv/Descargas/Biblioteca_Giura/libbibliotecaInfoII.a(PR_lcd.o)
 .comment       0x000000000000007e       0x7f /home/lsldv/Descargas/Biblioteca_Giura/libbibliotecaInfoII.a(DR_7seg.o)
 .comment       0x000000000000007e       0x7f /home/lsldv/Descargas/Biblioteca_Giura/libbibliotecaInfoII.a(DR_Buzzer.o)
 .comment       0x000000000000007e       0x7f /home/lsldv/Descargas/Biblioteca_Giura/libbibliotecaInfoII.a(DR_Entradas.o)
 .comment       0x000000000000007e       0x7f /usr/local/mcuxpressoide-10.2.0_759/ide/tools/bin/../lib/gcc/arm-none-eabi/7.2.1/../../../../arm-none-eabi/lib/thumb/v7-m/libcr_c.a(__weak__main.o)
 .comment       0x000000000000007e       0x7f /usr/local/mcuxpressoide-10.2.0_759/ide/tools/bin/../lib/gcc/arm-none-eabi/7.2.1/../../../../arm-none-eabi/lib/thumb/v7-m/libcr_c.a(strlen.o)

.ARM.attributes
                0x0000000000000000       0x33
 .ARM.attributes
                0x0000000000000000       0x33 ./src/cr_startup_lpc175x_6x.o
 .ARM.attributes
                0x0000000000000033       0x33 ./src/crp.o
 .ARM.attributes
                0x0000000000000066       0x33 ./src/mensaje.o
 .ARM.attributes
                0x0000000000000099       0x33 ./src/pruebaBiblioteca.o
 .ARM.attributes
                0x00000000000000cc       0x33 /home/lsldv/Descargas/Biblioteca_Giura/libbibliotecaInfoII.a(DR_Inicializacion.o)
 .ARM.attributes
                0x00000000000000ff       0x33 /home/lsldv/Descargas/Biblioteca_Giura/libbibliotecaInfoII.a(DR_PLL.o)
 .ARM.attributes
                0x0000000000000132       0x33 /home/lsldv/Descargas/Biblioteca_Giura/libbibliotecaInfoII.a(DR_RGB.o)
 .ARM.attributes
                0x0000000000000165       0x33 /home/lsldv/Descargas/Biblioteca_Giura/libbibliotecaInfoII.a(DR_Salidas.o)
 .ARM.attributes
                0x0000000000000198       0x33 /home/lsldv/Descargas/Biblioteca_Giura/libbibliotecaInfoII.a(DR_SysTick.o)
 .ARM.attributes
                0x00000000000001cb       0x33 /home/lsldv/Descargas/Biblioteca_Giura/libbibliotecaInfoII.a(DR_Teclado.o)
 .ARM.attributes
                0x00000000000001fe       0x33 /home/lsldv/Descargas/Biblioteca_Giura/libbibliotecaInfoII.a(DR_Timers.o)
 .ARM.attributes
                0x0000000000000231       0x33 /home/lsldv/Descargas/Biblioteca_Giura/libbibliotecaInfoII.a(DR_UART0.o)
 .ARM.attributes
                0x0000000000000264       0x33 /home/lsldv/Descargas/Biblioteca_Giura/libbibliotecaInfoII.a(DR_UART1.o)
 .ARM.attributes
                0x0000000000000297       0x33 /home/lsldv/Descargas/Biblioteca_Giura/libbibliotecaInfoII.a(DR_adc.o)
 .ARM.attributes
                0x00000000000002ca       0x33 /home/lsldv/Descargas/Biblioteca_Giura/libbibliotecaInfoII.a(DR_gpio.o)
 .ARM.attributes
                0x00000000000002fd       0x33 /home/lsldv/Descargas/Biblioteca_Giura/libbibliotecaInfoII.a(DR_lcd.o)
 .ARM.attributes
                0x0000000000000330       0x33 /home/lsldv/Descargas/Biblioteca_Giura/libbibliotecaInfoII.a(DR_pinsel.o)
 .ARM.attributes
                0x0000000000000363       0x33 /home/lsldv/Descargas/Biblioteca_Giura/libbibliotecaInfoII.a(PR_7seg.o)
 .ARM.attributes
                0x0000000000000396       0x33 /home/lsldv/Descargas/Biblioteca_Giura/libbibliotecaInfoII.a(PR_Buzzer.o)
 .ARM.attributes
                0x00000000000003c9       0x33 /home/lsldv/Descargas/Biblioteca_Giura/libbibliotecaInfoII.a(PR_Entradas.o)
 .ARM.attributes
                0x00000000000003fc       0x33 /home/lsldv/Descargas/Biblioteca_Giura/libbibliotecaInfoII.a(PR_RGB.o)
 .ARM.attributes
                0x000000000000042f       0x33 /home/lsldv/Descargas/Biblioteca_Giura/libbibliotecaInfoII.a(PR_Relays.o)
 .ARM.attributes
                0x0000000000000462       0x33 /home/lsldv/Descargas/Biblioteca_Giura/libbibliotecaInfoII.a(PR_Strings.o)
 .ARM.attributes
                0x0000000000000495       0x33 /home/lsldv/Descargas/Biblioteca_Giura/libbibliotecaInfoII.a(PR_Teclado.o)
 .ARM.attributes
                0x00000000000004c8       0x33 /home/lsldv/Descargas/Biblioteca_Giura/libbibliotecaInfoII.a(PR_Timers.o)
 .ARM.attributes
                0x00000000000004fb       0x33 /home/lsldv/Descargas/Biblioteca_Giura/libbibliotecaInfoII.a(PR_UART.o)
 .ARM.attributes
                0x000000000000052e       0x33 /home/lsldv/Descargas/Biblioteca_Giura/libbibliotecaInfoII.a(PR_adc.o)
 .ARM.attributes
                0x0000000000000561       0x33 /home/lsldv/Descargas/Biblioteca_Giura/libbibliotecaInfoII.a(PR_lcd.o)
 .ARM.attributes
                0x0000000000000594       0x33 /home/lsldv/Descargas/Biblioteca_Giura/libbibliotecaInfoII.a(DR_7seg.o)
 .ARM.attributes
                0x00000000000005c7       0x33 /home/lsldv/Descargas/Biblioteca_Giura/libbibliotecaInfoII.a(DR_Buzzer.o)
 .ARM.attributes
                0x00000000000005fa       0x33 /home/lsldv/Descargas/Biblioteca_Giura/libbibliotecaInfoII.a(DR_Entradas.o)
 .ARM.attributes
                0x000000000000062d       0x33 /usr/local/mcuxpressoide-10.2.0_759/ide/tools/bin/../lib/gcc/arm-none-eabi/7.2.1/../../../../arm-none-eabi/lib/thumb/v7-m/libcr_c.a(__weak__main.o)
 .ARM.attributes
                0x0000000000000660       0x33 /usr/local/mcuxpressoide-10.2.0_759/ide/tools/bin/../lib/gcc/arm-none-eabi/7.2.1/../../../../arm-none-eabi/lib/thumb/v7-m/libcr_c.a(strlen.o)

.debug_frame    0x0000000000000000      0xcbc
 .debug_frame   0x0000000000000000      0x170 ./src/cr_startup_lpc175x_6x.o
 .debug_frame   0x0000000000000170       0x34 ./src/mensaje.o
 .debug_frame   0x00000000000001a4       0x48 ./src/pruebaBiblioteca.o
 .debug_frame   0x00000000000001ec       0x2c /home/lsldv/Descargas/Biblioteca_Giura/libbibliotecaInfoII.a(DR_Inicializacion.o)
 .debug_frame   0x0000000000000218       0x30 /home/lsldv/Descargas/Biblioteca_Giura/libbibliotecaInfoII.a(DR_PLL.o)
 .debug_frame   0x0000000000000248       0x2c /home/lsldv/Descargas/Biblioteca_Giura/libbibliotecaInfoII.a(DR_RGB.o)
 .debug_frame   0x0000000000000274       0x48 /home/lsldv/Descargas/Biblioteca_Giura/libbibliotecaInfoII.a(DR_Salidas.o)
 .debug_frame   0x00000000000002bc       0x4c /home/lsldv/Descargas/Biblioteca_Giura/libbibliotecaInfoII.a(DR_SysTick.o)
 .debug_frame   0x0000000000000308       0x74 /home/lsldv/Descargas/Biblioteca_Giura/libbibliotecaInfoII.a(DR_Teclado.o)
 .debug_frame   0x000000000000037c       0x5c /home/lsldv/Descargas/Biblioteca_Giura/libbibliotecaInfoII.a(DR_Timers.o)
 .debug_frame   0x00000000000003d8       0xf8 /home/lsldv/Descargas/Biblioteca_Giura/libbibliotecaInfoII.a(DR_UART0.o)
 .debug_frame   0x00000000000004d0       0xf8 /home/lsldv/Descargas/Biblioteca_Giura/libbibliotecaInfoII.a(DR_UART1.o)
 .debug_frame   0x00000000000005c8       0x54 /home/lsldv/Descargas/Biblioteca_Giura/libbibliotecaInfoII.a(DR_adc.o)
 .debug_frame   0x000000000000061c       0xb0 /home/lsldv/Descargas/Biblioteca_Giura/libbibliotecaInfoII.a(DR_gpio.o)
 .debug_frame   0x00000000000006cc       0xa8 /home/lsldv/Descargas/Biblioteca_Giura/libbibliotecaInfoII.a(DR_lcd.o)
 .debug_frame   0x0000000000000774       0x38 /home/lsldv/Descargas/Biblioteca_Giura/libbibliotecaInfoII.a(DR_pinsel.o)
 .debug_frame   0x00000000000007ac       0x38 /home/lsldv/Descargas/Biblioteca_Giura/libbibliotecaInfoII.a(PR_7seg.o)
 .debug_frame   0x00000000000007e4       0x38 /home/lsldv/Descargas/Biblioteca_Giura/libbibliotecaInfoII.a(PR_Buzzer.o)
 .debug_frame   0x000000000000081c       0x38 /home/lsldv/Descargas/Biblioteca_Giura/libbibliotecaInfoII.a(PR_Entradas.o)
 .debug_frame   0x0000000000000854       0x34 /home/lsldv/Descargas/Biblioteca_Giura/libbibliotecaInfoII.a(PR_RGB.o)
 .debug_frame   0x0000000000000888       0x38 /home/lsldv/Descargas/Biblioteca_Giura/libbibliotecaInfoII.a(PR_Relays.o)
 .debug_frame   0x00000000000008c0       0xac /home/lsldv/Descargas/Biblioteca_Giura/libbibliotecaInfoII.a(PR_Strings.o)
 .debug_frame   0x000000000000096c       0x38 /home/lsldv/Descargas/Biblioteca_Giura/libbibliotecaInfoII.a(PR_Teclado.o)
 .debug_frame   0x00000000000009a4       0xfc /home/lsldv/Descargas/Biblioteca_Giura/libbibliotecaInfoII.a(PR_Timers.o)
 .debug_frame   0x0000000000000aa0       0x34 /home/lsldv/Descargas/Biblioteca_Giura/libbibliotecaInfoII.a(PR_UART.o)
 .debug_frame   0x0000000000000ad4       0xcc /home/lsldv/Descargas/Biblioteca_Giura/libbibliotecaInfoII.a(PR_adc.o)
 .debug_frame   0x0000000000000ba0       0x34 /home/lsldv/Descargas/Biblioteca_Giura/libbibliotecaInfoII.a(PR_lcd.o)
 .debug_frame   0x0000000000000bd4       0x50 /home/lsldv/Descargas/Biblioteca_Giura/libbibliotecaInfoII.a(DR_7seg.o)
 .debug_frame   0x0000000000000c24       0x48 /home/lsldv/Descargas/Biblioteca_Giura/libbibliotecaInfoII.a(DR_Buzzer.o)
 .debug_frame   0x0000000000000c6c       0x50 /home/lsldv/Descargas/Biblioteca_Giura/libbibliotecaInfoII.a(DR_Entradas.o)
