Archive member included to satisfy reference by file (symbol)

/usr/local/mcuxpressoide-10.2.0_759/ide/tools/bin/../lib/gcc/arm-none-eabi/7.2.1/../../../../arm-none-eabi/lib/thumb/v7-m/libcr_c.a(__weak__main.o)
                              ./Drivers/cr_startup_lpc175x_6x.o (__main)
/usr/local/mcuxpressoide-10.2.0_759/ide/tools/bin/../lib/gcc/arm-none-eabi/7.2.1/thumb/v7-m/libcr_eabihelpers.a(double.o)
                              ./Drivers/DR_ADC_5canales_Timer.o (__aeabi_ddiv)
/usr/local/mcuxpressoide-10.2.0_759/ide/tools/bin/../lib/gcc/arm-none-eabi/7.2.1/thumb/v7-m/libcr_eabihelpers.a(float.o)
                              ./Drivers/DR_SysTick.o (__aeabi_fmul)

Discarded input sections

 .group         0x0000000000000000        0xc ./Primitivas/PR_ADC_MEDIANA.o
 .group         0x0000000000000000        0xc ./Primitivas/PR_ADC_MEDIANA.o
 .group         0x0000000000000000        0xc ./Primitivas/PR_ADC_MEDIANA.o
 .group         0x0000000000000000        0xc ./Primitivas/PR_ADC_MEDIANA.o
 .group         0x0000000000000000        0xc ./Primitivas/PR_ADC_MEDIANA.o
 .group         0x0000000000000000        0xc ./Primitivas/PR_ADC_MEDIANA.o
 .group         0x0000000000000000        0xc ./Primitivas/PR_ADC_MEDIANA.o
 .text          0x0000000000000000        0x0 ./Primitivas/PR_ADC_MEDIANA.o
 .data          0x0000000000000000        0x0 ./Primitivas/PR_ADC_MEDIANA.o
 .bss           0x0000000000000000        0x0 ./Primitivas/PR_ADC_MEDIANA.o
 .group         0x0000000000000000        0xc ./Primitivas/PR_LCD.o
 .group         0x0000000000000000        0xc ./Primitivas/PR_LCD.o
 .group         0x0000000000000000        0xc ./Primitivas/PR_LCD.o
 .group         0x0000000000000000        0xc ./Primitivas/PR_LCD.o
 .group         0x0000000000000000        0xc ./Primitivas/PR_LCD.o
 .group         0x0000000000000000        0xc ./Primitivas/PR_LCD.o
 .group         0x0000000000000000        0xc ./Primitivas/PR_LCD.o
 .text          0x0000000000000000        0x0 ./Primitivas/PR_LCD.o
 .data          0x0000000000000000        0x0 ./Primitivas/PR_LCD.o
 .bss           0x0000000000000000        0x0 ./Primitivas/PR_LCD.o
 .debug_macro   0x0000000000000000      0xa66 ./Primitivas/PR_LCD.o
 .debug_macro   0x0000000000000000       0x2e ./Primitivas/PR_LCD.o
 .debug_macro   0x0000000000000000      0x7bc ./Primitivas/PR_LCD.o
 .debug_macro   0x0000000000000000       0x2e ./Primitivas/PR_LCD.o
 .debug_macro   0x0000000000000000       0x46 ./Primitivas/PR_LCD.o
 .group         0x0000000000000000        0xc ./Primitivas/PR_Teclas.o
 .group         0x0000000000000000        0xc ./Primitivas/PR_Teclas.o
 .group         0x0000000000000000        0xc ./Primitivas/PR_Teclas.o
 .group         0x0000000000000000        0xc ./Primitivas/PR_Teclas.o
 .group         0x0000000000000000        0xc ./Primitivas/PR_Teclas.o
 .group         0x0000000000000000        0xc ./Primitivas/PR_Teclas.o
 .text          0x0000000000000000        0x0 ./Primitivas/PR_Teclas.o
 .data          0x0000000000000000        0x0 ./Primitivas/PR_Teclas.o
 .bss           0x0000000000000000        0x0 ./Primitivas/PR_Teclas.o
 .debug_macro   0x0000000000000000      0xa66 ./Primitivas/PR_Teclas.o
 .debug_macro   0x0000000000000000       0x2e ./Primitivas/PR_Teclas.o
 .debug_macro   0x0000000000000000       0x46 ./Primitivas/PR_Teclas.o
 .group         0x0000000000000000        0xc ./Primitivas/PR_UART_1.o
 .group         0x0000000000000000        0xc ./Primitivas/PR_UART_1.o
 .group         0x0000000000000000        0xc ./Primitivas/PR_UART_1.o
 .group         0x0000000000000000        0xc ./Primitivas/PR_UART_1.o
 .text          0x0000000000000000        0x0 ./Primitivas/PR_UART_1.o
 .data          0x0000000000000000        0x0 ./Primitivas/PR_UART_1.o
 .bss           0x0000000000000000        0x0 ./Primitivas/PR_UART_1.o
 .text.Transmitir
                0x0000000000000000       0x42 ./Primitivas/PR_UART_1.o
 .debug_macro   0x0000000000000000      0xa66 ./Primitivas/PR_UART_1.o
 .debug_macro   0x0000000000000000       0x2e ./Primitivas/PR_UART_1.o
 .debug_macro   0x0000000000000000      0x7bc ./Primitivas/PR_UART_1.o
 .debug_macro   0x0000000000000000       0x46 ./Primitivas/PR_UART_1.o
 .group         0x0000000000000000        0xc ./Drivers/DR_ADC_5canales_Timer.o
 .group         0x0000000000000000        0xc ./Drivers/DR_ADC_5canales_Timer.o
 .group         0x0000000000000000        0xc ./Drivers/DR_ADC_5canales_Timer.o
 .group         0x0000000000000000        0xc ./Drivers/DR_ADC_5canales_Timer.o
 .group         0x0000000000000000        0xc ./Drivers/DR_ADC_5canales_Timer.o
 .group         0x0000000000000000        0xc ./Drivers/DR_ADC_5canales_Timer.o
 .text          0x0000000000000000        0x0 ./Drivers/DR_ADC_5canales_Timer.o
 .data          0x0000000000000000        0x0 ./Drivers/DR_ADC_5canales_Timer.o
 .bss           0x0000000000000000        0x0 ./Drivers/DR_ADC_5canales_Timer.o
 .debug_macro   0x0000000000000000      0xa66 ./Drivers/DR_ADC_5canales_Timer.o
 .debug_macro   0x0000000000000000       0x2e ./Drivers/DR_ADC_5canales_Timer.o
 .debug_macro   0x0000000000000000      0x7bc ./Drivers/DR_ADC_5canales_Timer.o
 .debug_macro   0x0000000000000000       0x46 ./Drivers/DR_ADC_5canales_Timer.o
 .debug_macro   0x0000000000000000       0x2e ./Drivers/DR_ADC_5canales_Timer.o
 .debug_macro   0x0000000000000000       0x16 ./Drivers/DR_ADC_5canales_Timer.o
 .group         0x0000000000000000        0xc ./Drivers/DR_GPIO.o
 .group         0x0000000000000000        0xc ./Drivers/DR_GPIO.o
 .group         0x0000000000000000        0xc ./Drivers/DR_GPIO.o
 .group         0x0000000000000000        0xc ./Drivers/DR_GPIO.o
 .text          0x0000000000000000        0x0 ./Drivers/DR_GPIO.o
 .data          0x0000000000000000        0x0 ./Drivers/DR_GPIO.o
 .bss           0x0000000000000000        0x0 ./Drivers/DR_GPIO.o
 .debug_macro   0x0000000000000000      0xa66 ./Drivers/DR_GPIO.o
 .debug_macro   0x0000000000000000       0x2e ./Drivers/DR_GPIO.o
 .debug_macro   0x0000000000000000      0x7c2 ./Drivers/DR_GPIO.o
 .debug_macro   0x0000000000000000       0x28 ./Drivers/DR_GPIO.o
 .group         0x0000000000000000        0xc ./Drivers/DR_Init.o
 .group         0x0000000000000000        0xc ./Drivers/DR_Init.o
 .group         0x0000000000000000        0xc ./Drivers/DR_Init.o
 .group         0x0000000000000000        0xc ./Drivers/DR_Init.o
 .group         0x0000000000000000        0xc ./Drivers/DR_Init.o
 .group         0x0000000000000000        0xc ./Drivers/DR_Init.o
 .group         0x0000000000000000        0xc ./Drivers/DR_Init.o
 .group         0x0000000000000000        0xc ./Drivers/DR_Init.o
 .group         0x0000000000000000        0xc ./Drivers/DR_Init.o
 .group         0x0000000000000000        0xc ./Drivers/DR_Init.o
 .group         0x0000000000000000        0xc ./Drivers/DR_Init.o
 .group         0x0000000000000000        0xc ./Drivers/DR_Init.o
 .group         0x0000000000000000        0xc ./Drivers/DR_Init.o
 .group         0x0000000000000000        0xc ./Drivers/DR_Init.o
 .text          0x0000000000000000        0x0 ./Drivers/DR_Init.o
 .data          0x0000000000000000        0x0 ./Drivers/DR_Init.o
 .bss           0x0000000000000000        0x0 ./Drivers/DR_Init.o
 .debug_macro   0x0000000000000000      0xa66 ./Drivers/DR_Init.o
 .debug_macro   0x0000000000000000       0x2e ./Drivers/DR_Init.o
 .debug_macro   0x0000000000000000      0x7bc ./Drivers/DR_Init.o
 .debug_macro   0x0000000000000000       0x2e ./Drivers/DR_Init.o
 .debug_macro   0x0000000000000000       0x46 ./Drivers/DR_Init.o
 .debug_macro   0x0000000000000000      0x11e ./Drivers/DR_Init.o
 .debug_macro   0x0000000000000000       0x16 ./Drivers/DR_Init.o
 .group         0x0000000000000000        0xc ./Drivers/DR_LED_IO.o
 .group         0x0000000000000000        0xc ./Drivers/DR_LED_IO.o
 .group         0x0000000000000000        0xc ./Drivers/DR_LED_IO.o
 .group         0x0000000000000000        0xc ./Drivers/DR_LED_IO.o
 .group         0x0000000000000000        0xc ./Drivers/DR_LED_IO.o
 .group         0x0000000000000000        0xc ./Drivers/DR_LED_IO.o
 .text          0x0000000000000000        0x0 ./Drivers/DR_LED_IO.o
 .data          0x0000000000000000        0x0 ./Drivers/DR_LED_IO.o
 .bss           0x0000000000000000        0x0 ./Drivers/DR_LED_IO.o
 .text.LED_Toggle
                0x0000000000000000       0xbc ./Drivers/DR_LED_IO.o
 .text.LED_GetStatus
                0x0000000000000000       0x78 ./Drivers/DR_LED_IO.o
 .debug_macro   0x0000000000000000      0xa66 ./Drivers/DR_LED_IO.o
 .debug_macro   0x0000000000000000       0x2e ./Drivers/DR_LED_IO.o
 .debug_macro   0x0000000000000000      0x7bc ./Drivers/DR_LED_IO.o
 .debug_macro   0x0000000000000000       0x2e ./Drivers/DR_LED_IO.o
 .debug_macro   0x0000000000000000       0x46 ./Drivers/DR_LED_IO.o
 .group         0x0000000000000000        0xc ./Drivers/DR_PINSEL.o
 .group         0x0000000000000000        0xc ./Drivers/DR_PINSEL.o
 .group         0x0000000000000000        0xc ./Drivers/DR_PINSEL.o
 .group         0x0000000000000000        0xc ./Drivers/DR_PINSEL.o
 .text          0x0000000000000000        0x0 ./Drivers/DR_PINSEL.o
 .data          0x0000000000000000        0x0 ./Drivers/DR_PINSEL.o
 .bss           0x0000000000000000        0x0 ./Drivers/DR_PINSEL.o
 .text.SetOpenDrainMode
                0x0000000000000000       0x70 ./Drivers/DR_PINSEL.o
 .debug_macro   0x0000000000000000      0xa66 ./Drivers/DR_PINSEL.o
 .debug_macro   0x0000000000000000       0x2e ./Drivers/DR_PINSEL.o
 .debug_macro   0x0000000000000000      0x7bc ./Drivers/DR_PINSEL.o
 .group         0x0000000000000000        0xc ./Drivers/DR_SysTick.o
 .group         0x0000000000000000        0xc ./Drivers/DR_SysTick.o
 .group         0x0000000000000000        0xc ./Drivers/DR_SysTick.o
 .group         0x0000000000000000        0xc ./Drivers/DR_SysTick.o
 .group         0x0000000000000000        0xc ./Drivers/DR_SysTick.o
 .group         0x0000000000000000        0xc ./Drivers/DR_SysTick.o
 .group         0x0000000000000000        0xc ./Drivers/DR_SysTick.o
 .group         0x0000000000000000        0xc ./Drivers/DR_SysTick.o
 .group         0x0000000000000000        0xc ./Drivers/DR_SysTick.o
 .group         0x0000000000000000        0xc ./Drivers/DR_SysTick.o
 .group         0x0000000000000000        0xc ./Drivers/DR_SysTick.o
 .group         0x0000000000000000        0xc ./Drivers/DR_SysTick.o
 .group         0x0000000000000000        0xc ./Drivers/DR_SysTick.o
 .group         0x0000000000000000        0xc ./Drivers/DR_SysTick.o
 .text          0x0000000000000000        0x0 ./Drivers/DR_SysTick.o
 .data          0x0000000000000000        0x0 ./Drivers/DR_SysTick.o
 .bss           0x0000000000000000        0x0 ./Drivers/DR_SysTick.o
 .debug_macro   0x0000000000000000      0xa66 ./Drivers/DR_SysTick.o
 .debug_macro   0x0000000000000000       0x2e ./Drivers/DR_SysTick.o
 .debug_macro   0x0000000000000000      0x7c2 ./Drivers/DR_SysTick.o
 .debug_macro   0x0000000000000000       0x2e ./Drivers/DR_SysTick.o
 .debug_macro   0x0000000000000000       0x46 ./Drivers/DR_SysTick.o
 .debug_macro   0x0000000000000000      0x11e ./Drivers/DR_SysTick.o
 .debug_macro   0x0000000000000000       0x28 ./Drivers/DR_SysTick.o
 .debug_macro   0x0000000000000000       0x2e ./Drivers/DR_SysTick.o
 .debug_macro   0x0000000000000000       0x1c ./Drivers/DR_SysTick.o
 .debug_macro   0x0000000000000000       0x16 ./Drivers/DR_SysTick.o
 .debug_macro   0x0000000000000000       0x22 ./Drivers/DR_SysTick.o
 .debug_macro   0x0000000000000000       0x3a ./Drivers/DR_SysTick.o
 .debug_macro   0x0000000000000000       0x10 ./Drivers/DR_SysTick.o
 .debug_macro   0x0000000000000000       0x16 ./Drivers/DR_SysTick.o
 .group         0x0000000000000000        0xc ./Drivers/DR_Teclas.o
 .group         0x0000000000000000        0xc ./Drivers/DR_Teclas.o
 .group         0x0000000000000000        0xc ./Drivers/DR_Teclas.o
 .group         0x0000000000000000        0xc ./Drivers/DR_Teclas.o
 .group         0x0000000000000000        0xc ./Drivers/DR_Teclas.o
 .group         0x0000000000000000        0xc ./Drivers/DR_Teclas.o
 .text          0x0000000000000000        0x0 ./Drivers/DR_Teclas.o
 .data          0x0000000000000000        0x0 ./Drivers/DR_Teclas.o
 .bss           0x0000000000000000        0x0 ./Drivers/DR_Teclas.o
 .debug_macro   0x0000000000000000      0xa66 ./Drivers/DR_Teclas.o
 .debug_macro   0x0000000000000000       0x2e ./Drivers/DR_Teclas.o
 .debug_macro   0x0000000000000000      0x7c2 ./Drivers/DR_Teclas.o
 .debug_macro   0x0000000000000000       0x28 ./Drivers/DR_Teclas.o
 .debug_macro   0x0000000000000000       0x46 ./Drivers/DR_Teclas.o
 .debug_macro   0x0000000000000000       0x28 ./Drivers/DR_Teclas.o
 .group         0x0000000000000000        0xc ./Drivers/DR_UART_1.o
 .group         0x0000000000000000        0xc ./Drivers/DR_UART_1.o
 .group         0x0000000000000000        0xc ./Drivers/DR_UART_1.o
 .group         0x0000000000000000        0xc ./Drivers/DR_UART_1.o
 .text          0x0000000000000000        0x0 ./Drivers/DR_UART_1.o
 .data          0x0000000000000000        0x0 ./Drivers/DR_UART_1.o
 .bss           0x0000000000000000        0x0 ./Drivers/DR_UART_1.o
 .debug_macro   0x0000000000000000      0xa66 ./Drivers/DR_UART_1.o
 .debug_macro   0x0000000000000000       0x2e ./Drivers/DR_UART_1.o
 .debug_macro   0x0000000000000000      0x7bc ./Drivers/DR_UART_1.o
 .debug_macro   0x0000000000000000       0x46 ./Drivers/DR_UART_1.o
 .group         0x0000000000000000        0xc ./Drivers/FW_LCD.o
 .group         0x0000000000000000        0xc ./Drivers/FW_LCD.o
 .group         0x0000000000000000        0xc ./Drivers/FW_LCD.o
 .group         0x0000000000000000        0xc ./Drivers/FW_LCD.o
 .group         0x0000000000000000        0xc ./Drivers/FW_LCD.o
 .group         0x0000000000000000        0xc ./Drivers/FW_LCD.o
 .group         0x0000000000000000        0xc ./Drivers/FW_LCD.o
 .text          0x0000000000000000        0x0 ./Drivers/FW_LCD.o
 .data          0x0000000000000000        0x0 ./Drivers/FW_LCD.o
 .bss           0x0000000000000000        0x0 ./Drivers/FW_LCD.o
 .debug_macro   0x0000000000000000      0xa66 ./Drivers/FW_LCD.o
 .debug_macro   0x0000000000000000       0x2e ./Drivers/FW_LCD.o
 .debug_macro   0x0000000000000000      0x7bc ./Drivers/FW_LCD.o
 .debug_macro   0x0000000000000000       0x2e ./Drivers/FW_LCD.o
 .debug_macro   0x0000000000000000       0x46 ./Drivers/FW_LCD.o
 .debug_macro   0x0000000000000000      0x11e ./Drivers/FW_LCD.o
 .debug_macro   0x0000000000000000       0x28 ./Drivers/FW_LCD.o
 .group         0x0000000000000000        0xc ./Drivers/cr_startup_lpc175x_6x.o
 .text          0x0000000000000000        0x0 ./Drivers/cr_startup_lpc175x_6x.o
 .data          0x0000000000000000        0x0 ./Drivers/cr_startup_lpc175x_6x.o
 .bss           0x0000000000000000        0x0 ./Drivers/cr_startup_lpc175x_6x.o
 .debug_macro   0x0000000000000000      0xa66 ./Drivers/cr_startup_lpc175x_6x.o
 .group         0x0000000000000000        0xc ./Drivers/crp.o
 .group         0x0000000000000000        0xc ./Drivers/crp.o
 .text          0x0000000000000000        0x0 ./Drivers/crp.o
 .data          0x0000000000000000        0x0 ./Drivers/crp.o
 .bss           0x0000000000000000        0x0 ./Drivers/crp.o
 .debug_macro   0x0000000000000000      0xa66 ./Drivers/crp.o
 .group         0x0000000000000000        0xc ./Aplicacion/AP_Guante_Muestreo.o
 .group         0x0000000000000000        0xc ./Aplicacion/AP_Guante_Muestreo.o
 .group         0x0000000000000000        0xc ./Aplicacion/AP_Guante_Muestreo.o
 .group         0x0000000000000000        0xc ./Aplicacion/AP_Guante_Muestreo.o
 .group         0x0000000000000000        0xc ./Aplicacion/AP_Guante_Muestreo.o
 .group         0x0000000000000000        0xc ./Aplicacion/AP_Guante_Muestreo.o
 .group         0x0000000000000000        0xc ./Aplicacion/AP_Guante_Muestreo.o
 .group         0x0000000000000000        0xc ./Aplicacion/AP_Guante_Muestreo.o
 .group         0x0000000000000000        0xc ./Aplicacion/AP_Guante_Muestreo.o
 .group         0x0000000000000000        0xc ./Aplicacion/AP_Guante_Muestreo.o
 .group         0x0000000000000000        0xc ./Aplicacion/AP_Guante_Muestreo.o
 .group         0x0000000000000000        0xc ./Aplicacion/AP_Guante_Muestreo.o
 .group         0x0000000000000000        0xc ./Aplicacion/AP_Guante_Muestreo.o
 .group         0x0000000000000000        0xc ./Aplicacion/AP_Guante_Muestreo.o
 .text          0x0000000000000000        0x0 ./Aplicacion/AP_Guante_Muestreo.o
 .data          0x0000000000000000        0x0 ./Aplicacion/AP_Guante_Muestreo.o
 .bss           0x0000000000000000        0x0 ./Aplicacion/AP_Guante_Muestreo.o
 .text.EnviarDedo
                0x0000000000000000       0x3c ./Aplicacion/AP_Guante_Muestreo.o
 .debug_macro   0x0000000000000000      0xa66 ./Aplicacion/AP_Guante_Muestreo.o
 .debug_macro   0x0000000000000000       0x2e ./Aplicacion/AP_Guante_Muestreo.o
 .debug_macro   0x0000000000000000      0x7bc ./Aplicacion/AP_Guante_Muestreo.o
 .debug_macro   0x0000000000000000       0x46 ./Aplicacion/AP_Guante_Muestreo.o
 .debug_macro   0x0000000000000000       0x2e ./Aplicacion/AP_Guante_Muestreo.o
 .debug_macro   0x0000000000000000       0x16 ./Aplicacion/AP_Guante_Muestreo.o
 .debug_macro   0x0000000000000000       0x16 ./Aplicacion/AP_Guante_Muestreo.o
 .debug_macro   0x0000000000000000       0x2e ./Aplicacion/AP_Guante_Muestreo.o
 .debug_macro   0x0000000000000000       0x22 ./Aplicacion/AP_Guante_Muestreo.o
 .debug_macro   0x0000000000000000      0x11e ./Aplicacion/AP_Guante_Muestreo.o
 .debug_macro   0x0000000000000000       0x28 ./Aplicacion/AP_Guante_Muestreo.o
 .debug_macro   0x0000000000000000       0x16 ./Aplicacion/AP_Guante_Muestreo.o
 .debug_macro   0x0000000000000000       0x3a ./Aplicacion/AP_Guante_Muestreo.o
 .debug_macro   0x0000000000000000       0x10 ./Aplicacion/AP_Guante_Muestreo.o
 .group         0x0000000000000000        0xc ./Aplicacion/AP_UART_1.o
 .group         0x0000000000000000        0xc ./Aplicacion/AP_UART_1.o
 .group         0x0000000000000000        0xc ./Aplicacion/AP_UART_1.o
 .group         0x0000000000000000        0xc ./Aplicacion/AP_UART_1.o
 .group         0x0000000000000000        0xc ./Aplicacion/AP_UART_1.o
 .text          0x0000000000000000        0x0 ./Aplicacion/AP_UART_1.o
 .data          0x0000000000000000        0x0 ./Aplicacion/AP_UART_1.o
 .bss           0x0000000000000000        0x0 ./Aplicacion/AP_UART_1.o
 .debug_macro   0x0000000000000000      0xa66 ./Aplicacion/AP_UART_1.o
 .debug_macro   0x0000000000000000       0x2e ./Aplicacion/AP_UART_1.o
 .debug_macro   0x0000000000000000      0x7bc ./Aplicacion/AP_UART_1.o
 .debug_macro   0x0000000000000000       0x46 ./Aplicacion/AP_UART_1.o
 .group         0x0000000000000000        0xc ./Aplicacion/MDE_Adquisidor.o
 .group         0x0000000000000000        0xc ./Aplicacion/MDE_Adquisidor.o
 .group         0x0000000000000000        0xc ./Aplicacion/MDE_Adquisidor.o
 .group         0x0000000000000000        0xc ./Aplicacion/MDE_Adquisidor.o
 .group         0x0000000000000000        0xc ./Aplicacion/MDE_Adquisidor.o
 .group         0x0000000000000000        0xc ./Aplicacion/MDE_Adquisidor.o
 .group         0x0000000000000000        0xc ./Aplicacion/MDE_Adquisidor.o
 .group         0x0000000000000000        0xc ./Aplicacion/MDE_Adquisidor.o
 .group         0x0000000000000000        0xc ./Aplicacion/MDE_Adquisidor.o
 .group         0x0000000000000000        0xc ./Aplicacion/MDE_Adquisidor.o
 .group         0x0000000000000000        0xc ./Aplicacion/MDE_Adquisidor.o
 .group         0x0000000000000000        0xc ./Aplicacion/MDE_Adquisidor.o
 .group         0x0000000000000000        0xc ./Aplicacion/MDE_Adquisidor.o
 .group         0x0000000000000000        0xc ./Aplicacion/MDE_Adquisidor.o
 .text          0x0000000000000000        0x0 ./Aplicacion/MDE_Adquisidor.o
 .data          0x0000000000000000        0x0 ./Aplicacion/MDE_Adquisidor.o
 .bss           0x0000000000000000        0x0 ./Aplicacion/MDE_Adquisidor.o
 .debug_macro   0x0000000000000000      0xa66 ./Aplicacion/MDE_Adquisidor.o
 .debug_macro   0x0000000000000000       0x2e ./Aplicacion/MDE_Adquisidor.o
 .debug_macro   0x0000000000000000      0x7bc ./Aplicacion/MDE_Adquisidor.o
 .debug_macro   0x0000000000000000       0x46 ./Aplicacion/MDE_Adquisidor.o
 .debug_macro   0x0000000000000000       0x2e ./Aplicacion/MDE_Adquisidor.o
 .debug_macro   0x0000000000000000       0x16 ./Aplicacion/MDE_Adquisidor.o
 .debug_macro   0x0000000000000000       0x16 ./Aplicacion/MDE_Adquisidor.o
 .debug_macro   0x0000000000000000       0x2e ./Aplicacion/MDE_Adquisidor.o
 .debug_macro   0x0000000000000000       0x22 ./Aplicacion/MDE_Adquisidor.o
 .debug_macro   0x0000000000000000      0x11e ./Aplicacion/MDE_Adquisidor.o
 .debug_macro   0x0000000000000000       0x28 ./Aplicacion/MDE_Adquisidor.o
 .debug_macro   0x0000000000000000       0x16 ./Aplicacion/MDE_Adquisidor.o
 .debug_macro   0x0000000000000000       0x3a ./Aplicacion/MDE_Adquisidor.o
 .debug_macro   0x0000000000000000       0x10 ./Aplicacion/MDE_Adquisidor.o
 .group         0x0000000000000000        0xc ./Aplicacion/main.o
 .group         0x0000000000000000        0xc ./Aplicacion/main.o
 .group         0x0000000000000000        0xc ./Aplicacion/main.o
 .group         0x0000000000000000        0xc ./Aplicacion/main.o
 .group         0x0000000000000000        0xc ./Aplicacion/main.o
 .group         0x0000000000000000        0xc ./Aplicacion/main.o
 .group         0x0000000000000000        0xc ./Aplicacion/main.o
 .group         0x0000000000000000        0xc ./Aplicacion/main.o
 .group         0x0000000000000000        0xc ./Aplicacion/main.o
 .group         0x0000000000000000        0xc ./Aplicacion/main.o
 .group         0x0000000000000000        0xc ./Aplicacion/main.o
 .group         0x0000000000000000        0xc ./Aplicacion/main.o
 .group         0x0000000000000000        0xc ./Aplicacion/main.o
 .group         0x0000000000000000        0xc ./Aplicacion/main.o
 .group         0x0000000000000000        0xc ./Aplicacion/main.o
 .text          0x0000000000000000        0x0 ./Aplicacion/main.o
 .data          0x0000000000000000        0x0 ./Aplicacion/main.o
 .bss           0x0000000000000000        0x0 ./Aplicacion/main.o
 .debug_macro   0x0000000000000000      0xa66 ./Aplicacion/main.o
 .debug_macro   0x0000000000000000       0x2e ./Aplicacion/main.o
 .debug_macro   0x0000000000000000      0x7bc ./Aplicacion/main.o
 .debug_macro   0x0000000000000000       0x2e ./Aplicacion/main.o
 .debug_macro   0x0000000000000000       0x46 ./Aplicacion/main.o
 .debug_macro   0x0000000000000000      0x11e ./Aplicacion/main.o
 .debug_macro   0x0000000000000000       0x2e ./Aplicacion/main.o
 .debug_macro   0x0000000000000000       0x2e ./Aplicacion/main.o
 .debug_macro   0x0000000000000000       0x1c ./Aplicacion/main.o
 .debug_macro   0x0000000000000000       0x16 ./Aplicacion/main.o
 .debug_macro   0x0000000000000000       0x22 ./Aplicacion/main.o
 .debug_macro   0x0000000000000000       0x3a ./Aplicacion/main.o
 .debug_macro   0x0000000000000000       0x10 ./Aplicacion/main.o
 .debug_macro   0x0000000000000000       0x16 ./Aplicacion/main.o
 .text          0x0000000000000000        0x0 /usr/local/mcuxpressoide-10.2.0_759/ide/tools/bin/../lib/gcc/arm-none-eabi/7.2.1/../../../../arm-none-eabi/lib/thumb/v7-m/libcr_c.a(__weak__main.o)
 .data          0x0000000000000000        0x0 /usr/local/mcuxpressoide-10.2.0_759/ide/tools/bin/../lib/gcc/arm-none-eabi/7.2.1/../../../../arm-none-eabi/lib/thumb/v7-m/libcr_c.a(__weak__main.o)
 .bss           0x0000000000000000        0x0 /usr/local/mcuxpressoide-10.2.0_759/ide/tools/bin/../lib/gcc/arm-none-eabi/7.2.1/../../../../arm-none-eabi/lib/thumb/v7-m/libcr_c.a(__weak__main.o)
 .text          0x0000000000000000        0x0 /usr/local/mcuxpressoide-10.2.0_759/ide/tools/bin/../lib/gcc/arm-none-eabi/7.2.1/thumb/v7-m/libcr_eabihelpers.a(double.o)
 .data          0x0000000000000000        0x0 /usr/local/mcuxpressoide-10.2.0_759/ide/tools/bin/../lib/gcc/arm-none-eabi/7.2.1/thumb/v7-m/libcr_eabihelpers.a(double.o)
 .bss           0x0000000000000000        0x0 /usr/local/mcuxpressoide-10.2.0_759/ide/tools/bin/../lib/gcc/arm-none-eabi/7.2.1/thumb/v7-m/libcr_eabihelpers.a(double.o)
 .text.__aeabi_dmul
                0x0000000000000000      0x10c /usr/local/mcuxpressoide-10.2.0_759/ide/tools/bin/../lib/gcc/arm-none-eabi/7.2.1/thumb/v7-m/libcr_eabihelpers.a(double.o)
 .text.__aeabi_dsub
                0x0000000000000000      0x1b0 /usr/local/mcuxpressoide-10.2.0_759/ide/tools/bin/../lib/gcc/arm-none-eabi/7.2.1/thumb/v7-m/libcr_eabihelpers.a(double.o)
 .text.__aeabi_dadd
                0x0000000000000000      0x10c /usr/local/mcuxpressoide-10.2.0_759/ide/tools/bin/../lib/gcc/arm-none-eabi/7.2.1/thumb/v7-m/libcr_eabihelpers.a(double.o)
 .text.__aeabi_drsub
                0x0000000000000000       0x14 /usr/local/mcuxpressoide-10.2.0_759/ide/tools/bin/../lib/gcc/arm-none-eabi/7.2.1/thumb/v7-m/libcr_eabihelpers.a(double.o)
 .text.__aeabi_dneg
                0x0000000000000000        0x8 /usr/local/mcuxpressoide-10.2.0_759/ide/tools/bin/../lib/gcc/arm-none-eabi/7.2.1/thumb/v7-m/libcr_eabihelpers.a(double.o)
 .text.__aeabi_d2f
                0x0000000000000000       0x54 /usr/local/mcuxpressoide-10.2.0_759/ide/tools/bin/../lib/gcc/arm-none-eabi/7.2.1/thumb/v7-m/libcr_eabihelpers.a(double.o)
 .text.__aeabi_d2iz
                0x0000000000000000       0x40 /usr/local/mcuxpressoide-10.2.0_759/ide/tools/bin/../lib/gcc/arm-none-eabi/7.2.1/thumb/v7-m/libcr_eabihelpers.a(double.o)
 .text.__aeabi_d2lz
                0x0000000000000000       0x6e /usr/local/mcuxpressoide-10.2.0_759/ide/tools/bin/../lib/gcc/arm-none-eabi/7.2.1/thumb/v7-m/libcr_eabihelpers.a(double.o)
 .text.__aeabi_d2ulz
                0x0000000000000000       0x5a /usr/local/mcuxpressoide-10.2.0_759/ide/tools/bin/../lib/gcc/arm-none-eabi/7.2.1/thumb/v7-m/libcr_eabihelpers.a(double.o)
 .text.__bhs_ul2d
                0x0000000000000000       0x8a /usr/local/mcuxpressoide-10.2.0_759/ide/tools/bin/../lib/gcc/arm-none-eabi/7.2.1/thumb/v7-m/libcr_eabihelpers.a(double.o)
 .text.__aeabi_i2d
                0x0000000000000000       0x12 /usr/local/mcuxpressoide-10.2.0_759/ide/tools/bin/../lib/gcc/arm-none-eabi/7.2.1/thumb/v7-m/libcr_eabihelpers.a(double.o)
 .text.__aeabi_l2d
                0x0000000000000000       0x1a /usr/local/mcuxpressoide-10.2.0_759/ide/tools/bin/../lib/gcc/arm-none-eabi/7.2.1/thumb/v7-m/libcr_eabihelpers.a(double.o)
 .text.__aeabi_ul2d
                0x0000000000000000        0x8 /usr/local/mcuxpressoide-10.2.0_759/ide/tools/bin/../lib/gcc/arm-none-eabi/7.2.1/thumb/v7-m/libcr_eabihelpers.a(double.o)
 .text.__aeabi_dcmpeq
                0x0000000000000000       0x2c /usr/local/mcuxpressoide-10.2.0_759/ide/tools/bin/../lib/gcc/arm-none-eabi/7.2.1/thumb/v7-m/libcr_eabihelpers.a(double.o)
 .text.__aeabi_dcmplt
                0x0000000000000000       0x54 /usr/local/mcuxpressoide-10.2.0_759/ide/tools/bin/../lib/gcc/arm-none-eabi/7.2.1/thumb/v7-m/libcr_eabihelpers.a(double.o)
 .text.__aeabi_dcmpgt
                0x0000000000000000       0x54 /usr/local/mcuxpressoide-10.2.0_759/ide/tools/bin/../lib/gcc/arm-none-eabi/7.2.1/thumb/v7-m/libcr_eabihelpers.a(double.o)
 .text.__aeabi_dcmple
                0x0000000000000000       0x54 /usr/local/mcuxpressoide-10.2.0_759/ide/tools/bin/../lib/gcc/arm-none-eabi/7.2.1/thumb/v7-m/libcr_eabihelpers.a(double.o)
 .text.__aeabi_dcmpge
                0x0000000000000000       0x54 /usr/local/mcuxpressoide-10.2.0_759/ide/tools/bin/../lib/gcc/arm-none-eabi/7.2.1/thumb/v7-m/libcr_eabihelpers.a(double.o)
 .text.__aeabi_dcmpun
                0x0000000000000000       0x1a /usr/local/mcuxpressoide-10.2.0_759/ide/tools/bin/../lib/gcc/arm-none-eabi/7.2.1/thumb/v7-m/libcr_eabihelpers.a(double.o)
 .text.__aeabi_cdcmple
                0x0000000000000000       0x24 /usr/local/mcuxpressoide-10.2.0_759/ide/tools/bin/../lib/gcc/arm-none-eabi/7.2.1/thumb/v7-m/libcr_eabihelpers.a(double.o)
 .text.__aeabi_cdrcmple
                0x0000000000000000       0x14 /usr/local/mcuxpressoide-10.2.0_759/ide/tools/bin/../lib/gcc/arm-none-eabi/7.2.1/thumb/v7-m/libcr_eabihelpers.a(double.o)
 .text          0x0000000000000000        0x0 /usr/local/mcuxpressoide-10.2.0_759/ide/tools/bin/../lib/gcc/arm-none-eabi/7.2.1/thumb/v7-m/libcr_eabihelpers.a(float.o)
 .data          0x0000000000000000        0x0 /usr/local/mcuxpressoide-10.2.0_759/ide/tools/bin/../lib/gcc/arm-none-eabi/7.2.1/thumb/v7-m/libcr_eabihelpers.a(float.o)
 .bss           0x0000000000000000        0x0 /usr/local/mcuxpressoide-10.2.0_759/ide/tools/bin/../lib/gcc/arm-none-eabi/7.2.1/thumb/v7-m/libcr_eabihelpers.a(float.o)
 .text.__aeabi_frsub
                0x0000000000000000        0xc /usr/local/mcuxpressoide-10.2.0_759/ide/tools/bin/../lib/gcc/arm-none-eabi/7.2.1/thumb/v7-m/libcr_eabihelpers.a(float.o)
 .text.__aeabi_fneg
                0x0000000000000000        0x6 /usr/local/mcuxpressoide-10.2.0_759/ide/tools/bin/../lib/gcc/arm-none-eabi/7.2.1/thumb/v7-m/libcr_eabihelpers.a(float.o)
 .text.__aeabi_f2iz
                0x0000000000000000       0x36 /usr/local/mcuxpressoide-10.2.0_759/ide/tools/bin/../lib/gcc/arm-none-eabi/7.2.1/thumb/v7-m/libcr_eabihelpers.a(float.o)
 .text.__aeabi_f2lz
                0x0000000000000000       0x5c /usr/local/mcuxpressoide-10.2.0_759/ide/tools/bin/../lib/gcc/arm-none-eabi/7.2.1/thumb/v7-m/libcr_eabihelpers.a(float.o)
 .text.__aeabi_f2ulz
                0x0000000000000000       0x3e /usr/local/mcuxpressoide-10.2.0_759/ide/tools/bin/../lib/gcc/arm-none-eabi/7.2.1/thumb/v7-m/libcr_eabihelpers.a(float.o)
 .text.__bhs_ul2f
                0x0000000000000000       0x46 /usr/local/mcuxpressoide-10.2.0_759/ide/tools/bin/../lib/gcc/arm-none-eabi/7.2.1/thumb/v7-m/libcr_eabihelpers.a(float.o)
 .text.__aeabi_i2f
                0x0000000000000000       0x12 /usr/local/mcuxpressoide-10.2.0_759/ide/tools/bin/../lib/gcc/arm-none-eabi/7.2.1/thumb/v7-m/libcr_eabihelpers.a(float.o)
 .text.__aeabi_l2f
                0x0000000000000000       0x1a /usr/local/mcuxpressoide-10.2.0_759/ide/tools/bin/../lib/gcc/arm-none-eabi/7.2.1/thumb/v7-m/libcr_eabihelpers.a(float.o)
 .text.__aeabi_ul2f
                0x0000000000000000        0x8 /usr/local/mcuxpressoide-10.2.0_759/ide/tools/bin/../lib/gcc/arm-none-eabi/7.2.1/thumb/v7-m/libcr_eabihelpers.a(float.o)
 .text.__aeabi_f2d
                0x0000000000000000       0x38 /usr/local/mcuxpressoide-10.2.0_759/ide/tools/bin/../lib/gcc/arm-none-eabi/7.2.1/thumb/v7-m/libcr_eabihelpers.a(float.o)
 .text.__aeabi_fcmpeq
                0x0000000000000000       0x1e /usr/local/mcuxpressoide-10.2.0_759/ide/tools/bin/../lib/gcc/arm-none-eabi/7.2.1/thumb/v7-m/libcr_eabihelpers.a(float.o)
 .text.__aeabi_fcmplt
                0x0000000000000000       0x3a /usr/local/mcuxpressoide-10.2.0_759/ide/tools/bin/../lib/gcc/arm-none-eabi/7.2.1/thumb/v7-m/libcr_eabihelpers.a(float.o)
 .text.__aeabi_fcmpgt
                0x0000000000000000       0x3a /usr/local/mcuxpressoide-10.2.0_759/ide/tools/bin/../lib/gcc/arm-none-eabi/7.2.1/thumb/v7-m/libcr_eabihelpers.a(float.o)
 .text.__aeabi_fcmple
                0x0000000000000000       0x3e /usr/local/mcuxpressoide-10.2.0_759/ide/tools/bin/../lib/gcc/arm-none-eabi/7.2.1/thumb/v7-m/libcr_eabihelpers.a(float.o)
 .text.__aeabi_fcmpge
                0x0000000000000000       0x3e /usr/local/mcuxpressoide-10.2.0_759/ide/tools/bin/../lib/gcc/arm-none-eabi/7.2.1/thumb/v7-m/libcr_eabihelpers.a(float.o)
 .text.__aeabi_fcmpun
                0x0000000000000000       0x1a /usr/local/mcuxpressoide-10.2.0_759/ide/tools/bin/../lib/gcc/arm-none-eabi/7.2.1/thumb/v7-m/libcr_eabihelpers.a(float.o)
 .text.__aeabi_cfcmple
                0x0000000000000000       0x20 /usr/local/mcuxpressoide-10.2.0_759/ide/tools/bin/../lib/gcc/arm-none-eabi/7.2.1/thumb/v7-m/libcr_eabihelpers.a(float.o)
 .text.__aeabi_cfrcmple
                0x0000000000000000        0xa /usr/local/mcuxpressoide-10.2.0_759/ide/tools/bin/../lib/gcc/arm-none-eabi/7.2.1/thumb/v7-m/libcr_eabihelpers.a(float.o)

Memory Configuration

Name             Origin             Length             Attributes
MFlash512        0x0000000000000000 0x0000000000080000 xr
RamLoc32         0x0000000010000000 0x0000000000008000 xrw
RamAHB32         0x000000002007c000 0x0000000000008000 xrw
*default*        0x0000000000000000 0xffffffffffffffff

Linker script and memory map

LOAD ./Primitivas/PR_ADC_MEDIANA.o
LOAD ./Primitivas/PR_LCD.o
LOAD ./Primitivas/PR_Teclas.o
LOAD ./Primitivas/PR_UART_1.o
LOAD ./Drivers/DR_ADC_5canales_Timer.o
LOAD ./Drivers/DR_GPIO.o
LOAD ./Drivers/DR_Init.o
LOAD ./Drivers/DR_LED_IO.o
LOAD ./Drivers/DR_PINSEL.o
LOAD ./Drivers/DR_SysTick.o
LOAD ./Drivers/DR_Teclas.o
LOAD ./Drivers/DR_UART_1.o
LOAD ./Drivers/FW_LCD.o
LOAD ./Drivers/cr_startup_lpc175x_6x.o
LOAD ./Drivers/crp.o
LOAD ./Aplicacion/AP_Guante_Muestreo.o
LOAD ./Aplicacion/AP_UART_1.o
LOAD ./Aplicacion/MDE_Adquisidor.o
LOAD ./Aplicacion/main.o
START GROUP
LOAD /usr/local/mcuxpressoide-10.2.0_759/ide/tools/bin/../lib/gcc/arm-none-eabi/7.2.1/../../../../arm-none-eabi/lib/thumb/v7-m/libcr_c.a
LOAD /usr/local/mcuxpressoide-10.2.0_759/ide/tools/bin/../lib/gcc/arm-none-eabi/7.2.1/thumb/v7-m/libcr_eabihelpers.a
END GROUP
                0x0000000000000000                __base_MFlash512 = 0x0
                0x0000000000000000                __base_Flash = 0x0
                0x0000000000080000                __top_MFlash512 = 0x80000
                0x0000000000080000                __top_Flash = 0x80000
                0x0000000010000000                __base_RamLoc32 = 0x10000000
                0x0000000010000000                __base_RAM = 0x10000000
                0x0000000010008000                __top_RamLoc32 = 0x10008000
                0x0000000010008000                __top_RAM = 0x10008000
                0x000000002007c000                __base_RamAHB32 = 0x2007c000
                0x000000002007c000                __base_RAM2 = 0x2007c000
                0x0000000020084000                __top_RamAHB32 = 0x20084000
                0x0000000020084000                __top_RAM2 = 0x20084000

.text           0x0000000000000000     0x2c34
 FILL mask 0xff
                0x0000000000000000                __vectors_start__ = ABSOLUTE (.)
 *(.isr_vector)
 .isr_vector    0x0000000000000000       0xcc ./Drivers/cr_startup_lpc175x_6x.o
                0x0000000000000000                g_pfnVectors
                0x00000000000000cc                . = ALIGN (0x4)
                0x00000000000000cc                __section_table_start = .
                0x00000000000000cc                __data_section_table = .
                0x00000000000000cc        0x4 LONG 0x2c34 LOADADDR (.data)
                0x00000000000000d0        0x4 LONG 0x10000000 ADDR (.data)
                0x00000000000000d4        0x4 LONG 0x24 SIZEOF (.data)
                0x00000000000000d8        0x4 LONG 0x2c34 LOADADDR (.data_RAM2)
                0x00000000000000dc        0x4 LONG 0x2007c000 ADDR (.data_RAM2)
                0x00000000000000e0        0x4 LONG 0x0 SIZEOF (.data_RAM2)
                0x00000000000000e4                __data_section_table_end = .
                0x00000000000000e4                __bss_section_table = .
                0x00000000000000e4        0x4 LONG 0x10000024 ADDR (.bss)
                0x00000000000000e8        0x4 LONG 0x404 SIZEOF (.bss)
                0x00000000000000ec        0x4 LONG 0x2007c000 ADDR (.bss_RAM2)
                0x00000000000000f0        0x4 LONG 0x0 SIZEOF (.bss_RAM2)
                0x00000000000000f4                __bss_section_table_end = .
                0x00000000000000f4                __section_table_end = .
 *(.after_vectors*)
 .after_vectors
                0x00000000000000f4      0x128 ./Drivers/cr_startup_lpc175x_6x.o
                0x00000000000000f4                data_init
                0x0000000000000136                bss_init
                0x000000000000016c                ResetISR
                0x00000000000001e0                NMI_Handler
                0x00000000000001e6                HardFault_Handler
                0x00000000000001ec                MemManage_Handler
                0x00000000000001f2                BusFault_Handler
                0x00000000000001f8                UsageFault_Handler
                0x00000000000001fe                SVC_Handler
                0x0000000000000204                DebugMon_Handler
                0x000000000000020a                PendSV_Handler
                0x0000000000000216                TIMER2_IRQHandler
                0x0000000000000216                RIT_IRQHandler
                0x0000000000000216                I2C0_IRQHandler
                0x0000000000000216                USBActivity_IRQHandler
                0x0000000000000216                PWM1_IRQHandler
                0x0000000000000216                I2C1_IRQHandler
                0x0000000000000216                EINT2_IRQHandler
                0x0000000000000216                EINT3_IRQHandler
                0x0000000000000216                CANActivity_IRQHandler
                0x0000000000000216                TIMER3_IRQHandler
                0x0000000000000216                UART0_IRQHandler
                0x0000000000000216                IntDefaultHandler
                0x0000000000000216                PLL0_IRQHandler
                0x0000000000000216                CAN_IRQHandler
                0x0000000000000216                PLL1_IRQHandler
                0x0000000000000216                SSP0_IRQHandler
                0x0000000000000216                I2S_IRQHandler
                0x0000000000000216                I2C2_IRQHandler
                0x0000000000000216                RTC_IRQHandler
                0x0000000000000216                TIMER0_IRQHandler
                0x0000000000000216                SPI_IRQHandler
                0x0000000000000216                EINT1_IRQHandler
                0x0000000000000216                TIMER1_IRQHandler
                0x0000000000000216                UART2_IRQHandler
                0x0000000000000216                SSP1_IRQHandler
                0x0000000000000216                USB_IRQHandler
                0x0000000000000216                BOD_IRQHandler
                0x0000000000000216                WDT_IRQHandler
                0x0000000000000216                QEI_IRQHandler
                0x0000000000000216                EINT0_IRQHandler
                0x0000000000000216                DMA_IRQHandler
                0x0000000000000216                UART3_IRQHandler
                0x0000000000000216                MCPWM_IRQHandler
                0x0000000000000216                ENET_IRQHandler
                0x00000000000002fc                . = 0x2fc
 *fill*         0x000000000000021c       0xe0 ff
                0x00000000000002fc                PROVIDE (__CRP_WORD_START__, .)
 *(.crp)
 .crp           0x00000000000002fc        0x4 ./Drivers/crp.o
                0x00000000000002fc                CRP_WORD
                0x0000000000000300                PROVIDE (__CRP_WORD_END__, .)
                0x0000000000000001                ASSERT (! ((__CRP_WORD_START__ == __CRP_WORD_END__)), Linker CRP Enabled, but no CRP_WORD provided within application)
 *(.text*)
 .text.GetBufferStatus
                0x0000000000000300       0x30 ./Primitivas/PR_ADC_MEDIANA.o
                0x0000000000000300                GetBufferStatus
 .text.Enlistar
                0x0000000000000330       0xac ./Primitivas/PR_ADC_MEDIANA.o
                0x0000000000000330                Enlistar
 .text.Preparar_y_Filtrar
                0x00000000000003dc       0x48 ./Primitivas/PR_ADC_MEDIANA.o
                0x00000000000003dc                Preparar_y_Filtrar
 .text.ResetBuffers
                0x0000000000000424       0x18 ./Primitivas/PR_ADC_MEDIANA.o
                0x0000000000000424                ResetBuffers
 .text.bubble   0x000000000000043c       0x98 ./Primitivas/PR_ADC_MEDIANA.o
                0x000000000000043c                bubble
 .text.Mediana_de_Buffers
                0x00000000000004d4       0xe8 ./Primitivas/PR_ADC_MEDIANA.o
                0x00000000000004d4                Mediana_de_Buffers
 .text.Mediana_Buffer
                0x00000000000005bc       0x52 ./Primitivas/PR_ADC_MEDIANA.o
                0x00000000000005bc                Mediana_Buffer
 .text.LCD_DisplayMsg
                0x000000000000060e       0x70 ./Primitivas/PR_LCD.o
                0x000000000000060e                LCD_DisplayMsg
 *fill*         0x000000000000067e        0x2 ff
 .text.GetKey   0x0000000000000680       0x24 ./Primitivas/PR_Teclas.o
                0x0000000000000680                GetKey
 .text.U1_PushRx
                0x00000000000006a4       0x4c ./Primitivas/PR_UART_1.o
                0x00000000000006a4                U1_PushRx
 .text.U1_PopRx
                0x00000000000006f0       0x64 ./Primitivas/PR_UART_1.o
                0x00000000000006f0                U1_PopRx
 .text.U1_PushTx
                0x0000000000000754       0x64 ./Primitivas/PR_UART_1.o
                0x0000000000000754                U1_PushTx
 .text.U1_PopTx
                0x00000000000007b8       0x64 ./Primitivas/PR_UART_1.o
                0x00000000000007b8                U1_PopTx
 .text.ADC_DR_Initialize
                0x000000000000081c       0x4c ./Drivers/DR_ADC_5canales_Timer.o
                0x000000000000081c                ADC_DR_Initialize
 .text.ADC_IRQHandler
                0x0000000000000868       0xd8 ./Drivers/DR_ADC_5canales_Timer.o
                0x0000000000000868                ADC_IRQHandler
 .text.ADC_Pins_Initialize
                0x0000000000000940       0x58 ./Drivers/DR_ADC_5canales_Timer.o
                0x0000000000000940                ADC_Pins_Initialize
 .text.ADC_InputSelect
                0x0000000000000998       0x78 ./Drivers/DR_ADC_5canales_Timer.o
                0x0000000000000998                ADC_InputSelect
 .text.TIMER0_ADC_FS_Config
                0x0000000000000a10       0x90 ./Drivers/DR_ADC_5canales_Timer.o
                0x0000000000000a10                TIMER0_ADC_FS_Config
 .text.TIMER0_Pin_Initialize
                0x0000000000000aa0       0x12 ./Drivers/DR_ADC_5canales_Timer.o
                0x0000000000000aa0                TIMER0_Pin_Initialize
 *fill*         0x0000000000000ab2        0x2 ff
 .text.TIMER0_ADC_Init
                0x0000000000000ab4       0xd0 ./Drivers/DR_ADC_5canales_Timer.o
                0x0000000000000ab4                TIMER0_ADC_Init
 .text.ADC_Init
                0x0000000000000b84       0xa4 ./Drivers/DR_ADC_5canales_Timer.o
                0x0000000000000b84                ADC_Init
 .text.Start_Sampling
                0x0000000000000c28       0x54 ./Drivers/DR_ADC_5canales_Timer.o
                0x0000000000000c28                Start_Sampling
 .text.Stop_Sampling
                0x0000000000000c7c       0x3c ./Drivers/DR_ADC_5canales_Timer.o
                0x0000000000000c7c                Stop_Sampling
 .text.SetDIR   0x0000000000000cb8       0x78 ./Drivers/DR_GPIO.o
                0x0000000000000cb8                SetDIR
 .text.SetPIN   0x0000000000000d30       0x50 ./Drivers/DR_GPIO.o
                0x0000000000000d30                SetPIN
 .text.GetPIN   0x0000000000000d80       0x54 ./Drivers/DR_GPIO.o
                0x0000000000000d80                GetPIN
 .text.Kit_Init
                0x0000000000000dd4       0x54 ./Drivers/DR_Init.o
                0x0000000000000dd4                Kit_Init
 .text.PLL_Init
                0x0000000000000e28      0x140 ./Drivers/DR_Init.o
                0x0000000000000e28                PLL_Init
 .text.LED_Initialize
                0x0000000000000f68       0x80 ./Drivers/DR_LED_IO.o
                0x0000000000000f68                LED_Initialize
 .text.LED_Set  0x0000000000000fe8       0x70 ./Drivers/DR_LED_IO.o
                0x0000000000000fe8                LED_Set
 .text.SetPINSEL
                0x0000000000001058       0x90 ./Drivers/DR_PINSEL.o
                0x0000000000001058                SetPINSEL
 .text.SetResistorMode
                0x00000000000010e8       0x84 ./Drivers/DR_PINSEL.o
                0x00000000000010e8                SetResistorMode
 .text.SysTick_Handler
                0x000000000000116c       0x74 ./Drivers/DR_SysTick.o
                0x000000000000116c                SysTick_Handler
 .text.Ticks_Config
                0x00000000000011e0       0xdc ./Drivers/DR_SysTick.o
                0x00000000000011e0                Ticks_Config
 .text.SysTick_Init
                0x00000000000012bc       0x8c ./Drivers/DR_SysTick.o
                0x00000000000012bc                SysTick_Init
 .text.DriverTecladoHW
                0x0000000000001348       0x5a ./Drivers/DR_Teclas.o
                0x0000000000001348                DriverTecladoHW
 *fill*         0x00000000000013a2        0x2 ff
 .text.Teclado5x1_SW_Debounce
                0x00000000000013a4       0xa8 ./Drivers/DR_Teclas.o
                0x00000000000013a4                Teclado5x1_SW_Debounce
 .text.Switches_Initialize
                0x000000000000144c       0x80 ./Drivers/DR_Teclas.o
                0x000000000000144c                Switches_Initialize
 .text.DriverSwitches
                0x00000000000014cc       0x1e ./Drivers/DR_Teclas.o
                0x00000000000014cc                DriverSwitches
 *fill*         0x00000000000014ea        0x2 ff
 .text.UART1_IRQHandler
                0x00000000000014ec       0xc8 ./Drivers/DR_UART_1.o
                0x00000000000014ec                UART1_IRQHandler
 .text.UART1_Initialize
                0x00000000000015b4      0x118 ./Drivers/DR_UART_1.o
                0x00000000000015b4                UART1_Initialize
 .text.U1_StartTx
                0x00000000000016cc       0x28 ./Drivers/DR_UART_1.o
                0x00000000000016cc                U1_StartTx
 .text.LCD_Init
                0x00000000000016f4       0xc0 ./Drivers/FW_LCD.o
                0x00000000000016f4                LCD_Init
 .text.LCD_Config
                0x00000000000017b4      0x114 ./Drivers/FW_LCD.o
                0x00000000000017b4                LCD_Config
 .text.LCD_Push
                0x00000000000018c8       0xc4 ./Drivers/FW_LCD.o
                0x00000000000018c8                LCD_Push
 .text.LCD_Pop  0x000000000000198c       0x64 ./Drivers/FW_LCD.o
                0x000000000000198c                LCD_Pop
 .text.LCD_Driver
                0x00000000000019f0       0xd0 ./Drivers/FW_LCD.o
                0x00000000000019f0                LCD_Driver
 .text.modulo   0x0000000000001ac0       0x42 ./Aplicacion/AP_Guante_Muestreo.o
                0x0000000000001ac0                modulo
 *fill*         0x0000000000001b02        0x2 ff
 .text.NormalizarMano
                0x0000000000001b04      0x15c ./Aplicacion/AP_Guante_Muestreo.o
                0x0000000000001b04                NormalizarMano
 .text.ObtenerManoPWM
                0x0000000000001c60       0xac ./Aplicacion/AP_Guante_Muestreo.o
                0x0000000000001c60                ObtenerManoPWM
 .text.Preparar_y_Enviar
                0x0000000000001d0c       0x3e ./Aplicacion/AP_Guante_Muestreo.o
                0x0000000000001d0c                Preparar_y_Enviar
 .text.EnviarMano
                0x0000000000001d4a       0xce ./Aplicacion/AP_Guante_Muestreo.o
                0x0000000000001d4a                EnviarMano
 .text.Preparar_Calibracion
                0x0000000000001e18      0x118 ./Aplicacion/AP_Guante_Muestreo.o
                0x0000000000001e18                Preparar_Calibracion
 .text.Calibrar
                0x0000000000001f30      0x140 ./Aplicacion/AP_Guante_Muestreo.o
                0x0000000000001f30                Calibrar
 .text.MDE_Calibrar
                0x0000000000002070      0x328 ./Aplicacion/AP_Guante_Muestreo.o
                0x0000000000002070                MDE_Calibrar
 .text.leer_comandos
                0x0000000000002398       0x64 ./Aplicacion/AP_UART_1.o
                0x0000000000002398                leer_comandos
 .text.RX_Mensajes
                0x00000000000023fc       0xa4 ./Aplicacion/AP_UART_1.o
                0x00000000000023fc                RX_Mensajes
 .text.MDE_Adquisidor
                0x00000000000024a0      0x130 ./Aplicacion/MDE_Adquisidor.o
                0x00000000000024a0                MDE_Adquisidor
 .text.main     0x00000000000025d0       0x24 ./Aplicacion/main.o
                0x00000000000025d0                main
 .text.__weak_main
                0x00000000000025f4        0x4 /usr/local/mcuxpressoide-10.2.0_759/ide/tools/bin/../lib/gcc/arm-none-eabi/7.2.1/../../../../arm-none-eabi/lib/thumb/v7-m/libcr_c.a(__weak__main.o)
                0x00000000000025f4                __main
                0x00000000000025f4                __weak_main
 .text.__aeabi_ddiv
                0x00000000000025f8      0x130 /usr/local/mcuxpressoide-10.2.0_759/ide/tools/bin/../lib/gcc/arm-none-eabi/7.2.1/thumb/v7-m/libcr_eabihelpers.a(double.o)
                0x00000000000025f8                __aeabi_ddiv
 .text.__aeabi_d2uiz
                0x0000000000002728       0x30 /usr/local/mcuxpressoide-10.2.0_759/ide/tools/bin/../lib/gcc/arm-none-eabi/7.2.1/thumb/v7-m/libcr_eabihelpers.a(double.o)
                0x0000000000002728                __aeabi_d2uiz
 .text.__bhs_ui2d
                0x0000000000002758       0x46 /usr/local/mcuxpressoide-10.2.0_759/ide/tools/bin/../lib/gcc/arm-none-eabi/7.2.1/thumb/v7-m/libcr_eabihelpers.a(double.o)
                0x0000000000002758                __bhs_ui2d
 .text.__aeabi_ui2d
                0x000000000000279e        0x8 /usr/local/mcuxpressoide-10.2.0_759/ide/tools/bin/../lib/gcc/arm-none-eabi/7.2.1/thumb/v7-m/libcr_eabihelpers.a(double.o)
                0x000000000000279e                __aeabi_ui2d
 *fill*         0x00000000000027a6        0x2 ff
 .text.__aeabi_fmul
                0x00000000000027a8       0xb0 /usr/local/mcuxpressoide-10.2.0_759/ide/tools/bin/../lib/gcc/arm-none-eabi/7.2.1/thumb/v7-m/libcr_eabihelpers.a(float.o)
                0x00000000000027a8                __aeabi_fmul
 .text.__aeabi_fdiv
                0x0000000000002858       0xb8 /usr/local/mcuxpressoide-10.2.0_759/ide/tools/bin/../lib/gcc/arm-none-eabi/7.2.1/thumb/v7-m/libcr_eabihelpers.a(float.o)
                0x0000000000002858                __aeabi_fdiv
 .text.__aeabi_fsub
                0x0000000000002910       0xe0 /usr/local/mcuxpressoide-10.2.0_759/ide/tools/bin/../lib/gcc/arm-none-eabi/7.2.1/thumb/v7-m/libcr_eabihelpers.a(float.o)
                0x0000000000002910                __aeabi_fsub
 .text.__aeabi_fadd
                0x00000000000029f0       0xb0 /usr/local/mcuxpressoide-10.2.0_759/ide/tools/bin/../lib/gcc/arm-none-eabi/7.2.1/thumb/v7-m/libcr_eabihelpers.a(float.o)
                0x00000000000029f0                __aeabi_fadd
 .text.__aeabi_f2uiz
                0x0000000000002aa0       0x28 /usr/local/mcuxpressoide-10.2.0_759/ide/tools/bin/../lib/gcc/arm-none-eabi/7.2.1/thumb/v7-m/libcr_eabihelpers.a(float.o)
                0x0000000000002aa0                __aeabi_f2uiz
 .text.__bhs_ui2f
                0x0000000000002ac8       0x26 /usr/local/mcuxpressoide-10.2.0_759/ide/tools/bin/../lib/gcc/arm-none-eabi/7.2.1/thumb/v7-m/libcr_eabihelpers.a(float.o)
                0x0000000000002ac8                __bhs_ui2f
 .text.__aeabi_ui2f
                0x0000000000002aee        0x8 /usr/local/mcuxpressoide-10.2.0_759/ide/tools/bin/../lib/gcc/arm-none-eabi/7.2.1/thumb/v7-m/libcr_eabihelpers.a(float.o)
                0x0000000000002aee                __aeabi_ui2f
 *(.rodata .rodata.* .constdata .constdata.*)
 *fill*         0x0000000000002af6        0x2 ff
 .rodata        0x0000000000002af8       0xed ./Aplicacion/AP_Guante_Muestreo.o
 *fill*         0x0000000000002be5        0x3 ff
 .rodata        0x0000000000002be8       0x4c ./Aplicacion/MDE_Adquisidor.o
                0x0000000000002c34                . = ALIGN (0x4)

.glue_7         0x0000000000002c34        0x0
 .glue_7        0x0000000000002c34        0x0 linker stubs

.glue_7t        0x0000000000002c34        0x0
 .glue_7t       0x0000000000002c34        0x0 linker stubs

.vfp11_veneer   0x0000000000002c34        0x0
 .vfp11_veneer  0x0000000000002c34        0x0 linker stubs

.v4_bx          0x0000000000002c34        0x0
 .v4_bx         0x0000000000002c34        0x0 linker stubs

.iplt           0x0000000000002c34        0x0
 .iplt          0x0000000000002c34        0x0 ./Primitivas/PR_ADC_MEDIANA.o

.rel.dyn        0x0000000000002c34        0x0
 .rel.iplt      0x0000000000002c34        0x0 ./Primitivas/PR_ADC_MEDIANA.o

.ARM.extab
 *(.ARM.extab* .gnu.linkonce.armextab.*)
                0x0000000000002c34                __exidx_start = .

.ARM.exidx
 *(.ARM.exidx* .gnu.linkonce.armexidx.*)
                0x0000000000002c34                __exidx_end = .
                0x0000000000002c34                _etext = .

.data_RAM2      0x000000002007c000        0x0 load address 0x0000000000002c34
 FILL mask 0xff
                [!provide]                        PROVIDE (__start_data_RAM2, .)
 *(.ramfunc.$RAM2)
 *(.ramfunc.$RamAHB32)
 *(.data.$RAM2*)
 *(.data.$RamAHB32*)
                0x000000002007c000                . = ALIGN (0x4)
                [!provide]                        PROVIDE (__end_data_RAM2, .)

.uninit_RESERVED
                0x0000000010000000        0x0
 *(.bss.$RESERVED*)
                0x0000000010000000                . = ALIGN (0x4)
                0x0000000010000000                _end_uninit_RESERVED = .

.data           0x0000000010000000       0x24 load address 0x0000000000002c34
 FILL mask 0xff
                0x0000000010000000                _data = .
 *(vtable)
 *(.ramfunc*)
 *(.data*)
 .data.input_ports
                0x0000000010000000        0x5 ./Drivers/DR_ADC_5canales_Timer.o
 *fill*         0x0000000010000005        0x3 ff
 .data.input_pins
                0x0000000010000008        0x5 ./Drivers/DR_ADC_5canales_Timer.o
 *fill*         0x000000001000000d        0x3 ff
 .data.input_funcs
                0x0000000010000010        0x5 ./Drivers/DR_ADC_5canales_Timer.o
 *fill*         0x0000000010000015        0x3 ff
 .data.input_AD0_number
                0x0000000010000018        0x5 ./Drivers/DR_ADC_5canales_Timer.o
 *fill*         0x000000001000001d        0x1 ff
 .data.SampleRate
                0x000000001000001e        0x2 ./Drivers/DR_ADC_5canales_Timer.o
 .data.Key_Pressed
                0x0000000010000020        0x1 ./Drivers/DR_Teclas.o
                0x0000000010000020                Key_Pressed
 .data.estado.3666
                0x0000000010000021        0x1 ./Drivers/DR_Teclas.o
 .data.codigoAnterior.3665
                0x0000000010000022        0x1 ./Drivers/DR_Teclas.o
                0x0000000010000024                . = ALIGN (0x4)
 *fill*         0x0000000010000023        0x1 ff
                0x0000000010000024                _edata = .

.igot.plt       0x0000000010000024        0x0 load address 0x0000000000002c58
 .igot.plt      0x0000000010000024        0x0 ./Primitivas/PR_ADC_MEDIANA.o

.bss_RAM2       0x000000002007c000        0x0
                [!provide]                        PROVIDE (__start_bss_RAM2, .)
 *(.bss.$RAM2*)
 *(.bss.$RamAHB32*)
                0x000000002007c000                . = ALIGN ((. != 0x0)?0x4:0x1)
                [!provide]                        PROVIDE (__end_bss_RAM2, .)

.bss            0x0000000010000024      0x404
                0x0000000010000024                _bss = .
 *(.bss*)
 .bss.inxBuffers
                0x0000000010000024        0x1 ./Primitivas/PR_ADC_MEDIANA.o
 *fill*         0x0000000010000025        0x3 
 .bss.Samples   0x0000000010000028       0x64 ./Primitivas/PR_ADC_MEDIANA.o
 .bss.bufferRx  0x000000001000008c       0x20 ./Primitivas/PR_UART_1.o
 .bss.bufferTx  0x00000000100000ac       0x20 ./Primitivas/PR_UART_1.o
 .bss.inx_Rx_in
                0x00000000100000cc        0x1 ./Primitivas/PR_UART_1.o
 .bss.inx_Rx_out
                0x00000000100000cd        0x1 ./Primitivas/PR_UART_1.o
 .bss.inx_Tx_in
                0x00000000100000ce        0x1 ./Primitivas/PR_UART_1.o
 .bss.inx_Tx_out
                0x00000000100000cf        0x1 ./Primitivas/PR_UART_1.o
 .bss.ADC_Samples
                0x00000000100000d0        0xa ./Drivers/DR_ADC_5canales_Timer.o
                0x00000000100000d0                ADC_Samples
 .bss.f_ADC_Samples_rdy
                0x00000000100000da        0x1 ./Drivers/DR_ADC_5canales_Timer.o
                0x00000000100000da                f_ADC_Samples_rdy
 *fill*         0x00000000100000db        0x1 
 .bss.ADC_Data_Registers
                0x00000000100000dc       0x14 ./Drivers/DR_ADC_5canales_Timer.o
 .bss.InputChannel
                0x00000000100000f0        0x1 ./Drivers/DR_ADC_5canales_Timer.o
 .bss.contTeclaEstable.3667
                0x00000000100000f1        0x1 ./Drivers/DR_Teclas.o
 .bss.f_U1_Tx   0x00000000100000f2        0x1 ./Drivers/DR_UART_1.o
                0x00000000100000f2                f_U1_Tx
 *fill*         0x00000000100000f3        0x1 
 .bss.buffer_LCD
                0x00000000100000f4       0xa0 ./Drivers/FW_LCD.o
                0x00000000100000f4                buffer_LCD
 .bss.indexIn_LCD
                0x0000000010000194        0x4 ./Drivers/FW_LCD.o
                0x0000000010000194                indexIn_LCD
 .bss.indexOut_LCD
                0x0000000010000198        0x4 ./Drivers/FW_LCD.o
                0x0000000010000198                indexOut_LCD
 .bss.LCD_delay
                0x000000001000019c        0x4 ./Drivers/FW_LCD.o
                0x000000001000019c                LCD_delay
 .bss.estadoEnable.3696
                0x00000000100001a0        0x1 ./Drivers/FW_LCD.o
 .bss.f_Start_Calibration
                0x00000000100001a1        0x1 ./Aplicacion/AP_Guante_Muestreo.o
                0x00000000100001a1                f_Start_Calibration
 .bss.CAL_inxBuffers
                0x00000000100001a2        0x1 ./Aplicacion/AP_Guante_Muestreo.o
 *fill*         0x00000000100001a3        0x1 
 .bss.CAL_Mano_Abierta
                0x00000000100001a4       0xc8 ./Aplicacion/AP_Guante_Muestreo.o
                0x00000000100001a4                CAL_Mano_Abierta
 .bss.CAL_Mano_Cerrada
                0x000000001000026c       0xc8 ./Aplicacion/AP_Guante_Muestreo.o
                0x000000001000026c                CAL_Mano_Cerrada
 .bss.CAL_Pulgar_Cerrado
                0x0000000010000334       0xc8 ./Aplicacion/AP_Guante_Muestreo.o
                0x0000000010000334                CAL_Pulgar_Cerrado
 .bss.CAL_rango
                0x00000000100003fc        0xa ./Aplicacion/AP_Guante_Muestreo.o
 *fill*         0x0000000010000406        0x2 
 .bss.CAL_Minimos
                0x0000000010000408        0xa ./Aplicacion/AP_Guante_Muestreo.o
 .bss.estado_calibrar.3822
                0x0000000010000412        0x1 ./Aplicacion/AP_Guante_Muestreo.o
 .bss.estado_secuencia.3823
                0x0000000010000413        0x1 ./Aplicacion/AP_Guante_Muestreo.o
 .bss.command   0x0000000010000414        0x1 ./Aplicacion/AP_UART_1.o
                0x0000000010000414                command
 .bss.estado_rx.3665
                0x0000000010000415        0x1 ./Aplicacion/AP_UART_1.o
 .bss.inx_msg_rx.3667
                0x0000000010000416        0x1 ./Aplicacion/AP_UART_1.o
 *fill*         0x0000000010000417        0x1 
 .bss.msg_rx.3666
                0x0000000010000418        0x8 ./Aplicacion/AP_UART_1.o
 .bss.f_Start_Manotronic
                0x0000000010000420        0x1 ./Aplicacion/MDE_Adquisidor.o
                0x0000000010000420                f_Start_Manotronic
 .bss.f_StopSampling
                0x0000000010000421        0x1 ./Aplicacion/MDE_Adquisidor.o
                0x0000000010000421                f_StopSampling
 *fill*         0x0000000010000422        0x2 
 .bss.estado_medidor
                0x0000000010000424        0x4 ./Aplicacion/MDE_Adquisidor.o
 *(COMMON)
                0x0000000010000428                . = ALIGN (0x4)
                0x0000000010000428                _ebss = .
                [!provide]                        PROVIDE (end, .)

.noinit_RAM2    0x000000002007c000        0x0
 *(.noinit.$RAM2*)
 *(.noinit.$RamAHB32*)
                0x000000002007c000                . = ALIGN (0x4)

.noinit         0x0000000010000428        0x0
                0x0000000010000428                _noinit = .
 *(.noinit*)
                0x0000000010000428                . = ALIGN (0x4)
                0x0000000010000428                _end_noinit = .
                [!provide]                        PROVIDE (_pvHeapStart, DEFINED (__user_heap_base)?__user_heap_base:.)
                0x0000000010008000                PROVIDE (_vStackTop, DEFINED (__user_stack_top)?__user_stack_top:(__top_RamLoc32 - 0x0))
                0xffffffffefff74f2                PROVIDE (__valid_user_code_checksum, (0x0 - ((((((_vStackTop + (ResetISR + 0x1)) + (NMI_Handler + 0x1)) + (HardFault_Handler + 0x1)) + (DEFINED (MemManage_Handler)?MemManage_Handler:0x0 + 0x1)) + (DEFINED (BusFault_Handler)?BusFault_Handler:0x0 + 0x1)) + (DEFINED (UsageFault_Handler)?UsageFault_Handler:0x0 + 0x1))))
                0x0000000000000000                _image_start = LOADADDR (.text)
                0x0000000000002c58                _image_end = (LOADADDR (.data) + SIZEOF (.data))
                0x0000000000002c58                _image_size = (_image_end - _image_start)
OUTPUT(InfoII_TPO_Adquisidor_400_UART1.axf elf32-littlearm)

.debug_info     0x0000000000000000     0x1e2c
 .debug_info    0x0000000000000000      0x317 ./Primitivas/PR_ADC_MEDIANA.o
 .debug_info    0x0000000000000317       0xca ./Primitivas/PR_LCD.o
 .debug_info    0x00000000000003e1       0x93 ./Primitivas/PR_Teclas.o
 .debug_info    0x0000000000000474      0x1db ./Primitivas/PR_UART_1.o
 .debug_info    0x000000000000064f      0x2b9 ./Drivers/DR_ADC_5canales_Timer.o
 .debug_info    0x0000000000000908      0x166 ./Drivers/DR_GPIO.o
 .debug_info    0x0000000000000a6e      0x129 ./Drivers/DR_Init.o
 .debug_info    0x0000000000000b97       0xfc ./Drivers/DR_LED_IO.o
 .debug_info    0x0000000000000c93      0x152 ./Drivers/DR_PINSEL.o
 .debug_info    0x0000000000000de5      0x191 ./Drivers/DR_SysTick.o
 .debug_info    0x0000000000000f76      0x11d ./Drivers/DR_Teclas.o
 .debug_info    0x0000000000001093      0x132 ./Drivers/DR_UART_1.o
 .debug_info    0x00000000000011c5      0x19a ./Drivers/FW_LCD.o
 .debug_info    0x000000000000135f      0x255 ./Drivers/cr_startup_lpc175x_6x.o
 .debug_info    0x00000000000015b4       0x3f ./Drivers/crp.o
 .debug_info    0x00000000000015f3      0x49d ./Aplicacion/AP_Guante_Muestreo.o
 .debug_info    0x0000000000001a90      0x11d ./Aplicacion/AP_UART_1.o
 .debug_info    0x0000000000001bad      0x15f ./Aplicacion/MDE_Adquisidor.o
 .debug_info    0x0000000000001d0c      0x120 ./Aplicacion/main.o

.debug_abbrev   0x0000000000000000      0xfec
 .debug_abbrev  0x0000000000000000      0x13a ./Primitivas/PR_ADC_MEDIANA.o
 .debug_abbrev  0x000000000000013a       0x93 ./Primitivas/PR_LCD.o
 .debug_abbrev  0x00000000000001cd       0x7b ./Primitivas/PR_Teclas.o
 .debug_abbrev  0x0000000000000248       0xf3 ./Primitivas/PR_UART_1.o
 .debug_abbrev  0x000000000000033b      0x164 ./Drivers/DR_ADC_5canales_Timer.o
 .debug_abbrev  0x000000000000049f       0xc5 ./Drivers/DR_GPIO.o
 .debug_abbrev  0x0000000000000564       0x94 ./Drivers/DR_Init.o
 .debug_abbrev  0x00000000000005f8       0xb5 ./Drivers/DR_LED_IO.o
 .debug_abbrev  0x00000000000006ad       0xa0 ./Drivers/DR_PINSEL.o
 .debug_abbrev  0x000000000000074d       0xd0 ./Drivers/DR_SysTick.o
 .debug_abbrev  0x000000000000081d       0xe3 ./Drivers/DR_Teclas.o
 .debug_abbrev  0x0000000000000900       0xd6 ./Drivers/DR_UART_1.o
 .debug_abbrev  0x00000000000009d6       0xfd ./Drivers/FW_LCD.o
 .debug_abbrev  0x0000000000000ad3      0x114 ./Drivers/cr_startup_lpc175x_6x.o
 .debug_abbrev  0x0000000000000be7       0x36 ./Drivers/crp.o
 .debug_abbrev  0x0000000000000c1d      0x1ae ./Aplicacion/AP_Guante_Muestreo.o
 .debug_abbrev  0x0000000000000dcb       0xd3 ./Aplicacion/AP_UART_1.o
 .debug_abbrev  0x0000000000000e9e       0xc1 ./Aplicacion/MDE_Adquisidor.o
 .debug_abbrev  0x0000000000000f5f       0x8d ./Aplicacion/main.o

.debug_aranges  0x0000000000000000      0x430
 .debug_aranges
                0x0000000000000000       0x50 ./Primitivas/PR_ADC_MEDIANA.o
 .debug_aranges
                0x0000000000000050       0x20 ./Primitivas/PR_LCD.o
 .debug_aranges
                0x0000000000000070       0x20 ./Primitivas/PR_Teclas.o
 .debug_aranges
                0x0000000000000090       0x40 ./Primitivas/PR_UART_1.o
 .debug_aranges
                0x00000000000000d0       0x68 ./Drivers/DR_ADC_5canales_Timer.o
 .debug_aranges
                0x0000000000000138       0x30 ./Drivers/DR_GPIO.o
 .debug_aranges
                0x0000000000000168       0x28 ./Drivers/DR_Init.o
 .debug_aranges
                0x0000000000000190       0x38 ./Drivers/DR_LED_IO.o
 .debug_aranges
                0x00000000000001c8       0x30 ./Drivers/DR_PINSEL.o
 .debug_aranges
                0x00000000000001f8       0x30 ./Drivers/DR_SysTick.o
 .debug_aranges
                0x0000000000000228       0x38 ./Drivers/DR_Teclas.o
 .debug_aranges
                0x0000000000000260       0x30 ./Drivers/DR_UART_1.o
 .debug_aranges
                0x0000000000000290       0x40 ./Drivers/FW_LCD.o
 .debug_aranges
                0x00000000000002d0       0x80 ./Drivers/cr_startup_lpc175x_6x.o
 .debug_aranges
                0x0000000000000350       0x18 ./Drivers/crp.o
 .debug_aranges
                0x0000000000000368       0x60 ./Aplicacion/AP_Guante_Muestreo.o
 .debug_aranges
                0x00000000000003c8       0x28 ./Aplicacion/AP_UART_1.o
 .debug_aranges
                0x00000000000003f0       0x20 ./Aplicacion/MDE_Adquisidor.o
 .debug_aranges
                0x0000000000000410       0x20 ./Aplicacion/main.o

.debug_ranges   0x0000000000000000      0x2f8
 .debug_ranges  0x0000000000000000       0x40 ./Primitivas/PR_ADC_MEDIANA.o
 .debug_ranges  0x0000000000000040       0x10 ./Primitivas/PR_LCD.o
 .debug_ranges  0x0000000000000050       0x10 ./Primitivas/PR_Teclas.o
 .debug_ranges  0x0000000000000060       0x30 ./Primitivas/PR_UART_1.o
 .debug_ranges  0x0000000000000090       0x58 ./Drivers/DR_ADC_5canales_Timer.o
 .debug_ranges  0x00000000000000e8       0x20 ./Drivers/DR_GPIO.o
 .debug_ranges  0x0000000000000108       0x18 ./Drivers/DR_Init.o
 .debug_ranges  0x0000000000000120       0x28 ./Drivers/DR_LED_IO.o
 .debug_ranges  0x0000000000000148       0x20 ./Drivers/DR_PINSEL.o
 .debug_ranges  0x0000000000000168       0x20 ./Drivers/DR_SysTick.o
 .debug_ranges  0x0000000000000188       0x28 ./Drivers/DR_Teclas.o
 .debug_ranges  0x00000000000001b0       0x20 ./Drivers/DR_UART_1.o
 .debug_ranges  0x00000000000001d0       0x30 ./Drivers/FW_LCD.o
 .debug_ranges  0x0000000000000200       0x70 ./Drivers/cr_startup_lpc175x_6x.o
 .debug_ranges  0x0000000000000270       0x50 ./Aplicacion/AP_Guante_Muestreo.o
 .debug_ranges  0x00000000000002c0       0x18 ./Aplicacion/AP_UART_1.o
 .debug_ranges  0x00000000000002d8       0x10 ./Aplicacion/MDE_Adquisidor.o
 .debug_ranges  0x00000000000002e8       0x10 ./Aplicacion/main.o

.debug_macro    0x0000000000000000     0x28ca
 .debug_macro   0x0000000000000000       0x59 ./Primitivas/PR_ADC_MEDIANA.o
 .debug_macro   0x0000000000000059      0xa66 ./Primitivas/PR_ADC_MEDIANA.o
 .debug_macro   0x0000000000000abf       0x2e ./Primitivas/PR_ADC_MEDIANA.o
 .debug_macro   0x0000000000000aed      0x7bc ./Primitivas/PR_ADC_MEDIANA.o
 .debug_macro   0x00000000000012a9       0x46 ./Primitivas/PR_ADC_MEDIANA.o
 .debug_macro   0x00000000000012ef       0x2e ./Primitivas/PR_ADC_MEDIANA.o
 .debug_macro   0x000000000000131d       0x16 ./Primitivas/PR_ADC_MEDIANA.o
 .debug_macro   0x0000000000001333       0x16 ./Primitivas/PR_ADC_MEDIANA.o
 .debug_macro   0x0000000000001349       0x61 ./Primitivas/PR_LCD.o
 .debug_macro   0x00000000000013aa      0x11e ./Primitivas/PR_LCD.o
 .debug_macro   0x00000000000014c8       0x28 ./Primitivas/PR_LCD.o
 .debug_macro   0x00000000000014f0       0x54 ./Primitivas/PR_Teclas.o
 .debug_macro   0x0000000000001544      0x7c2 ./Primitivas/PR_Teclas.o
 .debug_macro   0x0000000000001d06       0x28 ./Primitivas/PR_Teclas.o
 .debug_macro   0x0000000000001d2e       0x28 ./Primitivas/PR_Teclas.o
 .debug_macro   0x0000000000001d56       0x5a ./Primitivas/PR_UART_1.o
 .debug_macro   0x0000000000001db0       0x80 ./Drivers/DR_ADC_5canales_Timer.o
 .debug_macro   0x0000000000001e30       0x32 ./Drivers/DR_GPIO.o
 .debug_macro   0x0000000000001e62      0x102 ./Drivers/DR_Init.o
 .debug_macro   0x0000000000001f64       0x2e ./Drivers/DR_Init.o
 .debug_macro   0x0000000000001f92       0x2e ./Drivers/DR_Init.o
 .debug_macro   0x0000000000001fc0       0x1c ./Drivers/DR_Init.o
 .debug_macro   0x0000000000001fdc       0x22 ./Drivers/DR_Init.o
 .debug_macro   0x0000000000001ffe       0x3a ./Drivers/DR_Init.o
 .debug_macro   0x0000000000002038       0x10 ./Drivers/DR_Init.o
 .debug_macro   0x0000000000002048       0x16 ./Drivers/DR_Init.o
 .debug_macro   0x000000000000205e       0x62 ./Drivers/DR_LED_IO.o
 .debug_macro   0x00000000000020c0       0x34 ./Drivers/DR_LED_IO.o
 .debug_macro   0x00000000000020f4       0x38 ./Drivers/DR_PINSEL.o
 .debug_macro   0x000000000000212c       0x40 ./Drivers/DR_PINSEL.o
 .debug_macro   0x000000000000216c      0x10a ./Drivers/DR_SysTick.o
 .debug_macro   0x0000000000002276       0x80 ./Drivers/DR_Teclas.o
 .debug_macro   0x00000000000022f6       0x9c ./Drivers/DR_UART_1.o
 .debug_macro   0x0000000000002392       0x53 ./Drivers/FW_LCD.o
 .debug_macro   0x00000000000023e5       0x1d ./Drivers/cr_startup_lpc175x_6x.o
 .debug_macro   0x0000000000002402       0x1a ./Drivers/crp.o
 .debug_macro   0x000000000000241c       0x34 ./Drivers/crp.o
 .debug_macro   0x0000000000002450      0x158 ./Aplicacion/AP_Guante_Muestreo.o
 .debug_macro   0x00000000000025a8       0x6f ./Aplicacion/AP_UART_1.o
 .debug_macro   0x0000000000002617       0x1c ./Aplicacion/AP_UART_1.o
 .debug_macro   0x0000000000002633      0x10a ./Aplicacion/MDE_Adquisidor.o
 .debug_macro   0x000000000000273d      0x10b ./Aplicacion/main.o
 .debug_macro   0x0000000000002848       0x82 ./Aplicacion/main.o

.debug_line     0x0000000000000000     0x2568
 .debug_line    0x0000000000000000      0x23e ./Primitivas/PR_ADC_MEDIANA.o
 .debug_line    0x000000000000023e      0x197 ./Primitivas/PR_LCD.o
 .debug_line    0x00000000000003d5      0x17e ./Primitivas/PR_Teclas.o
 .debug_line    0x0000000000000553      0x1d1 ./Primitivas/PR_UART_1.o
 .debug_line    0x0000000000000724      0x20c ./Drivers/DR_ADC_5canales_Timer.o
 .debug_line    0x0000000000000930      0x10d ./Drivers/DR_GPIO.o
 .debug_line    0x0000000000000a3d      0x31b ./Drivers/DR_Init.o
 .debug_line    0x0000000000000d58      0x15b ./Drivers/DR_LED_IO.o
 .debug_line    0x0000000000000eb3      0x119 ./Drivers/DR_PINSEL.o
 .debug_line    0x0000000000000fcc      0x2f8 ./Drivers/DR_SysTick.o
 .debug_line    0x00000000000012c4      0x163 ./Drivers/DR_Teclas.o
 .debug_line    0x0000000000001427      0x1bf ./Drivers/DR_UART_1.o
 .debug_line    0x00000000000015e6      0x1be ./Drivers/FW_LCD.o
 .debug_line    0x00000000000017a4       0xd6 ./Drivers/cr_startup_lpc175x_6x.o
 .debug_line    0x000000000000187a       0x7d ./Drivers/crp.o
 .debug_line    0x00000000000018f7      0x42e ./Aplicacion/AP_Guante_Muestreo.o
 .debug_line    0x0000000000001d25      0x223 ./Aplicacion/AP_UART_1.o
 .debug_line    0x0000000000001f48      0x2f8 ./Aplicacion/MDE_Adquisidor.o
 .debug_line    0x0000000000002240      0x328 ./Aplicacion/main.o

.debug_str      0x0000000000000000     0x60a0
 .debug_str     0x0000000000000000     0x47eb ./Primitivas/PR_ADC_MEDIANA.o
                                       0x484d (size before relaxing)
 .debug_str     0x00000000000047eb      0x398 ./Primitivas/PR_LCD.o
                                       0x4a03 (size before relaxing)
 .debug_str     0x0000000000004b83       0x72 ./Primitivas/PR_Teclas.o
                                       0x46d4 (size before relaxing)
 .debug_str     0x0000000000004bf5       0xea ./Primitivas/PR_UART_1.o
                                       0x4723 (size before relaxing)
 .debug_str     0x0000000000004cdf      0x284 ./Drivers/DR_ADC_5canales_Timer.o
                                       0x496d (size before relaxing)
 .debug_str     0x0000000000004f63       0x3c ./Drivers/DR_GPIO.o
                                       0x45f1 (size before relaxing)
 .debug_str     0x0000000000004f9f      0x180 ./Drivers/DR_Init.o
                                       0x4c8e (size before relaxing)
 .debug_str     0x000000000000511f       0x98 ./Drivers/DR_LED_IO.o
                                       0x476d (size before relaxing)
 .debug_str     0x00000000000051b7       0x5a ./Drivers/DR_PINSEL.o
                                       0x4697 (size before relaxing)
 .debug_str     0x0000000000005211      0x108 ./Drivers/DR_SysTick.o
                                       0x4d5a (size before relaxing)
 .debug_str     0x0000000000005319      0x127 ./Drivers/DR_Teclas.o
                                       0x47d3 (size before relaxing)
 .debug_str     0x0000000000005440       0xf3 ./Drivers/DR_UART_1.o
                                       0x4754 (size before relaxing)
 .debug_str     0x0000000000005533       0x7d ./Drivers/FW_LCD.o
                                       0x4a59 (size before relaxing)
 .debug_str     0x00000000000055b0      0x1ca ./Drivers/cr_startup_lpc175x_6x.o
                                       0x2ee4 (size before relaxing)
 .debug_str     0x000000000000577a       0xed ./Drivers/crp.o
                                       0x2df1 (size before relaxing)
 .debug_str     0x0000000000005867      0x2d0 ./Aplicacion/AP_Guante_Muestreo.o
                                       0x4f65 (size before relaxing)
 .debug_str     0x0000000000005b37       0x83 ./Aplicacion/AP_UART_1.o
                                       0x4724 (size before relaxing)
 .debug_str     0x0000000000005bba       0x71 ./Aplicacion/MDE_Adquisidor.o
                                       0x4ccf (size before relaxing)
 .debug_str     0x0000000000005c2b      0x475 ./Aplicacion/main.o
                                       0x50d3 (size before relaxing)

.comment        0x0000000000000000       0x7e
 .comment       0x0000000000000000       0x7e ./Primitivas/PR_ADC_MEDIANA.o
                                         0x7f (size before relaxing)
 .comment       0x000000000000007e       0x7f ./Primitivas/PR_LCD.o
 .comment       0x000000000000007e       0x7f ./Primitivas/PR_Teclas.o
 .comment       0x000000000000007e       0x7f ./Primitivas/PR_UART_1.o
 .comment       0x000000000000007e       0x7f ./Drivers/DR_ADC_5canales_Timer.o
 .comment       0x000000000000007e       0x7f ./Drivers/DR_GPIO.o
 .comment       0x000000000000007e       0x7f ./Drivers/DR_Init.o
 .comment       0x000000000000007e       0x7f ./Drivers/DR_LED_IO.o
 .comment       0x000000000000007e       0x7f ./Drivers/DR_PINSEL.o
 .comment       0x000000000000007e       0x7f ./Drivers/DR_SysTick.o
 .comment       0x000000000000007e       0x7f ./Drivers/DR_Teclas.o
 .comment       0x000000000000007e       0x7f ./Drivers/DR_UART_1.o
 .comment       0x000000000000007e       0x7f ./Drivers/FW_LCD.o
 .comment       0x000000000000007e       0x7f ./Drivers/cr_startup_lpc175x_6x.o
 .comment       0x000000000000007e       0x7f ./Drivers/crp.o
 .comment       0x000000000000007e       0x7f ./Aplicacion/AP_Guante_Muestreo.o
 .comment       0x000000000000007e       0x7f ./Aplicacion/AP_UART_1.o
 .comment       0x000000000000007e       0x7f ./Aplicacion/MDE_Adquisidor.o
 .comment       0x000000000000007e       0x7f ./Aplicacion/main.o
 .comment       0x000000000000007e       0x7f /usr/local/mcuxpressoide-10.2.0_759/ide/tools/bin/../lib/gcc/arm-none-eabi/7.2.1/../../../../arm-none-eabi/lib/thumb/v7-m/libcr_c.a(__weak__main.o)
 .comment       0x000000000000007e       0x7f /usr/local/mcuxpressoide-10.2.0_759/ide/tools/bin/../lib/gcc/arm-none-eabi/7.2.1/thumb/v7-m/libcr_eabihelpers.a(double.o)
 .comment       0x000000000000007e       0x7f /usr/local/mcuxpressoide-10.2.0_759/ide/tools/bin/../lib/gcc/arm-none-eabi/7.2.1/thumb/v7-m/libcr_eabihelpers.a(float.o)

.ARM.attributes
                0x0000000000000000       0x33
 .ARM.attributes
                0x0000000000000000       0x33 ./Primitivas/PR_ADC_MEDIANA.o
 .ARM.attributes
                0x0000000000000033       0x33 ./Primitivas/PR_LCD.o
 .ARM.attributes
                0x0000000000000066       0x33 ./Primitivas/PR_Teclas.o
 .ARM.attributes
                0x0000000000000099       0x33 ./Primitivas/PR_UART_1.o
 .ARM.attributes
                0x00000000000000cc       0x33 ./Drivers/DR_ADC_5canales_Timer.o
 .ARM.attributes
                0x00000000000000ff       0x33 ./Drivers/DR_GPIO.o
 .ARM.attributes
                0x0000000000000132       0x33 ./Drivers/DR_Init.o
 .ARM.attributes
                0x0000000000000165       0x33 ./Drivers/DR_LED_IO.o
 .ARM.attributes
                0x0000000000000198       0x33 ./Drivers/DR_PINSEL.o
 .ARM.attributes
                0x00000000000001cb       0x33 ./Drivers/DR_SysTick.o
 .ARM.attributes
                0x00000000000001fe       0x33 ./Drivers/DR_Teclas.o
 .ARM.attributes
                0x0000000000000231       0x33 ./Drivers/DR_UART_1.o
 .ARM.attributes
                0x0000000000000264       0x33 ./Drivers/FW_LCD.o
 .ARM.attributes
                0x0000000000000297       0x33 ./Drivers/cr_startup_lpc175x_6x.o
 .ARM.attributes
                0x00000000000002ca       0x33 ./Drivers/crp.o
 .ARM.attributes
                0x00000000000002fd       0x33 ./Aplicacion/AP_Guante_Muestreo.o
 .ARM.attributes
                0x0000000000000330       0x33 ./Aplicacion/AP_UART_1.o
 .ARM.attributes
                0x0000000000000363       0x33 ./Aplicacion/MDE_Adquisidor.o
 .ARM.attributes
                0x0000000000000396       0x33 ./Aplicacion/main.o
 .ARM.attributes
                0x00000000000003c9       0x33 /usr/local/mcuxpressoide-10.2.0_759/ide/tools/bin/../lib/gcc/arm-none-eabi/7.2.1/../../../../arm-none-eabi/lib/thumb/v7-m/libcr_c.a(__weak__main.o)
 .ARM.attributes
                0x00000000000003fc       0x33 /usr/local/mcuxpressoide-10.2.0_759/ide/tools/bin/../lib/gcc/arm-none-eabi/7.2.1/thumb/v7-m/libcr_eabihelpers.a(double.o)
 .ARM.attributes
                0x000000000000042f       0x33 /usr/local/mcuxpressoide-10.2.0_759/ide/tools/bin/../lib/gcc/arm-none-eabi/7.2.1/thumb/v7-m/libcr_eabihelpers.a(float.o)

.debug_frame    0x0000000000000000      0xb88
 .debug_frame   0x0000000000000000      0x118 ./Primitivas/PR_ADC_MEDIANA.o
 .debug_frame   0x0000000000000118       0x34 ./Primitivas/PR_LCD.o
 .debug_frame   0x000000000000014c       0x38 ./Primitivas/PR_Teclas.o
 .debug_frame   0x0000000000000184       0xd0 ./Primitivas/PR_UART_1.o
 .debug_frame   0x0000000000000254      0x168 ./Drivers/DR_ADC_5canales_Timer.o
 .debug_frame   0x00000000000003bc       0x88 ./Drivers/DR_GPIO.o
 .debug_frame   0x0000000000000444       0x4c ./Drivers/DR_Init.o
 .debug_frame   0x0000000000000490       0x98 ./Drivers/DR_LED_IO.o
 .debug_frame   0x0000000000000528       0x88 ./Drivers/DR_PINSEL.o
 .debug_frame   0x00000000000005b0       0x74 ./Drivers/DR_SysTick.o
 .debug_frame   0x0000000000000624       0x94 ./Drivers/DR_Teclas.o
 .debug_frame   0x00000000000006b8       0x78 ./Drivers/DR_UART_1.o
 .debug_frame   0x0000000000000730       0xc4 ./Drivers/FW_LCD.o
 .debug_frame   0x00000000000007f4      0x170 ./Drivers/cr_startup_lpc175x_6x.o
 .debug_frame   0x0000000000000964      0x164 ./Aplicacion/AP_Guante_Muestreo.o
 .debug_frame   0x0000000000000ac8       0x5c ./Aplicacion/AP_UART_1.o
 .debug_frame   0x0000000000000b24       0x34 ./Aplicacion/MDE_Adquisidor.o
 .debug_frame   0x0000000000000b58       0x30 ./Aplicacion/main.o
