Archive member included to satisfy reference by file (symbol)

/usr/local/mcuxpressoide-10.2.0_759/ide/tools/bin/../lib/gcc/arm-none-eabi/7.2.1/../../../../arm-none-eabi/lib/thumb/v7-m/libcr_c.a(__weak__main.o)
                              ./Drivers/cr_startup_lpc175x_6x.o (__main)
/usr/local/mcuxpressoide-10.2.0_759/ide/tools/bin/../lib/gcc/arm-none-eabi/7.2.1/thumb/v7-m/libcr_eabihelpers.a(float.o)
                              ./Drivers/DR_SysTick.o (__aeabi_fmul)

Discarded input sections

 .group         0x0000000000000000        0xc ./Primitivas/PR_LCD.o
 .group         0x0000000000000000        0xc ./Primitivas/PR_LCD.o
 .group         0x0000000000000000        0xc ./Primitivas/PR_LCD.o
 .group         0x0000000000000000        0xc ./Primitivas/PR_LCD.o
 .group         0x0000000000000000        0xc ./Primitivas/PR_LCD.o
 .group         0x0000000000000000        0xc ./Primitivas/PR_LCD.o
 .group         0x0000000000000000        0xc ./Primitivas/PR_LCD.o
 .text          0x0000000000000000        0x0 ./Primitivas/PR_LCD.o
 .data          0x0000000000000000        0x0 ./Primitivas/PR_LCD.o
 .bss           0x0000000000000000        0x0 ./Primitivas/PR_LCD.o
 .text.LCD_DisplayMsg
                0x0000000000000000       0x70 ./Primitivas/PR_LCD.o
 .debug_info    0x0000000000000000       0xca ./Primitivas/PR_LCD.o
 .debug_abbrev  0x0000000000000000       0x93 ./Primitivas/PR_LCD.o
 .debug_aranges
                0x0000000000000000       0x20 ./Primitivas/PR_LCD.o
 .debug_ranges  0x0000000000000000       0x10 ./Primitivas/PR_LCD.o
 .debug_macro   0x0000000000000000       0x61 ./Primitivas/PR_LCD.o
 .debug_macro   0x0000000000000000      0xa66 ./Primitivas/PR_LCD.o
 .debug_macro   0x0000000000000000       0x2e ./Primitivas/PR_LCD.o
 .debug_macro   0x0000000000000000      0x7c3 ./Primitivas/PR_LCD.o
 .debug_macro   0x0000000000000000       0x22 ./Primitivas/PR_LCD.o
 .debug_macro   0x0000000000000000       0x46 ./Primitivas/PR_LCD.o
 .debug_macro   0x0000000000000000      0x11e ./Primitivas/PR_LCD.o
 .debug_macro   0x0000000000000000       0x28 ./Primitivas/PR_LCD.o
 .debug_line    0x0000000000000000      0x18d ./Primitivas/PR_LCD.o
 .debug_str     0x0000000000000000     0x4a12 ./Primitivas/PR_LCD.o
 .comment       0x0000000000000000       0x7f ./Primitivas/PR_LCD.o
 .debug_frame   0x0000000000000000       0x34 ./Primitivas/PR_LCD.o
 .ARM.attributes
                0x0000000000000000       0x33 ./Primitivas/PR_LCD.o
 .group         0x0000000000000000        0xc ./Primitivas/PR_PWM.o
 .group         0x0000000000000000        0xc ./Primitivas/PR_PWM.o
 .group         0x0000000000000000        0xc ./Primitivas/PR_PWM.o
 .group         0x0000000000000000        0xc ./Primitivas/PR_PWM.o
 .group         0x0000000000000000        0xc ./Primitivas/PR_PWM.o
 .group         0x0000000000000000        0xc ./Primitivas/PR_PWM.o
 .text          0x0000000000000000        0x0 ./Primitivas/PR_PWM.o
 .data          0x0000000000000000        0x0 ./Primitivas/PR_PWM.o
 .bss           0x0000000000000000        0x0 ./Primitivas/PR_PWM.o
 .data.Tabla_Stop_Suave_Exponencial
                0x0000000000000000       0x20 ./Primitivas/PR_PWM.o
 .data.Tabla_Stop_Suave_Lineal
                0x0000000000000000       0x20 ./Primitivas/PR_PWM.o
 .data.Tabla_Stop_Suave_Eliptico
                0x0000000000000000       0x20 ./Primitivas/PR_PWM.o
 .bss.f_Stop_Suave
                0x0000000000000000        0x1 ./Primitivas/PR_PWM.o
 .bss.Nuevo_Stop_Suave
                0x0000000000000000        0x1 ./Primitivas/PR_PWM.o
 .text.PWM_Get_Lecturas
                0x0000000000000000       0x68 ./Primitivas/PR_PWM.o
 .debug_macro   0x0000000000000000      0xa66 ./Primitivas/PR_PWM.o
 .debug_macro   0x0000000000000000       0x2e ./Primitivas/PR_PWM.o
 .debug_macro   0x0000000000000000      0x7c3 ./Primitivas/PR_PWM.o
 .debug_macro   0x0000000000000000       0x46 ./Primitivas/PR_PWM.o
 .group         0x0000000000000000        0xc ./Primitivas/PR_Teclas.o
 .group         0x0000000000000000        0xc ./Primitivas/PR_Teclas.o
 .group         0x0000000000000000        0xc ./Primitivas/PR_Teclas.o
 .group         0x0000000000000000        0xc ./Primitivas/PR_Teclas.o
 .group         0x0000000000000000        0xc ./Primitivas/PR_Teclas.o
 .group         0x0000000000000000        0xc ./Primitivas/PR_Teclas.o
 .text          0x0000000000000000        0x0 ./Primitivas/PR_Teclas.o
 .data          0x0000000000000000        0x0 ./Primitivas/PR_Teclas.o
 .bss           0x0000000000000000        0x0 ./Primitivas/PR_Teclas.o
 .debug_macro   0x0000000000000000      0xa66 ./Primitivas/PR_Teclas.o
 .debug_macro   0x0000000000000000       0x2e ./Primitivas/PR_Teclas.o
 .debug_macro   0x0000000000000000       0x46 ./Primitivas/PR_Teclas.o
 .group         0x0000000000000000        0xc ./Primitivas/PR_UART_0.o
 .group         0x0000000000000000        0xc ./Primitivas/PR_UART_0.o
 .group         0x0000000000000000        0xc ./Primitivas/PR_UART_0.o
 .group         0x0000000000000000        0xc ./Primitivas/PR_UART_0.o
 .text          0x0000000000000000        0x0 ./Primitivas/PR_UART_0.o
 .data          0x0000000000000000        0x0 ./Primitivas/PR_UART_0.o
 .bss           0x0000000000000000        0x0 ./Primitivas/PR_UART_0.o
 .text.U0_PushTx
                0x0000000000000000       0x64 ./Primitivas/PR_UART_0.o
 .text.Transmitir
                0x0000000000000000       0x42 ./Primitivas/PR_UART_0.o
 .debug_macro   0x0000000000000000      0xa66 ./Primitivas/PR_UART_0.o
 .debug_macro   0x0000000000000000       0x2e ./Primitivas/PR_UART_0.o
 .debug_macro   0x0000000000000000      0x7c3 ./Primitivas/PR_UART_0.o
 .debug_macro   0x0000000000000000       0x46 ./Primitivas/PR_UART_0.o
 .group         0x0000000000000000        0xc ./Drivers/DR_GPIO.o
 .group         0x0000000000000000        0xc ./Drivers/DR_GPIO.o
 .group         0x0000000000000000        0xc ./Drivers/DR_GPIO.o
 .group         0x0000000000000000        0xc ./Drivers/DR_GPIO.o
 .text          0x0000000000000000        0x0 ./Drivers/DR_GPIO.o
 .data          0x0000000000000000        0x0 ./Drivers/DR_GPIO.o
 .bss           0x0000000000000000        0x0 ./Drivers/DR_GPIO.o
 .debug_macro   0x0000000000000000      0xa66 ./Drivers/DR_GPIO.o
 .debug_macro   0x0000000000000000       0x2e ./Drivers/DR_GPIO.o
 .debug_macro   0x0000000000000000      0x7c9 ./Drivers/DR_GPIO.o
 .debug_macro   0x0000000000000000       0x1c ./Drivers/DR_GPIO.o
 .group         0x0000000000000000        0xc ./Drivers/DR_Init.o
 .group         0x0000000000000000        0xc ./Drivers/DR_Init.o
 .group         0x0000000000000000        0xc ./Drivers/DR_Init.o
 .group         0x0000000000000000        0xc ./Drivers/DR_Init.o
 .group         0x0000000000000000        0xc ./Drivers/DR_Init.o
 .group         0x0000000000000000        0xc ./Drivers/DR_Init.o
 .group         0x0000000000000000        0xc ./Drivers/DR_Init.o
 .group         0x0000000000000000        0xc ./Drivers/DR_Init.o
 .group         0x0000000000000000        0xc ./Drivers/DR_Init.o
 .group         0x0000000000000000        0xc ./Drivers/DR_Init.o
 .group         0x0000000000000000        0xc ./Drivers/DR_Init.o
 .text          0x0000000000000000        0x0 ./Drivers/DR_Init.o
 .data          0x0000000000000000        0x0 ./Drivers/DR_Init.o
 .bss           0x0000000000000000        0x0 ./Drivers/DR_Init.o
 .debug_macro   0x0000000000000000      0xa66 ./Drivers/DR_Init.o
 .debug_macro   0x0000000000000000       0x2e ./Drivers/DR_Init.o
 .debug_macro   0x0000000000000000      0x7c3 ./Drivers/DR_Init.o
 .debug_macro   0x0000000000000000       0x22 ./Drivers/DR_Init.o
 .debug_macro   0x0000000000000000       0x46 ./Drivers/DR_Init.o
 .debug_macro   0x0000000000000000      0x11e ./Drivers/DR_Init.o
 .group         0x0000000000000000        0xc ./Drivers/DR_LED_IO.o
 .group         0x0000000000000000        0xc ./Drivers/DR_LED_IO.o
 .group         0x0000000000000000        0xc ./Drivers/DR_LED_IO.o
 .group         0x0000000000000000        0xc ./Drivers/DR_LED_IO.o
 .group         0x0000000000000000        0xc ./Drivers/DR_LED_IO.o
 .group         0x0000000000000000        0xc ./Drivers/DR_LED_IO.o
 .text          0x0000000000000000        0x0 ./Drivers/DR_LED_IO.o
 .data          0x0000000000000000        0x0 ./Drivers/DR_LED_IO.o
 .bss           0x0000000000000000        0x0 ./Drivers/DR_LED_IO.o
 .text.LED_Toggle
                0x0000000000000000       0xbc ./Drivers/DR_LED_IO.o
 .text.LED_GetStatus
                0x0000000000000000       0x78 ./Drivers/DR_LED_IO.o
 .debug_macro   0x0000000000000000      0xa66 ./Drivers/DR_LED_IO.o
 .debug_macro   0x0000000000000000       0x2e ./Drivers/DR_LED_IO.o
 .debug_macro   0x0000000000000000      0x7c3 ./Drivers/DR_LED_IO.o
 .debug_macro   0x0000000000000000       0x22 ./Drivers/DR_LED_IO.o
 .debug_macro   0x0000000000000000       0x46 ./Drivers/DR_LED_IO.o
 .group         0x0000000000000000        0xc ./Drivers/DR_PINSEL.o
 .group         0x0000000000000000        0xc ./Drivers/DR_PINSEL.o
 .group         0x0000000000000000        0xc ./Drivers/DR_PINSEL.o
 .group         0x0000000000000000        0xc ./Drivers/DR_PINSEL.o
 .text          0x0000000000000000        0x0 ./Drivers/DR_PINSEL.o
 .data          0x0000000000000000        0x0 ./Drivers/DR_PINSEL.o
 .bss           0x0000000000000000        0x0 ./Drivers/DR_PINSEL.o
 .text.SetOpenDrainMode
                0x0000000000000000       0x70 ./Drivers/DR_PINSEL.o
 .debug_macro   0x0000000000000000      0xa66 ./Drivers/DR_PINSEL.o
 .debug_macro   0x0000000000000000       0x2e ./Drivers/DR_PINSEL.o
 .debug_macro   0x0000000000000000      0x7c3 ./Drivers/DR_PINSEL.o
 .group         0x0000000000000000        0xc ./Drivers/DR_PWM.o
 .group         0x0000000000000000        0xc ./Drivers/DR_PWM.o
 .group         0x0000000000000000        0xc ./Drivers/DR_PWM.o
 .group         0x0000000000000000        0xc ./Drivers/DR_PWM.o
 .group         0x0000000000000000        0xc ./Drivers/DR_PWM.o
 .text          0x0000000000000000        0x0 ./Drivers/DR_PWM.o
 .data          0x0000000000000000        0x0 ./Drivers/DR_PWM.o
 .bss           0x0000000000000000        0x0 ./Drivers/DR_PWM.o
 .bss._PWM_1_ENABLED
                0x0000000000000000        0x1 ./Drivers/DR_PWM.o
 .bss._PWM_2_ENABLED
                0x0000000000000000        0x1 ./Drivers/DR_PWM.o
 .bss._PWM_3_ENABLED
                0x0000000000000000        0x1 ./Drivers/DR_PWM.o
 .bss._PWM_4_ENABLED
                0x0000000000000000        0x1 ./Drivers/DR_PWM.o
 .bss._PWM_5_ENABLED
                0x0000000000000000        0x1 ./Drivers/DR_PWM.o
 .bss._PWM_6_ENABLED
                0x0000000000000000        0x1 ./Drivers/DR_PWM.o
 .text.PWM1_Actualizar_5Canales
                0x0000000000000000       0x8c ./Drivers/DR_PWM.o
 .text.PWM1_Config_Canal
                0x0000000000000000      0x1ec ./Drivers/DR_PWM.o
 .debug_macro   0x0000000000000000      0xa66 ./Drivers/DR_PWM.o
 .debug_macro   0x0000000000000000       0x2e ./Drivers/DR_PWM.o
 .debug_macro   0x0000000000000000      0x7c3 ./Drivers/DR_PWM.o
 .debug_macro   0x0000000000000000       0x46 ./Drivers/DR_PWM.o
 .debug_macro   0x0000000000000000      0x10c ./Drivers/DR_PWM.o
 .group         0x0000000000000000        0xc ./Drivers/DR_SysTick.o
 .group         0x0000000000000000        0xc ./Drivers/DR_SysTick.o
 .group         0x0000000000000000        0xc ./Drivers/DR_SysTick.o
 .group         0x0000000000000000        0xc ./Drivers/DR_SysTick.o
 .group         0x0000000000000000        0xc ./Drivers/DR_SysTick.o
 .group         0x0000000000000000        0xc ./Drivers/DR_SysTick.o
 .group         0x0000000000000000        0xc ./Drivers/DR_SysTick.o
 .group         0x0000000000000000        0xc ./Drivers/DR_SysTick.o
 .group         0x0000000000000000        0xc ./Drivers/DR_SysTick.o
 .text          0x0000000000000000        0x0 ./Drivers/DR_SysTick.o
 .data          0x0000000000000000        0x0 ./Drivers/DR_SysTick.o
 .bss           0x0000000000000000        0x0 ./Drivers/DR_SysTick.o
 .debug_macro   0x0000000000000000      0xa66 ./Drivers/DR_SysTick.o
 .debug_macro   0x0000000000000000       0x2e ./Drivers/DR_SysTick.o
 .debug_macro   0x0000000000000000      0x7c9 ./Drivers/DR_SysTick.o
 .debug_macro   0x0000000000000000       0x22 ./Drivers/DR_SysTick.o
 .debug_macro   0x0000000000000000       0x46 ./Drivers/DR_SysTick.o
 .debug_macro   0x0000000000000000      0x11e ./Drivers/DR_SysTick.o
 .debug_macro   0x0000000000000000       0x28 ./Drivers/DR_SysTick.o
 .debug_macro   0x0000000000000000       0x2e ./Drivers/DR_SysTick.o
 .debug_macro   0x0000000000000000       0x16 ./Drivers/DR_SysTick.o
 .group         0x0000000000000000        0xc ./Drivers/DR_Teclas.o
 .group         0x0000000000000000        0xc ./Drivers/DR_Teclas.o
 .group         0x0000000000000000        0xc ./Drivers/DR_Teclas.o
 .group         0x0000000000000000        0xc ./Drivers/DR_Teclas.o
 .group         0x0000000000000000        0xc ./Drivers/DR_Teclas.o
 .group         0x0000000000000000        0xc ./Drivers/DR_Teclas.o
 .text          0x0000000000000000        0x0 ./Drivers/DR_Teclas.o
 .data          0x0000000000000000        0x0 ./Drivers/DR_Teclas.o
 .bss           0x0000000000000000        0x0 ./Drivers/DR_Teclas.o
 .debug_macro   0x0000000000000000      0xa66 ./Drivers/DR_Teclas.o
 .debug_macro   0x0000000000000000       0x2e ./Drivers/DR_Teclas.o
 .debug_macro   0x0000000000000000      0x7c9 ./Drivers/DR_Teclas.o
 .debug_macro   0x0000000000000000       0x1c ./Drivers/DR_Teclas.o
 .debug_macro   0x0000000000000000       0x46 ./Drivers/DR_Teclas.o
 .debug_macro   0x0000000000000000       0x28 ./Drivers/DR_Teclas.o
 .group         0x0000000000000000        0xc ./Drivers/DR_UART_0.o
 .group         0x0000000000000000        0xc ./Drivers/DR_UART_0.o
 .group         0x0000000000000000        0xc ./Drivers/DR_UART_0.o
 .group         0x0000000000000000        0xc ./Drivers/DR_UART_0.o
 .text          0x0000000000000000        0x0 ./Drivers/DR_UART_0.o
 .data          0x0000000000000000        0x0 ./Drivers/DR_UART_0.o
 .bss           0x0000000000000000        0x0 ./Drivers/DR_UART_0.o
 .text.U0_StartTx
                0x0000000000000000       0x28 ./Drivers/DR_UART_0.o
 .debug_macro   0x0000000000000000      0xa66 ./Drivers/DR_UART_0.o
 .debug_macro   0x0000000000000000       0x2e ./Drivers/DR_UART_0.o
 .debug_macro   0x0000000000000000      0x7c3 ./Drivers/DR_UART_0.o
 .debug_macro   0x0000000000000000       0x46 ./Drivers/DR_UART_0.o
 .group         0x0000000000000000        0xc ./Drivers/FW_LCD.o
 .group         0x0000000000000000        0xc ./Drivers/FW_LCD.o
 .group         0x0000000000000000        0xc ./Drivers/FW_LCD.o
 .group         0x0000000000000000        0xc ./Drivers/FW_LCD.o
 .group         0x0000000000000000        0xc ./Drivers/FW_LCD.o
 .group         0x0000000000000000        0xc ./Drivers/FW_LCD.o
 .group         0x0000000000000000        0xc ./Drivers/FW_LCD.o
 .text          0x0000000000000000        0x0 ./Drivers/FW_LCD.o
 .data          0x0000000000000000        0x0 ./Drivers/FW_LCD.o
 .bss           0x0000000000000000        0x0 ./Drivers/FW_LCD.o
 .bss.buffer_LCD
                0x0000000000000000       0xa0 ./Drivers/FW_LCD.o
 .bss.indexIn_LCD
                0x0000000000000000        0x4 ./Drivers/FW_LCD.o
 .bss.indexOut_LCD
                0x0000000000000000        0x4 ./Drivers/FW_LCD.o
 .bss.LCD_delay
                0x0000000000000000        0x4 ./Drivers/FW_LCD.o
 .text.LCD_Init
                0x0000000000000000       0xc0 ./Drivers/FW_LCD.o
 .text.LCD_Config
                0x0000000000000000      0x114 ./Drivers/FW_LCD.o
 .text.LCD_Push
                0x0000000000000000       0xc4 ./Drivers/FW_LCD.o
 .text.LCD_Pop  0x0000000000000000       0x64 ./Drivers/FW_LCD.o
 .text.LCD_Driver
                0x0000000000000000       0xd0 ./Drivers/FW_LCD.o
 .bss.estadoEnable.3696
                0x0000000000000000        0x1 ./Drivers/FW_LCD.o
 .debug_info    0x0000000000000000      0x19a ./Drivers/FW_LCD.o
 .debug_abbrev  0x0000000000000000       0xfd ./Drivers/FW_LCD.o
 .debug_aranges
                0x0000000000000000       0x40 ./Drivers/FW_LCD.o
 .debug_ranges  0x0000000000000000       0x30 ./Drivers/FW_LCD.o
 .debug_macro   0x0000000000000000       0x53 ./Drivers/FW_LCD.o
 .debug_macro   0x0000000000000000      0xa66 ./Drivers/FW_LCD.o
 .debug_macro   0x0000000000000000       0x2e ./Drivers/FW_LCD.o
 .debug_macro   0x0000000000000000      0x7c3 ./Drivers/FW_LCD.o
 .debug_macro   0x0000000000000000       0x22 ./Drivers/FW_LCD.o
 .debug_macro   0x0000000000000000       0x46 ./Drivers/FW_LCD.o
 .debug_macro   0x0000000000000000      0x11e ./Drivers/FW_LCD.o
 .debug_macro   0x0000000000000000       0x28 ./Drivers/FW_LCD.o
 .debug_line    0x0000000000000000      0x1b9 ./Drivers/FW_LCD.o
 .debug_str     0x0000000000000000     0x4a68 ./Drivers/FW_LCD.o
 .comment       0x0000000000000000       0x7f ./Drivers/FW_LCD.o
 .debug_frame   0x0000000000000000       0xc4 ./Drivers/FW_LCD.o
 .ARM.attributes
                0x0000000000000000       0x33 ./Drivers/FW_LCD.o
 .group         0x0000000000000000        0xc ./Drivers/cr_startup_lpc175x_6x.o
 .text          0x0000000000000000        0x0 ./Drivers/cr_startup_lpc175x_6x.o
 .data          0x0000000000000000        0x0 ./Drivers/cr_startup_lpc175x_6x.o
 .bss           0x0000000000000000        0x0 ./Drivers/cr_startup_lpc175x_6x.o
 .debug_macro   0x0000000000000000      0xa66 ./Drivers/cr_startup_lpc175x_6x.o
 .group         0x0000000000000000        0xc ./Drivers/crp.o
 .group         0x0000000000000000        0xc ./Drivers/crp.o
 .text          0x0000000000000000        0x0 ./Drivers/crp.o
 .data          0x0000000000000000        0x0 ./Drivers/crp.o
 .bss           0x0000000000000000        0x0 ./Drivers/crp.o
 .debug_macro   0x0000000000000000      0xa66 ./Drivers/crp.o
 .group         0x0000000000000000        0xc ./Aplicacion/AP_UART_0.o
 .group         0x0000000000000000        0xc ./Aplicacion/AP_UART_0.o
 .group         0x0000000000000000        0xc ./Aplicacion/AP_UART_0.o
 .group         0x0000000000000000        0xc ./Aplicacion/AP_UART_0.o
 .group         0x0000000000000000        0xc ./Aplicacion/AP_UART_0.o
 .group         0x0000000000000000        0xc ./Aplicacion/AP_UART_0.o
 .group         0x0000000000000000        0xc ./Aplicacion/AP_UART_0.o
 .text          0x0000000000000000        0x0 ./Aplicacion/AP_UART_0.o
 .data          0x0000000000000000        0x0 ./Aplicacion/AP_UART_0.o
 .bss           0x0000000000000000        0x0 ./Aplicacion/AP_UART_0.o
 .debug_macro   0x0000000000000000      0xa66 ./Aplicacion/AP_UART_0.o
 .debug_macro   0x0000000000000000       0x2e ./Aplicacion/AP_UART_0.o
 .debug_macro   0x0000000000000000      0x7c3 ./Aplicacion/AP_UART_0.o
 .debug_macro   0x0000000000000000       0x46 ./Aplicacion/AP_UART_0.o
 .debug_macro   0x0000000000000000      0x112 ./Aplicacion/AP_UART_0.o
 .debug_macro   0x0000000000000000       0x28 ./Aplicacion/AP_UART_0.o
 .group         0x0000000000000000        0xc ./Aplicacion/MDE_Guante_Mano.o
 .group         0x0000000000000000        0xc ./Aplicacion/MDE_Guante_Mano.o
 .group         0x0000000000000000        0xc ./Aplicacion/MDE_Guante_Mano.o
 .group         0x0000000000000000        0xc ./Aplicacion/MDE_Guante_Mano.o
 .group         0x0000000000000000        0xc ./Aplicacion/MDE_Guante_Mano.o
 .group         0x0000000000000000        0xc ./Aplicacion/MDE_Guante_Mano.o
 .group         0x0000000000000000        0xc ./Aplicacion/MDE_Guante_Mano.o
 .group         0x0000000000000000        0xc ./Aplicacion/MDE_Guante_Mano.o
 .group         0x0000000000000000        0xc ./Aplicacion/MDE_Guante_Mano.o
 .group         0x0000000000000000        0xc ./Aplicacion/MDE_Guante_Mano.o
 .group         0x0000000000000000        0xc ./Aplicacion/MDE_Guante_Mano.o
 .group         0x0000000000000000        0xc ./Aplicacion/MDE_Guante_Mano.o
 .group         0x0000000000000000        0xc ./Aplicacion/MDE_Guante_Mano.o
 .text          0x0000000000000000        0x0 ./Aplicacion/MDE_Guante_Mano.o
 .data          0x0000000000000000        0x0 ./Aplicacion/MDE_Guante_Mano.o
 .bss           0x0000000000000000        0x0 ./Aplicacion/MDE_Guante_Mano.o
 .debug_macro   0x0000000000000000      0xa66 ./Aplicacion/MDE_Guante_Mano.o
 .debug_macro   0x0000000000000000       0x2e ./Aplicacion/MDE_Guante_Mano.o
 .debug_macro   0x0000000000000000      0x7c3 ./Aplicacion/MDE_Guante_Mano.o
 .debug_macro   0x0000000000000000       0x22 ./Aplicacion/MDE_Guante_Mano.o
 .debug_macro   0x0000000000000000       0x46 ./Aplicacion/MDE_Guante_Mano.o
 .debug_macro   0x0000000000000000       0x28 ./Aplicacion/MDE_Guante_Mano.o
 .debug_macro   0x0000000000000000      0x112 ./Aplicacion/MDE_Guante_Mano.o
 .debug_macro   0x0000000000000000       0x28 ./Aplicacion/MDE_Guante_Mano.o
 .debug_macro   0x0000000000000000       0x22 ./Aplicacion/MDE_Guante_Mano.o
 .debug_macro   0x0000000000000000       0x2e ./Aplicacion/MDE_Guante_Mano.o
 .debug_macro   0x0000000000000000      0x11e ./Aplicacion/MDE_Guante_Mano.o
 .debug_macro   0x0000000000000000       0x28 ./Aplicacion/MDE_Guante_Mano.o
 .group         0x0000000000000000        0xc ./Aplicacion/MDE_PC_Mano.o
 .group         0x0000000000000000        0xc ./Aplicacion/MDE_PC_Mano.o
 .group         0x0000000000000000        0xc ./Aplicacion/MDE_PC_Mano.o
 .group         0x0000000000000000        0xc ./Aplicacion/MDE_PC_Mano.o
 .group         0x0000000000000000        0xc ./Aplicacion/MDE_PC_Mano.o
 .group         0x0000000000000000        0xc ./Aplicacion/MDE_PC_Mano.o
 .group         0x0000000000000000        0xc ./Aplicacion/MDE_PC_Mano.o
 .group         0x0000000000000000        0xc ./Aplicacion/MDE_PC_Mano.o
 .group         0x0000000000000000        0xc ./Aplicacion/MDE_PC_Mano.o
 .group         0x0000000000000000        0xc ./Aplicacion/MDE_PC_Mano.o
 .group         0x0000000000000000        0xc ./Aplicacion/MDE_PC_Mano.o
 .group         0x0000000000000000        0xc ./Aplicacion/MDE_PC_Mano.o
 .group         0x0000000000000000        0xc ./Aplicacion/MDE_PC_Mano.o
 .text          0x0000000000000000        0x0 ./Aplicacion/MDE_PC_Mano.o
 .data          0x0000000000000000        0x0 ./Aplicacion/MDE_PC_Mano.o
 .bss           0x0000000000000000        0x0 ./Aplicacion/MDE_PC_Mano.o
 .debug_macro   0x0000000000000000      0xa66 ./Aplicacion/MDE_PC_Mano.o
 .debug_macro   0x0000000000000000       0x2e ./Aplicacion/MDE_PC_Mano.o
 .debug_macro   0x0000000000000000      0x7c3 ./Aplicacion/MDE_PC_Mano.o
 .debug_macro   0x0000000000000000       0x22 ./Aplicacion/MDE_PC_Mano.o
 .debug_macro   0x0000000000000000       0x46 ./Aplicacion/MDE_PC_Mano.o
 .debug_macro   0x0000000000000000       0x28 ./Aplicacion/MDE_PC_Mano.o
 .debug_macro   0x0000000000000000      0x112 ./Aplicacion/MDE_PC_Mano.o
 .debug_macro   0x0000000000000000       0x28 ./Aplicacion/MDE_PC_Mano.o
 .debug_macro   0x0000000000000000       0x22 ./Aplicacion/MDE_PC_Mano.o
 .debug_macro   0x0000000000000000      0x11e ./Aplicacion/MDE_PC_Mano.o
 .debug_macro   0x0000000000000000       0x28 ./Aplicacion/MDE_PC_Mano.o
 .debug_macro   0x0000000000000000       0x2e ./Aplicacion/MDE_PC_Mano.o
 .group         0x0000000000000000        0xc ./Aplicacion/Placa_Lucho_Mano-PWM_100.o
 .group         0x0000000000000000        0xc ./Aplicacion/Placa_Lucho_Mano-PWM_100.o
 .group         0x0000000000000000        0xc ./Aplicacion/Placa_Lucho_Mano-PWM_100.o
 .group         0x0000000000000000        0xc ./Aplicacion/Placa_Lucho_Mano-PWM_100.o
 .group         0x0000000000000000        0xc ./Aplicacion/Placa_Lucho_Mano-PWM_100.o
 .group         0x0000000000000000        0xc ./Aplicacion/Placa_Lucho_Mano-PWM_100.o
 .group         0x0000000000000000        0xc ./Aplicacion/Placa_Lucho_Mano-PWM_100.o
 .group         0x0000000000000000        0xc ./Aplicacion/Placa_Lucho_Mano-PWM_100.o
 .group         0x0000000000000000        0xc ./Aplicacion/Placa_Lucho_Mano-PWM_100.o
 .group         0x0000000000000000        0xc ./Aplicacion/Placa_Lucho_Mano-PWM_100.o
 .group         0x0000000000000000        0xc ./Aplicacion/Placa_Lucho_Mano-PWM_100.o
 .group         0x0000000000000000        0xc ./Aplicacion/Placa_Lucho_Mano-PWM_100.o
 .group         0x0000000000000000        0xc ./Aplicacion/Placa_Lucho_Mano-PWM_100.o
 .group         0x0000000000000000        0xc ./Aplicacion/Placa_Lucho_Mano-PWM_100.o
 .group         0x0000000000000000        0xc ./Aplicacion/Placa_Lucho_Mano-PWM_100.o
 .text          0x0000000000000000        0x0 ./Aplicacion/Placa_Lucho_Mano-PWM_100.o
 .data          0x0000000000000000        0x0 ./Aplicacion/Placa_Lucho_Mano-PWM_100.o
 .bss           0x0000000000000000        0x0 ./Aplicacion/Placa_Lucho_Mano-PWM_100.o
 .debug_macro   0x0000000000000000      0xa66 ./Aplicacion/Placa_Lucho_Mano-PWM_100.o
 .debug_macro   0x0000000000000000       0x2e ./Aplicacion/Placa_Lucho_Mano-PWM_100.o
 .debug_macro   0x0000000000000000      0x7c3 ./Aplicacion/Placa_Lucho_Mano-PWM_100.o
 .debug_macro   0x0000000000000000       0x22 ./Aplicacion/Placa_Lucho_Mano-PWM_100.o
 .debug_macro   0x0000000000000000       0x46 ./Aplicacion/Placa_Lucho_Mano-PWM_100.o
 .debug_macro   0x0000000000000000      0x11e ./Aplicacion/Placa_Lucho_Mano-PWM_100.o
 .debug_macro   0x0000000000000000       0x2e ./Aplicacion/Placa_Lucho_Mano-PWM_100.o
 .debug_macro   0x0000000000000000       0x2e ./Aplicacion/Placa_Lucho_Mano-PWM_100.o
 .debug_macro   0x0000000000000000       0x16 ./Aplicacion/Placa_Lucho_Mano-PWM_100.o
 .debug_macro   0x0000000000000000       0x2e ./Aplicacion/Placa_Lucho_Mano-PWM_100.o
 .debug_macro   0x0000000000000000      0x112 ./Aplicacion/Placa_Lucho_Mano-PWM_100.o
 .debug_macro   0x0000000000000000       0x28 ./Aplicacion/Placa_Lucho_Mano-PWM_100.o
 .debug_macro   0x0000000000000000       0x22 ./Aplicacion/Placa_Lucho_Mano-PWM_100.o
 .debug_macro   0x0000000000000000       0x10 ./Aplicacion/Placa_Lucho_Mano-PWM_100.o
 .text          0x0000000000000000        0x0 /usr/local/mcuxpressoide-10.2.0_759/ide/tools/bin/../lib/gcc/arm-none-eabi/7.2.1/../../../../arm-none-eabi/lib/thumb/v7-m/libcr_c.a(__weak__main.o)
 .data          0x0000000000000000        0x0 /usr/local/mcuxpressoide-10.2.0_759/ide/tools/bin/../lib/gcc/arm-none-eabi/7.2.1/../../../../arm-none-eabi/lib/thumb/v7-m/libcr_c.a(__weak__main.o)
 .bss           0x0000000000000000        0x0 /usr/local/mcuxpressoide-10.2.0_759/ide/tools/bin/../lib/gcc/arm-none-eabi/7.2.1/../../../../arm-none-eabi/lib/thumb/v7-m/libcr_c.a(__weak__main.o)
 .text          0x0000000000000000        0x0 /usr/local/mcuxpressoide-10.2.0_759/ide/tools/bin/../lib/gcc/arm-none-eabi/7.2.1/thumb/v7-m/libcr_eabihelpers.a(float.o)
 .data          0x0000000000000000        0x0 /usr/local/mcuxpressoide-10.2.0_759/ide/tools/bin/../lib/gcc/arm-none-eabi/7.2.1/thumb/v7-m/libcr_eabihelpers.a(float.o)
 .bss           0x0000000000000000        0x0 /usr/local/mcuxpressoide-10.2.0_759/ide/tools/bin/../lib/gcc/arm-none-eabi/7.2.1/thumb/v7-m/libcr_eabihelpers.a(float.o)
 .text.__aeabi_frsub
                0x0000000000000000        0xc /usr/local/mcuxpressoide-10.2.0_759/ide/tools/bin/../lib/gcc/arm-none-eabi/7.2.1/thumb/v7-m/libcr_eabihelpers.a(float.o)
 .text.__aeabi_fneg
                0x0000000000000000        0x6 /usr/local/mcuxpressoide-10.2.0_759/ide/tools/bin/../lib/gcc/arm-none-eabi/7.2.1/thumb/v7-m/libcr_eabihelpers.a(float.o)
 .text.__aeabi_f2iz
                0x0000000000000000       0x36 /usr/local/mcuxpressoide-10.2.0_759/ide/tools/bin/../lib/gcc/arm-none-eabi/7.2.1/thumb/v7-m/libcr_eabihelpers.a(float.o)
 .text.__aeabi_f2lz
                0x0000000000000000       0x5c /usr/local/mcuxpressoide-10.2.0_759/ide/tools/bin/../lib/gcc/arm-none-eabi/7.2.1/thumb/v7-m/libcr_eabihelpers.a(float.o)
 .text.__aeabi_f2ulz
                0x0000000000000000       0x3e /usr/local/mcuxpressoide-10.2.0_759/ide/tools/bin/../lib/gcc/arm-none-eabi/7.2.1/thumb/v7-m/libcr_eabihelpers.a(float.o)
 .text.__bhs_ul2f
                0x0000000000000000       0x46 /usr/local/mcuxpressoide-10.2.0_759/ide/tools/bin/../lib/gcc/arm-none-eabi/7.2.1/thumb/v7-m/libcr_eabihelpers.a(float.o)
 .text.__aeabi_i2f
                0x0000000000000000       0x12 /usr/local/mcuxpressoide-10.2.0_759/ide/tools/bin/../lib/gcc/arm-none-eabi/7.2.1/thumb/v7-m/libcr_eabihelpers.a(float.o)
 .text.__aeabi_l2f
                0x0000000000000000       0x1a /usr/local/mcuxpressoide-10.2.0_759/ide/tools/bin/../lib/gcc/arm-none-eabi/7.2.1/thumb/v7-m/libcr_eabihelpers.a(float.o)
 .text.__aeabi_ul2f
                0x0000000000000000        0x8 /usr/local/mcuxpressoide-10.2.0_759/ide/tools/bin/../lib/gcc/arm-none-eabi/7.2.1/thumb/v7-m/libcr_eabihelpers.a(float.o)
 .text.__aeabi_f2d
                0x0000000000000000       0x38 /usr/local/mcuxpressoide-10.2.0_759/ide/tools/bin/../lib/gcc/arm-none-eabi/7.2.1/thumb/v7-m/libcr_eabihelpers.a(float.o)
 .text.__aeabi_fcmpeq
                0x0000000000000000       0x1e /usr/local/mcuxpressoide-10.2.0_759/ide/tools/bin/../lib/gcc/arm-none-eabi/7.2.1/thumb/v7-m/libcr_eabihelpers.a(float.o)
 .text.__aeabi_fcmplt
                0x0000000000000000       0x3a /usr/local/mcuxpressoide-10.2.0_759/ide/tools/bin/../lib/gcc/arm-none-eabi/7.2.1/thumb/v7-m/libcr_eabihelpers.a(float.o)
 .text.__aeabi_fcmpgt
                0x0000000000000000       0x3a /usr/local/mcuxpressoide-10.2.0_759/ide/tools/bin/../lib/gcc/arm-none-eabi/7.2.1/thumb/v7-m/libcr_eabihelpers.a(float.o)
 .text.__aeabi_fcmple
                0x0000000000000000       0x3e /usr/local/mcuxpressoide-10.2.0_759/ide/tools/bin/../lib/gcc/arm-none-eabi/7.2.1/thumb/v7-m/libcr_eabihelpers.a(float.o)
 .text.__aeabi_fcmpge
                0x0000000000000000       0x3e /usr/local/mcuxpressoide-10.2.0_759/ide/tools/bin/../lib/gcc/arm-none-eabi/7.2.1/thumb/v7-m/libcr_eabihelpers.a(float.o)
 .text.__aeabi_fcmpun
                0x0000000000000000       0x1a /usr/local/mcuxpressoide-10.2.0_759/ide/tools/bin/../lib/gcc/arm-none-eabi/7.2.1/thumb/v7-m/libcr_eabihelpers.a(float.o)
 .text.__aeabi_cfcmple
                0x0000000000000000       0x20 /usr/local/mcuxpressoide-10.2.0_759/ide/tools/bin/../lib/gcc/arm-none-eabi/7.2.1/thumb/v7-m/libcr_eabihelpers.a(float.o)
 .text.__aeabi_cfrcmple
                0x0000000000000000        0xa /usr/local/mcuxpressoide-10.2.0_759/ide/tools/bin/../lib/gcc/arm-none-eabi/7.2.1/thumb/v7-m/libcr_eabihelpers.a(float.o)

Memory Configuration

Name             Origin             Length             Attributes
MFlash512        0x0000000000000000 0x0000000000080000 xr
RamLoc32         0x0000000010000000 0x0000000000008000 xrw
RamAHB32         0x000000002007c000 0x0000000000008000 xrw
*default*        0x0000000000000000 0xffffffffffffffff

Linker script and memory map

LOAD ./Primitivas/PR_LCD.o
LOAD ./Primitivas/PR_PWM.o
LOAD ./Primitivas/PR_Teclas.o
LOAD ./Primitivas/PR_UART_0.o
LOAD ./Drivers/DR_GPIO.o
LOAD ./Drivers/DR_Init.o
LOAD ./Drivers/DR_LED_IO.o
LOAD ./Drivers/DR_PINSEL.o
LOAD ./Drivers/DR_PWM.o
LOAD ./Drivers/DR_SysTick.o
LOAD ./Drivers/DR_Teclas.o
LOAD ./Drivers/DR_UART_0.o
LOAD ./Drivers/FW_LCD.o
LOAD ./Drivers/cr_startup_lpc175x_6x.o
LOAD ./Drivers/crp.o
LOAD ./Aplicacion/AP_UART_0.o
LOAD ./Aplicacion/MDE_Guante_Mano.o
LOAD ./Aplicacion/MDE_PC_Mano.o
LOAD ./Aplicacion/Placa_Lucho_Mano-PWM_100.o
START GROUP
LOAD /usr/local/mcuxpressoide-10.2.0_759/ide/tools/bin/../lib/gcc/arm-none-eabi/7.2.1/../../../../arm-none-eabi/lib/thumb/v7-m/libcr_c.a
LOAD /usr/local/mcuxpressoide-10.2.0_759/ide/tools/bin/../lib/gcc/arm-none-eabi/7.2.1/thumb/v7-m/libcr_eabihelpers.a
END GROUP
                0x0000000000000000                __base_MFlash512 = 0x0
                0x0000000000000000                __base_Flash = 0x0
                0x0000000000080000                __top_MFlash512 = 0x80000
                0x0000000000080000                __top_Flash = 0x80000
                0x0000000010000000                __base_RamLoc32 = 0x10000000
                0x0000000010000000                __base_RAM = 0x10000000
                0x0000000010008000                __top_RamLoc32 = 0x10008000
                0x0000000010008000                __top_RAM = 0x10008000
                0x000000002007c000                __base_RamAHB32 = 0x2007c000
                0x000000002007c000                __base_RAM2 = 0x2007c000
                0x0000000020084000                __top_RamAHB32 = 0x20084000
                0x0000000020084000                __top_RAM2 = 0x20084000

.text           0x0000000000000000     0x1ba4
 FILL mask 0xff
                0x0000000000000000                __vectors_start__ = ABSOLUTE (.)
 *(.isr_vector)
 .isr_vector    0x0000000000000000       0xcc ./Drivers/cr_startup_lpc175x_6x.o
                0x0000000000000000                g_pfnVectors
                0x00000000000000cc                . = ALIGN (0x4)
                0x00000000000000cc                __section_table_start = .
                0x00000000000000cc                __data_section_table = .
                0x00000000000000cc        0x4 LONG 0x1ba4 LOADADDR (.data)
                0x00000000000000d0        0x4 LONG 0x10000000 ADDR (.data)
                0x00000000000000d4        0x4 LONG 0x4 SIZEOF (.data)
                0x00000000000000d8        0x4 LONG 0x1ba4 LOADADDR (.data_RAM2)
                0x00000000000000dc        0x4 LONG 0x2007c000 ADDR (.data_RAM2)
                0x00000000000000e0        0x4 LONG 0x0 SIZEOF (.data_RAM2)
                0x00000000000000e4                __data_section_table_end = .
                0x00000000000000e4                __bss_section_table = .
                0x00000000000000e4        0x4 LONG 0x10000004 ADDR (.bss)
                0x00000000000000e8        0x4 LONG 0x9c SIZEOF (.bss)
                0x00000000000000ec        0x4 LONG 0x2007c000 ADDR (.bss_RAM2)
                0x00000000000000f0        0x4 LONG 0x0 SIZEOF (.bss_RAM2)
                0x00000000000000f4                __bss_section_table_end = .
                0x00000000000000f4                __section_table_end = .
 *(.after_vectors*)
 .after_vectors
                0x00000000000000f4      0x128 ./Drivers/cr_startup_lpc175x_6x.o
                0x00000000000000f4                data_init
                0x0000000000000136                bss_init
                0x000000000000016c                ResetISR
                0x00000000000001e0                NMI_Handler
                0x00000000000001e6                HardFault_Handler
                0x00000000000001ec                MemManage_Handler
                0x00000000000001f2                BusFault_Handler
                0x00000000000001f8                UsageFault_Handler
                0x00000000000001fe                SVC_Handler
                0x0000000000000204                DebugMon_Handler
                0x000000000000020a                PendSV_Handler
                0x0000000000000216                TIMER2_IRQHandler
                0x0000000000000216                RIT_IRQHandler
                0x0000000000000216                I2C0_IRQHandler
                0x0000000000000216                USBActivity_IRQHandler
                0x0000000000000216                I2C1_IRQHandler
                0x0000000000000216                EINT2_IRQHandler
                0x0000000000000216                UART1_IRQHandler
                0x0000000000000216                EINT3_IRQHandler
                0x0000000000000216                CANActivity_IRQHandler
                0x0000000000000216                TIMER3_IRQHandler
                0x0000000000000216                IntDefaultHandler
                0x0000000000000216                PLL0_IRQHandler
                0x0000000000000216                CAN_IRQHandler
                0x0000000000000216                PLL1_IRQHandler
                0x0000000000000216                SSP0_IRQHandler
                0x0000000000000216                I2S_IRQHandler
                0x0000000000000216                I2C2_IRQHandler
                0x0000000000000216                RTC_IRQHandler
                0x0000000000000216                TIMER0_IRQHandler
                0x0000000000000216                SPI_IRQHandler
                0x0000000000000216                EINT1_IRQHandler
                0x0000000000000216                TIMER1_IRQHandler
                0x0000000000000216                UART2_IRQHandler
                0x0000000000000216                ADC_IRQHandler
                0x0000000000000216                SSP1_IRQHandler
                0x0000000000000216                USB_IRQHandler
                0x0000000000000216                BOD_IRQHandler
                0x0000000000000216                WDT_IRQHandler
                0x0000000000000216                QEI_IRQHandler
                0x0000000000000216                EINT0_IRQHandler
                0x0000000000000216                DMA_IRQHandler
                0x0000000000000216                UART3_IRQHandler
                0x0000000000000216                MCPWM_IRQHandler
                0x0000000000000216                ENET_IRQHandler
                0x00000000000002fc                . = 0x2fc
 *fill*         0x000000000000021c       0xe0 ff
                0x00000000000002fc                PROVIDE (__CRP_WORD_START__, .)
 *(.crp)
 .crp           0x00000000000002fc        0x4 ./Drivers/crp.o
                0x00000000000002fc                CRP_WORD
                0x0000000000000300                PROVIDE (__CRP_WORD_END__, .)
                0x0000000000000001                ASSERT (! ((__CRP_WORD_START__ == __CRP_WORD_END__)), Linker CRP Enabled, but no CRP_WORD provided within application)
 *(.text*)
 .text.PWM_Set_Lecturas
                0x0000000000000300       0xd8 ./Primitivas/PR_PWM.o
                0x0000000000000300                PWM_Set_Lecturas
 .text.PWM_Enable_5_Channels
                0x00000000000003d8       0x30 ./Primitivas/PR_PWM.o
                0x00000000000003d8                PWM_Enable_5_Channels
 .text.PWM_Disable_5_Channels
                0x0000000000000408       0x30 ./Primitivas/PR_PWM.o
                0x0000000000000408                PWM_Disable_5_Channels
 .text.GetKey   0x0000000000000438       0x24 ./Primitivas/PR_Teclas.o
                0x0000000000000438                GetKey
 .text.U0_PushRx
                0x000000000000045c       0x4c ./Primitivas/PR_UART_0.o
                0x000000000000045c                U0_PushRx
 .text.U0_PopRx
                0x00000000000004a8       0x64 ./Primitivas/PR_UART_0.o
                0x00000000000004a8                U0_PopRx
 .text.U0_PopTx
                0x000000000000050c       0x64 ./Primitivas/PR_UART_0.o
                0x000000000000050c                U0_PopTx
 .text.SetDIR   0x0000000000000570       0x78 ./Drivers/DR_GPIO.o
                0x0000000000000570                SetDIR
 .text.SetPIN   0x00000000000005e8       0x50 ./Drivers/DR_GPIO.o
                0x00000000000005e8                SetPIN
 .text.GetPIN   0x0000000000000638       0x54 ./Drivers/DR_GPIO.o
                0x0000000000000638                GetPIN
 .text.Kit_Init
                0x000000000000068c       0x44 ./Drivers/DR_Init.o
                0x000000000000068c                Kit_Init
 .text.PLL_Init
                0x00000000000006d0      0x140 ./Drivers/DR_Init.o
                0x00000000000006d0                PLL_Init
 .text.LED_Initialize
                0x0000000000000810       0x80 ./Drivers/DR_LED_IO.o
                0x0000000000000810                LED_Initialize
 .text.LED_Set  0x0000000000000890       0x70 ./Drivers/DR_LED_IO.o
                0x0000000000000890                LED_Set
 .text.SetPINSEL
                0x0000000000000900       0x90 ./Drivers/DR_PINSEL.o
                0x0000000000000900                SetPINSEL
 .text.SetResistorMode
                0x0000000000000990       0x84 ./Drivers/DR_PINSEL.o
                0x0000000000000990                SetResistorMode
 .text.PWM1_IRQHandler
                0x0000000000000a14      0x33c ./Drivers/DR_PWM.o
                0x0000000000000a14                PWM1_IRQHandler
 .text.PWM1_Init_5Canales
                0x0000000000000d50      0x1cc ./Drivers/DR_PWM.o
                0x0000000000000d50                PWM1_Init_5Canales
 .text.SysTick_Handler
                0x0000000000000f1c        0xc ./Drivers/DR_SysTick.o
                0x0000000000000f1c                SysTick_Handler
 .text.Ticks_Config
                0x0000000000000f28       0xdc ./Drivers/DR_SysTick.o
                0x0000000000000f28                Ticks_Config
 .text.SysTick_Init
                0x0000000000001004       0x8c ./Drivers/DR_SysTick.o
                0x0000000000001004                SysTick_Init
 .text.DriverTecladoHW
                0x0000000000001090       0x5a ./Drivers/DR_Teclas.o
                0x0000000000001090                DriverTecladoHW
 *fill*         0x00000000000010ea        0x2 ff
 .text.Teclado5x1_SW_Debounce
                0x00000000000010ec       0xa8 ./Drivers/DR_Teclas.o
                0x00000000000010ec                Teclado5x1_SW_Debounce
 .text.Switches_Initialize
                0x0000000000001194       0x80 ./Drivers/DR_Teclas.o
                0x0000000000001194                Switches_Initialize
 .text.DriverSwitches
                0x0000000000001214       0x1e ./Drivers/DR_Teclas.o
                0x0000000000001214                DriverSwitches
 *fill*         0x0000000000001232        0x2 ff
 .text.UART0_IRQHandler
                0x0000000000001234       0xc4 ./Drivers/DR_UART_0.o
                0x0000000000001234                UART0_IRQHandler
 .text.UART0_Initialize
                0x00000000000012f8       0xd4 ./Drivers/DR_UART_0.o
                0x00000000000012f8                UART0_Initialize
 .text.leer_comandos
                0x00000000000013cc       0x54 ./Aplicacion/AP_UART_0.o
                0x00000000000013cc                leer_comandos
 .text.leer_datos
                0x0000000000001420       0xf8 ./Aplicacion/AP_UART_0.o
                0x0000000000001420                leer_datos
 .text.Adaptar_Manos
                0x0000000000001518       0x3e ./Aplicacion/AP_UART_0.o
                0x0000000000001518                Adaptar_Manos
 *fill*         0x0000000000001556        0x2 ff
 .text.RX_Mensajes
                0x0000000000001558      0x100 ./Aplicacion/AP_UART_0.o
                0x0000000000001558                RX_Mensajes
 .text.MDE_Guante_Mano
                0x0000000000001658       0xec ./Aplicacion/MDE_Guante_Mano.o
                0x0000000000001658                MDE_Guante_Mano
 .text.MDE_PC_Mano
                0x0000000000001744       0xe0 ./Aplicacion/MDE_PC_Mano.o
                0x0000000000001744                MDE_PC_Mano
 .text.main     0x0000000000001824       0x2c ./Aplicacion/Placa_Lucho_Mano-PWM_100.o
                0x0000000000001824                main
 .text.__weak_main
                0x0000000000001850        0x4 /usr/local/mcuxpressoide-10.2.0_759/ide/tools/bin/../lib/gcc/arm-none-eabi/7.2.1/../../../../arm-none-eabi/lib/thumb/v7-m/libcr_c.a(__weak__main.o)
                0x0000000000001850                __main
                0x0000000000001850                __weak_main
 .text.__aeabi_fmul
                0x0000000000001854       0xb0 /usr/local/mcuxpressoide-10.2.0_759/ide/tools/bin/../lib/gcc/arm-none-eabi/7.2.1/thumb/v7-m/libcr_eabihelpers.a(float.o)
                0x0000000000001854                __aeabi_fmul
 .text.__aeabi_fdiv
                0x0000000000001904       0xb8 /usr/local/mcuxpressoide-10.2.0_759/ide/tools/bin/../lib/gcc/arm-none-eabi/7.2.1/thumb/v7-m/libcr_eabihelpers.a(float.o)
                0x0000000000001904                __aeabi_fdiv
 .text.__aeabi_fsub
                0x00000000000019bc       0xe0 /usr/local/mcuxpressoide-10.2.0_759/ide/tools/bin/../lib/gcc/arm-none-eabi/7.2.1/thumb/v7-m/libcr_eabihelpers.a(float.o)
                0x00000000000019bc                __aeabi_fsub
 .text.__aeabi_fadd
                0x0000000000001a9c       0xb0 /usr/local/mcuxpressoide-10.2.0_759/ide/tools/bin/../lib/gcc/arm-none-eabi/7.2.1/thumb/v7-m/libcr_eabihelpers.a(float.o)
                0x0000000000001a9c                __aeabi_fadd
 .text.__aeabi_f2uiz
                0x0000000000001b4c       0x28 /usr/local/mcuxpressoide-10.2.0_759/ide/tools/bin/../lib/gcc/arm-none-eabi/7.2.1/thumb/v7-m/libcr_eabihelpers.a(float.o)
                0x0000000000001b4c                __aeabi_f2uiz
 .text.__bhs_ui2f
                0x0000000000001b74       0x26 /usr/local/mcuxpressoide-10.2.0_759/ide/tools/bin/../lib/gcc/arm-none-eabi/7.2.1/thumb/v7-m/libcr_eabihelpers.a(float.o)
                0x0000000000001b74                __bhs_ui2f
 .text.__aeabi_ui2f
                0x0000000000001b9a        0x8 /usr/local/mcuxpressoide-10.2.0_759/ide/tools/bin/../lib/gcc/arm-none-eabi/7.2.1/thumb/v7-m/libcr_eabihelpers.a(float.o)
                0x0000000000001b9a                __aeabi_ui2f
 *(.rodata .rodata.* .constdata .constdata.*)
                0x0000000000001ba4                . = ALIGN (0x4)
 *fill*         0x0000000000001ba2        0x2 ff

.glue_7         0x0000000000001ba4        0x0
 .glue_7        0x0000000000001ba4        0x0 linker stubs

.glue_7t        0x0000000000001ba4        0x0
 .glue_7t       0x0000000000001ba4        0x0 linker stubs

.vfp11_veneer   0x0000000000001ba4        0x0
 .vfp11_veneer  0x0000000000001ba4        0x0 linker stubs

.v4_bx          0x0000000000001ba4        0x0
 .v4_bx         0x0000000000001ba4        0x0 linker stubs

.iplt           0x0000000000001ba4        0x0
 .iplt          0x0000000000001ba4        0x0 ./Primitivas/PR_PWM.o

.rel.dyn        0x0000000000001ba4        0x0
 .rel.iplt      0x0000000000001ba4        0x0 ./Primitivas/PR_PWM.o

.ARM.extab
 *(.ARM.extab* .gnu.linkonce.armextab.*)
                0x0000000000001ba4                __exidx_start = .

.ARM.exidx
 *(.ARM.exidx* .gnu.linkonce.armexidx.*)
                0x0000000000001ba4                __exidx_end = .
                0x0000000000001ba4                _etext = .

.data_RAM2      0x000000002007c000        0x0 load address 0x0000000000001ba4
 FILL mask 0xff
                [!provide]                        PROVIDE (__start_data_RAM2, .)
 *(.ramfunc.$RAM2)
 *(.ramfunc.$RamAHB32)
 *(.data.$RAM2*)
 *(.data.$RamAHB32*)
                0x000000002007c000                . = ALIGN (0x4)
                [!provide]                        PROVIDE (__end_data_RAM2, .)

.uninit_RESERVED
                0x0000000010000000        0x0
 *(.bss.$RESERVED*)
                0x0000000010000000                . = ALIGN (0x4)
                0x0000000010000000                _end_uninit_RESERVED = .

.data           0x0000000010000000        0x4 load address 0x0000000000001ba4
 FILL mask 0xff
                0x0000000010000000                _data = .
 *(vtable)
 *(.ramfunc*)
 *(.data*)
 .data.Key_Pressed
                0x0000000010000000        0x1 ./Drivers/DR_Teclas.o
                0x0000000010000000                Key_Pressed
 .data.estado.3666
                0x0000000010000001        0x1 ./Drivers/DR_Teclas.o
 .data.codigoAnterior.3665
                0x0000000010000002        0x1 ./Drivers/DR_Teclas.o
 .data.estado_Guante_Mano
                0x0000000010000003        0x1 ./Aplicacion/MDE_Guante_Mano.o
                0x0000000010000004                . = ALIGN (0x4)
                0x0000000010000004                _edata = .

.igot.plt       0x0000000010000004        0x0 load address 0x0000000000001ba8
 .igot.plt      0x0000000010000004        0x0 ./Primitivas/PR_PWM.o

.bss_RAM2       0x000000002007c000        0x0
                [!provide]                        PROVIDE (__start_bss_RAM2, .)
 *(.bss.$RAM2*)
 *(.bss.$RamAHB32*)
                0x000000002007c000                . = ALIGN ((. != 0x0)?0x4:0x1)
                [!provide]                        PROVIDE (__end_bss_RAM2, .)

.bss            0x0000000010000004       0x9c
                0x0000000010000004                _bss = .
 *(.bss*)
 .bss.bufferRx  0x0000000010000004       0x20 ./Primitivas/PR_UART_0.o
 .bss.bufferTx  0x0000000010000024       0x20 ./Primitivas/PR_UART_0.o
 .bss.inx_Rx_in
                0x0000000010000044        0x1 ./Primitivas/PR_UART_0.o
 .bss.inx_Rx_out
                0x0000000010000045        0x1 ./Primitivas/PR_UART_0.o
 .bss.inx_Tx_in
                0x0000000010000046        0x1 ./Primitivas/PR_UART_0.o
 .bss.inx_Tx_out
                0x0000000010000047        0x1 ./Primitivas/PR_UART_0.o
 .bss.Buffer_TH
                0x0000000010000048       0x18 ./Drivers/DR_PWM.o
                0x0000000010000048                Buffer_TH
 .bss.Buffer_NEW_TH
                0x0000000010000060        0x6 ./Drivers/DR_PWM.o
                0x0000000010000060                Buffer_NEW_TH
 *fill*         0x0000000010000066        0x2 
 .bss.Buffer_NEW_ENABLE
                0x0000000010000068        0x6 ./Drivers/DR_PWM.o
                0x0000000010000068                Buffer_NEW_ENABLE
 *fill*         0x000000001000006e        0x2 
 .bss.Buffer_NEW_DISABLE
                0x0000000010000070        0x6 ./Drivers/DR_PWM.o
                0x0000000010000070                Buffer_NEW_DISABLE
 .bss._FLAGS_INTERRUPCIONES
                0x0000000010000076        0x1 ./Drivers/DR_PWM.o
 .bss.contTeclaEstable.3667
                0x0000000010000077        0x1 ./Drivers/DR_Teclas.o
 .bss.f_U0_Tx   0x0000000010000078        0x1 ./Drivers/DR_UART_0.o
                0x0000000010000078                f_U0_Tx
 .bss.command   0x0000000010000079        0x1 ./Aplicacion/AP_UART_0.o
                0x0000000010000079                command
 .bss.f_UART_Data
                0x000000001000007a        0x1 ./Aplicacion/AP_UART_0.o
                0x000000001000007a                f_UART_Data
 *fill*         0x000000001000007b        0x1 
 .bss.UART_Data_Adaptada
                0x000000001000007c        0xa ./Aplicacion/AP_UART_0.o
                0x000000001000007c                UART_Data_Adaptada
 .bss.estado_rx.3715
                0x0000000010000086        0x1 ./Aplicacion/AP_UART_0.o
 .bss.inx_msg_rx.3718
                0x0000000010000087        0x1 ./Aplicacion/AP_UART_0.o
 .bss.msg_rx.3716
                0x0000000010000088        0x8 ./Aplicacion/AP_UART_0.o
 .bss.datos_rx.3717
                0x0000000010000090        0xe ./Aplicacion/AP_UART_0.o
 .bss.estado_PC_Mano
                0x000000001000009e        0x1 ./Aplicacion/MDE_PC_Mano.o
 *(COMMON)
                0x00000000100000a0                . = ALIGN (0x4)
 *fill*         0x000000001000009f        0x1 
                0x00000000100000a0                _ebss = .
                [!provide]                        PROVIDE (end, .)

.noinit_RAM2    0x000000002007c000        0x0
 *(.noinit.$RAM2*)
 *(.noinit.$RamAHB32*)
                0x000000002007c000                . = ALIGN (0x4)

.noinit         0x00000000100000a0        0x0
                0x00000000100000a0                _noinit = .
 *(.noinit*)
                0x00000000100000a0                . = ALIGN (0x4)
                0x00000000100000a0                _end_noinit = .
                [!provide]                        PROVIDE (_pvHeapStart, DEFINED (__user_heap_base)?__user_heap_base:.)
                0x0000000010008000                PROVIDE (_vStackTop, DEFINED (__user_stack_top)?__user_stack_top:(__top_RamLoc32 - 0x0))
                0xffffffffefff74f2                PROVIDE (__valid_user_code_checksum, (0x0 - ((((((_vStackTop + (ResetISR + 0x1)) + (NMI_Handler + 0x1)) + (HardFault_Handler + 0x1)) + (DEFINED (MemManage_Handler)?MemManage_Handler:0x0 + 0x1)) + (DEFINED (BusFault_Handler)?BusFault_Handler:0x0 + 0x1)) + (DEFINED (UsageFault_Handler)?UsageFault_Handler:0x0 + 0x1))))
                0x0000000000000000                _image_start = LOADADDR (.text)
                0x0000000000001ba8                _image_end = (LOADADDR (.data) + SIZEOF (.data))
                0x0000000000001ba8                _image_size = (_image_end - _image_start)
OUTPUT(Placa_Lucho_Mano-PWM_100.axf elf32-littlearm)

.debug_info     0x0000000000000000     0x1940
 .debug_info    0x0000000000000000      0x208 ./Primitivas/PR_PWM.o
 .debug_info    0x0000000000000208       0x93 ./Primitivas/PR_Teclas.o
 .debug_info    0x000000000000029b      0x1db ./Primitivas/PR_UART_0.o
 .debug_info    0x0000000000000476      0x166 ./Drivers/DR_GPIO.o
 .debug_info    0x00000000000005dc      0x111 ./Drivers/DR_Init.o
 .debug_info    0x00000000000006ed       0xfc ./Drivers/DR_LED_IO.o
 .debug_info    0x00000000000007e9      0x152 ./Drivers/DR_PINSEL.o
 .debug_info    0x000000000000093b      0x1ee ./Drivers/DR_PWM.o
 .debug_info    0x0000000000000b29      0x11f ./Drivers/DR_SysTick.o
 .debug_info    0x0000000000000c48      0x11d ./Drivers/DR_Teclas.o
 .debug_info    0x0000000000000d65      0x132 ./Drivers/DR_UART_0.o
 .debug_info    0x0000000000000e97      0x255 ./Drivers/cr_startup_lpc175x_6x.o
 .debug_info    0x00000000000010ec       0x3f ./Drivers/crp.o
 .debug_info    0x000000000000112b      0x2fc ./Aplicacion/AP_UART_0.o
 .debug_info    0x0000000000001427      0x1c4 ./Aplicacion/MDE_Guante_Mano.o
 .debug_info    0x00000000000015eb      0x1c4 ./Aplicacion/MDE_PC_Mano.o
 .debug_info    0x00000000000017af      0x191 ./Aplicacion/Placa_Lucho_Mano-PWM_100.o

.debug_abbrev   0x0000000000000000      0xd6a
 .debug_abbrev  0x0000000000000000      0x123 ./Primitivas/PR_PWM.o
 .debug_abbrev  0x0000000000000123       0x7b ./Primitivas/PR_Teclas.o
 .debug_abbrev  0x000000000000019e       0xf3 ./Primitivas/PR_UART_0.o
 .debug_abbrev  0x0000000000000291       0xc5 ./Drivers/DR_GPIO.o
 .debug_abbrev  0x0000000000000356       0xa6 ./Drivers/DR_Init.o
 .debug_abbrev  0x00000000000003fc       0xb5 ./Drivers/DR_LED_IO.o
 .debug_abbrev  0x00000000000004b1       0xa0 ./Drivers/DR_PINSEL.o
 .debug_abbrev  0x0000000000000551       0xfc ./Drivers/DR_PWM.o
 .debug_abbrev  0x000000000000064d       0xbe ./Drivers/DR_SysTick.o
 .debug_abbrev  0x000000000000070b       0xe3 ./Drivers/DR_Teclas.o
 .debug_abbrev  0x00000000000007ee       0xd6 ./Drivers/DR_UART_0.o
 .debug_abbrev  0x00000000000008c4      0x114 ./Drivers/cr_startup_lpc175x_6x.o
 .debug_abbrev  0x00000000000009d8       0x36 ./Drivers/crp.o
 .debug_abbrev  0x0000000000000a0e      0x11f ./Aplicacion/AP_UART_0.o
 .debug_abbrev  0x0000000000000b2d       0xcc ./Aplicacion/MDE_Guante_Mano.o
 .debug_abbrev  0x0000000000000bf9       0xcc ./Aplicacion/MDE_PC_Mano.o
 .debug_abbrev  0x0000000000000cc5       0xa5 ./Aplicacion/Placa_Lucho_Mano-PWM_100.o

.debug_aranges  0x0000000000000000      0x358
 .debug_aranges
                0x0000000000000000       0x38 ./Primitivas/PR_PWM.o
 .debug_aranges
                0x0000000000000038       0x20 ./Primitivas/PR_Teclas.o
 .debug_aranges
                0x0000000000000058       0x40 ./Primitivas/PR_UART_0.o
 .debug_aranges
                0x0000000000000098       0x30 ./Drivers/DR_GPIO.o
 .debug_aranges
                0x00000000000000c8       0x28 ./Drivers/DR_Init.o
 .debug_aranges
                0x00000000000000f0       0x38 ./Drivers/DR_LED_IO.o
 .debug_aranges
                0x0000000000000128       0x30 ./Drivers/DR_PINSEL.o
 .debug_aranges
                0x0000000000000158       0x38 ./Drivers/DR_PWM.o
 .debug_aranges
                0x0000000000000190       0x30 ./Drivers/DR_SysTick.o
 .debug_aranges
                0x00000000000001c0       0x38 ./Drivers/DR_Teclas.o
 .debug_aranges
                0x00000000000001f8       0x30 ./Drivers/DR_UART_0.o
 .debug_aranges
                0x0000000000000228       0x80 ./Drivers/cr_startup_lpc175x_6x.o
 .debug_aranges
                0x00000000000002a8       0x18 ./Drivers/crp.o
 .debug_aranges
                0x00000000000002c0       0x38 ./Aplicacion/AP_UART_0.o
 .debug_aranges
                0x00000000000002f8       0x20 ./Aplicacion/MDE_Guante_Mano.o
 .debug_aranges
                0x0000000000000318       0x20 ./Aplicacion/MDE_PC_Mano.o
 .debug_aranges
                0x0000000000000338       0x20 ./Aplicacion/Placa_Lucho_Mano-PWM_100.o

.debug_ranges   0x0000000000000000      0x240
 .debug_ranges  0x0000000000000000       0x28 ./Primitivas/PR_PWM.o
 .debug_ranges  0x0000000000000028       0x10 ./Primitivas/PR_Teclas.o
 .debug_ranges  0x0000000000000038       0x30 ./Primitivas/PR_UART_0.o
 .debug_ranges  0x0000000000000068       0x20 ./Drivers/DR_GPIO.o
 .debug_ranges  0x0000000000000088       0x18 ./Drivers/DR_Init.o
 .debug_ranges  0x00000000000000a0       0x28 ./Drivers/DR_LED_IO.o
 .debug_ranges  0x00000000000000c8       0x20 ./Drivers/DR_PINSEL.o
 .debug_ranges  0x00000000000000e8       0x28 ./Drivers/DR_PWM.o
 .debug_ranges  0x0000000000000110       0x20 ./Drivers/DR_SysTick.o
 .debug_ranges  0x0000000000000130       0x28 ./Drivers/DR_Teclas.o
 .debug_ranges  0x0000000000000158       0x20 ./Drivers/DR_UART_0.o
 .debug_ranges  0x0000000000000178       0x70 ./Drivers/cr_startup_lpc175x_6x.o
 .debug_ranges  0x00000000000001e8       0x28 ./Aplicacion/AP_UART_0.o
 .debug_ranges  0x0000000000000210       0x10 ./Aplicacion/MDE_Guante_Mano.o
 .debug_ranges  0x0000000000000220       0x10 ./Aplicacion/MDE_PC_Mano.o
 .debug_ranges  0x0000000000000230       0x10 ./Aplicacion/Placa_Lucho_Mano-PWM_100.o

.debug_macro    0x0000000000000000     0x14ad
 .debug_macro   0x0000000000000000       0x7a ./Primitivas/PR_PWM.o
 .debug_macro   0x000000000000007a      0x10c ./Primitivas/PR_PWM.o
 .debug_macro   0x0000000000000186       0x28 ./Primitivas/PR_PWM.o
 .debug_macro   0x00000000000001ae       0x54 ./Primitivas/PR_Teclas.o
 .debug_macro   0x0000000000000202      0x7c9 ./Primitivas/PR_Teclas.o
 .debug_macro   0x00000000000009cb       0x1c ./Primitivas/PR_Teclas.o
 .debug_macro   0x00000000000009e7       0x28 ./Primitivas/PR_Teclas.o
 .debug_macro   0x0000000000000a0f       0x5a ./Primitivas/PR_UART_0.o
 .debug_macro   0x0000000000000a69       0x32 ./Drivers/DR_GPIO.o
 .debug_macro   0x0000000000000a9b       0x81 ./Drivers/DR_Init.o
 .debug_macro   0x0000000000000b1c       0x2e ./Drivers/DR_Init.o
 .debug_macro   0x0000000000000b4a       0x2e ./Drivers/DR_Init.o
 .debug_macro   0x0000000000000b78       0x16 ./Drivers/DR_Init.o
 .debug_macro   0x0000000000000b8e       0x2e ./Drivers/DR_Init.o
 .debug_macro   0x0000000000000bbc      0x112 ./Drivers/DR_Init.o
 .debug_macro   0x0000000000000cce       0x62 ./Drivers/DR_LED_IO.o
 .debug_macro   0x0000000000000d30       0x28 ./Drivers/DR_LED_IO.o
 .debug_macro   0x0000000000000d58       0x38 ./Drivers/DR_PINSEL.o
 .debug_macro   0x0000000000000d90       0x40 ./Drivers/DR_PINSEL.o
 .debug_macro   0x0000000000000dd0       0x9b ./Drivers/DR_PWM.o
 .debug_macro   0x0000000000000e6b       0x83 ./Drivers/DR_SysTick.o
 .debug_macro   0x0000000000000eee       0x80 ./Drivers/DR_Teclas.o
 .debug_macro   0x0000000000000f6e       0x9c ./Drivers/DR_UART_0.o
 .debug_macro   0x000000000000100a       0x1d ./Drivers/cr_startup_lpc175x_6x.o
 .debug_macro   0x0000000000001027       0x1a ./Drivers/crp.o
 .debug_macro   0x0000000000001041       0x34 ./Drivers/crp.o
 .debug_macro   0x0000000000001075       0x93 ./Aplicacion/AP_UART_0.o
 .debug_macro   0x0000000000001108       0x22 ./Aplicacion/AP_UART_0.o
 .debug_macro   0x000000000000112a       0xeb ./Aplicacion/MDE_Guante_Mano.o
 .debug_macro   0x0000000000001215       0x16 ./Aplicacion/MDE_Guante_Mano.o
 .debug_macro   0x000000000000122b       0xe7 ./Aplicacion/MDE_PC_Mano.o
 .debug_macro   0x0000000000001312       0x10 ./Aplicacion/MDE_PC_Mano.o
 .debug_macro   0x0000000000001322      0x109 ./Aplicacion/Placa_Lucho_Mano-PWM_100.o
 .debug_macro   0x000000000000142b       0x82 ./Aplicacion/Placa_Lucho_Mano-PWM_100.o

.debug_line     0x0000000000000000     0x1c5a
 .debug_line    0x0000000000000000      0x1b9 ./Primitivas/PR_PWM.o
 .debug_line    0x00000000000001b9      0x174 ./Primitivas/PR_Teclas.o
 .debug_line    0x000000000000032d      0x1c7 ./Primitivas/PR_UART_0.o
 .debug_line    0x00000000000004f4      0x108 ./Drivers/DR_GPIO.o
 .debug_line    0x00000000000005fc      0x1a2 ./Drivers/DR_Init.o
 .debug_line    0x000000000000079e      0x156 ./Drivers/DR_LED_IO.o
 .debug_line    0x00000000000008f4      0x114 ./Drivers/DR_PINSEL.o
 .debug_line    0x0000000000000a08      0x1c2 ./Drivers/DR_PWM.o
 .debug_line    0x0000000000000bca      0x15f ./Drivers/DR_SysTick.o
 .debug_line    0x0000000000000d29      0x15e ./Drivers/DR_Teclas.o
 .debug_line    0x0000000000000e87      0x1af ./Drivers/DR_UART_0.o
 .debug_line    0x0000000000001036       0xd6 ./Drivers/cr_startup_lpc175x_6x.o
 .debug_line    0x000000000000110c       0x7d ./Drivers/crp.o
 .debug_line    0x0000000000001189      0x287 ./Aplicacion/AP_UART_0.o
 .debug_line    0x0000000000001410      0x2ab ./Aplicacion/MDE_Guante_Mano.o
 .debug_line    0x00000000000016bb      0x28e ./Aplicacion/MDE_PC_Mano.o
 .debug_line    0x0000000000001949      0x311 ./Aplicacion/Placa_Lucho_Mano-PWM_100.o

.debug_str      0x0000000000000000     0x6251
 .debug_str     0x0000000000000000     0x4b8c ./Primitivas/PR_PWM.o
                                       0x4bd2 (size before relaxing)
 .debug_str     0x0000000000004b8c       0xa9 ./Primitivas/PR_Teclas.o
                                       0x46e3 (size before relaxing)
 .debug_str     0x0000000000004c35       0xef ./Primitivas/PR_UART_0.o
                                       0x4732 (size before relaxing)
 .debug_str     0x0000000000004d24       0x3c ./Drivers/DR_GPIO.o
                                       0x4600 (size before relaxing)
 .debug_str     0x0000000000004d60      0x42a ./Drivers/DR_Init.o
                                       0x4e44 (size before relaxing)
 .debug_str     0x000000000000518a       0x98 ./Drivers/DR_LED_IO.o
                                       0x4761 (size before relaxing)
 .debug_str     0x0000000000005222       0x5a ./Drivers/DR_PINSEL.o
                                       0x46a6 (size before relaxing)
 .debug_str     0x000000000000527c      0x303 ./Drivers/DR_PWM.o
                                       0x4cb2 (size before relaxing)
 .debug_str     0x000000000000557f      0x108 ./Drivers/DR_SysTick.o
                                       0x4b51 (size before relaxing)
 .debug_str     0x0000000000005687      0x127 ./Drivers/DR_Teclas.o
                                       0x47e2 (size before relaxing)
 .debug_str     0x00000000000057ae       0xe2 ./Drivers/DR_UART_0.o
                                       0x4763 (size before relaxing)
 .debug_str     0x0000000000005890      0x1ca ./Drivers/cr_startup_lpc175x_6x.o
                                       0x2edf (size before relaxing)
 .debug_str     0x0000000000005a5a       0xed ./Drivers/crp.o
                                       0x2dec (size before relaxing)
 .debug_str     0x0000000000005b47      0x188 ./Aplicacion/AP_UART_0.o
                                       0x4c31 (size before relaxing)
 .debug_str     0x0000000000005ccf       0xb8 ./Aplicacion/MDE_Guante_Mano.o
                                       0x500a (size before relaxing)
 .debug_str     0x0000000000005d87       0x53 ./Aplicacion/MDE_PC_Mano.o
                                       0x4fe7 (size before relaxing)
 .debug_str     0x0000000000005dda      0x477 ./Aplicacion/Placa_Lucho_Mano-PWM_100.o
                                       0x5443 (size before relaxing)

.comment        0x0000000000000000       0x7e
 .comment       0x0000000000000000       0x7e ./Primitivas/PR_PWM.o
                                         0x7f (size before relaxing)
 .comment       0x000000000000007e       0x7f ./Primitivas/PR_Teclas.o
 .comment       0x000000000000007e       0x7f ./Primitivas/PR_UART_0.o
 .comment       0x000000000000007e       0x7f ./Drivers/DR_GPIO.o
 .comment       0x000000000000007e       0x7f ./Drivers/DR_Init.o
 .comment       0x000000000000007e       0x7f ./Drivers/DR_LED_IO.o
 .comment       0x000000000000007e       0x7f ./Drivers/DR_PINSEL.o
 .comment       0x000000000000007e       0x7f ./Drivers/DR_PWM.o
 .comment       0x000000000000007e       0x7f ./Drivers/DR_SysTick.o
 .comment       0x000000000000007e       0x7f ./Drivers/DR_Teclas.o
 .comment       0x000000000000007e       0x7f ./Drivers/DR_UART_0.o
 .comment       0x000000000000007e       0x7f ./Drivers/cr_startup_lpc175x_6x.o
 .comment       0x000000000000007e       0x7f ./Drivers/crp.o
 .comment       0x000000000000007e       0x7f ./Aplicacion/AP_UART_0.o
 .comment       0x000000000000007e       0x7f ./Aplicacion/MDE_Guante_Mano.o
 .comment       0x000000000000007e       0x7f ./Aplicacion/MDE_PC_Mano.o
 .comment       0x000000000000007e       0x7f ./Aplicacion/Placa_Lucho_Mano-PWM_100.o
 .comment       0x000000000000007e       0x7f /usr/local/mcuxpressoide-10.2.0_759/ide/tools/bin/../lib/gcc/arm-none-eabi/7.2.1/../../../../arm-none-eabi/lib/thumb/v7-m/libcr_c.a(__weak__main.o)
 .comment       0x000000000000007e       0x7f /usr/local/mcuxpressoide-10.2.0_759/ide/tools/bin/../lib/gcc/arm-none-eabi/7.2.1/thumb/v7-m/libcr_eabihelpers.a(float.o)

.ARM.attributes
                0x0000000000000000       0x33
 .ARM.attributes
                0x0000000000000000       0x33 ./Primitivas/PR_PWM.o
 .ARM.attributes
                0x0000000000000033       0x33 ./Primitivas/PR_Teclas.o
 .ARM.attributes
                0x0000000000000066       0x33 ./Primitivas/PR_UART_0.o
 .ARM.attributes
                0x0000000000000099       0x33 ./Drivers/DR_GPIO.o
 .ARM.attributes
                0x00000000000000cc       0x33 ./Drivers/DR_Init.o
 .ARM.attributes
                0x00000000000000ff       0x33 ./Drivers/DR_LED_IO.o
 .ARM.attributes
                0x0000000000000132       0x33 ./Drivers/DR_PINSEL.o
 .ARM.attributes
                0x0000000000000165       0x33 ./Drivers/DR_PWM.o
 .ARM.attributes
                0x0000000000000198       0x33 ./Drivers/DR_SysTick.o
 .ARM.attributes
                0x00000000000001cb       0x33 ./Drivers/DR_Teclas.o
 .ARM.attributes
                0x00000000000001fe       0x33 ./Drivers/DR_UART_0.o
 .ARM.attributes
                0x0000000000000231       0x33 ./Drivers/cr_startup_lpc175x_6x.o
 .ARM.attributes
                0x0000000000000264       0x33 ./Drivers/crp.o
 .ARM.attributes
                0x0000000000000297       0x33 ./Aplicacion/AP_UART_0.o
 .ARM.attributes
                0x00000000000002ca       0x33 ./Aplicacion/MDE_Guante_Mano.o
 .ARM.attributes
                0x00000000000002fd       0x33 ./Aplicacion/MDE_PC_Mano.o
 .ARM.attributes
                0x0000000000000330       0x33 ./Aplicacion/Placa_Lucho_Mano-PWM_100.o
 .ARM.attributes
                0x0000000000000363       0x33 /usr/local/mcuxpressoide-10.2.0_759/ide/tools/bin/../lib/gcc/arm-none-eabi/7.2.1/../../../../arm-none-eabi/lib/thumb/v7-m/libcr_c.a(__weak__main.o)
 .ARM.attributes
                0x0000000000000396       0x33 /usr/local/mcuxpressoide-10.2.0_759/ide/tools/bin/../lib/gcc/arm-none-eabi/7.2.1/thumb/v7-m/libcr_eabihelpers.a(float.o)

.debug_frame    0x0000000000000000      0x868
 .debug_frame   0x0000000000000000       0xa0 ./Primitivas/PR_PWM.o
 .debug_frame   0x00000000000000a0       0x38 ./Primitivas/PR_Teclas.o
 .debug_frame   0x00000000000000d8       0xd0 ./Primitivas/PR_UART_0.o
 .debug_frame   0x00000000000001a8       0x88 ./Drivers/DR_GPIO.o
 .debug_frame   0x0000000000000230       0x4c ./Drivers/DR_Init.o
 .debug_frame   0x000000000000027c       0x98 ./Drivers/DR_LED_IO.o
 .debug_frame   0x0000000000000314       0x88 ./Drivers/DR_PINSEL.o
 .debug_frame   0x000000000000039c       0x98 ./Drivers/DR_PWM.o
 .debug_frame   0x0000000000000434       0x74 ./Drivers/DR_SysTick.o
 .debug_frame   0x00000000000004a8       0x94 ./Drivers/DR_Teclas.o
 .debug_frame   0x000000000000053c       0x78 ./Drivers/DR_UART_0.o
 .debug_frame   0x00000000000005b4      0x170 ./Drivers/cr_startup_lpc175x_6x.o
 .debug_frame   0x0000000000000724       0xac ./Aplicacion/AP_UART_0.o
 .debug_frame   0x00000000000007d0       0x34 ./Aplicacion/MDE_Guante_Mano.o
 .debug_frame   0x0000000000000804       0x34 ./Aplicacion/MDE_PC_Mano.o
 .debug_frame   0x0000000000000838       0x30 ./Aplicacion/Placa_Lucho_Mano-PWM_100.o
