19:43:03 **** Incremental Build of configuration Debug for project Placa_Lucho_Mano-PWM_100 ****
make -r -j4 all 
Building file: ../Aplicacion/AP_UART_0.c
Invoking: MCU C Compiler
arm-none-eabi-gcc -DDEBUG -D__CODE_RED -DCORE_M3 -D__LPC17XX__ -D__REDLIB__ -I"/home/cha/UTN FRBA/info2_Proyecto_2018/MCU SERVOS-TPO Workspace/Placa_Lucho_Mano-PWM_100/Aplicacion/inc" -I"/home/cha/UTN FRBA/info2_Proyecto_2018/MCU SERVOS-TPO Workspace/Placa_Lucho_Mano-PWM_100/Drivers/inc" -I"/home/cha/UTN FRBA/info2_Proyecto_2018/MCU SERVOS-TPO Workspace/Placa_Lucho_Mano-PWM_100/Primitivas/inc" -O0 -fno-common -g3 -Wall -c -fmessage-length=0 -fno-builtin -ffunction-sections -fdata-sections -mcpu=cortex-m3 -mthumb -specs=redlib.specs -MMD -MP -MF"Aplicacion/AP_UART_0.d" -MT"Aplicacion/AP_UART_0.o" -MT"Aplicacion/AP_UART_0.d" -o "Aplicacion/AP_UART_0.o" "../Aplicacion/AP_UART_0.c"
../Aplicacion/AP_UART_0.c: In function 'RX_Mensajes':
../Aplicacion/AP_UART_0.c:100:18: error: 'data' undeclared (first use in this function)
  if ( U0_PopRx( &data ) ) {
                  ^~~~
../Aplicacion/AP_UART_0.c:100:18: note: each undeclared identifier is reported only once for each function it appears in
../Aplicacion/AP_UART_0.c:150:6: warning: implicit declaration of function 'leer_datos'; did you mean 'leer_comandos'? [-Wimplicit-function-declaration]
      leer_datos(datos_rx);
      ^~~~~~~~~~
      leer_comandos
make: *** [Aplicacion/AP_UART_0.o] Error 1
19:43:15 **** Incremental Build of configuration Debug for project Placa_Lucho_Mano-PWM_100 ****
make -r -j4 all 
Building file: ../Aplicacion/AP_UART_0.c
Invoking: MCU C Compiler
arm-none-eabi-gcc -DDEBUG -D__CODE_RED -DCORE_M3 -D__LPC17XX__ -D__REDLIB__ -I"/home/cha/UTN FRBA/info2_Proyecto_2018/MCU SERVOS-TPO Workspace/Placa_Lucho_Mano-PWM_100/Aplicacion/inc" -I"/home/cha/UTN FRBA/info2_Proyecto_2018/MCU SERVOS-TPO Workspace/Placa_Lucho_Mano-PWM_100/Drivers/inc" -I"/home/cha/UTN FRBA/info2_Proyecto_2018/MCU SERVOS-TPO Workspace/Placa_Lucho_Mano-PWM_100/Primitivas/inc" -O0 -fno-common -g3 -Wall -c -fmessage-length=0 -fno-builtin -ffunction-sections -fdata-sections -mcpu=cortex-m3 -mthumb -specs=redlib.specs -MMD -MP -MF"Aplicacion/AP_UART_0.d" -MT"Aplicacion/AP_UART_0.o" -MT"Aplicacion/AP_UART_0.d" -o "Aplicacion/AP_UART_0.o" "../Aplicacion/AP_UART_0.c"
../Aplicacion/AP_UART_0.c: In function 'RX_Mensajes':
../Aplicacion/AP_UART_0.c:151:6: warning: implicit declaration of function 'leer_datos'; did you mean 'leer_comandos'? [-Wimplicit-function-declaration]
      leer_datos(datos_rx);
      ^~~~~~~~~~
      leer_comandos
Finished building: ../Aplicacion/AP_UART_0.c
 
Building target: Placa_Lucho_Mano-PWM_100.axf
Invoking: MCU Linker
arm-none-eabi-gcc -nostdlib -Xlinker -Map="Placa_Lucho_Mano-PWM_100.map" -Xlinker --gc-sections -Xlinker -print-memory-usage -mcpu=cortex-m3 -mthumb -T "Placa_Lucho_Mano-PWM_100_Debug.ld" -o "Placa_Lucho_Mano-PWM_100.axf"  ./Primitivas/PR_LCD.o ./Primitivas/PR_PWM.o ./Primitivas/PR_Teclas.o ./Primitivas/PR_UART_0.o  ./Drivers/DR_GPIO.o ./Drivers/DR_Init.o ./Drivers/DR_LED_IO.o ./Drivers/DR_PINSEL.o ./Drivers/DR_PWM.o ./Drivers/DR_SysTick.o ./Drivers/DR_Teclas.o ./Drivers/DR_UART_0.o ./Drivers/FW_LCD.o ./Drivers/cr_startup_lpc175x_6x.o ./Drivers/crp.o  ./Aplicacion/AP_UART_0.o ./Aplicacion/MDE_Guante_Mano.o ./Aplicacion/MDE_PC_Mano.o ./Aplicacion/Placa_Lucho_Mano-PWM_100.o   
Memory region         Used Size  Region Size  %age Used
./Aplicacion/AP_UART_0.o: In function `RX_Mensajes':
       MFlash512:       10320 B       512 KB      1.97%
/home/cha/UTN FRBA/info2_Proyecto_2018/MCU SERVOS-TPO Workspace/Placa_Lucho_Mano-PWM_100/Debug/../Aplicacion/AP_UART_0.c:151: undefined reference to `leer_datos'
collect2: error: ld returned 1 exit status
        RamLoc32:         508 B        32 KB      1.55%
make: *** [Placa_Lucho_Mano-PWM_100.axf] Error 1
        RamAHB32:          0 GB        32 KB      0.00%
19:43:32 **** Incremental Build of configuration Debug for project Placa_Lucho_Mano-PWM_100 ****
make -r -j4 all 
Building file: ../Aplicacion/AP_UART_0.c
Invoking: MCU C Compiler
arm-none-eabi-gcc -DDEBUG -D__CODE_RED -DCORE_M3 -D__LPC17XX__ -D__REDLIB__ -I"/home/cha/UTN FRBA/info2_Proyecto_2018/MCU SERVOS-TPO Workspace/Placa_Lucho_Mano-PWM_100/Aplicacion/inc" -I"/home/cha/UTN FRBA/info2_Proyecto_2018/MCU SERVOS-TPO Workspace/Placa_Lucho_Mano-PWM_100/Drivers/inc" -I"/home/cha/UTN FRBA/info2_Proyecto_2018/MCU SERVOS-TPO Workspace/Placa_Lucho_Mano-PWM_100/Primitivas/inc" -O0 -fno-common -g3 -Wall -c -fmessage-length=0 -fno-builtin -ffunction-sections -fdata-sections -mcpu=cortex-m3 -mthumb -specs=redlib.specs -MMD -MP -MF"Aplicacion/AP_UART_0.d" -MT"Aplicacion/AP_UART_0.o" -MT"Aplicacion/AP_UART_0.d" -o "Aplicacion/AP_UART_0.o" "../Aplicacion/AP_UART_0.c"
../Aplicacion/AP_UART_0.c: In function 'RX_Mensajes':
../Aplicacion/AP_UART_0.c:151:17: warning: pointer targets in passing argument 1 of 'leer_datos' differ in signedness [-Wpointer-sign]
      leer_datos(datos_rx);
                 ^~~~~~~~
../Aplicacion/AP_UART_0.c:82:6: note: expected 'const uint8_t * {aka const unsigned char *}' but argument is of type 'char *'
 void leer_datos( const uint8_t trama_datos[] ){
      ^~~~~~~~~~
Finished building: ../Aplicacion/AP_UART_0.c
 
Building target: Placa_Lucho_Mano-PWM_100.axf
Invoking: MCU Linker
arm-none-eabi-gcc -nostdlib -Xlinker -Map="Placa_Lucho_Mano-PWM_100.map" -Xlinker --gc-sections -Xlinker -print-memory-usage -mcpu=cortex-m3 -mthumb -T "Placa_Lucho_Mano-PWM_100_Debug.ld" -o "Placa_Lucho_Mano-PWM_100.axf"  ./Primitivas/PR_LCD.o ./Primitivas/PR_PWM.o ./Primitivas/PR_Teclas.o ./Primitivas/PR_UART_0.o  ./Drivers/DR_GPIO.o ./Drivers/DR_Init.o ./Drivers/DR_LED_IO.o ./Drivers/DR_PINSEL.o ./Drivers/DR_PWM.o ./Drivers/DR_SysTick.o ./Drivers/DR_Teclas.o ./Drivers/DR_UART_0.o ./Drivers/FW_LCD.o ./Drivers/cr_startup_lpc175x_6x.o ./Drivers/crp.o  ./Aplicacion/AP_UART_0.o ./Aplicacion/MDE_Guante_Mano.o ./Aplicacion/MDE_PC_Mano.o ./Aplicacion/Placa_Lucho_Mano-PWM_100.o   
Memory region         Used Size  Region Size  %age Used
       MFlash512:       10340 B       512 KB      1.97%
        RamLoc32:         508 B        32 KB      1.55%
        RamAHB32:          0 GB        32 KB      0.00%
Finished building target: Placa_Lucho_Mano-PWM_100.axf
 
make --no-print-directory post-build
Performing post-build steps
arm-none-eabi-size "Placa_Lucho_Mano-PWM_100.axf"; # arm-none-eabi-objcopy -v -O binary "Placa_Lucho_Mano-PWM_100.axf" "Placa_Lucho_Mano-PWM_100.bin" ; # checksum -p LPC1769 -d "Placa_Lucho_Mano-PWM_100.bin";
   text	   data	    bss	    dec	    hex	filename
  10240	    100	    408	  10748	   29fc	Placa_Lucho_Mano-PWM_100.axf
 
19:44:16 **** Incremental Build of configuration Debug for project Placa_Lucho_Mano-PWM_100 ****
make -r -j4 all 
Building file: ../Aplicacion/AP_UART_0.c
Invoking: MCU C Compiler
arm-none-eabi-gcc -DDEBUG -D__CODE_RED -DCORE_M3 -D__LPC17XX__ -D__REDLIB__ -I"/home/cha/UTN FRBA/info2_Proyecto_2018/MCU SERVOS-TPO Workspace/Placa_Lucho_Mano-PWM_100/Aplicacion/inc" -I"/home/cha/UTN FRBA/info2_Proyecto_2018/MCU SERVOS-TPO Workspace/Placa_Lucho_Mano-PWM_100/Drivers/inc" -I"/home/cha/UTN FRBA/info2_Proyecto_2018/MCU SERVOS-TPO Workspace/Placa_Lucho_Mano-PWM_100/Primitivas/inc" -O0 -fno-common -g3 -Wall -c -fmessage-length=0 -fno-builtin -ffunction-sections -fdata-sections -mcpu=cortex-m3 -mthumb -specs=redlib.specs -MMD -MP -MF"Aplicacion/AP_UART_0.d" -MT"Aplicacion/AP_UART_0.o" -MT"Aplicacion/AP_UART_0.d" -o "Aplicacion/AP_UART_0.o" "../Aplicacion/AP_UART_0.c"
Finished building: ../Aplicacion/AP_UART_0.c
 
Building target: Placa_Lucho_Mano-PWM_100.axf
Invoking: MCU Linker
arm-none-eabi-gcc -nostdlib -Xlinker -Map="Placa_Lucho_Mano-PWM_100.map" -Xlinker --gc-sections -Xlinker -print-memory-usage -mcpu=cortex-m3 -mthumb -T "Placa_Lucho_Mano-PWM_100_Debug.ld" -o "Placa_Lucho_Mano-PWM_100.axf"  ./Primitivas/PR_LCD.o ./Primitivas/PR_PWM.o ./Primitivas/PR_Teclas.o ./Primitivas/PR_UART_0.o  ./Drivers/DR_GPIO.o ./Drivers/DR_Init.o ./Drivers/DR_LED_IO.o ./Drivers/DR_PINSEL.o ./Drivers/DR_PWM.o ./Drivers/DR_SysTick.o ./Drivers/DR_Teclas.o ./Drivers/DR_UART_0.o ./Drivers/FW_LCD.o ./Drivers/cr_startup_lpc175x_6x.o ./Drivers/crp.o  ./Aplicacion/AP_UART_0.o ./Aplicacion/MDE_Guante_Mano.o ./Aplicacion/MDE_PC_Mano.o ./Aplicacion/Placa_Lucho_Mano-PWM_100.o   
Memory region         Used Size  Region Size  %age Used
       MFlash512:       10340 B       512 KB      1.97%
        RamLoc32:         508 B        32 KB      1.55%
        RamAHB32:          0 GB        32 KB      0.00%
Finished building target: Placa_Lucho_Mano-PWM_100.axf
 
make --no-print-directory post-build
Performing post-build steps
arm-none-eabi-size "Placa_Lucho_Mano-PWM_100.axf"; # arm-none-eabi-objcopy -v -O binary "Placa_Lucho_Mano-PWM_100.axf" "Placa_Lucho_Mano-PWM_100.bin" ; # checksum -p LPC1769 -d "Placa_Lucho_Mano-PWM_100.bin";
   text	   data	    bss	    dec	    hex	filename
  10240	    100	    408	  10748	   29fc	Placa_Lucho_Mano-PWM_100.axf
 
19:44:20 **** Incremental Build of configuration Debug for project Placa_Lucho_Mano-PWM_100 ****
make -r -j4 all 
make: Nothing to be done for `all'.
14:33:18 **** Incremental Build of configuration Debug for project Placa_Lucho_Mano-PWM_100 ****
make -r -j4 all 
Building file: ../Aplicacion/AP_UART_0.c
Building file: ../Aplicacion/MDE_Guante_Mano.c
Invoking: MCU C Compiler
arm-none-eabi-gcc -DDEBUG -D__CODE_RED -DCORE_M3 -D__LPC17XX__ -D__REDLIB__ -I"/home/cha/UTN FRBA/info2_Proyecto_2018/MCU SERVOS-TPO Workspace/Placa_Lucho_Mano-PWM_100/Aplicacion/inc" -I"/home/cha/UTN FRBA/info2_Proyecto_2018/MCU SERVOS-TPO Workspace/Placa_Lucho_Mano-PWM_100/Drivers/inc" -I"/home/cha/UTN FRBA/info2_Proyecto_2018/MCU SERVOS-TPO Workspace/Placa_Lucho_Mano-PWM_100/Primitivas/inc" -O0 -fno-common -g3 -Wall -c -fmessage-length=0 -fno-builtin -ffunction-sections -fdata-sections -mcpu=cortex-m3 -mthumb -specs=redlib.specs -MMD -MP -MF"Aplicacion/AP_UART_0.d" -MT"Aplicacion/AP_UART_0.o" -MT"Aplicacion/AP_UART_0.d" -o "Aplicacion/AP_UART_0.o" "../Aplicacion/AP_UART_0.c"
Building file: ../Aplicacion/Placa_Lucho_Mano-PWM_100.c
Invoking: MCU C Compiler
arm-none-eabi-gcc -DDEBUG -D__CODE_RED -DCORE_M3 -D__LPC17XX__ -D__REDLIB__ -I"/home/cha/UTN FRBA/info2_Proyecto_2018/MCU SERVOS-TPO Workspace/Placa_Lucho_Mano-PWM_100/Aplicacion/inc" -I"/home/cha/UTN FRBA/info2_Proyecto_2018/MCU SERVOS-TPO Workspace/Placa_Lucho_Mano-PWM_100/Drivers/inc" -I"/home/cha/UTN FRBA/info2_Proyecto_2018/MCU SERVOS-TPO Workspace/Placa_Lucho_Mano-PWM_100/Primitivas/inc" -O0 -fno-common -g3 -Wall -c -fmessage-length=0 -fno-builtin -ffunction-sections -fdata-sections -mcpu=cortex-m3 -mthumb -specs=redlib.specs -MMD -MP -MF"Aplicacion/MDE_Guante_Mano.d" -MT"Aplicacion/MDE_Guante_Mano.o" -MT"Aplicacion/MDE_Guante_Mano.d" -o "Aplicacion/MDE_Guante_Mano.o" "../Aplicacion/MDE_Guante_Mano.c"
Invoking: MCU C Compiler
arm-none-eabi-gcc -DDEBUG -D__CODE_RED -DCORE_M3 -D__LPC17XX__ -D__REDLIB__ -I"/home/cha/UTN FRBA/info2_Proyecto_2018/MCU SERVOS-TPO Workspace/Placa_Lucho_Mano-PWM_100/Aplicacion/inc" -I"/home/cha/UTN FRBA/info2_Proyecto_2018/MCU SERVOS-TPO Workspace/Placa_Lucho_Mano-PWM_100/Drivers/inc" -I"/home/cha/UTN FRBA/info2_Proyecto_2018/MCU SERVOS-TPO Workspace/Placa_Lucho_Mano-PWM_100/Primitivas/inc" -O0 -fno-common -g3 -Wall -c -fmessage-length=0 -fno-builtin -ffunction-sections -fdata-sections -mcpu=cortex-m3 -mthumb -specs=redlib.specs -MMD -MP -MF"Aplicacion/Placa_Lucho_Mano-PWM_100.d" -MT"Aplicacion/Placa_Lucho_Mano-PWM_100.o" -MT"Aplicacion/Placa_Lucho_Mano-PWM_100.d" -o "Aplicacion/Placa_Lucho_Mano-PWM_100.o" "../Aplicacion/Placa_Lucho_Mano-PWM_100.c"
../Aplicacion/Placa_Lucho_Mano-PWM_100.c: In function 'main':
../Aplicacion/Placa_Lucho_Mano-PWM_100.c:23:10: warning: unused variable 'key' [-Wunused-variable]
  uint8_t key;
          ^~~
Finished building: ../Aplicacion/MDE_Guante_Mano.c
Finished building: ../Aplicacion/AP_UART_0.c
Finished building: ../Aplicacion/Placa_Lucho_Mano-PWM_100.c
 
 
 
Building target: Placa_Lucho_Mano-PWM_100.axf
Invoking: MCU Linker
arm-none-eabi-gcc -nostdlib -Xlinker -Map="Placa_Lucho_Mano-PWM_100.map" -Xlinker --gc-sections -Xlinker -print-memory-usage -mcpu=cortex-m3 -mthumb -T "Placa_Lucho_Mano-PWM_100_Debug.ld" -o "Placa_Lucho_Mano-PWM_100.axf"  ./Primitivas/PR_LCD.o ./Primitivas/PR_PWM.o ./Primitivas/PR_Teclas.o ./Primitivas/PR_UART_0.o  ./Drivers/DR_GPIO.o ./Drivers/DR_Init.o ./Drivers/DR_LED_IO.o ./Drivers/DR_PINSEL.o ./Drivers/DR_PWM.o ./Drivers/DR_SysTick.o ./Drivers/DR_Teclas.o ./Drivers/DR_UART_0.o ./Drivers/FW_LCD.o ./Drivers/cr_startup_lpc175x_6x.o ./Drivers/crp.o  ./Aplicacion/AP_UART_0.o ./Aplicacion/MDE_Guante_Mano.o ./Aplicacion/MDE_PC_Mano.o ./Aplicacion/Placa_Lucho_Mano-PWM_100.o   
Memory region         Used Size  Region Size  %age Used
       MFlash512:       10368 B       512 KB      1.98%
        RamLoc32:         508 B        32 KB      1.55%
        RamAHB32:          0 GB        32 KB      0.00%
Finished building target: Placa_Lucho_Mano-PWM_100.axf
 
make --no-print-directory post-build
Performing post-build steps
arm-none-eabi-size "Placa_Lucho_Mano-PWM_100.axf"; # arm-none-eabi-objcopy -v -O binary "Placa_Lucho_Mano-PWM_100.axf" "Placa_Lucho_Mano-PWM_100.bin" ; # checksum -p LPC1769 -d "Placa_Lucho_Mano-PWM_100.bin";
   text	   data	    bss	    dec	    hex	filename
  10268	    100	    408	  10776	   2a18	Placa_Lucho_Mano-PWM_100.axf
 
14:33:31 **** Incremental Build of configuration Debug for project Placa_Lucho_Mano-PWM_100 ****
make -r -j4 all 
Building file: ../Aplicacion/Placa_Lucho_Mano-PWM_100.c
Invoking: MCU C Compiler
arm-none-eabi-gcc -DDEBUG -D__CODE_RED -DCORE_M3 -D__LPC17XX__ -D__REDLIB__ -I"/home/cha/UTN FRBA/info2_Proyecto_2018/MCU SERVOS-TPO Workspace/Placa_Lucho_Mano-PWM_100/Aplicacion/inc" -I"/home/cha/UTN FRBA/info2_Proyecto_2018/MCU SERVOS-TPO Workspace/Placa_Lucho_Mano-PWM_100/Drivers/inc" -I"/home/cha/UTN FRBA/info2_Proyecto_2018/MCU SERVOS-TPO Workspace/Placa_Lucho_Mano-PWM_100/Primitivas/inc" -O0 -fno-common -g3 -Wall -c -fmessage-length=0 -fno-builtin -ffunction-sections -fdata-sections -mcpu=cortex-m3 -mthumb -specs=redlib.specs -MMD -MP -MF"Aplicacion/Placa_Lucho_Mano-PWM_100.d" -MT"Aplicacion/Placa_Lucho_Mano-PWM_100.o" -MT"Aplicacion/Placa_Lucho_Mano-PWM_100.d" -o "Aplicacion/Placa_Lucho_Mano-PWM_100.o" "../Aplicacion/Placa_Lucho_Mano-PWM_100.c"
Finished building: ../Aplicacion/Placa_Lucho_Mano-PWM_100.c
 
Building target: Placa_Lucho_Mano-PWM_100.axf
Invoking: MCU Linker
arm-none-eabi-gcc -nostdlib -Xlinker -Map="Placa_Lucho_Mano-PWM_100.map" -Xlinker --gc-sections -Xlinker -print-memory-usage -mcpu=cortex-m3 -mthumb -T "Placa_Lucho_Mano-PWM_100_Debug.ld" -o "Placa_Lucho_Mano-PWM_100.axf"  ./Primitivas/PR_LCD.o ./Primitivas/PR_PWM.o ./Primitivas/PR_Teclas.o ./Primitivas/PR_UART_0.o  ./Drivers/DR_GPIO.o ./Drivers/DR_Init.o ./Drivers/DR_LED_IO.o ./Drivers/DR_PINSEL.o ./Drivers/DR_PWM.o ./Drivers/DR_SysTick.o ./Drivers/DR_Teclas.o ./Drivers/DR_UART_0.o ./Drivers/FW_LCD.o ./Drivers/cr_startup_lpc175x_6x.o ./Drivers/crp.o  ./Aplicacion/AP_UART_0.o ./Aplicacion/MDE_Guante_Mano.o ./Aplicacion/MDE_PC_Mano.o ./Aplicacion/Placa_Lucho_Mano-PWM_100.o   
Memory region         Used Size  Region Size  %age Used
       MFlash512:       10368 B       512 KB      1.98%
        RamLoc32:         508 B        32 KB      1.55%
        RamAHB32:          0 GB        32 KB      0.00%
Finished building target: Placa_Lucho_Mano-PWM_100.axf
 
make --no-print-directory post-build
Performing post-build steps
arm-none-eabi-size "Placa_Lucho_Mano-PWM_100.axf"; # arm-none-eabi-objcopy -v -O binary "Placa_Lucho_Mano-PWM_100.axf" "Placa_Lucho_Mano-PWM_100.bin" ; # checksum -p LPC1769 -d "Placa_Lucho_Mano-PWM_100.bin";
   text	   data	    bss	    dec	    hex	filename
  10268	    100	    408	  10776	   2a18	Placa_Lucho_Mano-PWM_100.axf
 
14:42:45 **** Incremental Build of configuration Debug for project Placa_Lucho_Mano-PWM_100 ****
make -r -j4 all 
Building file: ../Aplicacion/AP_UART_0.c
Building file: ../Aplicacion/MDE_PC_Mano.c
Building file: ../Aplicacion/Placa_Lucho_Mano-PWM_100.c
Invoking: MCU C Compiler
Invoking: MCU C Compiler
arm-none-eabi-gcc -DDEBUG -D__CODE_RED -DCORE_M3 -D__LPC17XX__ -D__REDLIB__ -I"/home/cha/UTN FRBA/info2_Proyecto_2018/MCU SERVOS-TPO Workspace/Placa_Lucho_Mano-PWM_100/Aplicacion/inc" -I"/home/cha/UTN FRBA/info2_Proyecto_2018/MCU SERVOS-TPO Workspace/Placa_Lucho_Mano-PWM_100/Drivers/inc" -I"/home/cha/UTN FRBA/info2_Proyecto_2018/MCU SERVOS-TPO Workspace/Placa_Lucho_Mano-PWM_100/Primitivas/inc" -O0 -fno-common -g3 -Wall -c -fmessage-length=0 -fno-builtin -ffunction-sections -fdata-sections -mcpu=cortex-m3 -mthumb -specs=redlib.specs -MMD -MP -MF"Aplicacion/AP_UART_0.d" -MT"Aplicacion/AP_UART_0.o" -MT"Aplicacion/AP_UART_0.d" -o "Aplicacion/AP_UART_0.o" "../Aplicacion/AP_UART_0.c"
Invoking: MCU C Compiler
arm-none-eabi-gcc -DDEBUG -D__CODE_RED -DCORE_M3 -D__LPC17XX__ -D__REDLIB__ -I"/home/cha/UTN FRBA/info2_Proyecto_2018/MCU SERVOS-TPO Workspace/Placa_Lucho_Mano-PWM_100/Aplicacion/inc" -I"/home/cha/UTN FRBA/info2_Proyecto_2018/MCU SERVOS-TPO Workspace/Placa_Lucho_Mano-PWM_100/Drivers/inc" -I"/home/cha/UTN FRBA/info2_Proyecto_2018/MCU SERVOS-TPO Workspace/Placa_Lucho_Mano-PWM_100/Primitivas/inc" -O0 -fno-common -g3 -Wall -c -fmessage-length=0 -fno-builtin -ffunction-sections -fdata-sections -mcpu=cortex-m3 -mthumb -specs=redlib.specs -MMD -MP -MF"Aplicacion/MDE_PC_Mano.d" -MT"Aplicacion/MDE_PC_Mano.o" -MT"Aplicacion/MDE_PC_Mano.d" -o "Aplicacion/MDE_PC_Mano.o" "../Aplicacion/MDE_PC_Mano.c"
arm-none-eabi-gcc -DDEBUG -D__CODE_RED -DCORE_M3 -D__LPC17XX__ -D__REDLIB__ -I"/home/cha/UTN FRBA/info2_Proyecto_2018/MCU SERVOS-TPO Workspace/Placa_Lucho_Mano-PWM_100/Aplicacion/inc" -I"/home/cha/UTN FRBA/info2_Proyecto_2018/MCU SERVOS-TPO Workspace/Placa_Lucho_Mano-PWM_100/Drivers/inc" -I"/home/cha/UTN FRBA/info2_Proyecto_2018/MCU SERVOS-TPO Workspace/Placa_Lucho_Mano-PWM_100/Primitivas/inc" -O0 -fno-common -g3 -Wall -c -fmessage-length=0 -fno-builtin -ffunction-sections -fdata-sections -mcpu=cortex-m3 -mthumb -specs=redlib.specs -MMD -MP -MF"Aplicacion/Placa_Lucho_Mano-PWM_100.d" -MT"Aplicacion/Placa_Lucho_Mano-PWM_100.o" -MT"Aplicacion/Placa_Lucho_Mano-PWM_100.d" -o "Aplicacion/Placa_Lucho_Mano-PWM_100.o" "../Aplicacion/Placa_Lucho_Mano-PWM_100.c"
../Aplicacion/AP_UART_0.c: In function 'leer_datos':
../Aplicacion/AP_UART_0.c:90:3: error: 'UART_Data' undeclared (first use in this function); did you mean 'UART3_IRQn'?
   UART_Data = ( trama_datos[0] << 8 ); // most significant byte
   ^~~~~~~~~
   UART3_IRQn
../Aplicacion/AP_UART_0.c:90:3: note: each undeclared identifier is reported only once for each function it appears in
../Aplicacion/AP_UART_0.c:93:3: error: 'f_UART_Data' undeclared (first use in this function); did you mean 'UART_Data'?
   f_UART_Data = 1;
   ^~~~~~~~~~~
   UART_Data
make: *** [Aplicacion/AP_UART_0.o] Error 1
make: *** Waiting for unfinished jobs....
Finished building: ../Aplicacion/Placa_Lucho_Mano-PWM_100.c
Finished building: ../Aplicacion/MDE_PC_Mano.c
 
 
14:48:17 **** Incremental Build of configuration Debug for project Placa_Lucho_Mano-PWM_100 ****
make -r -j4 all 
Building file: ../Aplicacion/AP_UART_0.c
Building file: ../Aplicacion/MDE_PC_Mano.c
Building file: ../Aplicacion/Placa_Lucho_Mano-PWM_100.c
Invoking: MCU C Compiler
Invoking: MCU C Compiler
arm-none-eabi-gcc -DDEBUG -D__CODE_RED -DCORE_M3 -D__LPC17XX__ -D__REDLIB__ -I"/home/cha/UTN FRBA/info2_Proyecto_2018/MCU SERVOS-TPO Workspace/Placa_Lucho_Mano-PWM_100/Aplicacion/inc" -I"/home/cha/UTN FRBA/info2_Proyecto_2018/MCU SERVOS-TPO Workspace/Placa_Lucho_Mano-PWM_100/Drivers/inc" -I"/home/cha/UTN FRBA/info2_Proyecto_2018/MCU SERVOS-TPO Workspace/Placa_Lucho_Mano-PWM_100/Primitivas/inc" -O0 -fno-common -g3 -Wall -c -fmessage-length=0 -fno-builtin -ffunction-sections -fdata-sections -mcpu=cortex-m3 -mthumb -specs=redlib.specs -MMD -MP -MF"Aplicacion/AP_UART_0.d" -MT"Aplicacion/AP_UART_0.o" -MT"Aplicacion/AP_UART_0.d" -o "Aplicacion/AP_UART_0.o" "../Aplicacion/AP_UART_0.c"
arm-none-eabi-gcc -DDEBUG -D__CODE_RED -DCORE_M3 -D__LPC17XX__ -D__REDLIB__ -I"/home/cha/UTN FRBA/info2_Proyecto_2018/MCU SERVOS-TPO Workspace/Placa_Lucho_Mano-PWM_100/Aplicacion/inc" -I"/home/cha/UTN FRBA/info2_Proyecto_2018/MCU SERVOS-TPO Workspace/Placa_Lucho_Mano-PWM_100/Drivers/inc" -I"/home/cha/UTN FRBA/info2_Proyecto_2018/MCU SERVOS-TPO Workspace/Placa_Lucho_Mano-PWM_100/Primitivas/inc" -O0 -fno-common -g3 -Wall -c -fmessage-length=0 -fno-builtin -ffunction-sections -fdata-sections -mcpu=cortex-m3 -mthumb -specs=redlib.specs -MMD -MP -MF"Aplicacion/MDE_PC_Mano.d" -MT"Aplicacion/MDE_PC_Mano.o" -MT"Aplicacion/MDE_PC_Mano.d" -o "Aplicacion/MDE_PC_Mano.o" "../Aplicacion/MDE_PC_Mano.c"
Invoking: MCU C Compiler
arm-none-eabi-gcc -DDEBUG -D__CODE_RED -DCORE_M3 -D__LPC17XX__ -D__REDLIB__ -I"/home/cha/UTN FRBA/info2_Proyecto_2018/MCU SERVOS-TPO Workspace/Placa_Lucho_Mano-PWM_100/Aplicacion/inc" -I"/home/cha/UTN FRBA/info2_Proyecto_2018/MCU SERVOS-TPO Workspace/Placa_Lucho_Mano-PWM_100/Drivers/inc" -I"/home/cha/UTN FRBA/info2_Proyecto_2018/MCU SERVOS-TPO Workspace/Placa_Lucho_Mano-PWM_100/Primitivas/inc" -O0 -fno-common -g3 -Wall -c -fmessage-length=0 -fno-builtin -ffunction-sections -fdata-sections -mcpu=cortex-m3 -mthumb -specs=redlib.specs -MMD -MP -MF"Aplicacion/Placa_Lucho_Mano-PWM_100.d" -MT"Aplicacion/Placa_Lucho_Mano-PWM_100.o" -MT"Aplicacion/Placa_Lucho_Mano-PWM_100.d" -o "Aplicacion/Placa_Lucho_Mano-PWM_100.o" "../Aplicacion/Placa_Lucho_Mano-PWM_100.c"
Finished building: ../Aplicacion/MDE_PC_Mano.c
 
Finished building: ../Aplicacion/Placa_Lucho_Mano-PWM_100.c
 
Finished building: ../Aplicacion/AP_UART_0.c
 
Building target: Placa_Lucho_Mano-PWM_100.axf
Invoking: MCU Linker
arm-none-eabi-gcc -nostdlib -Xlinker -Map="Placa_Lucho_Mano-PWM_100.map" -Xlinker --gc-sections -Xlinker -print-memory-usage -mcpu=cortex-m3 -mthumb -T "Placa_Lucho_Mano-PWM_100_Debug.ld" -o "Placa_Lucho_Mano-PWM_100.axf"  ./Primitivas/PR_LCD.o ./Primitivas/PR_PWM.o ./Primitivas/PR_Teclas.o ./Primitivas/PR_UART_0.o  ./Drivers/DR_GPIO.o ./Drivers/DR_Init.o ./Drivers/DR_LED_IO.o ./Drivers/DR_PINSEL.o ./Drivers/DR_PWM.o ./Drivers/DR_SysTick.o ./Drivers/DR_Teclas.o ./Drivers/DR_UART_0.o ./Drivers/FW_LCD.o ./Drivers/cr_startup_lpc175x_6x.o ./Drivers/crp.o  ./Aplicacion/AP_UART_0.o ./Aplicacion/MDE_Guante_Mano.o ./Aplicacion/MDE_PC_Mano.o ./Aplicacion/Placa_Lucho_Mano-PWM_100.o   
Memory region         Used Size  Region Size  %age Used
       MFlash512:       10580 B       512 KB      2.02%
        RamLoc32:         520 B        32 KB      1.59%
        RamAHB32:          0 GB        32 KB      0.00%
Finished building target: Placa_Lucho_Mano-PWM_100.axf
 
make --no-print-directory post-build
Performing post-build steps
arm-none-eabi-size "Placa_Lucho_Mano-PWM_100.axf"; # arm-none-eabi-objcopy -v -O binary "Placa_Lucho_Mano-PWM_100.axf" "Placa_Lucho_Mano-PWM_100.bin" ; # checksum -p LPC1769 -d "Placa_Lucho_Mano-PWM_100.bin";
   text	   data	    bss	    dec	    hex	filename
  10480	    100	    420	  11000	   2af8	Placa_Lucho_Mano-PWM_100.axf
 
15:00:14 **** Incremental Build of configuration Debug for project Placa_Lucho_Mano-PWM_100 ****
make -r -j4 all 
Building file: ../Aplicacion/AP_UART_0.c
Building file: ../Aplicacion/MDE_PC_Mano.c
Invoking: MCU C Compiler
arm-none-eabi-gcc -DDEBUG -D__CODE_RED -DCORE_M3 -D__LPC17XX__ -D__REDLIB__ -I"/home/cha/UTN FRBA/info2_Proyecto_2018/MCU SERVOS-TPO Workspace/Placa_Lucho_Mano-PWM_100/Aplicacion/inc" -I"/home/cha/UTN FRBA/info2_Proyecto_2018/MCU SERVOS-TPO Workspace/Placa_Lucho_Mano-PWM_100/Drivers/inc" -I"/home/cha/UTN FRBA/info2_Proyecto_2018/MCU SERVOS-TPO Workspace/Placa_Lucho_Mano-PWM_100/Primitivas/inc" -O0 -fno-common -g3 -Wall -c -fmessage-length=0 -fno-builtin -ffunction-sections -fdata-sections -mcpu=cortex-m3 -mthumb -specs=redlib.specs -MMD -MP -MF"Aplicacion/AP_UART_0.d" -MT"Aplicacion/AP_UART_0.o" -MT"Aplicacion/AP_UART_0.d" -o "Aplicacion/AP_UART_0.o" "../Aplicacion/AP_UART_0.c"
Invoking: MCU C Compiler
arm-none-eabi-gcc -DDEBUG -D__CODE_RED -DCORE_M3 -D__LPC17XX__ -D__REDLIB__ -I"/home/cha/UTN FRBA/info2_Proyecto_2018/MCU SERVOS-TPO Workspace/Placa_Lucho_Mano-PWM_100/Aplicacion/inc" -I"/home/cha/UTN FRBA/info2_Proyecto_2018/MCU SERVOS-TPO Workspace/Placa_Lucho_Mano-PWM_100/Drivers/inc" -I"/home/cha/UTN FRBA/info2_Proyecto_2018/MCU SERVOS-TPO Workspace/Placa_Lucho_Mano-PWM_100/Primitivas/inc" -O0 -fno-common -g3 -Wall -c -fmessage-length=0 -fno-builtin -ffunction-sections -fdata-sections -mcpu=cortex-m3 -mthumb -specs=redlib.specs -MMD -MP -MF"Aplicacion/MDE_PC_Mano.d" -MT"Aplicacion/MDE_PC_Mano.o" -MT"Aplicacion/MDE_PC_Mano.d" -o "Aplicacion/MDE_PC_Mano.o" "../Aplicacion/MDE_PC_Mano.c"
../Aplicacion/MDE_PC_Mano.c: In function 'MDE_PC_Mano':
../Aplicacion/MDE_PC_Mano.c:60:9: warning: variable 'ManoRecibida' set but not used [-Wunused-but-set-variable]
  Mano_t ManoRecibida;
         ^~~~~~~~~~~~
Finished building: ../Aplicacion/AP_UART_0.c
 
Finished building: ../Aplicacion/MDE_PC_Mano.c
 
Building target: Placa_Lucho_Mano-PWM_100.axf
Invoking: MCU Linker
arm-none-eabi-gcc -nostdlib -Xlinker -Map="Placa_Lucho_Mano-PWM_100.map" -Xlinker --gc-sections -Xlinker -print-memory-usage -mcpu=cortex-m3 -mthumb -T "Placa_Lucho_Mano-PWM_100_Debug.ld" -o "Placa_Lucho_Mano-PWM_100.axf"  ./Primitivas/PR_LCD.o ./Primitivas/PR_PWM.o ./Primitivas/PR_Teclas.o ./Primitivas/PR_UART_0.o  ./Drivers/DR_GPIO.o ./Drivers/DR_Init.o ./Drivers/DR_LED_IO.o ./Drivers/DR_PINSEL.o ./Drivers/DR_PWM.o ./Drivers/DR_SysTick.o ./Drivers/DR_Teclas.o ./Drivers/DR_UART_0.o ./Drivers/FW_LCD.o ./Drivers/cr_startup_lpc175x_6x.o ./Drivers/crp.o  ./Aplicacion/AP_UART_0.o ./Aplicacion/MDE_Guante_Mano.o ./Aplicacion/MDE_PC_Mano.o ./Aplicacion/Placa_Lucho_Mano-PWM_100.o   
Memory region         Used Size  Region Size  %age Used
       MFlash512:       10636 B       512 KB      2.03%
        RamLoc32:         520 B        32 KB      1.59%
        RamAHB32:          0 GB        32 KB      0.00%
Finished building target: Placa_Lucho_Mano-PWM_100.axf
 
make --no-print-directory post-build
Performing post-build steps
arm-none-eabi-size "Placa_Lucho_Mano-PWM_100.axf"; # arm-none-eabi-objcopy -v -O binary "Placa_Lucho_Mano-PWM_100.axf" "Placa_Lucho_Mano-PWM_100.bin" ; # checksum -p LPC1769 -d "Placa_Lucho_Mano-PWM_100.bin";
   text	   data	    bss	    dec	    hex	filename
  10536	    100	    420	  11056	   2b30	Placa_Lucho_Mano-PWM_100.axf
 
15:00:58 **** Incremental Build of configuration Debug for project Placa_Lucho_Mano-PWM_100 ****
make -r -j4 all 
Building file: ../Aplicacion/MDE_Guante_Mano.c
Building file: ../Aplicacion/Placa_Lucho_Mano-PWM_100.c
Invoking: MCU C Compiler
arm-none-eabi-gcc -DDEBUG -D__CODE_RED -DCORE_M3 -D__LPC17XX__ -D__REDLIB__ -I"/home/cha/UTN FRBA/info2_Proyecto_2018/MCU SERVOS-TPO Workspace/Placa_Lucho_Mano-PWM_100/Aplicacion/inc" -I"/home/cha/UTN FRBA/info2_Proyecto_2018/MCU SERVOS-TPO Workspace/Placa_Lucho_Mano-PWM_100/Drivers/inc" -I"/home/cha/UTN FRBA/info2_Proyecto_2018/MCU SERVOS-TPO Workspace/Placa_Lucho_Mano-PWM_100/Primitivas/inc" -O0 -fno-common -g3 -Wall -c -fmessage-length=0 -fno-builtin -ffunction-sections -fdata-sections -mcpu=cortex-m3 -mthumb -specs=redlib.specs -MMD -MP -MF"Aplicacion/MDE_Guante_Mano.d" -MT"Aplicacion/MDE_Guante_Mano.o" -MT"Aplicacion/MDE_Guante_Mano.d" -o "Aplicacion/MDE_Guante_Mano.o" "../Aplicacion/MDE_Guante_Mano.c"
Invoking: MCU C Compiler
arm-none-eabi-gcc -DDEBUG -D__CODE_RED -DCORE_M3 -D__LPC17XX__ -D__REDLIB__ -I"/home/cha/UTN FRBA/info2_Proyecto_2018/MCU SERVOS-TPO Workspace/Placa_Lucho_Mano-PWM_100/Aplicacion/inc" -I"/home/cha/UTN FRBA/info2_Proyecto_2018/MCU SERVOS-TPO Workspace/Placa_Lucho_Mano-PWM_100/Drivers/inc" -I"/home/cha/UTN FRBA/info2_Proyecto_2018/MCU SERVOS-TPO Workspace/Placa_Lucho_Mano-PWM_100/Primitivas/inc" -O0 -fno-common -g3 -Wall -c -fmessage-length=0 -fno-builtin -ffunction-sections -fdata-sections -mcpu=cortex-m3 -mthumb -specs=redlib.specs -MMD -MP -MF"Aplicacion/Placa_Lucho_Mano-PWM_100.d" -MT"Aplicacion/Placa_Lucho_Mano-PWM_100.o" -MT"Aplicacion/Placa_Lucho_Mano-PWM_100.d" -o "Aplicacion/Placa_Lucho_Mano-PWM_100.o" "../Aplicacion/Placa_Lucho_Mano-PWM_100.c"
Finished building: ../Aplicacion/MDE_Guante_Mano.c
 
Finished building: ../Aplicacion/Placa_Lucho_Mano-PWM_100.c
 
Building target: Placa_Lucho_Mano-PWM_100.axf
Invoking: MCU Linker
arm-none-eabi-gcc -nostdlib -Xlinker -Map="Placa_Lucho_Mano-PWM_100.map" -Xlinker --gc-sections -Xlinker -print-memory-usage -mcpu=cortex-m3 -mthumb -T "Placa_Lucho_Mano-PWM_100_Debug.ld" -o "Placa_Lucho_Mano-PWM_100.axf"  ./Primitivas/PR_LCD.o ./Primitivas/PR_PWM.o ./Primitivas/PR_Teclas.o ./Primitivas/PR_UART_0.o  ./Drivers/DR_GPIO.o ./Drivers/DR_Init.o ./Drivers/DR_LED_IO.o ./Drivers/DR_PINSEL.o ./Drivers/DR_PWM.o ./Drivers/DR_SysTick.o ./Drivers/DR_Teclas.o ./Drivers/DR_UART_0.o ./Drivers/FW_LCD.o ./Drivers/cr_startup_lpc175x_6x.o ./Drivers/crp.o  ./Aplicacion/AP_UART_0.o ./Aplicacion/MDE_Guante_Mano.o ./Aplicacion/MDE_PC_Mano.o ./Aplicacion/Placa_Lucho_Mano-PWM_100.o   
Memory region         Used Size  Region Size  %age Used
       MFlash512:       10636 B       512 KB      2.03%
        RamLoc32:         520 B        32 KB      1.59%
        RamAHB32:          0 GB        32 KB      0.00%
Finished building target: Placa_Lucho_Mano-PWM_100.axf
 
make --no-print-directory post-build
Performing post-build steps
arm-none-eabi-size "Placa_Lucho_Mano-PWM_100.axf"; # arm-none-eabi-objcopy -v -O binary "Placa_Lucho_Mano-PWM_100.axf" "Placa_Lucho_Mano-PWM_100.bin" ; # checksum -p LPC1769 -d "Placa_Lucho_Mano-PWM_100.bin";
   text	   data	    bss	    dec	    hex	filename
  10536	    100	    420	  11056	   2b30	Placa_Lucho_Mano-PWM_100.axf
 
15:11:54 **** Incremental Build of configuration Debug for project Placa_Lucho_Mano-PWM_100 ****
make -r -j4 all 
Building file: ../Primitivas/PR_LCD.c
Building file: ../Aplicacion/AP_UART_0.c
Invoking: MCU C Compiler
Invoking: MCU C Compiler
arm-none-eabi-gcc -DDEBUG -D__CODE_RED -DCORE_M3 -D__LPC17XX__ -D__REDLIB__ -I"/home/cha/UTN FRBA/info2_Proyecto_2018/MCU SERVOS-TPO Workspace/Placa_Lucho_Mano-PWM_100/Aplicacion/inc" -I"/home/cha/UTN FRBA/info2_Proyecto_2018/MCU SERVOS-TPO Workspace/Placa_Lucho_Mano-PWM_100/Drivers/inc" -I"/home/cha/UTN FRBA/info2_Proyecto_2018/MCU SERVOS-TPO Workspace/Placa_Lucho_Mano-PWM_100/Primitivas/inc" -O0 -fno-common -g3 -Wall -c -fmessage-length=0 -fno-builtin -ffunction-sections -fdata-sections -mcpu=cortex-m3 -mthumb -specs=redlib.specs -MMD -MP -MF"Primitivas/PR_LCD.d" -MT"Primitivas/PR_LCD.o" -MT"Primitivas/PR_LCD.d" -o "Primitivas/PR_LCD.o" "../Primitivas/PR_LCD.c"
Building file: ../Aplicacion/MDE_Guante_Mano.c
arm-none-eabi-gcc -DDEBUG -D__CODE_RED -DCORE_M3 -D__LPC17XX__ -D__REDLIB__ -I"/home/cha/UTN FRBA/info2_Proyecto_2018/MCU SERVOS-TPO Workspace/Placa_Lucho_Mano-PWM_100/Aplicacion/inc" -I"/home/cha/UTN FRBA/info2_Proyecto_2018/MCU SERVOS-TPO Workspace/Placa_Lucho_Mano-PWM_100/Drivers/inc" -I"/home/cha/UTN FRBA/info2_Proyecto_2018/MCU SERVOS-TPO Workspace/Placa_Lucho_Mano-PWM_100/Primitivas/inc" -O0 -fno-common -g3 -Wall -c -fmessage-length=0 -fno-builtin -ffunction-sections -fdata-sections -mcpu=cortex-m3 -mthumb -specs=redlib.specs -MMD -MP -MF"Aplicacion/AP_UART_0.d" -MT"Aplicacion/AP_UART_0.o" -MT"Aplicacion/AP_UART_0.d" -o "Aplicacion/AP_UART_0.o" "../Aplicacion/AP_UART_0.c"
Invoking: MCU C Compiler
Building file: ../Aplicacion/MDE_PC_Mano.c
arm-none-eabi-gcc -DDEBUG -D__CODE_RED -DCORE_M3 -D__LPC17XX__ -D__REDLIB__ -I"/home/cha/UTN FRBA/info2_Proyecto_2018/MCU SERVOS-TPO Workspace/Placa_Lucho_Mano-PWM_100/Aplicacion/inc" -I"/home/cha/UTN FRBA/info2_Proyecto_2018/MCU SERVOS-TPO Workspace/Placa_Lucho_Mano-PWM_100/Drivers/inc" -I"/home/cha/UTN FRBA/info2_Proyecto_2018/MCU SERVOS-TPO Workspace/Placa_Lucho_Mano-PWM_100/Primitivas/inc" -O0 -fno-common -g3 -Wall -c -fmessage-length=0 -fno-builtin -ffunction-sections -fdata-sections -mcpu=cortex-m3 -mthumb -specs=redlib.specs -MMD -MP -MF"Aplicacion/MDE_Guante_Mano.d" -MT"Aplicacion/MDE_Guante_Mano.o" -MT"Aplicacion/MDE_Guante_Mano.d" -o "Aplicacion/MDE_Guante_Mano.o" "../Aplicacion/MDE_Guante_Mano.c"
Invoking: MCU C Compiler
arm-none-eabi-gcc -DDEBUG -D__CODE_RED -DCORE_M3 -D__LPC17XX__ -D__REDLIB__ -I"/home/cha/UTN FRBA/info2_Proyecto_2018/MCU SERVOS-TPO Workspace/Placa_Lucho_Mano-PWM_100/Aplicacion/inc" -I"/home/cha/UTN FRBA/info2_Proyecto_2018/MCU SERVOS-TPO Workspace/Placa_Lucho_Mano-PWM_100/Drivers/inc" -I"/home/cha/UTN FRBA/info2_Proyecto_2018/MCU SERVOS-TPO Workspace/Placa_Lucho_Mano-PWM_100/Primitivas/inc" -O0 -fno-common -g3 -Wall -c -fmessage-length=0 -fno-builtin -ffunction-sections -fdata-sections -mcpu=cortex-m3 -mthumb -specs=redlib.specs -MMD -MP -MF"Aplicacion/MDE_PC_Mano.d" -MT"Aplicacion/MDE_PC_Mano.o" -MT"Aplicacion/MDE_PC_Mano.d" -o "Aplicacion/MDE_PC_Mano.o" "../Aplicacion/MDE_PC_Mano.c"
Finished building: ../Aplicacion/AP_UART_0.c
../Aplicacion/MDE_Guante_Mano.c: In function 'MDE_Guante_Mano':
../Aplicacion/MDE_Guante_Mano.c:72:4: warning: implicit declaration of function 'LCD_DisplayMsg' [-Wimplicit-function-declaration]
 
    LCD_DisplayMsg( "M: Guante -> Mano", LCD_RENGLON_1, 0);
    ^~~~~~~~~~~~~~
../Aplicacion/MDE_Guante_Mano.c:72:41: error: 'LCD_RENGLON_1' undeclared (first use in this function)
    LCD_DisplayMsg( "M: Guante -> Mano", LCD_RENGLON_1, 0);
                                         ^~~~~~~~~~~~~
Building file: ../Aplicacion/Placa_Lucho_Mano-PWM_100.c
../Aplicacion/MDE_Guante_Mano.c:72:41: note: each undeclared identifier is reported only once for each function it appears in
make: *** [Aplicacion/MDE_Guante_Mano.o] Error 1
make: *** Waiting for unfinished jobs....
Invoking: MCU C Compiler
arm-none-eabi-gcc -DDEBUG -D__CODE_RED -DCORE_M3 -D__LPC17XX__ -D__REDLIB__ -I"/home/cha/UTN FRBA/info2_Proyecto_2018/MCU SERVOS-TPO Workspace/Placa_Lucho_Mano-PWM_100/Aplicacion/inc" -I"/home/cha/UTN FRBA/info2_Proyecto_2018/MCU SERVOS-TPO Workspace/Placa_Lucho_Mano-PWM_100/Drivers/inc" -I"/home/cha/UTN FRBA/info2_Proyecto_2018/MCU SERVOS-TPO Workspace/Placa_Lucho_Mano-PWM_100/Primitivas/inc" -O0 -fno-common -g3 -Wall -c -fmessage-length=0 -fno-builtin -ffunction-sections -fdata-sections -mcpu=cortex-m3 -mthumb -specs=redlib.specs -MMD -MP -MF"Aplicacion/Placa_Lucho_Mano-PWM_100.d" -MT"Aplicacion/Placa_Lucho_Mano-PWM_100.o" -MT"Aplicacion/Placa_Lucho_Mano-PWM_100.d" -o "Aplicacion/Placa_Lucho_Mano-PWM_100.o" "../Aplicacion/Placa_Lucho_Mano-PWM_100.c"
../Aplicacion/MDE_PC_Mano.c: In function 'MDE_PC_Mano':
../Aplicacion/MDE_PC_Mano.c:63:3: warning: implicit declaration of function 'LCD_DisplayMsg' [-Wimplicit-function-declaration]
   LCD_DisplayMsg("> MANO INACTIVA.", LCD_RENGLON_1, 0);
   ^~~~~~~~~~~~~~
../Aplicacion/MDE_PC_Mano.c:63:38: error: 'LCD_RENGLON_1' undeclared (first use in this function)
   LCD_DisplayMsg("> MANO INACTIVA.", LCD_RENGLON_1, 0);
                                      ^~~~~~~~~~~~~
../Aplicacion/MDE_PC_Mano.c:63:38: note: each undeclared identifier is reported only once for each function it appears in
Finished building: ../Primitivas/PR_LCD.c
../Aplicacion/MDE_PC_Mano.c:64:38: error: 'LCD_RENGLON_2' undeclared (first use in this function); did you mean 'LCD_RENGLON_1'?
   LCD_DisplayMsg("> TPO Manotronic", LCD_RENGLON_2, 0);
                                      ^~~~~~~~~~~~~
                                      LCD_RENGLON_1
../Aplicacion/MDE_PC_Mano.c:58:9: warning: variable 'ManoRecibida' set but not used [-Wunused-but-set-variable]
  Mano_t ManoRecibida;
         ^~~~~~~~~~~~
 
make: *** [Aplicacion/MDE_PC_Mano.o] Error 1
Finished building: ../Aplicacion/Placa_Lucho_Mano-PWM_100.c
 
15:12:08 **** Incremental Build of configuration Debug for project Placa_Lucho_Mano-PWM_100 ****
make -r -j4 all 
Building file: ../Aplicacion/MDE_Guante_Mano.c
Building file: ../Aplicacion/Placa_Lucho_Mano-PWM_100.c
Building file: ../Aplicacion/MDE_PC_Mano.c
Invoking: MCU C Compiler
Invoking: MCU C Compiler
Invoking: MCU C Compiler
arm-none-eabi-gcc -DDEBUG -D__CODE_RED -DCORE_M3 -D__LPC17XX__ -D__REDLIB__ -I"/home/cha/UTN FRBA/info2_Proyecto_2018/MCU SERVOS-TPO Workspace/Placa_Lucho_Mano-PWM_100/Aplicacion/inc" -I"/home/cha/UTN FRBA/info2_Proyecto_2018/MCU SERVOS-TPO Workspace/Placa_Lucho_Mano-PWM_100/Drivers/inc" -I"/home/cha/UTN FRBA/info2_Proyecto_2018/MCU SERVOS-TPO Workspace/Placa_Lucho_Mano-PWM_100/Primitivas/inc" -O0 -fno-common -g3 -Wall -c -fmessage-length=0 -fno-builtin -ffunction-sections -fdata-sections -mcpu=cortex-m3 -mthumb -specs=redlib.specs -MMD -MP -MF"Aplicacion/MDE_Guante_Mano.d" -MT"Aplicacion/MDE_Guante_Mano.o" -MT"Aplicacion/MDE_Guante_Mano.d" -o "Aplicacion/MDE_Guante_Mano.o" "../Aplicacion/MDE_Guante_Mano.c"
arm-none-eabi-gcc -DDEBUG -D__CODE_RED -DCORE_M3 -D__LPC17XX__ -D__REDLIB__ -I"/home/cha/UTN FRBA/info2_Proyecto_2018/MCU SERVOS-TPO Workspace/Placa_Lucho_Mano-PWM_100/Aplicacion/inc" -I"/home/cha/UTN FRBA/info2_Proyecto_2018/MCU SERVOS-TPO Workspace/Placa_Lucho_Mano-PWM_100/Drivers/inc" -I"/home/cha/UTN FRBA/info2_Proyecto_2018/MCU SERVOS-TPO Workspace/Placa_Lucho_Mano-PWM_100/Primitivas/inc" -O0 -fno-common -g3 -Wall -c -fmessage-length=0 -fno-builtin -ffunction-sections -fdata-sections -mcpu=cortex-m3 -mthumb -specs=redlib.specs -MMD -MP -MF"Aplicacion/MDE_PC_Mano.d" -MT"Aplicacion/MDE_PC_Mano.o" -MT"Aplicacion/MDE_PC_Mano.d" -o "Aplicacion/MDE_PC_Mano.o" "../Aplicacion/MDE_PC_Mano.c"
arm-none-eabi-gcc -DDEBUG -D__CODE_RED -DCORE_M3 -D__LPC17XX__ -D__REDLIB__ -I"/home/cha/UTN FRBA/info2_Proyecto_2018/MCU SERVOS-TPO Workspace/Placa_Lucho_Mano-PWM_100/Aplicacion/inc" -I"/home/cha/UTN FRBA/info2_Proyecto_2018/MCU SERVOS-TPO Workspace/Placa_Lucho_Mano-PWM_100/Drivers/inc" -I"/home/cha/UTN FRBA/info2_Proyecto_2018/MCU SERVOS-TPO Workspace/Placa_Lucho_Mano-PWM_100/Primitivas/inc" -O0 -fno-common -g3 -Wall -c -fmessage-length=0 -fno-builtin -ffunction-sections -fdata-sections -mcpu=cortex-m3 -mthumb -specs=redlib.specs -MMD -MP -MF"Aplicacion/Placa_Lucho_Mano-PWM_100.d" -MT"Aplicacion/Placa_Lucho_Mano-PWM_100.o" -MT"Aplicacion/Placa_Lucho_Mano-PWM_100.d" -o "Aplicacion/Placa_Lucho_Mano-PWM_100.o" "../Aplicacion/Placa_Lucho_Mano-PWM_100.c"
../Aplicacion/MDE_Guante_Mano.c: In function 'MDE_Guante_Mano':
../Aplicacion/MDE_Guante_Mano.c:72:4: warning: implicit declaration of function 'LCD_DisplayMsg' [-Wimplicit-function-declaration]
    LCD_DisplayMsg( "M: Guante -> Mano", LCD_RENGLON_1, 0);
    ^~~~~~~~~~~~~~
../Aplicacion/MDE_PC_Mano.c: In function 'MDE_PC_Mano':
../Aplicacion/MDE_PC_Mano.c:58:9: warning: variable 'ManoRecibida' set but not used [-Wunused-but-set-variable]
  Mano_t ManoRecibida;
         ^~~~~~~~~~~~
../Aplicacion/MDE_Guante_Mano.c:72:41: error: 'LCD_RENGLON_1' undeclared (first use in this function)
    LCD_DisplayMsg( "M: Guante -> Mano", LCD_RENGLON_1, 0);
                                         ^~~~~~~~~~~~~
../Aplicacion/MDE_Guante_Mano.c:72:41: note: each undeclared identifier is reported only once for each function it appears in
make: *** [Aplicacion/MDE_Guante_Mano.o] Error 1
make: *** Waiting for unfinished jobs....
Finished building: ../Aplicacion/Placa_Lucho_Mano-PWM_100.c
 
Finished building: ../Aplicacion/MDE_PC_Mano.c
 
15:12:49 **** Incremental Build of configuration Debug for project Placa_Lucho_Mano-PWM_100 ****
make -r -j4 all 
Building file: ../Aplicacion/MDE_Guante_Mano.c
Building file: ../Aplicacion/MDE_PC_Mano.c
Invoking: MCU C Compiler
arm-none-eabi-gcc -DDEBUG -D__CODE_RED -DCORE_M3 -D__LPC17XX__ -D__REDLIB__ -I"/home/cha/UTN FRBA/info2_Proyecto_2018/MCU SERVOS-TPO Workspace/Placa_Lucho_Mano-PWM_100/Aplicacion/inc" -I"/home/cha/UTN FRBA/info2_Proyecto_2018/MCU SERVOS-TPO Workspace/Placa_Lucho_Mano-PWM_100/Drivers/inc" -I"/home/cha/UTN FRBA/info2_Proyecto_2018/MCU SERVOS-TPO Workspace/Placa_Lucho_Mano-PWM_100/Primitivas/inc" -O0 -fno-common -g3 -Wall -c -fmessage-length=0 -fno-builtin -ffunction-sections -fdata-sections -mcpu=cortex-m3 -mthumb -specs=redlib.specs -MMD -MP -MF"Aplicacion/MDE_Guante_Mano.d" -MT"Aplicacion/MDE_Guante_Mano.o" -MT"Aplicacion/MDE_Guante_Mano.d" -o "Aplicacion/MDE_Guante_Mano.o" "../Aplicacion/MDE_Guante_Mano.c"
Invoking: MCU C Compiler
arm-none-eabi-gcc -DDEBUG -D__CODE_RED -DCORE_M3 -D__LPC17XX__ -D__REDLIB__ -I"/home/cha/UTN FRBA/info2_Proyecto_2018/MCU SERVOS-TPO Workspace/Placa_Lucho_Mano-PWM_100/Aplicacion/inc" -I"/home/cha/UTN FRBA/info2_Proyecto_2018/MCU SERVOS-TPO Workspace/Placa_Lucho_Mano-PWM_100/Drivers/inc" -I"/home/cha/UTN FRBA/info2_Proyecto_2018/MCU SERVOS-TPO Workspace/Placa_Lucho_Mano-PWM_100/Primitivas/inc" -O0 -fno-common -g3 -Wall -c -fmessage-length=0 -fno-builtin -ffunction-sections -fdata-sections -mcpu=cortex-m3 -mthumb -specs=redlib.specs -MMD -MP -MF"Aplicacion/MDE_PC_Mano.d" -MT"Aplicacion/MDE_PC_Mano.o" -MT"Aplicacion/MDE_PC_Mano.d" -o "Aplicacion/MDE_PC_Mano.o" "../Aplicacion/MDE_PC_Mano.c"
Building file: ../Aplicacion/Placa_Lucho_Mano-PWM_100.c
Invoking: MCU C Compiler
arm-none-eabi-gcc -DDEBUG -D__CODE_RED -DCORE_M3 -D__LPC17XX__ -D__REDLIB__ -I"/home/cha/UTN FRBA/info2_Proyecto_2018/MCU SERVOS-TPO Workspace/Placa_Lucho_Mano-PWM_100/Aplicacion/inc" -I"/home/cha/UTN FRBA/info2_Proyecto_2018/MCU SERVOS-TPO Workspace/Placa_Lucho_Mano-PWM_100/Drivers/inc" -I"/home/cha/UTN FRBA/info2_Proyecto_2018/MCU SERVOS-TPO Workspace/Placa_Lucho_Mano-PWM_100/Primitivas/inc" -O0 -fno-common -g3 -Wall -c -fmessage-length=0 -fno-builtin -ffunction-sections -fdata-sections -mcpu=cortex-m3 -mthumb -specs=redlib.specs -MMD -MP -MF"Aplicacion/Placa_Lucho_Mano-PWM_100.d" -MT"Aplicacion/Placa_Lucho_Mano-PWM_100.o" -MT"Aplicacion/Placa_Lucho_Mano-PWM_100.d" -o "Aplicacion/Placa_Lucho_Mano-PWM_100.o" "../Aplicacion/Placa_Lucho_Mano-PWM_100.c"
../Aplicacion/MDE_PC_Mano.c: In function 'MDE_PC_Mano':
../Aplicacion/MDE_PC_Mano.c:58:9: warning: variable 'ManoRecibida' set but not used [-Wunused-but-set-variable]
  Mano_t ManoRecibida;
         ^~~~~~~~~~~~
Finished building: ../Aplicacion/MDE_Guante_Mano.c
 
Finished building: ../Aplicacion/MDE_PC_Mano.c
 
Finished building: ../Aplicacion/Placa_Lucho_Mano-PWM_100.c
 
Building target: Placa_Lucho_Mano-PWM_100.axf
Invoking: MCU Linker
arm-none-eabi-gcc -nostdlib -Xlinker -Map="Placa_Lucho_Mano-PWM_100.map" -Xlinker --gc-sections -Xlinker -print-memory-usage -mcpu=cortex-m3 -mthumb -T "Placa_Lucho_Mano-PWM_100_Debug.ld" -o "Placa_Lucho_Mano-PWM_100.axf"  ./Primitivas/PR_LCD.o ./Primitivas/PR_PWM.o ./Primitivas/PR_Teclas.o ./Primitivas/PR_UART_0.o  ./Drivers/DR_GPIO.o ./Drivers/DR_Init.o ./Drivers/DR_LED_IO.o ./Drivers/DR_PINSEL.o ./Drivers/DR_PWM.o ./Drivers/DR_SysTick.o ./Drivers/DR_Teclas.o ./Drivers/DR_UART_0.o ./Drivers/FW_LCD.o ./Drivers/cr_startup_lpc175x_6x.o ./Drivers/crp.o  ./Aplicacion/AP_UART_0.o ./Aplicacion/MDE_Guante_Mano.o ./Aplicacion/MDE_PC_Mano.o ./Aplicacion/Placa_Lucho_Mano-PWM_100.o   
Memory region         Used Size  Region Size  %age Used
       MFlash512:       10928 B       512 KB      2.08%
        RamLoc32:         520 B        32 KB      1.59%
        RamAHB32:          0 GB        32 KB      0.00%
Finished building target: Placa_Lucho_Mano-PWM_100.axf
 
make --no-print-directory post-build
Performing post-build steps
arm-none-eabi-size "Placa_Lucho_Mano-PWM_100.axf"; # arm-none-eabi-objcopy -v -O binary "Placa_Lucho_Mano-PWM_100.axf" "Placa_Lucho_Mano-PWM_100.bin" ; # checksum -p LPC1769 -d "Placa_Lucho_Mano-PWM_100.bin";
   text	   data	    bss	    dec	    hex	filename
  10828	    100	    420	  11348	   2c54	Placa_Lucho_Mano-PWM_100.axf
 
15:12:56 **** Incremental Build of configuration Debug for project Placa_Lucho_Mano-PWM_100 ****
make -r -j4 all 
make: Nothing to be done for `all'.
15:17:44 **** Incremental Build of configuration Debug for project Placa_Lucho_Mano-PWM_100 ****
make -r -j4 all 
Building file: ../Aplicacion/Placa_Lucho_Mano-PWM_100.c
Invoking: MCU C Compiler
arm-none-eabi-gcc -DDEBUG -D__CODE_RED -DCORE_M3 -D__LPC17XX__ -D__REDLIB__ -I"/home/cha/UTN FRBA/info2_Proyecto_2018/MCU SERVOS-TPO Workspace/Placa_Lucho_Mano-PWM_100/Aplicacion/inc" -I"/home/cha/UTN FRBA/info2_Proyecto_2018/MCU SERVOS-TPO Workspace/Placa_Lucho_Mano-PWM_100/Drivers/inc" -I"/home/cha/UTN FRBA/info2_Proyecto_2018/MCU SERVOS-TPO Workspace/Placa_Lucho_Mano-PWM_100/Primitivas/inc" -O0 -fno-common -g3 -Wall -c -fmessage-length=0 -fno-builtin -ffunction-sections -fdata-sections -mcpu=cortex-m3 -mthumb -specs=redlib.specs -MMD -MP -MF"Aplicacion/Placa_Lucho_Mano-PWM_100.d" -MT"Aplicacion/Placa_Lucho_Mano-PWM_100.o" -MT"Aplicacion/Placa_Lucho_Mano-PWM_100.d" -o "Aplicacion/Placa_Lucho_Mano-PWM_100.o" "../Aplicacion/Placa_Lucho_Mano-PWM_100.c"
../Aplicacion/Placa_Lucho_Mano-PWM_100.c: In function 'main':
../Aplicacion/Placa_Lucho_Mano-PWM_100.c:34:6: error: 'key' undeclared (first use in this function)
      key = GetKey();
      ^~~
../Aplicacion/Placa_Lucho_Mano-PWM_100.c:34:6: note: each undeclared identifier is reported only once for each function it appears in
make: *** [Aplicacion/Placa_Lucho_Mano-PWM_100.o] Error 1
15:17:55 **** Incremental Build of configuration Debug for project Placa_Lucho_Mano-PWM_100 ****
make -r -j4 all 
Building file: ../Aplicacion/Placa_Lucho_Mano-PWM_100.c
Invoking: MCU C Compiler
arm-none-eabi-gcc -DDEBUG -D__CODE_RED -DCORE_M3 -D__LPC17XX__ -D__REDLIB__ -I"/home/cha/UTN FRBA/info2_Proyecto_2018/MCU SERVOS-TPO Workspace/Placa_Lucho_Mano-PWM_100/Aplicacion/inc" -I"/home/cha/UTN FRBA/info2_Proyecto_2018/MCU SERVOS-TPO Workspace/Placa_Lucho_Mano-PWM_100/Drivers/inc" -I"/home/cha/UTN FRBA/info2_Proyecto_2018/MCU SERVOS-TPO Workspace/Placa_Lucho_Mano-PWM_100/Primitivas/inc" -O0 -fno-common -g3 -Wall -c -fmessage-length=0 -fno-builtin -ffunction-sections -fdata-sections -mcpu=cortex-m3 -mthumb -specs=redlib.specs -MMD -MP -MF"Aplicacion/Placa_Lucho_Mano-PWM_100.d" -MT"Aplicacion/Placa_Lucho_Mano-PWM_100.o" -MT"Aplicacion/Placa_Lucho_Mano-PWM_100.d" -o "Aplicacion/Placa_Lucho_Mano-PWM_100.o" "../Aplicacion/Placa_Lucho_Mano-PWM_100.c"
Finished building: ../Aplicacion/Placa_Lucho_Mano-PWM_100.c
 
Building target: Placa_Lucho_Mano-PWM_100.axf
Invoking: MCU Linker
arm-none-eabi-gcc -nostdlib -Xlinker -Map="Placa_Lucho_Mano-PWM_100.map" -Xlinker --gc-sections -Xlinker -print-memory-usage -mcpu=cortex-m3 -mthumb -T "Placa_Lucho_Mano-PWM_100_Debug.ld" -o "Placa_Lucho_Mano-PWM_100.axf"  ./Primitivas/PR_LCD.o ./Primitivas/PR_PWM.o ./Primitivas/PR_Teclas.o ./Primitivas/PR_UART_0.o  ./Drivers/DR_GPIO.o ./Drivers/DR_Init.o ./Drivers/DR_LED_IO.o ./Drivers/DR_PINSEL.o ./Drivers/DR_PWM.o ./Drivers/DR_SysTick.o ./Drivers/DR_Teclas.o ./Drivers/DR_UART_0.o ./Drivers/FW_LCD.o ./Drivers/cr_startup_lpc175x_6x.o ./Drivers/crp.o  ./Aplicacion/AP_UART_0.o ./Aplicacion/MDE_Guante_Mano.o ./Aplicacion/MDE_PC_Mano.o ./Aplicacion/Placa_Lucho_Mano-PWM_100.o   
Memory region         Used Size  Region Size  %age Used
       MFlash512:       10928 B       512 KB      2.08%
        RamLoc32:         520 B        32 KB      1.59%
        RamAHB32:          0 GB        32 KB      0.00%
Finished building target: Placa_Lucho_Mano-PWM_100.axf
 
make --no-print-directory post-build
Performing post-build steps
arm-none-eabi-size "Placa_Lucho_Mano-PWM_100.axf"; # arm-none-eabi-objcopy -v -O binary "Placa_Lucho_Mano-PWM_100.axf" "Placa_Lucho_Mano-PWM_100.bin" ; # checksum -p LPC1769 -d "Placa_Lucho_Mano-PWM_100.bin";
   text	   data	    bss	    dec	    hex	filename
  10828	    100	    420	  11348	   2c54	Placa_Lucho_Mano-PWM_100.axf
 
15:18:03 **** Incremental Build of configuration Debug for project Placa_Lucho_Mano-PWM_100 ****
make -r -j4 all 
make: Nothing to be done for `all'.
15:24:29 **** Incremental Build of configuration Debug for project Placa_Lucho_Mano-PWM_100 ****
make -r -j4 all 
Building file: ../Aplicacion/MDE_Guante_Mano.c
Building file: ../Aplicacion/MDE_PC_Mano.c
Building file: ../Aplicacion/Placa_Lucho_Mano-PWM_100.c
Invoking: MCU C Compiler
Invoking: MCU C Compiler
arm-none-eabi-gcc -DDEBUG -D__CODE_RED -DCORE_M3 -D__LPC17XX__ -D__REDLIB__ -I"/home/cha/UTN FRBA/info2_Proyecto_2018/MCU SERVOS-TPO Workspace/Placa_Lucho_Mano-PWM_100/Aplicacion/inc" -I"/home/cha/UTN FRBA/info2_Proyecto_2018/MCU SERVOS-TPO Workspace/Placa_Lucho_Mano-PWM_100/Drivers/inc" -I"/home/cha/UTN FRBA/info2_Proyecto_2018/MCU SERVOS-TPO Workspace/Placa_Lucho_Mano-PWM_100/Primitivas/inc" -O0 -fno-common -g3 -Wall -c -fmessage-length=0 -fno-builtin -ffunction-sections -fdata-sections -mcpu=cortex-m3 -mthumb -specs=redlib.specs -MMD -MP -MF"Aplicacion/MDE_Guante_Mano.d" -MT"Aplicacion/MDE_Guante_Mano.o" -MT"Aplicacion/MDE_Guante_Mano.d" -o "Aplicacion/MDE_Guante_Mano.o" "../Aplicacion/MDE_Guante_Mano.c"
Invoking: MCU C Compiler
arm-none-eabi-gcc -DDEBUG -D__CODE_RED -DCORE_M3 -D__LPC17XX__ -D__REDLIB__ -I"/home/cha/UTN FRBA/info2_Proyecto_2018/MCU SERVOS-TPO Workspace/Placa_Lucho_Mano-PWM_100/Aplicacion/inc" -I"/home/cha/UTN FRBA/info2_Proyecto_2018/MCU SERVOS-TPO Workspace/Placa_Lucho_Mano-PWM_100/Drivers/inc" -I"/home/cha/UTN FRBA/info2_Proyecto_2018/MCU SERVOS-TPO Workspace/Placa_Lucho_Mano-PWM_100/Primitivas/inc" -O0 -fno-common -g3 -Wall -c -fmessage-length=0 -fno-builtin -ffunction-sections -fdata-sections -mcpu=cortex-m3 -mthumb -specs=redlib.specs -MMD -MP -MF"Aplicacion/MDE_PC_Mano.d" -MT"Aplicacion/MDE_PC_Mano.o" -MT"Aplicacion/MDE_PC_Mano.d" -o "Aplicacion/MDE_PC_Mano.o" "../Aplicacion/MDE_PC_Mano.c"
../Aplicacion/MDE_PC_Mano.c: In function 'MDE_PC_Mano':
arm-none-eabi-gcc -DDEBUG -D__CODE_RED -DCORE_M3 -D__LPC17XX__ -D__REDLIB__ -I"/home/cha/UTN FRBA/info2_Proyecto_2018/MCU SERVOS-TPO Workspace/Placa_Lucho_Mano-PWM_100/Aplicacion/inc" -I"/home/cha/UTN FRBA/info2_Proyecto_2018/MCU SERVOS-TPO Workspace/Placa_Lucho_Mano-PWM_100/Drivers/inc" -I"/home/cha/UTN FRBA/info2_Proyecto_2018/MCU SERVOS-TPO Workspace/Placa_Lucho_Mano-PWM_100/Primitivas/inc" -O0 -fno-common -g3 -Wall -c -fmessage-length=0 -fno-builtin -ffunction-sections -fdata-sections -mcpu=cortex-m3 -mthumb -specs=redlib.specs -MMD -MP -MF"Aplicacion/Placa_Lucho_Mano-PWM_100.d" -MT"Aplicacion/Placa_Lucho_Mano-PWM_100.o" -MT"Aplicacion/Placa_Lucho_Mano-PWM_100.d" -o "Aplicacion/Placa_Lucho_Mano-PWM_100.o" "../Aplicacion/Placa_Lucho_Mano-PWM_100.c"
../Aplicacion/MDE_PC_Mano.c:58:9: warning: variable 'ManoRecibida' set but not used [-Wunused-but-set-variable]
  Mano_t ManoRecibida;
         ^~~~~~~~~~~~
../Aplicacion/Placa_Lucho_Mano-PWM_100.c: In function 'main':
../Aplicacion/Placa_Lucho_Mano-PWM_100.c:32:18: warning: passing argument 1 of 'MDE_PC_Mano' from incompatible pointer type [-Wincompatible-pointer-types]
      MDE_PC_Mano(&main_status);
                  ^
In file included from ../Aplicacion/Placa_Lucho_Mano-PWM_100.c:19:0:
/home/cha/UTN FRBA/info2_Proyecto_2018/MCU SERVOS-TPO Workspace/Placa_Lucho_Mano-PWM_100/Aplicacion/inc/MDE_PC_Mano.h:46:6: note: expected 'volatile uint8_t * {aka volatile unsigned char *}' but argument is of type 'volatile uint8_t ** {aka volatile unsigned char **}'
 void MDE_PC_Mano(volatile uint8_t *main_status);
      ^~~~~~~~~~~
../Aplicacion/Placa_Lucho_Mano-PWM_100.c:33:22: warning: passing argument 1 of 'MDE_Guante_Mano' from incompatible pointer type [-Wincompatible-pointer-types]
Finished building: ../Aplicacion/MDE_PC_Mano.c
Finished building: ../Aplicacion/MDE_Guante_Mano.c
      MDE_Guante_Mano(&main_status);
                      ^
In file included from ../Aplicacion/Placa_Lucho_Mano-PWM_100.c:20:0:
/home/cha/UTN FRBA/info2_Proyecto_2018/MCU SERVOS-TPO Workspace/Placa_Lucho_Mano-PWM_100/Aplicacion/inc/MDE_Guante_Mano.h:47:6: note: expected 'volatile uint8_t * {aka volatile unsigned char *}' but argument is of type 'volatile uint8_t ** {aka volatile unsigned char **}'
 void MDE_Guante_Mano(volatile uint8_t *main_status);
      ^~~~~~~~~~~~~~~
 
 
Finished building: ../Aplicacion/Placa_Lucho_Mano-PWM_100.c
 
Building target: Placa_Lucho_Mano-PWM_100.axf
Invoking: MCU Linker
arm-none-eabi-gcc -nostdlib -Xlinker -Map="Placa_Lucho_Mano-PWM_100.map" -Xlinker --gc-sections -Xlinker -print-memory-usage -mcpu=cortex-m3 -mthumb -T "Placa_Lucho_Mano-PWM_100_Debug.ld" -o "Placa_Lucho_Mano-PWM_100.axf"  ./Primitivas/PR_LCD.o ./Primitivas/PR_PWM.o ./Primitivas/PR_Teclas.o ./Primitivas/PR_UART_0.o  ./Drivers/DR_GPIO.o ./Drivers/DR_Init.o ./Drivers/DR_LED_IO.o ./Drivers/DR_PINSEL.o ./Drivers/DR_PWM.o ./Drivers/DR_SysTick.o ./Drivers/DR_Teclas.o ./Drivers/DR_UART_0.o ./Drivers/FW_LCD.o ./Drivers/cr_startup_lpc175x_6x.o ./Drivers/crp.o  ./Aplicacion/AP_UART_0.o ./Aplicacion/MDE_Guante_Mano.o ./Aplicacion/MDE_PC_Mano.o ./Aplicacion/Placa_Lucho_Mano-PWM_100.o   
Memory region         Used Size  Region Size  %age Used
       MFlash512:       10992 B       512 KB      2.10%
        RamLoc32:         520 B        32 KB      1.59%
        RamAHB32:          0 GB        32 KB      0.00%
Finished building target: Placa_Lucho_Mano-PWM_100.axf
 
make --no-print-directory post-build
Performing post-build steps
arm-none-eabi-size "Placa_Lucho_Mano-PWM_100.axf"; # arm-none-eabi-objcopy -v -O binary "Placa_Lucho_Mano-PWM_100.axf" "Placa_Lucho_Mano-PWM_100.bin" ; # checksum -p LPC1769 -d "Placa_Lucho_Mano-PWM_100.bin";
   text	   data	    bss	    dec	    hex	filename
  10892	    100	    420	  11412	   2c94	Placa_Lucho_Mano-PWM_100.axf
 
15:24:53 **** Incremental Build of configuration Debug for project Placa_Lucho_Mano-PWM_100 ****
make -r -j4 all 
Building file: ../Aplicacion/Placa_Lucho_Mano-PWM_100.c
Invoking: MCU C Compiler
arm-none-eabi-gcc -DDEBUG -D__CODE_RED -DCORE_M3 -D__LPC17XX__ -D__REDLIB__ -I"/home/cha/UTN FRBA/info2_Proyecto_2018/MCU SERVOS-TPO Workspace/Placa_Lucho_Mano-PWM_100/Aplicacion/inc" -I"/home/cha/UTN FRBA/info2_Proyecto_2018/MCU SERVOS-TPO Workspace/Placa_Lucho_Mano-PWM_100/Drivers/inc" -I"/home/cha/UTN FRBA/info2_Proyecto_2018/MCU SERVOS-TPO Workspace/Placa_Lucho_Mano-PWM_100/Primitivas/inc" -O0 -fno-common -g3 -Wall -c -fmessage-length=0 -fno-builtin -ffunction-sections -fdata-sections -mcpu=cortex-m3 -mthumb -specs=redlib.specs -MMD -MP -MF"Aplicacion/Placa_Lucho_Mano-PWM_100.d" -MT"Aplicacion/Placa_Lucho_Mano-PWM_100.o" -MT"Aplicacion/Placa_Lucho_Mano-PWM_100.d" -o "Aplicacion/Placa_Lucho_Mano-PWM_100.o" "../Aplicacion/Placa_Lucho_Mano-PWM_100.c"
Finished building: ../Aplicacion/Placa_Lucho_Mano-PWM_100.c
 
Building target: Placa_Lucho_Mano-PWM_100.axf
Invoking: MCU Linker
arm-none-eabi-gcc -nostdlib -Xlinker -Map="Placa_Lucho_Mano-PWM_100.map" -Xlinker --gc-sections -Xlinker -print-memory-usage -mcpu=cortex-m3 -mthumb -T "Placa_Lucho_Mano-PWM_100_Debug.ld" -o "Placa_Lucho_Mano-PWM_100.axf"  ./Primitivas/PR_LCD.o ./Primitivas/PR_PWM.o ./Primitivas/PR_Teclas.o ./Primitivas/PR_UART_0.o  ./Drivers/DR_GPIO.o ./Drivers/DR_Init.o ./Drivers/DR_LED_IO.o ./Drivers/DR_PINSEL.o ./Drivers/DR_PWM.o ./Drivers/DR_SysTick.o ./Drivers/DR_Teclas.o ./Drivers/DR_UART_0.o ./Drivers/FW_LCD.o ./Drivers/cr_startup_lpc175x_6x.o ./Drivers/crp.o  ./Aplicacion/AP_UART_0.o ./Aplicacion/MDE_Guante_Mano.o ./Aplicacion/MDE_PC_Mano.o ./Aplicacion/Placa_Lucho_Mano-PWM_100.o   
Memory region         Used Size  Region Size  %age Used
       MFlash512:       10992 B       512 KB      2.10%
        RamLoc32:         520 B        32 KB      1.59%
        RamAHB32:          0 GB        32 KB      0.00%
Finished building target: Placa_Lucho_Mano-PWM_100.axf
 
make --no-print-directory post-build
Performing post-build steps
arm-none-eabi-size "Placa_Lucho_Mano-PWM_100.axf"; # arm-none-eabi-objcopy -v -O binary "Placa_Lucho_Mano-PWM_100.axf" "Placa_Lucho_Mano-PWM_100.bin" ; # checksum -p LPC1769 -d "Placa_Lucho_Mano-PWM_100.bin";
   text	   data	    bss	    dec	    hex	filename
  10892	    100	    420	  11412	   2c94	Placa_Lucho_Mano-PWM_100.axf
 
15:24:59 **** Incremental Build of configuration Debug for project Placa_Lucho_Mano-PWM_100 ****
make -r -j4 all 
make: Nothing to be done for `all'.
15:25:07 **** Incremental Build of configuration Debug for project Placa_Lucho_Mano-PWM_100 ****
make -r -j4 all 
make: Nothing to be done for `all'.
15:27:12 **** Incremental Build of configuration Debug for project Placa_Lucho_Mano-PWM_100 ****
make -r -j4 all 
Building file: ../Aplicacion/MDE_Guante_Mano.c
Building file: ../Aplicacion/MDE_PC_Mano.c
Invoking: MCU C Compiler
arm-none-eabi-gcc -DDEBUG -D__CODE_RED -DCORE_M3 -D__LPC17XX__ -D__REDLIB__ -I"/home/cha/UTN FRBA/info2_Proyecto_2018/MCU SERVOS-TPO Workspace/Placa_Lucho_Mano-PWM_100/Aplicacion/inc" -I"/home/cha/UTN FRBA/info2_Proyecto_2018/MCU SERVOS-TPO Workspace/Placa_Lucho_Mano-PWM_100/Drivers/inc" -I"/home/cha/UTN FRBA/info2_Proyecto_2018/MCU SERVOS-TPO Workspace/Placa_Lucho_Mano-PWM_100/Primitivas/inc" -O0 -fno-common -g3 -Wall -c -fmessage-length=0 -fno-builtin -ffunction-sections -fdata-sections -mcpu=cortex-m3 -mthumb -specs=redlib.specs -MMD -MP -MF"Aplicacion/MDE_Guante_Mano.d" -MT"Aplicacion/MDE_Guante_Mano.o" -MT"Aplicacion/MDE_Guante_Mano.d" -o "Aplicacion/MDE_Guante_Mano.o" "../Aplicacion/MDE_Guante_Mano.c"
Invoking: MCU C Compiler
arm-none-eabi-gcc -DDEBUG -D__CODE_RED -DCORE_M3 -D__LPC17XX__ -D__REDLIB__ -I"/home/cha/UTN FRBA/info2_Proyecto_2018/MCU SERVOS-TPO Workspace/Placa_Lucho_Mano-PWM_100/Aplicacion/inc" -I"/home/cha/UTN FRBA/info2_Proyecto_2018/MCU SERVOS-TPO Workspace/Placa_Lucho_Mano-PWM_100/Drivers/inc" -I"/home/cha/UTN FRBA/info2_Proyecto_2018/MCU SERVOS-TPO Workspace/Placa_Lucho_Mano-PWM_100/Primitivas/inc" -O0 -fno-common -g3 -Wall -c -fmessage-length=0 -fno-builtin -ffunction-sections -fdata-sections -mcpu=cortex-m3 -mthumb -specs=redlib.specs -MMD -MP -MF"Aplicacion/MDE_PC_Mano.d" -MT"Aplicacion/MDE_PC_Mano.o" -MT"Aplicacion/MDE_PC_Mano.d" -o "Aplicacion/MDE_PC_Mano.o" "../Aplicacion/MDE_PC_Mano.c"
../Aplicacion/MDE_PC_Mano.c: In function 'MDE_PC_Mano':
../Aplicacion/MDE_PC_Mano.c:58:9: warning: variable 'ManoRecibida' set but not used [-Wunused-but-set-variable]
  Mano_t ManoRecibida;
         ^~~~~~~~~~~~
Finished building: ../Aplicacion/MDE_Guante_Mano.c
 
Finished building: ../Aplicacion/MDE_PC_Mano.c
 
Building target: Placa_Lucho_Mano-PWM_100.axf
Invoking: MCU Linker
arm-none-eabi-gcc -nostdlib -Xlinker -Map="Placa_Lucho_Mano-PWM_100.map" -Xlinker --gc-sections -Xlinker -print-memory-usage -mcpu=cortex-m3 -mthumb -T "Placa_Lucho_Mano-PWM_100_Debug.ld" -o "Placa_Lucho_Mano-PWM_100.axf"  ./Primitivas/PR_LCD.o ./Primitivas/PR_PWM.o ./Primitivas/PR_Teclas.o ./Primitivas/PR_UART_0.o  ./Drivers/DR_GPIO.o ./Drivers/DR_Init.o ./Drivers/DR_LED_IO.o ./Drivers/DR_PINSEL.o ./Drivers/DR_PWM.o ./Drivers/DR_SysTick.o ./Drivers/DR_Teclas.o ./Drivers/DR_UART_0.o ./Drivers/FW_LCD.o ./Drivers/cr_startup_lpc175x_6x.o ./Drivers/crp.o  ./Aplicacion/AP_UART_0.o ./Aplicacion/MDE_Guante_Mano.o ./Aplicacion/MDE_PC_Mano.o ./Aplicacion/Placa_Lucho_Mano-PWM_100.o   
Memory region         Used Size  Region Size  %age Used
       MFlash512:       10996 B       512 KB      2.10%
        RamLoc32:         520 B        32 KB      1.59%
        RamAHB32:          0 GB        32 KB      0.00%
Finished building target: Placa_Lucho_Mano-PWM_100.axf
 
make --no-print-directory post-build
Performing post-build steps
arm-none-eabi-size "Placa_Lucho_Mano-PWM_100.axf"; # arm-none-eabi-objcopy -v -O binary "Placa_Lucho_Mano-PWM_100.axf" "Placa_Lucho_Mano-PWM_100.bin" ; # checksum -p LPC1769 -d "Placa_Lucho_Mano-PWM_100.bin";
   text	   data	    bss	    dec	    hex	filename
  10896	    100	    420	  11416	   2c98	Placa_Lucho_Mano-PWM_100.axf
 
15:27:25 **** Incremental Build of configuration Debug for project Placa_Lucho_Mano-PWM_100 ****
make -r -j4 all 
make: Nothing to be done for `all'.
15:29:20 **** Incremental Build of configuration Debug for project Placa_Lucho_Mano-PWM_100 ****
make -r -j4 all 
Building file: ../Aplicacion/MDE_Guante_Mano.c
Building file: ../Aplicacion/MDE_PC_Mano.c
Invoking: MCU C Compiler
arm-none-eabi-gcc -DDEBUG -D__CODE_RED -DCORE_M3 -D__LPC17XX__ -D__REDLIB__ -I"/home/cha/UTN FRBA/info2_Proyecto_2018/MCU SERVOS-TPO Workspace/Placa_Lucho_Mano-PWM_100/Aplicacion/inc" -I"/home/cha/UTN FRBA/info2_Proyecto_2018/MCU SERVOS-TPO Workspace/Placa_Lucho_Mano-PWM_100/Drivers/inc" -I"/home/cha/UTN FRBA/info2_Proyecto_2018/MCU SERVOS-TPO Workspace/Placa_Lucho_Mano-PWM_100/Primitivas/inc" -O0 -fno-common -g3 -Wall -c -fmessage-length=0 -fno-builtin -ffunction-sections -fdata-sections -mcpu=cortex-m3 -mthumb -specs=redlib.specs -MMD -MP -MF"Aplicacion/MDE_PC_Mano.d" -MT"Aplicacion/MDE_PC_Mano.o" -MT"Aplicacion/MDE_PC_Mano.d" -o "Aplicacion/MDE_PC_Mano.o" "../Aplicacion/MDE_PC_Mano.c"
Invoking: MCU C Compiler
arm-none-eabi-gcc -DDEBUG -D__CODE_RED -DCORE_M3 -D__LPC17XX__ -D__REDLIB__ -I"/home/cha/UTN FRBA/info2_Proyecto_2018/MCU SERVOS-TPO Workspace/Placa_Lucho_Mano-PWM_100/Aplicacion/inc" -I"/home/cha/UTN FRBA/info2_Proyecto_2018/MCU SERVOS-TPO Workspace/Placa_Lucho_Mano-PWM_100/Drivers/inc" -I"/home/cha/UTN FRBA/info2_Proyecto_2018/MCU SERVOS-TPO Workspace/Placa_Lucho_Mano-PWM_100/Primitivas/inc" -O0 -fno-common -g3 -Wall -c -fmessage-length=0 -fno-builtin -ffunction-sections -fdata-sections -mcpu=cortex-m3 -mthumb -specs=redlib.specs -MMD -MP -MF"Aplicacion/MDE_Guante_Mano.d" -MT"Aplicacion/MDE_Guante_Mano.o" -MT"Aplicacion/MDE_Guante_Mano.d" -o "Aplicacion/MDE_Guante_Mano.o" "../Aplicacion/MDE_Guante_Mano.c"
../Aplicacion/MDE_PC_Mano.c: In function 'MDE_PC_Mano':
../Aplicacion/MDE_PC_Mano.c:58:9: warning: variable 'ManoRecibida' set but not used [-Wunused-but-set-variable]
  Mano_t ManoRecibida;
         ^~~~~~~~~~~~
Finished building: ../Aplicacion/MDE_Guante_Mano.c
 
Finished building: ../Aplicacion/MDE_PC_Mano.c
 
Building target: Placa_Lucho_Mano-PWM_100.axf
Invoking: MCU Linker
arm-none-eabi-gcc -nostdlib -Xlinker -Map="Placa_Lucho_Mano-PWM_100.map" -Xlinker --gc-sections -Xlinker -print-memory-usage -mcpu=cortex-m3 -mthumb -T "Placa_Lucho_Mano-PWM_100_Debug.ld" -o "Placa_Lucho_Mano-PWM_100.axf"  ./Primitivas/PR_LCD.o ./Primitivas/PR_PWM.o ./Primitivas/PR_Teclas.o ./Primitivas/PR_UART_0.o  ./Drivers/DR_GPIO.o ./Drivers/DR_Init.o ./Drivers/DR_LED_IO.o ./Drivers/DR_PINSEL.o ./Drivers/DR_PWM.o ./Drivers/DR_SysTick.o ./Drivers/DR_Teclas.o ./Drivers/DR_UART_0.o ./Drivers/FW_LCD.o ./Drivers/cr_startup_lpc175x_6x.o ./Drivers/crp.o  ./Aplicacion/AP_UART_0.o ./Aplicacion/MDE_Guante_Mano.o ./Aplicacion/MDE_PC_Mano.o ./Aplicacion/Placa_Lucho_Mano-PWM_100.o   
Memory region         Used Size  Region Size  %age Used
       MFlash512:       11020 B       512 KB      2.10%
        RamLoc32:         520 B        32 KB      1.59%
        RamAHB32:          0 GB        32 KB      0.00%
Finished building target: Placa_Lucho_Mano-PWM_100.axf
 
make --no-print-directory post-build
Performing post-build steps
arm-none-eabi-size "Placa_Lucho_Mano-PWM_100.axf"; # arm-none-eabi-objcopy -v -O binary "Placa_Lucho_Mano-PWM_100.axf" "Placa_Lucho_Mano-PWM_100.bin" ; # checksum -p LPC1769 -d "Placa_Lucho_Mano-PWM_100.bin";
   text	   data	    bss	    dec	    hex	filename
  10920	    100	    420	  11440	   2cb0	Placa_Lucho_Mano-PWM_100.axf
 
15:29:27 **** Incremental Build of configuration Debug for project Placa_Lucho_Mano-PWM_100 ****
make -r -j4 all 
make: Nothing to be done for `all'.
15:31:57 **** Incremental Build of configuration Debug for project Placa_Lucho_Mano-PWM_100 ****
make -r -j4 all 
Building file: ../Aplicacion/MDE_Guante_Mano.c
Invoking: MCU C Compiler
arm-none-eabi-gcc -DDEBUG -D__CODE_RED -DCORE_M3 -D__LPC17XX__ -D__REDLIB__ -I"/home/cha/UTN FRBA/info2_Proyecto_2018/MCU SERVOS-TPO Workspace/Placa_Lucho_Mano-PWM_100/Aplicacion/inc" -I"/home/cha/UTN FRBA/info2_Proyecto_2018/MCU SERVOS-TPO Workspace/Placa_Lucho_Mano-PWM_100/Drivers/inc" -I"/home/cha/UTN FRBA/info2_Proyecto_2018/MCU SERVOS-TPO Workspace/Placa_Lucho_Mano-PWM_100/Primitivas/inc" -O0 -fno-common -g3 -Wall -c -fmessage-length=0 -fno-builtin -ffunction-sections -fdata-sections -mcpu=cortex-m3 -mthumb -specs=redlib.specs -MMD -MP -MF"Aplicacion/MDE_Guante_Mano.d" -MT"Aplicacion/MDE_Guante_Mano.o" -MT"Aplicacion/MDE_Guante_Mano.d" -o "Aplicacion/MDE_Guante_Mano.o" "../Aplicacion/MDE_Guante_Mano.c"
Building file: ../Aplicacion/MDE_PC_Mano.c
Invoking: MCU C Compiler
arm-none-eabi-gcc -DDEBUG -D__CODE_RED -DCORE_M3 -D__LPC17XX__ -D__REDLIB__ -I"/home/cha/UTN FRBA/info2_Proyecto_2018/MCU SERVOS-TPO Workspace/Placa_Lucho_Mano-PWM_100/Aplicacion/inc" -I"/home/cha/UTN FRBA/info2_Proyecto_2018/MCU SERVOS-TPO Workspace/Placa_Lucho_Mano-PWM_100/Drivers/inc" -I"/home/cha/UTN FRBA/info2_Proyecto_2018/MCU SERVOS-TPO Workspace/Placa_Lucho_Mano-PWM_100/Primitivas/inc" -O0 -fno-common -g3 -Wall -c -fmessage-length=0 -fno-builtin -ffunction-sections -fdata-sections -mcpu=cortex-m3 -mthumb -specs=redlib.specs -MMD -MP -MF"Aplicacion/MDE_PC_Mano.d" -MT"Aplicacion/MDE_PC_Mano.o" -MT"Aplicacion/MDE_PC_Mano.d" -o "Aplicacion/MDE_PC_Mano.o" "../Aplicacion/MDE_PC_Mano.c"
../Aplicacion/MDE_PC_Mano.c: In function 'MDE_PC_Mano':
../Aplicacion/MDE_PC_Mano.c:58:9: warning: variable 'ManoRecibida' set but not used [-Wunused-but-set-variable]
  Mano_t ManoRecibida;
         ^~~~~~~~~~~~
Finished building: ../Aplicacion/MDE_PC_Mano.c
 
Finished building: ../Aplicacion/MDE_Guante_Mano.c
 
Building target: Placa_Lucho_Mano-PWM_100.axf
Invoking: MCU Linker
arm-none-eabi-gcc -nostdlib -Xlinker -Map="Placa_Lucho_Mano-PWM_100.map" -Xlinker --gc-sections -Xlinker -print-memory-usage -mcpu=cortex-m3 -mthumb -T "Placa_Lucho_Mano-PWM_100_Debug.ld" -o "Placa_Lucho_Mano-PWM_100.axf"  ./Primitivas/PR_LCD.o ./Primitivas/PR_PWM.o ./Primitivas/PR_Teclas.o ./Primitivas/PR_UART_0.o  ./Drivers/DR_GPIO.o ./Drivers/DR_Init.o ./Drivers/DR_LED_IO.o ./Drivers/DR_PINSEL.o ./Drivers/DR_PWM.o ./Drivers/DR_SysTick.o ./Drivers/DR_Teclas.o ./Drivers/DR_UART_0.o ./Drivers/FW_LCD.o ./Drivers/cr_startup_lpc175x_6x.o ./Drivers/crp.o  ./Aplicacion/AP_UART_0.o ./Aplicacion/MDE_Guante_Mano.o ./Aplicacion/MDE_PC_Mano.o ./Aplicacion/Placa_Lucho_Mano-PWM_100.o   
Memory region         Used Size  Region Size  %age Used
       MFlash512:       11040 B       512 KB      2.11%
        RamLoc32:         520 B        32 KB      1.59%
        RamAHB32:          0 GB        32 KB      0.00%
Finished building target: Placa_Lucho_Mano-PWM_100.axf
 
make --no-print-directory post-build
Performing post-build steps
arm-none-eabi-size "Placa_Lucho_Mano-PWM_100.axf"; # arm-none-eabi-objcopy -v -O binary "Placa_Lucho_Mano-PWM_100.axf" "Placa_Lucho_Mano-PWM_100.bin" ; # checksum -p LPC1769 -d "Placa_Lucho_Mano-PWM_100.bin";
   text	   data	    bss	    dec	    hex	filename
  10940	    100	    420	  11460	   2cc4	Placa_Lucho_Mano-PWM_100.axf
 
15:32:02 **** Incremental Build of configuration Debug for project Placa_Lucho_Mano-PWM_100 ****
make -r -j4 all 
make: Nothing to be done for `all'.
15:35:39 **** Incremental Build of configuration Debug for project Placa_Lucho_Mano-PWM_100 ****
make -r -j4 all 
Building file: ../Aplicacion/MDE_PC_Mano.c
Invoking: MCU C Compiler
arm-none-eabi-gcc -DDEBUG -D__CODE_RED -DCORE_M3 -D__LPC17XX__ -D__REDLIB__ -I"/home/cha/UTN FRBA/info2_Proyecto_2018/MCU SERVOS-TPO Workspace/Placa_Lucho_Mano-PWM_100/Aplicacion/inc" -I"/home/cha/UTN FRBA/info2_Proyecto_2018/MCU SERVOS-TPO Workspace/Placa_Lucho_Mano-PWM_100/Drivers/inc" -I"/home/cha/UTN FRBA/info2_Proyecto_2018/MCU SERVOS-TPO Workspace/Placa_Lucho_Mano-PWM_100/Primitivas/inc" -O0 -fno-common -g3 -Wall -c -fmessage-length=0 -fno-builtin -ffunction-sections -fdata-sections -mcpu=cortex-m3 -mthumb -specs=redlib.specs -MMD -MP -MF"Aplicacion/MDE_PC_Mano.d" -MT"Aplicacion/MDE_PC_Mano.o" -MT"Aplicacion/MDE_PC_Mano.d" -o "Aplicacion/MDE_PC_Mano.o" "../Aplicacion/MDE_PC_Mano.c"
../Aplicacion/MDE_PC_Mano.c: In function 'MDE_PC_Mano':
../Aplicacion/MDE_PC_Mano.c:97:10: warning: implicit declaration of function 'GetKey'; did you mean 'GetPIN'? [-Wimplicit-function-declaration]
    key = GetKey();
          ^~~~~~
          GetPIN
../Aplicacion/MDE_PC_Mano.c:59:9: warning: variable 'ManoRecibida' set but not used [-Wunused-but-set-variable]
  Mano_t ManoRecibida;
         ^~~~~~~~~~~~
../Aplicacion/MDE_PC_Mano.c:58:10: warning: variable 'key' set but not used [-Wunused-but-set-variable]
  uint8_t key;
          ^~~
Finished building: ../Aplicacion/MDE_PC_Mano.c
 
Building target: Placa_Lucho_Mano-PWM_100.axf
Invoking: MCU Linker
arm-none-eabi-gcc -nostdlib -Xlinker -Map="Placa_Lucho_Mano-PWM_100.map" -Xlinker --gc-sections -Xlinker -print-memory-usage -mcpu=cortex-m3 -mthumb -T "Placa_Lucho_Mano-PWM_100_Debug.ld" -o "Placa_Lucho_Mano-PWM_100.axf"  ./Primitivas/PR_LCD.o ./Primitivas/PR_PWM.o ./Primitivas/PR_Teclas.o ./Primitivas/PR_UART_0.o  ./Drivers/DR_GPIO.o ./Drivers/DR_Init.o ./Drivers/DR_LED_IO.o ./Drivers/DR_PINSEL.o ./Drivers/DR_PWM.o ./Drivers/DR_SysTick.o ./Drivers/DR_Teclas.o ./Drivers/DR_UART_0.o ./Drivers/FW_LCD.o ./Drivers/cr_startup_lpc175x_6x.o ./Drivers/crp.o  ./Aplicacion/AP_UART_0.o ./Aplicacion/MDE_Guante_Mano.o ./Aplicacion/MDE_PC_Mano.o ./Aplicacion/Placa_Lucho_Mano-PWM_100.o   
Memory region         Used Size  Region Size  %age Used
       MFlash512:       11048 B       512 KB      2.11%
        RamLoc32:         520 B        32 KB      1.59%
        RamAHB32:          0 GB        32 KB      0.00%
Finished building target: Placa_Lucho_Mano-PWM_100.axf
 
make --no-print-directory post-build
Performing post-build steps
arm-none-eabi-size "Placa_Lucho_Mano-PWM_100.axf"; # arm-none-eabi-objcopy -v -O binary "Placa_Lucho_Mano-PWM_100.axf" "Placa_Lucho_Mano-PWM_100.bin" ; # checksum -p LPC1769 -d "Placa_Lucho_Mano-PWM_100.bin";
   text	   data	    bss	    dec	    hex	filename
  10948	    100	    420	  11468	   2ccc	Placa_Lucho_Mano-PWM_100.axf
 
15:35:43 **** Incremental Build of configuration Debug for project Placa_Lucho_Mano-PWM_100 ****
make -r -j4 all 
make: Nothing to be done for `all'.
15:45:28 **** Incremental Build of configuration Debug for project Placa_Lucho_Mano-PWM_100 ****
make -r -j4 all 
Building file: ../Aplicacion/Placa_Lucho_Mano-PWM_100.c
Invoking: MCU C Compiler
arm-none-eabi-gcc -DDEBUG -D__CODE_RED -DCORE_M3 -D__LPC17XX__ -D__REDLIB__ -I"/home/cha/UTN FRBA/info2_Proyecto_2018/MCU SERVOS-TPO Workspace/Placa_Lucho_Mano-PWM_100/Aplicacion/inc" -I"/home/cha/UTN FRBA/info2_Proyecto_2018/MCU SERVOS-TPO Workspace/Placa_Lucho_Mano-PWM_100/Drivers/inc" -I"/home/cha/UTN FRBA/info2_Proyecto_2018/MCU SERVOS-TPO Workspace/Placa_Lucho_Mano-PWM_100/Primitivas/inc" -O0 -fno-common -g3 -Wall -c -fmessage-length=0 -fno-builtin -ffunction-sections -fdata-sections -mcpu=cortex-m3 -mthumb -specs=redlib.specs -MMD -MP -MF"Aplicacion/Placa_Lucho_Mano-PWM_100.d" -MT"Aplicacion/Placa_Lucho_Mano-PWM_100.o" -MT"Aplicacion/Placa_Lucho_Mano-PWM_100.d" -o "Aplicacion/Placa_Lucho_Mano-PWM_100.o" "../Aplicacion/Placa_Lucho_Mano-PWM_100.c"
Finished building: ../Aplicacion/Placa_Lucho_Mano-PWM_100.c
 
Building target: Placa_Lucho_Mano-PWM_100.axf
Invoking: MCU Linker
arm-none-eabi-gcc -nostdlib -Xlinker -Map="Placa_Lucho_Mano-PWM_100.map" -Xlinker --gc-sections -Xlinker -print-memory-usage -mcpu=cortex-m3 -mthumb -T "Placa_Lucho_Mano-PWM_100_Debug.ld" -o "Placa_Lucho_Mano-PWM_100.axf"  ./Primitivas/PR_LCD.o ./Primitivas/PR_PWM.o ./Primitivas/PR_Teclas.o ./Primitivas/PR_UART_0.o  ./Drivers/DR_GPIO.o ./Drivers/DR_Init.o ./Drivers/DR_LED_IO.o ./Drivers/DR_PINSEL.o ./Drivers/DR_PWM.o ./Drivers/DR_SysTick.o ./Drivers/DR_Teclas.o ./Drivers/DR_UART_0.o ./Drivers/FW_LCD.o ./Drivers/cr_startup_lpc175x_6x.o ./Drivers/crp.o  ./Aplicacion/AP_UART_0.o ./Aplicacion/MDE_Guante_Mano.o ./Aplicacion/MDE_PC_Mano.o ./Aplicacion/Placa_Lucho_Mano-PWM_100.o   
Memory region         Used Size  Region Size  %age Used
       MFlash512:       11048 B       512 KB      2.11%
        RamLoc32:         520 B        32 KB      1.59%
        RamAHB32:          0 GB        32 KB      0.00%
Finished building target: Placa_Lucho_Mano-PWM_100.axf
 
make --no-print-directory post-build
Performing post-build steps
arm-none-eabi-size "Placa_Lucho_Mano-PWM_100.axf"; # arm-none-eabi-objcopy -v -O binary "Placa_Lucho_Mano-PWM_100.axf" "Placa_Lucho_Mano-PWM_100.bin" ; # checksum -p LPC1769 -d "Placa_Lucho_Mano-PWM_100.bin";
   text	   data	    bss	    dec	    hex	filename
  10948	    100	    420	  11468	   2ccc	Placa_Lucho_Mano-PWM_100.axf
 
15:51:07 **** Incremental Build of configuration Debug for project Placa_Lucho_Mano-PWM_100 ****
make -r -j4 all 
make: Nothing to be done for `all'.
15:52:33 **** Incremental Build of configuration Debug for project Placa_Lucho_Mano-PWM_100 ****
make -r -j4 all 
make: Nothing to be done for `all'.
16:34:13 **** Incremental Build of configuration Debug for project Placa_Lucho_Mano-PWM_100 ****
make -r -j4 all 
make: Nothing to be done for `all'.
16:43:54 **** Incremental Build of configuration Debug for project Placa_Lucho_Mano-PWM_100 ****
make -r -j4 all 
Building file: ../Aplicacion/AP_UART_0.c
Invoking: MCU C Compiler
arm-none-eabi-gcc -DDEBUG -D__CODE_RED -DCORE_M3 -D__LPC17XX__ -D__REDLIB__ -I"/home/cha/UTN FRBA/info2_Proyecto_2018/MCU SERVOS-TPO Workspace/Placa_Lucho_Mano-PWM_100/Aplicacion/inc" -I"/home/cha/UTN FRBA/info2_Proyecto_2018/MCU SERVOS-TPO Workspace/Placa_Lucho_Mano-PWM_100/Drivers/inc" -I"/home/cha/UTN FRBA/info2_Proyecto_2018/MCU SERVOS-TPO Workspace/Placa_Lucho_Mano-PWM_100/Primitivas/inc" -O0 -fno-common -g3 -Wall -c -fmessage-length=0 -fno-builtin -ffunction-sections -fdata-sections -mcpu=cortex-m3 -mthumb -specs=redlib.specs -MMD -MP -MF"Aplicacion/AP_UART_0.d" -MT"Aplicacion/AP_UART_0.o" -MT"Aplicacion/AP_UART_0.d" -o "Aplicacion/AP_UART_0.o" "../Aplicacion/AP_UART_0.c"
Finished building: ../Aplicacion/AP_UART_0.c
 
Building target: Placa_Lucho_Mano-PWM_100.axf
Invoking: MCU Linker
arm-none-eabi-gcc -nostdlib -Xlinker -Map="Placa_Lucho_Mano-PWM_100.map" -Xlinker --gc-sections -Xlinker -print-memory-usage -mcpu=cortex-m3 -mthumb -T "Placa_Lucho_Mano-PWM_100_Debug.ld" -o "Placa_Lucho_Mano-PWM_100.axf"  ./Primitivas/PR_LCD.o ./Primitivas/PR_PWM.o ./Primitivas/PR_Teclas.o ./Primitivas/PR_UART_0.o  ./Drivers/DR_GPIO.o ./Drivers/DR_Init.o ./Drivers/DR_LED_IO.o ./Drivers/DR_PINSEL.o ./Drivers/DR_PWM.o ./Drivers/DR_SysTick.o ./Drivers/DR_Teclas.o ./Drivers/DR_UART_0.o ./Drivers/FW_LCD.o ./Drivers/cr_startup_lpc175x_6x.o ./Drivers/crp.o  ./Aplicacion/AP_UART_0.o ./Aplicacion/MDE_Guante_Mano.o ./Aplicacion/MDE_PC_Mano.o ./Aplicacion/Placa_Lucho_Mano-PWM_100.o   
Memory region         Used Size  Region Size  %age Used
       MFlash512:       11040 B       512 KB      2.11%
        RamLoc32:         520 B        32 KB      1.59%
        RamAHB32:          0 GB        32 KB      0.00%
Finished building target: Placa_Lucho_Mano-PWM_100.axf
 
make --no-print-directory post-build
Performing post-build steps
arm-none-eabi-size "Placa_Lucho_Mano-PWM_100.axf"; # arm-none-eabi-objcopy -v -O binary "Placa_Lucho_Mano-PWM_100.axf" "Placa_Lucho_Mano-PWM_100.bin" ; # checksum -p LPC1769 -d "Placa_Lucho_Mano-PWM_100.bin";
   text	   data	    bss	    dec	    hex	filename
  10940	    100	    420	  11460	   2cc4	Placa_Lucho_Mano-PWM_100.axf
 
16:52:22 **** Incremental Build of configuration Debug for project Placa_Lucho_Mano-PWM_100 ****
make -r -j4 all 
Building file: ../Aplicacion/MDE_Guante_Mano.c
Building file: ../Aplicacion/Placa_Lucho_Mano-PWM_100.c
Invoking: MCU C Compiler
Invoking: MCU C Compiler
arm-none-eabi-gcc -DDEBUG -D__CODE_RED -DCORE_M3 -D__LPC17XX__ -D__REDLIB__ -I"/home/cha/UTN FRBA/info2_Proyecto_2018/MCU SERVOS-TPO Workspace/Placa_Lucho_Mano-PWM_100/Aplicacion/inc" -I"/home/cha/UTN FRBA/info2_Proyecto_2018/MCU SERVOS-TPO Workspace/Placa_Lucho_Mano-PWM_100/Drivers/inc" -I"/home/cha/UTN FRBA/info2_Proyecto_2018/MCU SERVOS-TPO Workspace/Placa_Lucho_Mano-PWM_100/Primitivas/inc" -O0 -fno-common -g3 -Wall -c -fmessage-length=0 -fno-builtin -ffunction-sections -fdata-sections -mcpu=cortex-m3 -mthumb -specs=redlib.specs -MMD -MP -MF"Aplicacion/Placa_Lucho_Mano-PWM_100.d" -MT"Aplicacion/Placa_Lucho_Mano-PWM_100.o" -MT"Aplicacion/Placa_Lucho_Mano-PWM_100.d" -o "Aplicacion/Placa_Lucho_Mano-PWM_100.o" "../Aplicacion/Placa_Lucho_Mano-PWM_100.c"
arm-none-eabi-gcc -DDEBUG -D__CODE_RED -DCORE_M3 -D__LPC17XX__ -D__REDLIB__ -I"/home/cha/UTN FRBA/info2_Proyecto_2018/MCU SERVOS-TPO Workspace/Placa_Lucho_Mano-PWM_100/Aplicacion/inc" -I"/home/cha/UTN FRBA/info2_Proyecto_2018/MCU SERVOS-TPO Workspace/Placa_Lucho_Mano-PWM_100/Drivers/inc" -I"/home/cha/UTN FRBA/info2_Proyecto_2018/MCU SERVOS-TPO Workspace/Placa_Lucho_Mano-PWM_100/Primitivas/inc" -O0 -fno-common -g3 -Wall -c -fmessage-length=0 -fno-builtin -ffunction-sections -fdata-sections -mcpu=cortex-m3 -mthumb -specs=redlib.specs -MMD -MP -MF"Aplicacion/MDE_Guante_Mano.d" -MT"Aplicacion/MDE_Guante_Mano.o" -MT"Aplicacion/MDE_Guante_Mano.d" -o "Aplicacion/MDE_Guante_Mano.o" "../Aplicacion/MDE_Guante_Mano.c"
../Aplicacion/MDE_Guante_Mano.c: In function 'MDE_Guante_Mano':
../Aplicacion/MDE_Guante_Mano.c:87:17: error: incompatible types when assigning to type 'uint8_t {aka unsigned char}' from type 'Mano_t {aka volatile struct MANO}'
    ManoRecibida = UART_Data;
                 ^
../Aplicacion/MDE_Guante_Mano.c:59:10: warning: variable 'ManoRecibida' set but not used [-Wunused-but-set-variable]
  uint8_t ManoRecibida;
          ^~~~~~~~~~~~
make: *** [Aplicacion/MDE_Guante_Mano.o] Error 1
make: *** Waiting for unfinished jobs....
Finished building: ../Aplicacion/Placa_Lucho_Mano-PWM_100.c
 
16:52:41 **** Incremental Build of configuration Debug for project Placa_Lucho_Mano-PWM_100 ****
make -r -j4 all 
Building file: ../Aplicacion/MDE_Guante_Mano.c
Invoking: MCU C Compiler
arm-none-eabi-gcc -DDEBUG -D__CODE_RED -DCORE_M3 -D__LPC17XX__ -D__REDLIB__ -I"/home/cha/UTN FRBA/info2_Proyecto_2018/MCU SERVOS-TPO Workspace/Placa_Lucho_Mano-PWM_100/Aplicacion/inc" -I"/home/cha/UTN FRBA/info2_Proyecto_2018/MCU SERVOS-TPO Workspace/Placa_Lucho_Mano-PWM_100/Drivers/inc" -I"/home/cha/UTN FRBA/info2_Proyecto_2018/MCU SERVOS-TPO Workspace/Placa_Lucho_Mano-PWM_100/Primitivas/inc" -O0 -fno-common -g3 -Wall -c -fmessage-length=0 -fno-builtin -ffunction-sections -fdata-sections -mcpu=cortex-m3 -mthumb -specs=redlib.specs -MMD -MP -MF"Aplicacion/MDE_Guante_Mano.d" -MT"Aplicacion/MDE_Guante_Mano.o" -MT"Aplicacion/MDE_Guante_Mano.d" -o "Aplicacion/MDE_Guante_Mano.o" "../Aplicacion/MDE_Guante_Mano.c"
../Aplicacion/MDE_Guante_Mano.c: In function 'MDE_Guante_Mano':
../Aplicacion/MDE_Guante_Mano.c:59:9: warning: variable 'ManoRecibida' set but not used [-Wunused-but-set-variable]
  Mano_t ManoRecibida;
         ^~~~~~~~~~~~
Finished building: ../Aplicacion/MDE_Guante_Mano.c
 
Building target: Placa_Lucho_Mano-PWM_100.axf
Invoking: MCU Linker
arm-none-eabi-gcc -nostdlib -Xlinker -Map="Placa_Lucho_Mano-PWM_100.map" -Xlinker --gc-sections -Xlinker -print-memory-usage -mcpu=cortex-m3 -mthumb -T "Placa_Lucho_Mano-PWM_100_Debug.ld" -o "Placa_Lucho_Mano-PWM_100.axf"  ./Primitivas/PR_LCD.o ./Primitivas/PR_PWM.o ./Primitivas/PR_Teclas.o ./Primitivas/PR_UART_0.o  ./Drivers/DR_GPIO.o ./Drivers/DR_Init.o ./Drivers/DR_LED_IO.o ./Drivers/DR_PINSEL.o ./Drivers/DR_PWM.o ./Drivers/DR_SysTick.o ./Drivers/DR_Teclas.o ./Drivers/DR_UART_0.o ./Drivers/FW_LCD.o ./Drivers/cr_startup_lpc175x_6x.o ./Drivers/crp.o  ./Aplicacion/AP_UART_0.o ./Aplicacion/MDE_Guante_Mano.o ./Aplicacion/MDE_PC_Mano.o ./Aplicacion/Placa_Lucho_Mano-PWM_100.o   
Memory region         Used Size  Region Size  %age Used
       MFlash512:       11080 B       512 KB      2.11%
        RamLoc32:         520 B        32 KB      1.59%
        RamAHB32:          0 GB        32 KB      0.00%
Finished building target: Placa_Lucho_Mano-PWM_100.axf
 
make --no-print-directory post-build
Performing post-build steps
arm-none-eabi-size "Placa_Lucho_Mano-PWM_100.axf"; # arm-none-eabi-objcopy -v -O binary "Placa_Lucho_Mano-PWM_100.axf" "Placa_Lucho_Mano-PWM_100.bin" ; # checksum -p LPC1769 -d "Placa_Lucho_Mano-PWM_100.bin";
   text	   data	    bss	    dec	    hex	filename
  10980	    100	    420	  11500	   2cec	Placa_Lucho_Mano-PWM_100.axf
 
[...]
Building file: ../Primitivas/PR_PWM.c
Invoking: MCU C Compiler
arm-none-eabi-gcc -DDEBUG -D__CODE_RED -DCORE_M3 -D__LPC17XX__ -D__REDLIB__ -I"/home/cha/UTN FRBA/info2_Proyecto_2018/MCU SERVOS-TPO Workspace/Placa_Lucho_Mano-PWM_100/Aplicacion/inc" -I"/home/cha/UTN FRBA/info2_Proyecto_2018/MCU SERVOS-TPO Workspace/Placa_Lucho_Mano-PWM_100/Drivers/inc" -I"/home/cha/UTN FRBA/info2_Proyecto_2018/MCU SERVOS-TPO Workspace/Placa_Lucho_Mano-PWM_100/Primitivas/inc" -O0 -fno-common -g3 -Wall -c -fmessage-length=0 -fno-builtin -ffunction-sections -fdata-sections -mcpu=cortex-m3 -mthumb -specs=redlib.specs -MMD -MP -MF"Aplicacion/Placa_Lucho_Mano-PWM_100.d" -MT"Aplicacion/Placa_Lucho_Mano-PWM_100.o" -MT"Aplicacion/Placa_Lucho_Mano-PWM_100.d" -o "Aplicacion/Placa_Lucho_Mano-PWM_100.o" "../Aplicacion/Placa_Lucho_Mano-PWM_100.c"
Invoking: MCU C Compiler
arm-none-eabi-gcc -DDEBUG -D__CODE_RED -DCORE_M3 -D__LPC17XX__ -D__REDLIB__ -I"/home/cha/UTN FRBA/info2_Proyecto_2018/MCU SERVOS-TPO Workspace/Placa_Lucho_Mano-PWM_100/Aplicacion/inc" -I"/home/cha/UTN FRBA/info2_Proyecto_2018/MCU SERVOS-TPO Workspace/Placa_Lucho_Mano-PWM_100/Drivers/inc" -I"/home/cha/UTN FRBA/info2_Proyecto_2018/MCU SERVOS-TPO Workspace/Placa_Lucho_Mano-PWM_100/Primitivas/inc" -O0 -fno-common -g3 -Wall -c -fmessage-length=0 -fno-builtin -ffunction-sections -fdata-sections -mcpu=cortex-m3 -mthumb -specs=redlib.specs -MMD -MP -MF"Primitivas/PR_PWM.d" -MT"Primitivas/PR_PWM.o" -MT"Primitivas/PR_PWM.d" -o "Primitivas/PR_PWM.o" "../Primitivas/PR_PWM.c"
Finished building: ../Primitivas/PR_PWM.c
Finished building: ../Aplicacion/Placa_Lucho_Mano-PWM_100.c
 
 
Building target: Placa_Lucho_Mano-PWM_100.axf
Invoking: MCU Linker
arm-none-eabi-gcc -nostdlib -Xlinker -Map="Placa_Lucho_Mano-PWM_100.map" -Xlinker --gc-sections -Xlinker -print-memory-usage -mcpu=cortex-m3 -mthumb -T "Placa_Lucho_Mano-PWM_100_Debug.ld" -o "Placa_Lucho_Mano-PWM_100.axf"  ./Primitivas/PR_LCD.o ./Primitivas/PR_PWM.o ./Primitivas/PR_Teclas.o ./Primitivas/PR_UART_0.o  ./Drivers/DR_GPIO.o ./Drivers/DR_Init.o ./Drivers/DR_LED_IO.o ./Drivers/DR_PINSEL.o ./Drivers/DR_PWM.o ./Drivers/DR_SysTick.o ./Drivers/DR_Teclas.o ./Drivers/DR_UART_0.o ./Drivers/FW_LCD.o ./Drivers/cr_startup_lpc175x_6x.o ./Drivers/crp.o  ./Aplicacion/AP_UART_0.o ./Aplicacion/MDE_Guante_Mano.o ./Aplicacion/MDE_PC_Mano.o ./Aplicacion/Placa_Lucho_Mano-PWM_100.o   
Memory region         Used Size  Region Size  %age Used
       MFlash512:        8344 B       512 KB      1.59%
        RamLoc32:         336 B        32 KB      1.03%
        RamAHB32:          0 GB        32 KB      0.00%
Finished building target: Placa_Lucho_Mano-PWM_100.axf
 
make --no-print-directory post-build
Performing post-build steps
arm-none-eabi-size "Placa_Lucho_Mano-PWM_100.axf"; # arm-none-eabi-objcopy -v -O binary "Placa_Lucho_Mano-PWM_100.axf" "Placa_Lucho_Mano-PWM_100.bin" ; # checksum -p LPC1769 -d "Placa_Lucho_Mano-PWM_100.bin";
   text	   data	    bss	    dec	    hex	filename
   8340	      4	    332	   8676	   21e4	Placa_Lucho_Mano-PWM_100.axf
 
17:21:24 **** Incremental Build of configuration Debug for project Placa_Lucho_Mano-PWM_100 ****
make -r -j4 all 
make: Nothing to be done for `all'.
17:12:31 **** Incremental Build of configuration Debug for project Placa_Lucho_Mano-PWM_100 ****
make -r -j4 all 
Building target: Placa_Lucho_Mano-PWM_100.axf
Invoking: MCU Linker
arm-none-eabi-gcc -nostdlib -Xlinker -Map="Placa_Lucho_Mano-PWM_100.map" -Xlinker --gc-sections -Xlinker -print-memory-usage -mcpu=cortex-m3 -mthumb -T "Placa_Lucho_Mano-PWM_100_Debug.ld" -o "Placa_Lucho_Mano-PWM_100.axf"  ./Primitivas/PR_LCD.o ./Primitivas/PR_PWM.o ./Primitivas/PR_Teclas.o ./Primitivas/PR_UART_0.o  ./Drivers/DR_GPIO.o ./Drivers/DR_Init.o ./Drivers/DR_LED_IO.o ./Drivers/DR_PINSEL.o ./Drivers/DR_PWM.o ./Drivers/DR_SysTick.o ./Drivers/DR_Teclas.o ./Drivers/DR_UART_0.o ./Drivers/FW_LCD.o ./Drivers/cr_startup_lpc175x_6x.o ./Drivers/crp.o  ./Aplicacion/AP_UART_0.o ./Aplicacion/MDE_Guante_Mano.o ./Aplicacion/MDE_PC_Mano.o ./Aplicacion/Placa_Lucho_Mano-PWM_100.o   
Memory region         Used Size  Region Size  %age Used
       MFlash512:        8344 B       512 KB      1.59%
        RamLoc32:         336 B        32 KB      1.03%
        RamAHB32:          0 GB        32 KB      0.00%
Finished building target: Placa_Lucho_Mano-PWM_100.axf
 
make --no-print-directory post-build
Performing post-build steps
arm-none-eabi-size "Placa_Lucho_Mano-PWM_100.axf"; # arm-none-eabi-objcopy -v -O binary "Placa_Lucho_Mano-PWM_100.axf" "Placa_Lucho_Mano-PWM_100.bin" ; # checksum -p LPC1769 -d "Placa_Lucho_Mano-PWM_100.bin";
   text	   data	    bss	    dec	    hex	filename
   8340	      4	    332	   8676	   21e4	Placa_Lucho_Mano-PWM_100.axf
 
17:15:01 **** Incremental Build of configuration Debug for project Placa_Lucho_Mano-PWM_100 ****
make -r -j4 all 
make: Nothing to be done for `all'.
17:16:53 **** Incremental Build of configuration Debug for project Placa_Lucho_Mano-PWM_100 ****
make -r -j4 all 
Building file: ../Drivers/DR_Init.c
Invoking: MCU C Compiler
arm-none-eabi-gcc -DDEBUG -D__CODE_RED -DCORE_M3 -D__LPC17XX__ -D__REDLIB__ -I"/home/cha/UTN FRBA/info2_Proyecto_2018/MCU SERVOS-TPO Workspace/Placa_Lucho_Mano-PWM_100/Aplicacion/inc" -I"/home/cha/UTN FRBA/info2_Proyecto_2018/MCU SERVOS-TPO Workspace/Placa_Lucho_Mano-PWM_100/Drivers/inc" -I"/home/cha/UTN FRBA/info2_Proyecto_2018/MCU SERVOS-TPO Workspace/Placa_Lucho_Mano-PWM_100/Primitivas/inc" -O0 -fno-common -g3 -Wall -c -fmessage-length=0 -fno-builtin -ffunction-sections -fdata-sections -mcpu=cortex-m3 -mthumb -specs=redlib.specs -MMD -MP -MF"Drivers/DR_Init.d" -MT"Drivers/DR_Init.o" -MT"Drivers/DR_Init.d" -o "Drivers/DR_Init.o" "../Drivers/DR_Init.c"
../Drivers/DR_Init.c: In function 'Kit_Init':
../Drivers/DR_Init.c:19:2: warning: implicit declaration of function 'UART0_Initialize'; did you mean 'LED_Initialize'? [-Wimplicit-function-declaration]
  UART0_Initialize();
  ^~~~~~~~~~~~~~~~
  LED_Initialize
Finished building: ../Drivers/DR_Init.c
 
Building target: Placa_Lucho_Mano-PWM_100.axf
Invoking: MCU Linker
arm-none-eabi-gcc -nostdlib -Xlinker -Map="Placa_Lucho_Mano-PWM_100.map" -Xlinker --gc-sections -Xlinker -print-memory-usage -mcpu=cortex-m3 -mthumb -T "Placa_Lucho_Mano-PWM_100_Debug.ld" -o "Placa_Lucho_Mano-PWM_100.axf"  ./Primitivas/PR_LCD.o ./Primitivas/PR_PWM.o ./Primitivas/PR_Teclas.o ./Primitivas/PR_UART_0.o  ./Drivers/DR_GPIO.o ./Drivers/DR_Init.o ./Drivers/DR_LED_IO.o ./Drivers/DR_PINSEL.o ./Drivers/DR_PWM.o ./Drivers/DR_SysTick.o ./Drivers/DR_Teclas.o ./Drivers/DR_UART_0.o ./Drivers/FW_LCD.o ./Drivers/cr_startup_lpc175x_6x.o ./Drivers/crp.o  ./Aplicacion/AP_UART_0.o ./Aplicacion/MDE_Guante_Mano.o ./Aplicacion/MDE_PC_Mano.o ./Aplicacion/Placa_Lucho_Mano-PWM_100.o   
Memory region         Used Size  Region Size  %age Used
       MFlash512:        7880 B       512 KB      1.50%
        RamLoc32:         336 B        32 KB      1.03%
        RamAHB32:          0 GB        32 KB      0.00%
Finished building target: Placa_Lucho_Mano-PWM_100.axf
 
make --no-print-directory post-build
Performing post-build steps
arm-none-eabi-size "Placa_Lucho_Mano-PWM_100.axf"; # arm-none-eabi-objcopy -v -O binary "Placa_Lucho_Mano-PWM_100.axf" "Placa_Lucho_Mano-PWM_100.bin" ; # checksum -p LPC1769 -d "Placa_Lucho_Mano-PWM_100.bin";
   text	   data	    bss	    dec	    hex	filename
   7876	      4	    332	   8212	   2014	Placa_Lucho_Mano-PWM_100.axf
 
17:21:08 **** Incremental Build of configuration Debug for project Placa_Lucho_Mano-PWM_100 ****
make -r -j4 all 
make: Nothing to be done for `all'.
17:27:38 **** Incremental Build of configuration Debug for project Placa_Lucho_Mano-PWM_100 ****
make -r -j4 all 
Building file: ../Drivers/DR_Init.c
Building file: ../Aplicacion/MDE_Guante_Mano.c
Building file: ../Aplicacion/MDE_PC_Mano.c
Invoking: MCU C Compiler
Invoking: MCU C Compiler
Invoking: MCU C Compiler
arm-none-eabi-gcc -DDEBUG -D__CODE_RED -DCORE_M3 -D__LPC17XX__ -D__REDLIB__ -I"/home/cha/UTN FRBA/info2_Proyecto_2018/MCU SERVOS-TPO Workspace/Placa_Lucho_Mano-PWM_100/Aplicacion/inc" -I"/home/cha/UTN FRBA/info2_Proyecto_2018/MCU SERVOS-TPO Workspace/Placa_Lucho_Mano-PWM_100/Drivers/inc" -I"/home/cha/UTN FRBA/info2_Proyecto_2018/MCU SERVOS-TPO Workspace/Placa_Lucho_Mano-PWM_100/Primitivas/inc" -O0 -fno-common -g3 -Wall -c -fmessage-length=0 -fno-builtin -ffunction-sections -fdata-sections -mcpu=cortex-m3 -mthumb -specs=redlib.specs -MMD -MP -MF"Drivers/DR_Init.d" -MT"Drivers/DR_Init.o" -MT"Drivers/DR_Init.d" -o "Drivers/DR_Init.o" "../Drivers/DR_Init.c"
arm-none-eabi-gcc -DDEBUG -D__CODE_RED -DCORE_M3 -D__LPC17XX__ -D__REDLIB__ -I"/home/cha/UTN FRBA/info2_Proyecto_2018/MCU SERVOS-TPO Workspace/Placa_Lucho_Mano-PWM_100/Aplicacion/inc" -I"/home/cha/UTN FRBA/info2_Proyecto_2018/MCU SERVOS-TPO Workspace/Placa_Lucho_Mano-PWM_100/Drivers/inc" -I"/home/cha/UTN FRBA/info2_Proyecto_2018/MCU SERVOS-TPO Workspace/Placa_Lucho_Mano-PWM_100/Primitivas/inc" -O0 -fno-common -g3 -Wall -c -fmessage-length=0 -fno-builtin -ffunction-sections -fdata-sections -mcpu=cortex-m3 -mthumb -specs=redlib.specs -MMD -MP -MF"Aplicacion/MDE_Guante_Mano.d" -MT"Aplicacion/MDE_Guante_Mano.o" -MT"Aplicacion/MDE_Guante_Mano.d" -o "Aplicacion/MDE_Guante_Mano.o" "../Aplicacion/MDE_Guante_Mano.c"
arm-none-eabi-gcc -DDEBUG -D__CODE_RED -DCORE_M3 -D__LPC17XX__ -D__REDLIB__ -I"/home/cha/UTN FRBA/info2_Proyecto_2018/MCU SERVOS-TPO Workspace/Placa_Lucho_Mano-PWM_100/Aplicacion/inc" -I"/home/cha/UTN FRBA/info2_Proyecto_2018/MCU SERVOS-TPO Workspace/Placa_Lucho_Mano-PWM_100/Drivers/inc" -I"/home/cha/UTN FRBA/info2_Proyecto_2018/MCU SERVOS-TPO Workspace/Placa_Lucho_Mano-PWM_100/Primitivas/inc" -O0 -fno-common -g3 -Wall -c -fmessage-length=0 -fno-builtin -ffunction-sections -fdata-sections -mcpu=cortex-m3 -mthumb -specs=redlib.specs -MMD -MP -MF"Aplicacion/MDE_PC_Mano.d" -MT"Aplicacion/MDE_PC_Mano.o" -MT"Aplicacion/MDE_PC_Mano.d" -o "Aplicacion/MDE_PC_Mano.o" "../Aplicacion/MDE_PC_Mano.c"
../Drivers/DR_Init.c: In function 'Kit_Init':
Building file: ../Aplicacion/Placa_Lucho_Mano-PWM_100.c
../Drivers/DR_Init.c:19:2: warning: implicit declaration of function 'UART0_Initialize'; did you mean 'LED_Initialize'? [-Wimplicit-function-declaration]
Invoking: MCU C Compiler
  UART0_Initialize();
arm-none-eabi-gcc -DDEBUG -D__CODE_RED -DCORE_M3 -D__LPC17XX__ -D__REDLIB__ -I"/home/cha/UTN FRBA/info2_Proyecto_2018/MCU SERVOS-TPO Workspace/Placa_Lucho_Mano-PWM_100/Aplicacion/inc" -I"/home/cha/UTN FRBA/info2_Proyecto_2018/MCU SERVOS-TPO Workspace/Placa_Lucho_Mano-PWM_100/Drivers/inc" -I"/home/cha/UTN FRBA/info2_Proyecto_2018/MCU SERVOS-TPO Workspace/Placa_Lucho_Mano-PWM_100/Primitivas/inc" -O0 -fno-common -g3 -Wall -c -fmessage-length=0 -fno-builtin -ffunction-sections -fdata-sections -mcpu=cortex-m3 -mthumb -specs=redlib.specs -MMD -MP -MF"Aplicacion/Placa_Lucho_Mano-PWM_100.d" -MT"Aplicacion/Placa_Lucho_Mano-PWM_100.o" -MT"Aplicacion/Placa_Lucho_Mano-PWM_100.d" -o "Aplicacion/Placa_Lucho_Mano-PWM_100.o" "../Aplicacion/Placa_Lucho_Mano-PWM_100.c"
  ^~~~~~~~~~~~~~~~
  LED_Initialize
Finished building: ../Drivers/DR_Init.c
 
../Aplicacion/MDE_PC_Mano.c: In function 'MDE_PC_Mano':
../Aplicacion/MDE_PC_Mano.c:58:10: warning: variable 'key' set but not used [-Wunused-but-set-variable]
  uint8_t key;
          ^~~
Finished building: ../Aplicacion/Placa_Lucho_Mano-PWM_100.c
Finished building: ../Aplicacion/MDE_Guante_Mano.c
 
Finished building: ../Aplicacion/MDE_PC_Mano.c
 
 
Building target: Placa_Lucho_Mano-PWM_100.axf
Invoking: MCU Linker
arm-none-eabi-gcc -nostdlib -Xlinker -Map="Placa_Lucho_Mano-PWM_100.map" -Xlinker --gc-sections -Xlinker -print-memory-usage -mcpu=cortex-m3 -mthumb -T "Placa_Lucho_Mano-PWM_100_Debug.ld" -o "Placa_Lucho_Mano-PWM_100.axf"  ./Primitivas/PR_LCD.o ./Primitivas/PR_PWM.o ./Primitivas/PR_Teclas.o ./Primitivas/PR_UART_0.o  ./Drivers/DR_GPIO.o ./Drivers/DR_Init.o ./Drivers/DR_LED_IO.o ./Drivers/DR_PINSEL.o ./Drivers/DR_PWM.o ./Drivers/DR_SysTick.o ./Drivers/DR_Teclas.o ./Drivers/DR_UART_0.o ./Drivers/FW_LCD.o ./Drivers/cr_startup_lpc175x_6x.o ./Drivers/crp.o  ./Aplicacion/AP_UART_0.o ./Aplicacion/MDE_Guante_Mano.o ./Aplicacion/MDE_PC_Mano.o ./Aplicacion/Placa_Lucho_Mano-PWM_100.o   
Memory region         Used Size  Region Size  %age Used
       MFlash512:        8376 B       512 KB      1.60%
        RamLoc32:         336 B        32 KB      1.03%
        RamAHB32:          0 GB        32 KB      0.00%
Finished building target: Placa_Lucho_Mano-PWM_100.axf
 
make --no-print-directory post-build
Performing post-build steps
arm-none-eabi-size "Placa_Lucho_Mano-PWM_100.axf"; # arm-none-eabi-objcopy -v -O binary "Placa_Lucho_Mano-PWM_100.axf" "Placa_Lucho_Mano-PWM_100.bin" ; # checksum -p LPC1769 -d "Placa_Lucho_Mano-PWM_100.bin";
   text	   data	    bss	    dec	    hex	filename
   8372	      4	    332	   8708	   2204	Placa_Lucho_Mano-PWM_100.axf
 
17:27:45 **** Incremental Build of configuration Debug for project Placa_Lucho_Mano-PWM_100 ****
make -r -j4 all 
make: Nothing to be done for `all'.
17:27:52 **** Incremental Build of configuration Debug for project Placa_Lucho_Mano-PWM_100 ****
make -r -j4 all 
make: Nothing to be done for `all'.
17:38:39 **** Incremental Build of configuration Debug for project Placa_Lucho_Mano-PWM_100 ****
make -r -j4 all 
Building file: ../Drivers/DR_Init.c
Building file: ../Drivers/DR_LED_IO.c
Building file: ../Drivers/DR_SysTick.c
Invoking: MCU C Compiler
Building file: ../Drivers/FW_LCD.c
Invoking: MCU C Compiler
arm-none-eabi-gcc -DDEBUG -D__CODE_RED -DCORE_M3 -D__LPC17XX__ -D__REDLIB__ -I"/home/cha/UTN FRBA/info2_Proyecto_2018/MCU SERVOS-TPO Workspace/Placa_Lucho_Mano-PWM_100/Aplicacion/inc" -I"/home/cha/UTN FRBA/info2_Proyecto_2018/MCU SERVOS-TPO Workspace/Placa_Lucho_Mano-PWM_100/Drivers/inc" -I"/home/cha/UTN FRBA/info2_Proyecto_2018/MCU SERVOS-TPO Workspace/Placa_Lucho_Mano-PWM_100/Primitivas/inc" -O0 -fno-common -g3 -Wall -c -fmessage-length=0 -fno-builtin -ffunction-sections -fdata-sections -mcpu=cortex-m3 -mthumb -specs=redlib.specs -MMD -MP -MF"Drivers/DR_LED_IO.d" -MT"Drivers/DR_LED_IO.o" -MT"Drivers/DR_LED_IO.d" -o "Drivers/DR_LED_IO.o" "../Drivers/DR_LED_IO.c"
Invoking: MCU C Compiler
arm-none-eabi-gcc -DDEBUG -D__CODE_RED -DCORE_M3 -D__LPC17XX__ -D__REDLIB__ -I"/home/cha/UTN FRBA/info2_Proyecto_2018/MCU SERVOS-TPO Workspace/Placa_Lucho_Mano-PWM_100/Aplicacion/inc" -I"/home/cha/UTN FRBA/info2_Proyecto_2018/MCU SERVOS-TPO Workspace/Placa_Lucho_Mano-PWM_100/Drivers/inc" -I"/home/cha/UTN FRBA/info2_Proyecto_2018/MCU SERVOS-TPO Workspace/Placa_Lucho_Mano-PWM_100/Primitivas/inc" -O0 -fno-common -g3 -Wall -c -fmessage-length=0 -fno-builtin -ffunction-sections -fdata-sections -mcpu=cortex-m3 -mthumb -specs=redlib.specs -MMD -MP -MF"Drivers/DR_SysTick.d" -MT"Drivers/DR_SysTick.o" -MT"Drivers/DR_SysTick.d" -o "Drivers/DR_SysTick.o" "../Drivers/DR_SysTick.c"
Invoking: MCU C Compiler
arm-none-eabi-gcc -DDEBUG -D__CODE_RED -DCORE_M3 -D__LPC17XX__ -D__REDLIB__ -I"/home/cha/UTN FRBA/info2_Proyecto_2018/MCU SERVOS-TPO Workspace/Placa_Lucho_Mano-PWM_100/Aplicacion/inc" -I"/home/cha/UTN FRBA/info2_Proyecto_2018/MCU SERVOS-TPO Workspace/Placa_Lucho_Mano-PWM_100/Drivers/inc" -I"/home/cha/UTN FRBA/info2_Proyecto_2018/MCU SERVOS-TPO Workspace/Placa_Lucho_Mano-PWM_100/Primitivas/inc" -O0 -fno-common -g3 -Wall -c -fmessage-length=0 -fno-builtin -ffunction-sections -fdata-sections -mcpu=cortex-m3 -mthumb -specs=redlib.specs -MMD -MP -MF"Drivers/DR_Init.d" -MT"Drivers/DR_Init.o" -MT"Drivers/DR_Init.d" -o "Drivers/DR_Init.o" "../Drivers/DR_Init.c"
arm-none-eabi-gcc -DDEBUG -D__CODE_RED -DCORE_M3 -D__LPC17XX__ -D__REDLIB__ -I"/home/cha/UTN FRBA/info2_Proyecto_2018/MCU SERVOS-TPO Workspace/Placa_Lucho_Mano-PWM_100/Aplicacion/inc" -I"/home/cha/UTN FRBA/info2_Proyecto_2018/MCU SERVOS-TPO Workspace/Placa_Lucho_Mano-PWM_100/Drivers/inc" -I"/home/cha/UTN FRBA/info2_Proyecto_2018/MCU SERVOS-TPO Workspace/Placa_Lucho_Mano-PWM_100/Primitivas/inc" -O0 -fno-common -g3 -Wall -c -fmessage-length=0 -fno-builtin -ffunction-sections -fdata-sections -mcpu=cortex-m3 -mthumb -specs=redlib.specs -MMD -MP -MF"Drivers/FW_LCD.d" -MT"Drivers/FW_LCD.o" -MT"Drivers/FW_LCD.d" -o "Drivers/FW_LCD.o" "../Drivers/FW_LCD.c"
Finished building: ../Drivers/DR_LED_IO.c
 
../Drivers/DR_Init.c: In function 'Kit_Init':
../Drivers/DR_Init.c:19:2: warning: implicit declaration of function 'UART0_Initialize'; did you mean 'LED_Initialize'? [-Wimplicit-function-declaration]
Building file: ../Aplicacion/MDE_Guante_Mano.c
Invoking: MCU C Compiler
arm-none-eabi-gcc -DDEBUG -D__CODE_RED -DCORE_M3 -D__LPC17XX__ -D__REDLIB__ -I"/home/cha/UTN FRBA/info2_Proyecto_2018/MCU SERVOS-TPO Workspace/Placa_Lucho_Mano-PWM_100/Aplicacion/inc" -I"/home/cha/UTN FRBA/info2_Proyecto_2018/MCU SERVOS-TPO Workspace/Placa_Lucho_Mano-PWM_100/Drivers/inc" -I"/home/cha/UTN FRBA/info2_Proyecto_2018/MCU SERVOS-TPO Workspace/Placa_Lucho_Mano-PWM_100/Primitivas/inc" -O0 -fno-common -g3 -Wall -c -fmessage-length=0 -fno-builtin -ffunction-sections -fdata-sections -mcpu=cortex-m3 -mthumb -specs=redlib.specs -MMD -MP -MF"Aplicacion/MDE_Guante_Mano.d" -MT"Aplicacion/MDE_Guante_Mano.o" -MT"Aplicacion/MDE_Guante_Mano.d" -o "Aplicacion/MDE_Guante_Mano.o" "../Aplicacion/MDE_Guante_Mano.c"
  UART0_Initialize();
  ^~~~~~~~~~~~~~~~
  LED_Initialize
Finished building: ../Drivers/DR_SysTick.c
Finished building: ../Drivers/FW_LCD.c
 
 
Building file: ../Aplicacion/MDE_PC_Mano.c
Finished building: ../Drivers/DR_Init.c
Invoking: MCU C Compiler
arm-none-eabi-gcc -DDEBUG -D__CODE_RED -DCORE_M3 -D__LPC17XX__ -D__REDLIB__ -I"/home/cha/UTN FRBA/info2_Proyecto_2018/MCU SERVOS-TPO Workspace/Placa_Lucho_Mano-PWM_100/Aplicacion/inc" -I"/home/cha/UTN FRBA/info2_Proyecto_2018/MCU SERVOS-TPO Workspace/Placa_Lucho_Mano-PWM_100/Drivers/inc" -I"/home/cha/UTN FRBA/info2_Proyecto_2018/MCU SERVOS-TPO Workspace/Placa_Lucho_Mano-PWM_100/Primitivas/inc" -O0 -fno-common -g3 -Wall -c -fmessage-length=0 -fno-builtin -ffunction-sections -fdata-sections -mcpu=cortex-m3 -mthumb -specs=redlib.specs -MMD -MP -MF"Aplicacion/MDE_PC_Mano.d" -MT"Aplicacion/MDE_PC_Mano.o" -MT"Aplicacion/MDE_PC_Mano.d" -o "Aplicacion/MDE_PC_Mano.o" "../Aplicacion/MDE_PC_Mano.c"
 
../Aplicacion/MDE_PC_Mano.c: In function 'MDE_PC_Mano':
../Aplicacion/MDE_PC_Mano.c:58:10: warning: variable 'key' set but not used [-Wunused-but-set-variable]
  uint8_t key;
          ^~~
Finished building: ../Aplicacion/MDE_Guante_Mano.c
 
Finished building: ../Aplicacion/MDE_PC_Mano.c
 
Building target: Placa_Lucho_Mano-PWM_100.axf
Invoking: MCU Linker
arm-none-eabi-gcc -nostdlib -Xlinker -Map="Placa_Lucho_Mano-PWM_100.map" -Xlinker --gc-sections -Xlinker -print-memory-usage -mcpu=cortex-m3 -mthumb -T "Placa_Lucho_Mano-PWM_100_Debug.ld" -o "Placa_Lucho_Mano-PWM_100.axf"  ./Primitivas/PR_LCD.o ./Primitivas/PR_PWM.o ./Primitivas/PR_Teclas.o ./Primitivas/PR_UART_0.o  ./Drivers/DR_GPIO.o ./Drivers/DR_Init.o ./Drivers/DR_LED_IO.o ./Drivers/DR_PINSEL.o ./Drivers/DR_PWM.o ./Drivers/DR_SysTick.o ./Drivers/DR_Teclas.o ./Drivers/DR_UART_0.o ./Drivers/FW_LCD.o ./Drivers/cr_startup_lpc175x_6x.o ./Drivers/crp.o  ./Aplicacion/AP_UART_0.o ./Aplicacion/MDE_Guante_Mano.o ./Aplicacion/MDE_PC_Mano.o ./Aplicacion/Placa_Lucho_Mano-PWM_100.o   
Memory region         Used Size  Region Size  %age Used
       MFlash512:        7080 B       512 KB      1.35%
        RamLoc32:         160 B        32 KB      0.49%
        RamAHB32:          0 GB        32 KB      0.00%
Finished building target: Placa_Lucho_Mano-PWM_100.axf
 
make --no-print-directory post-build
Performing post-build steps
arm-none-eabi-size "Placa_Lucho_Mano-PWM_100.axf"; # arm-none-eabi-objcopy -v -O binary "Placa_Lucho_Mano-PWM_100.axf" "Placa_Lucho_Mano-PWM_100.bin" ; # checksum -p LPC1769 -d "Placa_Lucho_Mano-PWM_100.bin";
   text	   data	    bss	    dec	    hex	filename
   7076	      4	    156	   7236	   1c44	Placa_Lucho_Mano-PWM_100.axf
 
