17:38:39 **** Incremental Build of configuration Debug for project Placa_Lucho_Mano-PWM_100 ****
make -r -j4 all 
Building file: ../Drivers/DR_Init.c
Building file: ../Drivers/DR_LED_IO.c
Building file: ../Drivers/DR_SysTick.c
Invoking: MCU C Compiler
Building file: ../Drivers/FW_LCD.c
Invoking: MCU C Compiler
arm-none-eabi-gcc -DDEBUG -D__CODE_RED -DCORE_M3 -D__LPC17XX__ -D__REDLIB__ -I"/home/cha/UTN FRBA/info2_Proyecto_2018/MCU SERVOS-TPO Workspace/Placa_Lucho_Mano-PWM_100/Aplicacion/inc" -I"/home/cha/UTN FRBA/info2_Proyecto_2018/MCU SERVOS-TPO Workspace/Placa_Lucho_Mano-PWM_100/Drivers/inc" -I"/home/cha/UTN FRBA/info2_Proyecto_2018/MCU SERVOS-TPO Workspace/Placa_Lucho_Mano-PWM_100/Primitivas/inc" -O0 -fno-common -g3 -Wall -c -fmessage-length=0 -fno-builtin -ffunction-sections -fdata-sections -mcpu=cortex-m3 -mthumb -specs=redlib.specs -MMD -MP -MF"Drivers/DR_LED_IO.d" -MT"Drivers/DR_LED_IO.o" -MT"Drivers/DR_LED_IO.d" -o "Drivers/DR_LED_IO.o" "../Drivers/DR_LED_IO.c"
Invoking: MCU C Compiler
arm-none-eabi-gcc -DDEBUG -D__CODE_RED -DCORE_M3 -D__LPC17XX__ -D__REDLIB__ -I"/home/cha/UTN FRBA/info2_Proyecto_2018/MCU SERVOS-TPO Workspace/Placa_Lucho_Mano-PWM_100/Aplicacion/inc" -I"/home/cha/UTN FRBA/info2_Proyecto_2018/MCU SERVOS-TPO Workspace/Placa_Lucho_Mano-PWM_100/Drivers/inc" -I"/home/cha/UTN FRBA/info2_Proyecto_2018/MCU SERVOS-TPO Workspace/Placa_Lucho_Mano-PWM_100/Primitivas/inc" -O0 -fno-common -g3 -Wall -c -fmessage-length=0 -fno-builtin -ffunction-sections -fdata-sections -mcpu=cortex-m3 -mthumb -specs=redlib.specs -MMD -MP -MF"Drivers/DR_SysTick.d" -MT"Drivers/DR_SysTick.o" -MT"Drivers/DR_SysTick.d" -o "Drivers/DR_SysTick.o" "../Drivers/DR_SysTick.c"
Invoking: MCU C Compiler
arm-none-eabi-gcc -DDEBUG -D__CODE_RED -DCORE_M3 -D__LPC17XX__ -D__REDLIB__ -I"/home/cha/UTN FRBA/info2_Proyecto_2018/MCU SERVOS-TPO Workspace/Placa_Lucho_Mano-PWM_100/Aplicacion/inc" -I"/home/cha/UTN FRBA/info2_Proyecto_2018/MCU SERVOS-TPO Workspace/Placa_Lucho_Mano-PWM_100/Drivers/inc" -I"/home/cha/UTN FRBA/info2_Proyecto_2018/MCU SERVOS-TPO Workspace/Placa_Lucho_Mano-PWM_100/Primitivas/inc" -O0 -fno-common -g3 -Wall -c -fmessage-length=0 -fno-builtin -ffunction-sections -fdata-sections -mcpu=cortex-m3 -mthumb -specs=redlib.specs -MMD -MP -MF"Drivers/DR_Init.d" -MT"Drivers/DR_Init.o" -MT"Drivers/DR_Init.d" -o "Drivers/DR_Init.o" "../Drivers/DR_Init.c"
arm-none-eabi-gcc -DDEBUG -D__CODE_RED -DCORE_M3 -D__LPC17XX__ -D__REDLIB__ -I"/home/cha/UTN FRBA/info2_Proyecto_2018/MCU SERVOS-TPO Workspace/Placa_Lucho_Mano-PWM_100/Aplicacion/inc" -I"/home/cha/UTN FRBA/info2_Proyecto_2018/MCU SERVOS-TPO Workspace/Placa_Lucho_Mano-PWM_100/Drivers/inc" -I"/home/cha/UTN FRBA/info2_Proyecto_2018/MCU SERVOS-TPO Workspace/Placa_Lucho_Mano-PWM_100/Primitivas/inc" -O0 -fno-common -g3 -Wall -c -fmessage-length=0 -fno-builtin -ffunction-sections -fdata-sections -mcpu=cortex-m3 -mthumb -specs=redlib.specs -MMD -MP -MF"Drivers/FW_LCD.d" -MT"Drivers/FW_LCD.o" -MT"Drivers/FW_LCD.d" -o "Drivers/FW_LCD.o" "../Drivers/FW_LCD.c"
Finished building: ../Drivers/DR_LED_IO.c
 
../Drivers/DR_Init.c: In function 'Kit_Init':
../Drivers/DR_Init.c:19:2: warning: implicit declaration of function 'UART0_Initialize'; did you mean 'LED_Initialize'? [-Wimplicit-function-declaration]
Building file: ../Aplicacion/MDE_Guante_Mano.c
Invoking: MCU C Compiler
arm-none-eabi-gcc -DDEBUG -D__CODE_RED -DCORE_M3 -D__LPC17XX__ -D__REDLIB__ -I"/home/cha/UTN FRBA/info2_Proyecto_2018/MCU SERVOS-TPO Workspace/Placa_Lucho_Mano-PWM_100/Aplicacion/inc" -I"/home/cha/UTN FRBA/info2_Proyecto_2018/MCU SERVOS-TPO Workspace/Placa_Lucho_Mano-PWM_100/Drivers/inc" -I"/home/cha/UTN FRBA/info2_Proyecto_2018/MCU SERVOS-TPO Workspace/Placa_Lucho_Mano-PWM_100/Primitivas/inc" -O0 -fno-common -g3 -Wall -c -fmessage-length=0 -fno-builtin -ffunction-sections -fdata-sections -mcpu=cortex-m3 -mthumb -specs=redlib.specs -MMD -MP -MF"Aplicacion/MDE_Guante_Mano.d" -MT"Aplicacion/MDE_Guante_Mano.o" -MT"Aplicacion/MDE_Guante_Mano.d" -o "Aplicacion/MDE_Guante_Mano.o" "../Aplicacion/MDE_Guante_Mano.c"
  UART0_Initialize();
  ^~~~~~~~~~~~~~~~
  LED_Initialize
Finished building: ../Drivers/DR_SysTick.c
Finished building: ../Drivers/FW_LCD.c
 
 
Building file: ../Aplicacion/MDE_PC_Mano.c
Finished building: ../Drivers/DR_Init.c
Invoking: MCU C Compiler
arm-none-eabi-gcc -DDEBUG -D__CODE_RED -DCORE_M3 -D__LPC17XX__ -D__REDLIB__ -I"/home/cha/UTN FRBA/info2_Proyecto_2018/MCU SERVOS-TPO Workspace/Placa_Lucho_Mano-PWM_100/Aplicacion/inc" -I"/home/cha/UTN FRBA/info2_Proyecto_2018/MCU SERVOS-TPO Workspace/Placa_Lucho_Mano-PWM_100/Drivers/inc" -I"/home/cha/UTN FRBA/info2_Proyecto_2018/MCU SERVOS-TPO Workspace/Placa_Lucho_Mano-PWM_100/Primitivas/inc" -O0 -fno-common -g3 -Wall -c -fmessage-length=0 -fno-builtin -ffunction-sections -fdata-sections -mcpu=cortex-m3 -mthumb -specs=redlib.specs -MMD -MP -MF"Aplicacion/MDE_PC_Mano.d" -MT"Aplicacion/MDE_PC_Mano.o" -MT"Aplicacion/MDE_PC_Mano.d" -o "Aplicacion/MDE_PC_Mano.o" "../Aplicacion/MDE_PC_Mano.c"
 
../Aplicacion/MDE_PC_Mano.c: In function 'MDE_PC_Mano':
../Aplicacion/MDE_PC_Mano.c:58:10: warning: variable 'key' set but not used [-Wunused-but-set-variable]
  uint8_t key;
          ^~~
Finished building: ../Aplicacion/MDE_Guante_Mano.c
 
Finished building: ../Aplicacion/MDE_PC_Mano.c
 
Building target: Placa_Lucho_Mano-PWM_100.axf
Invoking: MCU Linker
arm-none-eabi-gcc -nostdlib -Xlinker -Map="Placa_Lucho_Mano-PWM_100.map" -Xlinker --gc-sections -Xlinker -print-memory-usage -mcpu=cortex-m3 -mthumb -T "Placa_Lucho_Mano-PWM_100_Debug.ld" -o "Placa_Lucho_Mano-PWM_100.axf"  ./Primitivas/PR_LCD.o ./Primitivas/PR_PWM.o ./Primitivas/PR_Teclas.o ./Primitivas/PR_UART_0.o  ./Drivers/DR_GPIO.o ./Drivers/DR_Init.o ./Drivers/DR_LED_IO.o ./Drivers/DR_PINSEL.o ./Drivers/DR_PWM.o ./Drivers/DR_SysTick.o ./Drivers/DR_Teclas.o ./Drivers/DR_UART_0.o ./Drivers/FW_LCD.o ./Drivers/cr_startup_lpc175x_6x.o ./Drivers/crp.o  ./Aplicacion/AP_UART_0.o ./Aplicacion/MDE_Guante_Mano.o ./Aplicacion/MDE_PC_Mano.o ./Aplicacion/Placa_Lucho_Mano-PWM_100.o   
Memory region         Used Size  Region Size  %age Used
       MFlash512:        7080 B       512 KB      1.35%
        RamLoc32:         160 B        32 KB      0.49%
        RamAHB32:          0 GB        32 KB      0.00%
Finished building target: Placa_Lucho_Mano-PWM_100.axf
 
make --no-print-directory post-build
Performing post-build steps
arm-none-eabi-size "Placa_Lucho_Mano-PWM_100.axf"; # arm-none-eabi-objcopy -v -O binary "Placa_Lucho_Mano-PWM_100.axf" "Placa_Lucho_Mano-PWM_100.bin" ; # checksum -p LPC1769 -d "Placa_Lucho_Mano-PWM_100.bin";
   text	   data	    bss	    dec	    hex	filename
   7076	      4	    156	   7236	   1c44	Placa_Lucho_Mano-PWM_100.axf
 

17:38:39 Build Finished (took 325ms)

